******************************************************************************
               TMS320C6x Linker Unix v7.2.7                    
******************************************************************************
>> Linked Tue Nov 27 13:24:24 2012

OUTPUT FILE NAME:   <bin/debug/server_dsp.xe674>
ENTRY POINT SYMBOL: "ti_sysbios_family_c64p_Hwi0"  address: 8f0ae000


MEMORY CONFIGURATION

         name            origin    length      used     unused   attr    fill
----------------------  --------  ---------  --------  --------  ----  --------
  OCMC_0                40300000   00040000  00000000  00040000  RW X
  OCMC_1                40400000   00040000  00000000  00040000  RW X
  SR_0                  8e000000   00010000  00010000  00000000  RW X
  SR_1                  8e010000   00ff0000  00ff0000  00000000  RW X
  DSP_PROG              8f000000   01000000  000ae25e  00f51da2  RW X


SEGMENT ALLOCATION MAP

run origin  load origin   length   init length attrs members
----------  ----------- ---------- ----------- ----- -------
8f000000    8f000000    00041968   00000000    rw-
  8f000000    8f000000    00041968   00000000    rw- .far
8f041968    8f041968    00000018   00000018    rw-
  8f041968    8f041968    00000018   00000018    rw- .fardata.1
8f041980    8f041980    00036160   00036160    r-x
  8f041980    8f041980    00036160   00036160    r-x .text
8f077ae0    8f077ae0    00030abc   00030abc    rw-
  8f077ae0    8f077ae0    00030abc   00030abc    rw- .fardata.2
8f0a85a0    8f0a85a0    0000486e   0000486e    r--
  8f0a85a0    8f0a85a0    0000486e   0000486e    r-- .const
8f0ace10    8f0ace10    00001120   00000000    rw-
  8f0ace10    8f0ace10    00001000   00000000    rw- .stack
  8f0ade10    8f0ade10    00000120   00000000    rw- .cio
8f0adf30    8f0adf30    00000064   00000064    rw-
  8f0adf30    8f0adf30    00000064   00000064    rw- .args
8f0adf94    8f0adf94    00000050   00000050    r--
  8f0adf94    8f0adf94    00000050   00000050    r-- .switch
8f0ae000    8f0ae000    00000200   00000200    r-x
  8f0ae000    8f0ae000    00000200   00000200    r-x .vecs
8f0ae200    8f0ae200    00000008   00000000    rw-
  8f0ae200    8f0ae200    00000008   00000000    rw- .bss
8f0ae208    8f0ae208    0000002c   0000002c    rw-
  8f0ae208    8f0ae208    0000002c   0000002c    rw- .neardata
8f0ae400    8f0ae400    0000004c   0000004c    r--
  8f0ae400    8f0ae400    0000004c   0000004c    r-- ti_sdo_ipc_init


SECTION ALLOCATION MAP

 output                                  attributes/
section   page    origin      length       input sections
--------  ----  ----------  ----------   ----------------
.cinit     0    8f000000    00000000     UNINITIALIZED

.init_array 
*          0    8f000000    00000000     UNINITIALIZED

ti.sdo.ipc.SharedRegion_0 
*          0    8e000000    00010000     NOLOAD SECTION
                  8e000000    00010000     --HOLE--

ti.sdo.ipc.SharedRegion_1 
*          0    8e010000    00ff0000     NOLOAD SECTION
                  8e010000    00ff0000     --HOLE--

xdc.meta   0    8f000000    00000100     COPY SECTION
                  8f000000    00000100     Dsp_pe674.oe674 (xdc.meta)

.far       0    8f000000    00041968     UNINITIALIZED
                  8f000000    00041018     Dsp_pe674.oe674 (.far)
                  8f041018    00000800     Dsp_pe674.oe674 (.far:taskStackSection)
                  8f041818    000000d0     rts6740_elf.lib : trgdrv.obj (.far)
                  8f0418e8    00000068     Server.oe674 (.far)
                  8f041950    0000000c     ti.syslink.ipc.rtos.ae674 : FrameQ.oe674 (.far)
                  8f04195c    00000008                               : RingIO.oe674 (.far)
                  8f041964    00000004                               : RingIOShm.oe674 (.far)

.fardata.1 
*          0    8f041968    00000018     
                  8f041968    00000018     Dsp_pe674.oe674 (.fardata:ti_sysbios_family_c64p_Hwi_Object__table__V)

.text      0    8f041980    00036160     
                  8f041980    00002180     ti.syslink.ipc.rtos.ae674 : FrameQBufMgr_ShMem.oe674 (.text:FrameQBufMgr_ShMem_create)
                  8f043b00    000017c0     Server.oe674 (.text)
                  8f0452c0    00001060     ti.syslink.ipc.rtos.ae674 : FrameQ_ShMem.oe674 (.text:FrameQ_ShMem_create)
                  8f046320    00001000                               : ClientNotifyMgr.oe674 (.text:_ClientNotifyMgr_create)
                  8f047320    00000ce0                               : FrameQ_ShMem.oe674 (.text:_FrameQ_ShMem_open)
                  8f048000    00000b40     ipc.ae674 : Ipc.obj (.text:ti_sdo_ipc_GateMP_Instance_init__F)
                  8f048b40    00000a60     ti.syslink.ipc.rtos.ae674 : FrameQ_ShMem.oe674 (.text:FrameQ_ShMem_delete)
                  8f0495a0    000009a0     ti.targets.rts6000.ae674 : System.oe674 (.text:xdc_runtime_System_doPrint__I)
                  8f049f40    00000920     ti.syslink.ipc.rtos.ae674 : FrameQ_ShMem.oe674 (.text:FrameQ_ShMem_putv)
                  8f04a860    00000900                               : FrameQBufMgr_ShMem.oe674 (.text:FrameQBufMgr_ShMem_delete)
                  8f04b160    000008c0                               : ClientNotifyMgr.oe674 (.text:ClientNotifyMgr_delete)
                  8f04ba20    00000820                               : ClientNotifyMgr.oe674 (.text:ClientNotifyMgr_setup)
                  8f04c240    00000800                               : RingIOShm.oe674 (.text:RingIOShm_create)
                  8f04ca40    000007e0                               : FrameQ_ShMem.oe674 (.text:FrameQ_ShMem_put)
                  8f04d220    000007a0     ipc.ae674 : Ipc.obj (.text:Ipc_attach)
                  8f04d9c0    00000780     sysbios.ae674 : BIOS.obj (.text:ti_sysbios_family_c64p_Exception_handler__I)
                  8f04e140    00000760     ipc.ae674 : Ipc.obj (.text:Ipc_detach)
                  8f04e8a0    00000700     ti.syslink.ipc.rtos.ae674 : FrameQBufMgr_ShMem.oe674 (.text:FrameQBufMgr_ShMem_dupv)
                  8f04efa0    00000700     ipc.ae674 : Ipc.obj (.text:ti_sdo_ipc_transports_TransportShm_Instance_init__F)
                  8f04f6a0    000006c0     ti.syslink.ipc.rtos.ae674 : FrameQ_ShMem.oe674 (.text:FrameQ_ShMem_getv)
                  8f04fd60    000006c0     main_dsp.oe674 (.text)
                  8f050420    00000640     ti.syslink.ipc.rtos.ae674 : FrameQBufMgr_ShMem.oe674 (.text:FrameQBufMgr_ShMem_dup)
                  8f050a60    000005e0                               : FrameQBufMgr_ShMem.oe674 (.text:FrameQBufMgr_ShMem_allocv)
                  8f051040    000005c0                               : ClientNotifyMgr.oe674 (.text:ClientNotifyMgr_sendNotificationMulti)
                  8f051600    000005c0                               : RingIOShm.oe674 (.text:_RingIOShm_readerAcquire)
                  8f051bc0    00000520                               : RingIOShm.oe674 (.text:_RingIOShm_writerFlush)
                  8f0520e0    00000500                               : RingIOShm.oe674 (.text:RingIOShm_openByAddr)
                  8f0525e0    000004e0                               : ClientNotifyMgr.oe674 (.text:ClientNotifyMgr_execCallBackFxn)
                  8f052ac0    000004e0     ipc.ae674 : Ipc.obj (.text:ti_sdo_ipc_heaps_HeapMemMP_Instance_init__F)
                  8f052fa0    000004c0     ti.syslink.ipc.rtos.ae674 : RingIOShm.oe674 (.text:_RingIOShm_readerFlush)
                  8f053460    000004c0     ipc.ae674 : Ipc.obj (.text:ti_sdo_ipc_ListMP_Instance_init__F)
                  8f053920    000004a0     ti.syslink.ipc.rtos.ae674 : ClientNotifyMgr.oe674 (.text:ClientNotifyMgr_sendNotification)
                  8f053dc0    00000460                               : ClientNotifyMgr.oe674 (.text:ClientNotifyMgr_sendForceNotificationMulti)
                  8f054220    00000460     ipc.ae674 : Ipc.obj (.text:ti_sdo_ipc_GateMP_setRegion0Reserved__F)
                  8f054680    00000460               : Ipc.obj (.text:ti_sdo_ipc_nsremote_NameServerRemoteNotify_get__F)
                  8f054ae0    00000440     ti.syslink.ipc.rtos.ae674 : FrameQ_ShMem.oe674 (.text:_FrameQ_ShMem_setOpenFlags)
                  8f054f20    00000420                               : FrameQBufMgr_ShMem.oe674 (.text:FrameQBufMgr_ShMem_sharedMemReq)
                  8f055340    00000420                               : FrameQ_ShMem.oe674 (.text:FrameQ_ShMem_flushAll)
                  8f055760    00000400                               : ClientNotifyMgr.oe674 (.text:ClientNotifyMgr_registerClient)
                  8f055b60    00000400                               : RingIOShm.oe674 (.text:_RingIOShm_writersetvAttribute)
                  8f055f60    000003e0                               : FrameQBufMgr_ShMem.oe674 (.text:FrameQBufMgr_ShMem_freev)
                  8f056340    000003e0     ipc.ae674 : Ipc.obj (.text:ti_sdo_ipc_GateMP_Instance_finalize__F)
                  8f056720    000003c0     ti.syslink.ipc.rtos.ae674 : ClientNotifyMgr.oe674 (.text:ClientNotifyMgr_unregisterClient)
                  8f056ae0    000003c0     ipc.ae674 : Ipc.obj (.text:ti_sdo_ipc_heaps_HeapMemMP_alloc__E)
                  8f056ea0    000003a0               : Ipc.obj (.text:NameServer_add)
                  8f057240    00000380     ti.syslink.ipc.rtos.ae674 : RingIOShm.oe674 (.text:_RingIOShm_readergetvAttribute)
                  8f0575c0    00000380                               : RingIOShm.oe674 (.text:_RingIOShm_writerAcquire)
                  8f057940    00000380     ipc.ae674 : Ipc.obj (.text:ti_sdo_ipc_heaps_HeapMemMP_free__E)
                  8f057cc0    00000380     ti.targets.rts6000.ae674 : Diags.oe674 (.text:xdc_runtime_Diags_setMask__F)
                  8f058040    00000360     ti.syslink.ipc.rtos.ae674 : FrameQBufMgr_ShMem.oe674 (.text:FrameQBufMgr_ShMem_free)
                  8f0583a0    00000360                               : RingIOShm.oe674 (.text:_RingIOShm_writerCancel)
                  8f058700    00000340                               : FrameQBufMgr.oe674 (.text:FrameQBufMgr_open)
                  8f058a40    00000340                               : FrameQ_ShMem.oe674 (.text:FrameQ_ShMem_get)
                  8f058d80    00000340     sysbios.ae674 : BIOS.obj (.text:deviceConfig$49)
                  8f0590c0    00000320     ti.syslink.ipc.rtos.ae674 : ClientNotifyMgr.oe674 (.text:ClientNotifyMgr_sendForceNotification)
                  8f0593e0    00000320                               : FrameQBufMgr.oe674 (.text:FrameQBufMgr_create)
                  8f059700    00000320     sysbios.ae674 : BIOS.obj (.text:ti_sysbios_knl_Semaphore_pend__E)
                  8f059a20    00000300     ti.syslink.ipc.rtos.ae674 : FrameQBufMgr_ShMem.oe674 (.text:FrameQBufMgr_ShMem_alloc)
                  8f059d20    00000300                               : RingIOShm.oe674 (.text:RingIOShm_sharedMemReq)
                  8f05a020    00000300                               : RingIOShm.oe674 (.text:_RingIOShm_readerRelease)
                  8f05a320    000002e0     ipc.ae674 : Ipc.obj (.text:ListMP_getHead)
                  8f05a600    000002e0     ti.syslink.ipc.rtos.ae674 : RingIOShm.oe674 (.text:RingIOShm_delete)
                  8f05a8e0    000002e0     ipc.ae674 : Ipc.obj (.text:ti_sdo_ipc_nsremote_NameServerRemoteNotify_Instance_init__F)
                  8f05abc0    000002e0     sysbios.ae674 : BIOS.obj (.text:ti_sysbios_knl_Task_Instance_finalize__F)
                  8f05aea0    000002c0     ti.syslink.ipc.rtos.ae674 : FrameQ_ShMem.oe674 (.text:FrameQ_ShMem_registerNotifier)
                  8f05b160    000002c0     ipc.ae674 : Ipc.obj (.text:NameServer_get)
                  8f05b420    000002a0     ti.syslink.ipc.rtos.ae674 : FrameQ_ShMem.oe674 (.text:FrameQ_ShMem_getvNumFrames)
                  8f05b6c0    000002a0     ipc.ae674 : Ipc.obj (.text:ti_sdo_ipc_Ipc_procSyncStart__I)
                  8f05b960    000002a0               : Ipc.obj (.text:ti_sdo_ipc_transports_TransportShm_Instance_finalize__F)
                  8f05bc00    000002a0     sysbios.ae674 : BIOS.obj (.text:ti_sysbios_timers_dmtimer_Timer_checkFreq__I)
                  8f05bea0    00000280     ti.syslink.ipc.rtos.ae674 : FrameQBufMgr_ShMem.oe674 (.text:FrameQBufMgr_ShMem_Params_init)
                  8f05c120    00000280     ipc.ae674 : Ipc.obj (.text:Ipc_start)
                  8f05c3a0    00000280               : Ipc.obj (.text:ListMP_putHead)
                  8f05c620    00000280               : Ipc.obj (.text:ListMP_putTail)
                  8f05c8a0    00000280               : Ipc.obj (.text:ListMP_remove)
                  8f05cb20    00000280     ti.syslink.ipc.rtos.ae674 : RingIO.oe674 (.text:RingIO_open)
                  8f05cda0    00000280     ipc.ae674 : Ipc.obj (.text:ti_sdo_ipc_gates_GatePeterson_Instance_init__F)
                  8f05d020    00000280     ti.targets.rts6000.ae674 : Core-mem.oe674 (.text:xdc_runtime_Core_createObject__I)
                  8f05d2a0    00000280                              : Error.oe674 (.text:xdc_runtime_Error_raiseX__F)
                  8f05d520    00000280     Dsp_pe674.oe674 (.text:xdc_runtime_System_printfExtend__I)
                  8f05d7a0    00000260     ti.syslink.ipc.rtos.ae674 : FrameQ_ShMem.oe674 (.text:FrameQ_ShMem_unregisterNotifier)
                  8f05da00    00000260                               : FrameQ.oe674 (.text:FrameQ_setup)
                  8f05dc60    00000260     ipc.ae674 : Ipc.obj (.text:GateMP_openByAddr)
                  8f05dec0    00000260     rts6740_elf.lib : imath64.obj (.text:__c6xabi_divull)
                  8f05e120    00000260     sysbios.ae674 : BIOS.obj (.text:ti_sysbios_timers_dmtimer_Timer_setPeriodMicroSecs__E)
                  8f05e380    00000260     ti.targets.rts6000.ae674 : Startup.oe674 (.text:xdc_runtime_Startup_startMods__I)
                  8f05e5e0    00000240     ipc.ae674 : Ipc.obj (.text:Notify_unregisterEvent)
                  8f05e820    00000240     ti.syslink.ipc.rtos.ae674 : RingIOShm.oe674 (.text:_RingIOShm_writerRelease)
                  8f05ea60    00000240     ipc.ae674 : Ipc.obj (.text:ti_sdo_ipc_heaps_HeapMemMP_getStats__E)
                  8f05eca0    00000240     sysbios.ae674 : BIOS.obj (.text:ti_sysbios_family_c64p_Exception_internalHandler__I)
                  8f05eee0    00000240     ti.targets.rts6000.ae674 : LoggerBuf.oe674 (.text:xdc_runtime_LoggerBuf_write8__F)
                  8f05f120    00000220     ti.syslink.ipc.rtos.ae674 : ClientNotifyMgr.oe674 (.text:ClientNotifyMgr_destroy)
                  8f05f340    00000220                               : FrameQ_ShMem.oe674 (.text:FrameQ_ShMem_sharedMemReq)
                  8f05f560    00000220                               : SyslinkMemMgr.oe674 (.text:SyslinkMemMgr_create)
                  8f05f780    00000200                               : FrameQBufMgr.oe674 (.text:FrameQBufMgr_setup)
                  8f05f980    00000200     sysbios.ae674 : c64p_Hwi_disp_always.obj (.text:_ti_sysbios_family_c64p_Hwi_dispatchAlways)
                  8f05fb80    00000200     ipc.ae674 : Ipc.obj (.text:ti_sdo_ipc_Ipc_procSyncFinish__I)
                  8f05fd80    00000200               : Ipc.obj (.text:ti_sdo_ipc_notifyDrivers_NotifyDriverShm_Instance_init__F)
                  8f05ff80    00000200               : Ipc.obj (.text:ti_sdo_ipc_notifyDrivers_NotifyDriverShm_sendEvent__E)
                  8f060180    00000200               : Ipc.obj (.text:ti_sdo_ipc_nsremote_NameServerRemoteNotify_swiFxn__I)
                  8f060380    00000200     sysbios.ae674 : BIOS.obj (.text:ti_sysbios_family_c64p_Hwi_reconfig__E)
                  8f060580    00000200                   : BIOS.obj (.text:ti_sysbios_gates_GateMutexPri_enter__E)
                  8f060780    000001e0     ti.syslink.ipc.rtos.ae674 : FrameQ_ShMem.oe674 (.text:FrameQ_ShMem_getNumFrames)
                  8f060960    000001e0     ipc.ae674 : Ipc.obj (.text:GateMP_sharedMemReq)
                  8f060b40    000001e0               : Ipc.obj (.text:ListMP_openByAddr)
                  8f060d20    000001e0     ti.syslink.ipc.rtos.ae674 : RingIOShm.oe674 (.text:RingIOShm_close)
                  8f060f00    000001e0                               : RingIOShm.oe674 (.text:_RingIOShm_readerCancel)
                  8f0610e0    000001e0                               : RingIOShm.oe674 (.text:_RingIOShm_updateAttributes)
                  8f0612c0    000001e0     ipc.ae674 : Ipc.obj (.text:ti_sdo_utils_NameServer_Instance_finalize__F)
                  8f0614a0    000001e0     sysbios.ae674 : BIOS.obj (.text:ti_sysbios_knl_Task_exit__E)
                  8f061680    000001e0                   : BIOS.obj (.text:ti_sysbios_knl_Task_postInit__I)
                  8f061860    000001c0     ti.syslink.ipc.rtos.ae674 : RingIOShm.oe674 (.text:RingIOShm_flush)
                  8f061a20    000001c0                               : RingIOShm.oe674 (.text:RingIOShm_registerNotifier)
                  8f061be0    000001c0                               : RingIOShm.oe674 (.text:RingIOShm_release)
                  8f061da0    000001c0     sysbios.ae674 : BIOS.obj (.text:block$58)
                  8f061f60    000001c0     ipc.ae674 : Ipc.obj (.text:ti_sdo_ipc_GateMP_getFreeResource__I)
                  8f062120    000001c0               : Ipc.obj (.text:ti_sdo_ipc_heaps_HeapMemMP_postInit__I)
                  8f0622e0    000001c0     sysbios.ae674 : BIOS.obj (.text:ti_sysbios_knl_Task_checkStacks__E)
                  8f0624a0    000001a0     ti.syslink.ipc.rtos.ae674 : FrameQBufMgr_ShMem.oe674 (.text:FrameQBufMgr_ShMem_setup)
                  8f062640    000001a0                               : FrameQBufMgr.oe674 (.text:FrameQBufMgr_delete)
                  8f0627e0    000001a0     ipc.ae674 : Ipc.obj (.text:Ipc_writeConfig)
                  8f062980    000001a0     ti.syslink.ipc.rtos.ae674 : RingIO.oe674 (.text:RingIO_openByAddr)
                  8f062b20    000001a0     ipc.ae674 : Ipc.obj (.text:ti_sdo_ipc_notifyDrivers_NotifyDriverShm_registerEvent__E)
                  8f062cc0    000001a0               : Ipc.obj (.text:ti_sdo_ipc_notifyDrivers_NotifyDriverShm_unregisterEvent__E)
                  8f062e60    000001a0               : Ipc.obj (.text:ti_sdo_utils_NameServer_Instance_init__F)
                  8f063000    000001a0     sysbios.ae674 : BIOS.obj (.text:ti_sysbios_knl_Task_Instance_init__F)
                  8f0631a0    000001a0     ti.targets.rts6000.ae674 : LoggerBuf.oe674 (.text:xdc_runtime_LoggerBuf_write4__F)
                  8f063340    00000180     ipc.ae674 : Ipc.obj (.text:NameServer_getHandle)
                  8f0634c0    00000180     ti.syslink.ipc.rtos.ae674 : RingIO.oe674 (.text:RingIO_setup)
                  8f063640    00000180     sysbios.ae674 : c64p_Exception_asm.obj (.text)
                  8f0637c0    00000180     ipc.ae674 : Ipc.obj (.text:ti_sdo_ipc_family_ti81xx_InterruptDsp_intRegister__E)
                  8f063940    00000180               : Ipc.obj (.text:ti_sdo_ipc_family_ti81xx_InterruptDsp_intUnregister__E)
                  8f063ac0    00000180               : Ipc.obj (.text:ti_sdo_ipc_gates_GatePeterson_enter__E)
                  8f063c40    00000180               : Ipc.obj (.text:ti_sdo_ipc_notifyDrivers_NotifyDriverShm_isr__I)
                  8f063dc0    00000180     sysbios.ae674 : BIOS.obj (.text:ti_sysbios_heaps_HeapMem_alloc__E)
                  8f063f40    00000180                   : BIOS.obj (.text:ti_sysbios_knl_Swi_schedule__I)
                  8f0640c0    00000180                   : BIOS.obj (.text:ti_sysbios_knl_Task_setPri__E)
                  8f064240    00000180     ti.targets.rts6000.ae674 : Text.oe674 (.text:xdc_runtime_Text_putSite__F)
                  8f0643c0    00000160     ti.syslink.ipc.rtos.ae674 : ClientNotifyMgr.oe674 (.text:ClientNotifyMgr_waitOnMultiSubEntryNotify)
                  8f064520    00000160                               : FrameQBufMgr_ShMem.oe674 (.text:FrameQBufMgr_ShMem_invalidate)
                  8f064680    00000160                               : FrameQBufMgr_ShMem.oe674 (.text:FrameQBufMgr_ShMem_writeBack)
                  8f0647e0    00000160                               : FrameQ_ShMem.oe674 (.text:FrameQ_ShMem_setup)
                  8f064940    00000160                               : FrameQ.oe674 (.text:FrameQ_destroy)
                  8f064aa0    00000160                               : RingIOShm.oe674 (.text:RingIOShm_unregisterNotifier)
                  8f064c00    00000160                               : _Syslink.oe674 (.text:SysLink_setup)
                  8f064d60    00000160                               : RingIOShm.oe674 (.text:_RingIOShm_create)
                  8f064ec0    00000160     ipc.ae674 : Ipc.obj (.text:ti_sdo_ipc_GateMP_openRegion0Reserved__F)
                  8f065020    00000160               : Ipc.obj (.text:ti_sdo_ipc_ListMP_Instance_finalize__F)
                  8f065180    00000160               : Ipc.obj (.text:ti_sdo_ipc_Notify_Instance_init__F)
                  8f0652e0    00000160               : Ipc.obj (.text:ti_sdo_ipc_family_ti81xx_NotifySetup_attach__E)
                  8f065440    00000160               : Ipc.obj (.text:ti_sdo_ipc_heaps_HeapMemMP_Instance_finalize__F)
                  8f0655a0    00000160               : Ipc.obj (.text:ti_sdo_utils_NameServer_removeLocal__I)
                  8f065700    00000160     sysbios.ae674 : BIOS.obj (.text:ti_sysbios_family_c64p_Hwi_dispatchC__I)
                  8f065860    00000160                   : BIOS.obj (.text:ti_sysbios_knl_Task_schedule__I)
                  8f0659c0    00000160                   : BIOS.obj (.text:ti_sysbios_knl_Task_startCore__E)
                  8f065b20    00000160                   : BIOS.obj (.text:ti_sysbios_timers_dmtimer_Timer_start__E)
                  8f065c80    00000140     ipc.ae674 : Ipc.obj (.text:HeapMemMP_openByAddr)
                  8f065dc0    00000140               : Ipc.obj (.text:MessageQ_put)
                  8f065f00    00000140               : Ipc.obj (.text:Notify_registerEvent)
                  8f066040    00000140     ti.syslink.ipc.rtos.ae674 : RingIOShm.oe674 (.text:_RingIOShm_releaseAttribute)
                  8f066180    00000140     boot.ae674 : autoinit.oe674 (.text:_auto_init_elf)
                  8f0662c0    00000140     ipc.ae674 : Ipc.obj (.text:ti_sdo_ipc_SharedRegion_start__F)
                  8f066400    00000140               : Ipc.obj (.text:ti_sdo_ipc_family_ti81xx_InterruptDsp_intShmStub__I)
                  8f066540    00000140               : Ipc.obj (.text:ti_sdo_ipc_notifyDrivers_NotifyDriverShm_disableEvent__E)
                  8f066680    00000140               : Ipc.obj (.text:ti_sdo_ipc_transports_TransportShm_openByAddr__F)
                  8f0667c0    00000140               : Ipc.obj (.text:ti_sdo_ipc_transports_TransportShm_put__E)
                  8f066900    00000140     sysbios.ae674 : BIOS.obj (.text:ti_sysbios_family_c64p_Hwi_Module_startup__F)
                  8f066a40    00000140                   : BIOS.obj (.text:ti_sysbios_heaps_HeapMem_free__E)
                  8f066b80    00000140                   : BIOS.obj (.text:ti_sysbios_knl_Task_Module_startup__F)
                  8f066cc0    00000140                   : BIOS.obj (.text:ti_sysbios_knl_Task_sleep__E)
                  8f066e00    00000120     ti.syslink.ipc.rtos.ae674 : ClientNotifyMgr.oe674 (.text:ClientNotifyMgr_threadFxn)
                  8f066f20    00000120                               : FrameQBufMgr_ShMem.oe674 (.text:FrameQBufMgr_ShMem_getvNumFreeFrames)
                  8f067040    00000120                               : FrameQBufMgr_ShMem.oe674 (.text:FrameQBufMgr_ShMem_open)
                  8f067160    00000120     ipc.ae674 : Ipc.obj (.text:HeapMemMP_sharedMemReq)
                  8f067280    00000120     ti.syslink.ipc.rtos.ae674 : RingIOShm.oe674 (.text:RingIOShm_setNotifyType)
                  8f0673a0    00000120                               : RingIOShm.oe674 (.text:_RingIOShm_getContiguousDataSize)
                  8f0674c0    00000120                               : RingIOShm.oe674 (.text:_RingIOShm_getFirstAttr)
                  8f0675e0    00000120     sysbios.ae674 : BIOS.obj (.text:initDevice$49)
                  8f067700    00000120     ipc.ae674 : Ipc.obj (.text:ti_sdo_ipc_MessageQ_Module_startup__F)
                  8f067820    00000120     Dsp_pe674.oe674 (.text:ti_sdo_ipc_Notify_Object__create__S)
                  8f067940    00000120     Dsp_pe674.oe674 (.text:ti_sdo_ipc_gates_GatePeterson_Object__create__S)
                  8f067a60    00000120     Dsp_pe674.oe674 (.text:ti_sdo_ipc_nsremote_NameServerRemoteNotify_Object__create__S)
                  8f067b80    00000120     Dsp_pe674.oe674 (.text:ti_sdo_ipc_transports_TransportShm_Object__create__S)
                  8f067ca0    00000120     ipc.ae674 : Ipc.obj (.text:ti_sdo_ipc_transports_TransportShm_sharedMemReq__F)
                  8f067dc0    00000120     Dsp_pe674.oe674 (.text:ti_sdo_utils_NameServer_Object__create__S)
                  8f067ee0    00000120     sysbios.ae674 : BIOS.obj (.text:ti_sysbios_family_c64p_Cache_Module_startup__F)
                  8f068000    00000120     Dsp_pe674.oe674 (.text:ti_sysbios_family_c64p_Hwi_Object__create__S)
                  8f068120    00000120     sysbios.ae674 : BIOS.obj (.text:ti_sysbios_knl_Clock_workFunc__E)
                  8f068240    00000120     Dsp_pe674.oe674 (.text:ti_sysbios_knl_Swi_Object__create__S)
                  8f068360    00000120     Dsp_pe674.oe674 (.text:ti_sysbios_knl_Task_Object__create__S)
                  8f068480    00000120     sysbios.ae674 : BIOS.obj (.text:ti_sysbios_timers_dmtimer_Timer_Module_startup__F)
                  8f0685a0    00000120     ti.targets.rts6000.ae674 : LoggerBuf.oe674 (.text:xdc_runtime_LoggerBuf_setFilterLevel__F)
                  8f0686c0    00000120                              : Text.oe674 (.text:xdc_runtime_Text_putLab__F)
                  8f0687e0    00000100     ti.syslink.ipc.rtos.ae674 : ClientNotifyMgr.oe674 (.text:ClientNotifyMgr_swiFxn)
                  8f0688e0    00000100                               : FrameQBufMgr_ShMem.oe674 (.text:FrameQBufMgr_Shmem_updateCacheFlags)
                  8f0689e0    00000100                               : FrameQBufMgr.oe674 (.text:FrameQBufMgr_destroy)
                  8f068ae0    00000100     ipc.ae674 : Ipc.obj (.text:ListMP_sharedMemReq)
                  8f068be0    00000100               : Ipc.obj (.text:Notify_registerEventSingle)
                  8f068ce0    00000100               : Ipc.obj (.text:Notify_sendEvent)
                  8f068de0    00000100               : Ipc.obj (.text:Notify_unregisterEventSingle)
                  8f068ee0    00000100     ti.syslink.ipc.rtos.ae674 : RingIOShm.oe674 (.text:RingIOShm_sendNotify)
                  8f068fe0    00000100                               : RingIOShm.oe674 (.text:RingIOShm_setNotifyId)
                  8f0690e0    00000100                               : RingIO.oe674 (.text:RingIO_close)
                  8f0691e0    00000100                               : FrameQ_ShMem.oe674 (.text:_FrameQ_ShMem_resetNotifyId)
                  8f0692e0    00000100                               : FrameQ_ShMem.oe674 (.text:_FrameQ_ShMem_setNotifyId)
                  8f0693e0    00000100     Dsp_pe674.oe674 (.text:ti_sdo_ipc_GateMP_Object__create__S)
                  8f0694e0    00000100     ipc.ae674 : Ipc.obj (.text:ti_sdo_ipc_GateMP_start__F)
                  8f0695e0    00000100     Dsp_pe674.oe674 (.text:ti_sdo_ipc_ListMP_Object__create__S)
                  8f0696e0    00000100     ipc.ae674 : Ipc.obj (.text:ti_sdo_ipc_Notify_Instance_finalize__F)
                  8f0697e0    00000100               : Ipc.obj (.text:ti_sdo_ipc_SharedRegion_attach__F)
                  8f0698e0    00000100               : Ipc.obj (.text:ti_sdo_ipc_SharedRegion_clearReservedMemory__F)
                  8f0699e0    00000100     Dsp_pe674.oe674 (.text:ti_sdo_ipc_heaps_HeapMemMP_Object__create__S)
                  8f069ae0    00000100     Dsp_pe674.oe674 (.text:ti_sdo_ipc_notifyDrivers_NotifyDriverShm_Object__create__S)
                  8f069be0    00000100     ipc.ae674 : Ipc.obj (.text:ti_sdo_ipc_nsremote_NameServerRemoteNotify_Instance_finalize__F)
                  8f069ce0    00000100               : Ipc.obj (.text:ti_sdo_ipc_transports_TransportShmSetup_attach__E)
                  8f069de0    00000100               : Ipc.obj (.text:ti_sdo_utils_NameServer_findLocal__I)
                  8f069ee0    00000100     sysbios.ae674 : BIOS.obj (.text:ti_sysbios_gates_GateMutexPri_leave__E)
                  8f069fe0    00000100                   : BIOS.obj (.text:ti_sysbios_knl_Swi_restoreHwi__E)
                  8f06a0e0    00000100                   : BIOS.obj (.text:ti_sysbios_timers_dmtimer_Timer_setNextTick__E)
                  8f06a1e0    00000100     ti.targets.rts6000.ae674 : Core-mem.oe674 (.text:xdc_runtime_Core_deleteObject__I)
                  8f06a2e0    00000100     Dsp_pe674.oe674 (.text:xdc_runtime_LoggerBuf_Object__create__S)
                  8f06a3e0    00000100     ti.targets.rts6000.ae674 : LoggerBuf.oe674 (.text:xdc_runtime_LoggerBuf_getFilterLevel__F)
                  8f06a4e0    00000100     Dsp_pe674.oe674 (.text:xdc_runtime_Registry_findByNamePattern__E)
                  8f06a5e0    00000100     ti.targets.rts6000.ae674 : Startup.oe674 (.text:xdc_runtime_Startup_exec__F)
                  8f06a6e0    00000100                              : Text.oe674 (.text:xdc_runtime_Text_putMod__F)
                  8f06a7e0    00000100                              : Text.oe674 (.text:xdc_runtime_Text_visitRope2__I)
                  8f06a8e0    00000100     Dsp_pe674.oe674 (.text:xdc_runtime_knl_GateThread_Object__create__S)
                  8f06a9e0    000000e0     ti.syslink.ipc.rtos.ae674 : ClientNotifyMgr.oe674 (.text:ClientNotifyMgr_cbFxn)
                  8f06aac0    000000e0                               : ClientNotifyMgr.oe674 (.text:ClientNotifyMgr_disableNotification)
                  8f06aba0    000000e0                               : ClientNotifyMgr.oe674 (.text:ClientNotifyMgr_enableNotification)
                  8f06ac80    000000e0                               : ClientNotifyMgr.oe674 (.text:ClientNotifyMgr_thFxn)
                  8f06ad60    000000e0                               : FrameQBufMgr.oe674 (.text:FrameQBufMgr_getHandle)
                  8f06ae40    000000e0                               : FrameQBufMgr.oe674 (.text:FrameQBufMgr_getInstNo)
                  8f06af20    000000e0                               : FrameQ_ShMem.oe674 (.text:FrameQ_ShMem_open)
                  8f06b000    000000e0     ipc.ae674 : Ipc.obj (.text:NameServer_getLocal)
                  8f06b0e0    000000e0     ti.syslink.ipc.rtos.ae674 : RingIOShm.oe674 (.text:RingIOShm_setup)
                  8f06b1c0    000000e0                               : RingIO.oe674 (.text:RingIO_destroy)
                  8f06b2a0    000000e0                               : SharedMemoryMgr.oe674 (.text:SyslinkMemMgr_SharedMemory_translate)
                  8f06b380    000000e0                               : RingIOShm.oe674 (.text:_RingIOShm_initInstance)
                  8f06b460    000000e0     rts6740_elf.lib : exit.obj (.text:exit)
                  8f06b540    000000e0                     : memset.obj (.text:memset)
                  8f06b620    000000e0     ipc.ae674 : Ipc.obj (.text:ti_sdo_ipc_Ipc_getMasterAddr__I)
                  8f06b700    000000e0               : Ipc.obj (.text:ti_sdo_ipc_Ipc_getSlaveAddr__I)
                  8f06b7e0    000000e0               : Ipc.obj (.text:ti_sdo_ipc_Notify_detach__F)
                  8f06b8c0    000000e0               : Ipc.obj (.text:ti_sdo_ipc_SharedRegion_reserveMemory__F)
                  8f06b9a0    000000e0               : Ipc.obj (.text:ti_sdo_ipc_gates_GateHWSpinlock_Module_startup__F)
                  8f06ba80    000000e0               : Ipc.obj (.text:ti_sdo_ipc_gates_GateHWSpinlock_enter__E)
                  8f06bb60    000000e0               : Ipc.obj (.text:ti_sdo_ipc_gates_GatePeterson_sharedMemReq__E)
                  8f06bc40    000000e0               : Ipc.obj (.text:ti_sdo_utils_NameServer_Module_startup__F)
                  8f06bd20    000000e0     sysbios.ae674 : BIOS.obj (.text:ti_sysbios_family_c64p_Hwi_Instance_finalize__F)
                  8f06be00    000000e0                   : BIOS.obj (.text:ti_sysbios_family_c64p_Hwi_Instance_init__F)
                  8f06bee0    000000e0                   : BIOS.obj (.text:ti_sysbios_knl_Clock_startI__E)
                  8f06bfc0    000000e0                   : BIOS.obj (.text:ti_sysbios_knl_Task_unblockI__E)
                  8f06c0a0    000000e0                   : BIOS.obj (.text:ti_sysbios_timers_dmtimer_Timer_startup__E)
                  8f06c180    000000e0     ti.targets.rts6000.ae674 : Error.oe674 (.text:xdc_runtime_Error_print__F)
                  8f06c260    000000e0                              : Memory.oe674 (.text:xdc_runtime_Memory_alloc__F)
                  8f06c340    000000e0     Dsp_pe674.oe674 (.text:xdc_runtime_Registry_addModule__E)
                  8f06c420    000000e0     Dsp_pe674.oe674 (.text:xdc_runtime_Registry_findById__E)
                  8f06c500    000000c0     ti.syslink.ipc.rtos.ae674 : ClientNotifyMgr.oe674 (.text:ClientNotifyMgr_sharedMemReq)
                  8f06c5c0    000000c0                               : FrameQBufMgr_ShMem.oe674 (.text:FrameQBufMgr_ShMem_destroy)
                  8f06c680    000000c0                               : FrameQ_ShMem.oe674 (.text:FrameQ_Shmem_updateCacheFlags)
                  8f06c740    000000c0     rts6740_elf.lib : trgdrv.obj (.text:HOSTwrite)
                  8f06c800    000000c0     ipc.ae674 : Ipc.obj (.text:ListMP_create)
                  8f06c8c0    000000c0               : Ipc.obj (.text:MultiProc_getId)
                  8f06c980    000000c0               : Ipc.obj (.text:NameServer_create)
                  8f06ca40    000000c0     ti.syslink.ipc.rtos.ae674 : RingIOShm.oe674 (.text:RingIOShm_resetNotifyId)
                  8f06cb00    000000c0     ipc.ae674 : Ipc.obj (.text:SharedRegion_getId)
                  8f06cbc0    000000c0     ti.syslink.ipc.rtos.ae674 : SyslinkMemMgr.oe674 (.text:SyslinkMemMgr_delete)
                  8f06cc80    000000c0                               : RingIOShm.oe674 (.text:_RingIOShm_getFirstAcquiredAttr)
                  8f06cd40    000000c0     rts6740_elf.lib : dtor_list.obj (.text:__cxa_finalize)
                  8f06ce00    000000c0                     : divu.obj (.text:__divu)
                  8f06cec0    000000c0     ipc.ae674 : Ipc.obj (.text:ti_sdo_ipc_GateMP_attach__F)
                  8f06cf80    000000c0               : Ipc.obj (.text:ti_sdo_ipc_ListMP_elemClear__I)
                  8f06d040    000000c0               : Ipc.obj (.text:ti_sdo_ipc_Notify_execMany__I)
                  8f06d100    000000c0               : Ipc.obj (.text:ti_sdo_ipc_family_ti81xx_InterruptDsp_intSend__E)
                  8f06d1c0    000000c0               : Ipc.obj (.text:ti_sdo_ipc_gates_GatePeterson_postInit__I)
                  8f06d280    000000c0               : Ipc.obj (.text:ti_sdo_ipc_nsremote_NameServerRemoteNotify_attach__E)
                  8f06d340    000000c0               : Ipc.obj (.text:ti_sdo_utils_NameServer_postInit__I)
                  8f06d400    000000c0     sysbios.ae674 : BIOS.obj (.text:ti_sysbios_BIOS_errorRaiseHook__I)
                  8f06d4c0    000000c0                   : BIOS.obj (.text:ti_sysbios_heaps_HeapMem_getStats__E)
                  8f06d580    000000c0                   : BIOS.obj (.text:ti_sysbios_knl_Semaphore_post__E)
                  8f06d640    000000c0                   : BIOS.obj (.text:ti_sysbios_knl_Swi_run__I)
                  8f06d700    000000c0                   : BIOS.obj (.text:ti_sysbios_knl_Task_allBlockedFunction__I)
                  8f06d7c0    000000c0                   : BIOS.obj (.text:ti_sysbios_timers_dmtimer_Timer_getExpiredCounts__E)
                  8f06d880    000000c0                   : BIOS.obj (.text:ti_sysbios_timers_dmtimer_Timer_stop__E)
                  8f06d940    000000c0     ti.targets.rts6000.ae674 : LoggerBuf.oe674 (.text:xdc_runtime_LoggerBuf_Instance_init__F)
                  8f06da00    000000c0                              : System.oe674 (.text:xdc_runtime_System_formatNum__I)
                  8f06dac0    000000c0                              : Text.oe674 (.text:xdc_runtime_Text_matchVisFxn__I)
                  8f06db80    000000a0     ti.syslink.ipc.rtos.ae674 : FrameQBufMgr_ShMem.oe674 (.text:FrameQBufMgr_ShMem_getNumFreeFrames)
                  8f06dc20    000000a0                               : FrameQBufMgr_ShMem.oe674 (.text:FrameQBufMgr_ShMem_registerNotifier)
                  8f06dcc0    000000a0                               : FrameQBufMgr_ShMem.oe674 (.text:FrameQBufMgr_ShMem_translateAddr)
                  8f06dd60    000000a0     ipc.ae674 : Ipc.obj (.text:HeapMemMP_create)
                  8f06de00    000000a0     ti.syslink.ipc.rtos.ae674 : RingIOShm.oe674 (.text:RingIOShm_getCliNotifyMgrShAddr)
                  8f06dea0    000000a0     ipc.ae674 : Ipc.obj (.text:SharedRegion_getPtr)
                  8f06df40    000000a0               : Ipc.obj (.text:SharedRegion_getSRPtr)
                  8f06dfe0    000000a0     ti.syslink.ipc.rtos.ae674 : RingIOShm.oe674 (.text:_RingIOShm_isOffsetInBetween)
                  8f06e080    000000a0     rts6740_elf.lib : remu.obj (.text:__remu)
                  8f06e120    000000a0     boot.ae674 : boot.oe674 (.text:_c_int00)
                  8f06e1c0    000000a0     sysbios.ae674 : c64p_Hwi_asm.obj (.text:_ti_sysbios_family_c64p_Hwi_plug__E)
                  8f06e260    000000a0     Dsp_pe674.oe674 (.text:malloc)
                  8f06e300    000000a0     rts6740_elf.lib : memcpy64.obj (.text:memcpy)
                  8f06e3a0    000000a0     sysbios.ae674 : BIOS.obj (.text:processVitalTaskFlag$6)
                  8f06e440    000000a0     ipc.ae674 : Ipc.obj (.text:ti_sdo_ipc_GateMP_getRegion0ReservedSize__F)
                  8f06e4e0    000000a0               : Ipc.obj (.text:ti_sdo_ipc_family_ti81xx_InterruptDsp_intClear__E)
                  8f06e580    000000a0               : Ipc.obj (.text:ti_sdo_ipc_family_ti81xx_InterruptDsp_intDisable__E)
                  8f06e620    000000a0               : Ipc.obj (.text:ti_sdo_ipc_family_ti81xx_InterruptDsp_intEnable__E)
                  8f06e6c0    000000a0               : Ipc.obj (.text:ti_sdo_ipc_family_ti81xx_NotifySetup_sharedMemReq__E)
                  8f06e760    000000a0     Dsp_pe674.oe674 (.text:ti_sdo_ipc_gates_GateHWSpinlock_Object__create__S)
                  8f06e800    000000a0     Dsp_pe674.oe674 (.text:ti_sdo_ipc_gates_GateMPSupportNull_Object__create__S)
                  8f06e8a0    000000a0     ipc.ae674 : Ipc.obj (.text:ti_sdo_ipc_gates_GatePeterson_leave__E)
                  8f06e940    000000a0               : Ipc.obj (.text:ti_sdo_ipc_notifyDrivers_NotifyDriverShm_Instance_finalize__F)
                  8f06e9e0    000000a0               : Ipc.obj (.text:ti_sdo_ipc_transports_TransportShmSetup_detach__E)
                  8f06ea80    000000a0     sysbios.ae674 : BIOS.obj (.text:ti_sysbios_heaps_HeapMem_init__I)
                  8f06eb20    000000a0                   : BIOS.obj (.text:ti_sysbios_knl_Clock_Instance_init__F)
                  8f06ebc0    000000a0     Dsp_pe674.oe674 (.text:ti_sysbios_knl_Clock_Object__create__S)
                  8f06ec60    000000a0     sysbios.ae674 : BIOS.obj (.text:ti_sysbios_knl_Idle_run__E)
                  8f06ed00    000000a0     Dsp_pe674.oe674 (.text:ti_sysbios_knl_Semaphore_Object__create__S)
                  8f06eda0    000000a0     sysbios.ae674 : BIOS.obj (.text:ti_sysbios_knl_Swi_Instance_init__F)
                  8f06ee40    000000a0                   : BIOS.obj (.text:ti_sysbios_knl_Swi_post__E)
                  8f06eee0    000000a0     ti.targets.rts6000.ae674 : Assert.oe674 (.text:xdc_runtime_Assert_raise__I)
                  8f06ef80    000000a0                              : LoggerBuf.oe674 (.text:xdc_runtime_LoggerBuf_Module_startup__F)
                  8f06f020    000000a0                              : Registry.oe674 (.text:xdc_runtime_Registry_addModule__F)
                  8f06f0c0    000000a0                              : Registry.oe674 (.text:xdc_runtime_Registry_findByName__F)
                  8f06f160    000000a0                              : SysMin.oe674 (.text:xdc_runtime_SysMin_abort__F)
                  8f06f200    000000a0                              : SysMin.oe674 (.text:xdc_runtime_SysMin_flush__F)
                  8f06f2a0    000000a0                              : SysMin.oe674 (.text:xdc_runtime_SysMin_putch__F)
                  8f06f340    00000080     ti.syslink.ipc.rtos.ae674 : FrameQBufMgr_ShMem.oe674 (.text:FrameQBufMgr_ShMem_invalidateHeaderBuf)
                  8f06f3c0    00000080                               : FrameQBufMgr.oe674 (.text:FrameQBufMgr_freeInstNo)
                  8f06f440    00000080                               : FrameQ_ShMem.oe674 (.text:FrameQ_ShMem_destroy)
                  8f06f4c0    00000080     ipc.ae674 : Ipc.obj (.text:GateMP_close)
                  8f06f540    00000080               : Ipc.obj (.text:GateMP_getRTSCParams$1)
                  8f06f5c0    00000080               : Ipc.obj (.text:HeapMemMP_getRTSCParams$9)
                  8f06f640    00000080               : Ipc.obj (.text:HeapMemMP_restore)
                  8f06f6c0    00000080               : Ipc.obj (.text:Ipc_stop)
                  8f06f740    00000080     ti.syslink.ipc.rtos.ae674 : RingIOShm.oe674 (.text:RingIOShm_getAcquiredOffset)
                  8f06f7c0    00000080                               : RingIOShm.oe674 (.text:RingIOShm_getAcquiredSize)
                  8f06f840    00000080                               : RingIOShm.oe674 (.text:RingIOShm_getEmptyAttrSize)
                  8f06f8c0    00000080                               : RingIOShm.oe674 (.text:RingIOShm_getEmptySize)
                  8f06f940    00000080                               : RingIOShm.oe674 (.text:RingIOShm_getValidAttrSize)
                  8f06f9c0    00000080                               : RingIOShm.oe674 (.text:RingIOShm_getValidSize)
                  8f06fa40    00000080                               : RingIOShm.oe674 (.text:RingIOShm_getWaterMark)
                  8f06fac0    00000080                               : RingIOShm.oe674 (.text:RingIOShm_setWaterMark)
                  8f06fb40    00000080     ipc.ae674 : Ipc.obj (.text:SharedRegion_getEntry)
                  8f06fbc0    00000080     ti.syslink.ipc.rtos.ae674 : SharedMemoryMgr.oe674 (.text:SyslinkMemMgr_SharedMemory_delete)
                  8f06fc40    00000080                               : TilerMemoryMgr.oe674 (.text:SyslinkMemMgr_TilerMemory_delete)
                  8f06fcc0    00000080     rts6740_elf.lib : llshift.obj (.text:__c6xabi_llshl)
                  8f06fd40    00000080     sysbios.ae674 : c62_TaskSupport_asm.obj (.text:_ti_sysbios_family_c62_TaskSupport_swap__E)
                  8f06fdc0    00000080     rts6740_elf.lib : dtor_list.obj (.text:atexit)
                  8f06fe40    00000080                     : trgmsg.obj (.text:readmsg)
                  8f06fec0    00000080     ipc.ae674 : Ipc.obj (.text:ti_sdo_ipc_Notify_Module_startup__F)
                  8f06ff40    00000080               : Ipc.obj (.text:ti_sdo_ipc_notifyDrivers_NotifyDriverShm_sharedMemReq__F)
                  8f06ffc0    00000080               : Ipc.obj (.text:ti_sdo_ipc_nsremote_NameServerRemoteNotify_detach__E)
                  8f070040    00000080               : Ipc.obj (.text:ti_sdo_ipc_transports_TransportShm_swiFxn__I)
                  8f0700c0    00000080     Dsp_pe674.oe674 (.text:ti_sdo_utils_List_Object__create__S)
                  8f070140    00000080     Dsp_pe674.oe674 (.text:ti_sysbios_BIOS_exitFunc__I)
                  8f0701c0    00000080     sysbios.ae674 : BIOS.obj (.text:ti_sysbios_family_c62_TaskSupport_start__E)
                  8f070240    00000080                   : BIOS.obj (.text:ti_sysbios_family_c64p_Hwi_eventMap__E)
                  8f0702c0    00000080     Dsp_pe674.oe674 (.text:ti_sysbios_gates_GateAll_Object__create__S)
                  8f070340    00000080     Dsp_pe674.oe674 (.text:ti_sysbios_gates_GateHwi_Object__create__S)
                  8f0703c0    00000080     Dsp_pe674.oe674 (.text:ti_sysbios_gates_GateMutexPri_Object__create__S)
                  8f070440    00000080     Dsp_pe674.oe674 (.text:ti_sysbios_gates_GateMutex_Object__create__S)
                  8f0704c0    00000080     sysbios.ae674 : BIOS.obj (.text:ti_sysbios_gates_GateMutex_enter__E)
                  8f070540    00000080     Dsp_pe674.oe674 (.text:ti_sysbios_gates_GateSwi_Object__create__S)
                  8f0705c0    00000080     sysbios.ae674 : BIOS.obj (.text:ti_sysbios_heaps_HeapMem_Instance_init__F)
                  8f070640    00000080     Dsp_pe674.oe674 (.text:ti_sysbios_heaps_HeapMem_Object__create__S)
                  8f0706c0    00000080     sysbios.ae674 : BIOS.obj (.text:ti_sysbios_knl_Clock_Module_startup__F)
                  8f070740    00000080     Dsp_pe674.oe674 (.text:ti_sysbios_knl_Clock_doTick__I)
                  8f0707c0    00000080     sysbios.ae674 : BIOS.obj (.text:ti_sysbios_knl_Clock_getTicks__E)
                  8f070840    00000080     Dsp_pe674.oe674 (.text:ti_sysbios_knl_Queue_Object__create__S)
                  8f0708c0    00000080     sysbios.ae674 : BIOS.obj (.text:ti_sysbios_knl_Swi_restore__E)
                  8f070940    00000080                   : BIOS.obj (.text:ti_sysbios_knl_Swi_startup__E)
                  8f0709c0    00000080                   : BIOS.obj (.text:ti_sysbios_knl_Task_restore__E)
                  8f070a40    00000080                   : BIOS.obj (.text:ti_sysbios_knl_Task_yield__E)
                  8f070ac0    00000080     Dsp_pe674.oe674 (.text:ti_sysbios_xdcruntime_GateThreadSupport_Object__create__S)
                  8f070b40    00000080     ti.targets.rts6000.ae674 : Core-label.oe674 (.text:xdc_runtime_Core_assignLabel__I)
                  8f070bc0    00000080                              : Core-params.oe674 (.text:xdc_runtime_Core_assignParams__I)
                  8f070c40    00000080                              : LoggerBuf.oe674 (.text:xdc_runtime_LoggerBuf_filterOutEvent__I)
                  8f070cc0    00000080                              : Registry.oe674 (.text:xdc_runtime_Registry_findByNamePattern__F)
                  8f070d40    00000080                              : Registry.oe674 (.text:xdc_runtime_Registry_matchPattern__I)
                  8f070dc0    00000080     Dsp_pe674.oe674 (.text:xdc_runtime_SysMin_output__I)
                  8f070e40    00000080     ti.targets.rts6000.ae674 : System.oe674 (.text:xdc_runtime_System_atexit__F)
                  8f070ec0    00000080                              : System.oe674 (.text:xdc_runtime_System_rtsExit__I)
                  8f070f40    00000080                              : Text.oe674 (.text:xdc_runtime_Text_printVisFxn__I)
                  8f070fc0    00000080                              : Text.oe674 (.text:xdc_runtime_Text_xprintf__I)
                  8f071040    00000060     ti.syslink.ipc.rtos.ae674 : ClientNotifyMgr.oe674 (.text:ClientNotifyMgr_Params_init)
                  8f0710a0    00000060                               : ClientNotifyMgr.oe674 (.text:ClientNotifyMgr_callBack)
                  8f071100    00000060                               : ClientNotifyMgr.oe674 (.text:ClientNotifyMgr_getConfig)
                  8f071160    00000060                               : ClientNotifyMgr.oe674 (.text:ClientNotifyMgr_setNameServer)
                  8f0711c0    00000060                               : FrameQBufMgr.oe674 (.text:FrameQBufMgr_Params_init)
                  8f071220    00000060                               : FrameQBufMgr_ShMem.oe674 (.text:FrameQBufMgr_ShMem_getConfig)
                  8f071280    00000060                               : FrameQBufMgr_ShMem.oe674 (.text:FrameQBufMgr_ShMem_invalidateFrameBuf)
                  8f0712e0    00000060                               : FrameQBufMgr_ShMem.oe674 (.text:FrameQBufMgr_ShMem_unregisterNotifier)
                  8f071340    00000060                               : FrameQBufMgr_ShMem.oe674 (.text:FrameQBufMgr_ShMem_writeBackFrameBuf)
                  8f0713a0    00000060                               : FrameQBufMgr_ShMem.oe674 (.text:FrameQBufMgr_ShMem_writeBackHeaderBuf)
                  8f071400    00000060                               : FrameQBufMgr.oe674 (.text:FrameQBufMgr_getConfig)
                  8f071460    00000060                               : FrameQ_ShMem.oe674 (.text:FrameQ_ShMem_alloc)
                  8f0714c0    00000060                               : FrameQ_ShMem.oe674 (.text:FrameQ_ShMem_allocv)
                  8f071520    00000060                               : FrameQ_ShMem.oe674 (.text:FrameQ_ShMem_freev)
                  8f071580    00000060                               : FrameQ_ShMem.oe674 (.text:FrameQ_ShMem_getConfig)
                  8f0715e0    00000060     ipc.ae674 : Ipc.obj (.text:GateMP_Params_init)
                  8f071640    00000060               : Ipc.obj (.text:HeapMemMP_Params_init)
                  8f0716a0    00000060               : Ipc.obj (.text:Notify_numIntLines)
                  8f071700    00000060               : Ipc.obj (.text:Notify_sharedMemReq)
                  8f071760    00000060     ti.syslink.ipc.rtos.ae674 : RingIOShm.oe674 (.text:RingIOShm_acquire)
                  8f0717c0    00000060                               : RingIOShm.oe674 (.text:RingIOShm_cancel)
                  8f071820    00000060                               : RingIOShm.oe674 (.text:RingIOShm_setvAttribute)
                  8f071880    00000060     ipc.ae674 : Ipc.obj (.text:SharedRegion_getCacheLineSize)
                  8f0718e0    00000060               : Ipc.obj (.text:SharedRegion_getHeap)
                  8f071940    00000060               : Ipc.obj (.text:SharedRegion_isCacheEnabled)
                  8f0719a0    00000060     ti.syslink.ipc.rtos.ae674 : SharedMemoryMgr.oe674 (.text:SyslinkMemMgr_SharedMemory_alloc)
                  8f071a00    00000060                               : SharedMemoryMgr.oe674 (.text:SyslinkMemMgr_SharedMemory_create)
                  8f071a60    00000060                               : SharedMemoryMgr.oe674 (.text:SyslinkMemMgr_SharedMemory_free)
                  8f071ac0    00000060                               : TilerMemoryMgr.oe674 (.text:SyslinkMemMgr_TilerMemory_create)
                  8f071b20    00000060                               : SyslinkMemMgr.oe674 (.text:SyslinkMemMgr_alloc)
                  8f071b80    00000060                               : SyslinkMemMgr.oe674 (.text:SyslinkMemMgr_free)
                  8f071be0    00000060     rts6740_elf.lib : imath64.obj (.text:_subcull)
                  8f071c40    00000060     sysbios.ae674 : BIOS.obj (.text:all$58)
                  8f071ca0    00000060                   : BIOS.obj (.text:marInit$58)
                  8f071d00    00000060                   : BIOS.obj (.text:rtsUnlock$0)
                  8f071d60    00000060     rts6740_elf.lib : strpbrk.obj (.text:strpbrk)
                  8f071dc0    00000060     Dsp_pe674.oe674 (.text:ti_sdo_ipc_GateMP_Object__delete__S)
                  8f071e20    00000060     Dsp_pe674.oe674 (.text:ti_sdo_ipc_GateMP_RemoteCustom1Proxy_Object__delete__S)
                  8f071e80    00000060     Dsp_pe674.oe674 (.text:ti_sdo_ipc_GateMP_RemoteCustom2Proxy_Object__delete__S)
                  8f071ee0    00000060     Dsp_pe674.oe674 (.text:ti_sdo_ipc_GateMP_RemoteSystemProxy_Object__delete__S)
                  8f071f40    00000060     ipc.ae674 : Ipc.obj (.text:ti_sdo_ipc_GateMP_createLocal__F)
                  8f071fa0    00000060               : Ipc.obj (.text:ti_sdo_ipc_Ipc_getRegion0ReservedSize__I)
                  8f072000    00000060     Dsp_pe674.oe674 (.text:ti_sdo_ipc_ListMP_Object__delete__S)
                  8f072060    00000060     Dsp_pe674.oe674 (.text:ti_sdo_ipc_Notify_Object__delete__S)
                  8f0720c0    00000060     Dsp_pe674.oe674 (.text:ti_sdo_ipc_gates_GateHWSpinlock_Handle__label__S)
                  8f072120    00000060     Dsp_pe674.oe674 (.text:ti_sdo_ipc_gates_GateHWSpinlock_Object__delete__S)
                  8f072180    00000060     Dsp_pe674.oe674 (.text:ti_sdo_ipc_gates_GateMPSupportNull_Handle__label__S)
                  8f0721e0    00000060     Dsp_pe674.oe674 (.text:ti_sdo_ipc_gates_GateMPSupportNull_Object__delete__S)
                  8f072240    00000060     Dsp_pe674.oe674 (.text:ti_sdo_ipc_gates_GatePeterson_Handle__label__S)
                  8f0722a0    00000060     ipc.ae674 : Ipc.obj (.text:ti_sdo_ipc_gates_GatePeterson_Instance_finalize__F)
                  8f072300    00000060     Dsp_pe674.oe674 (.text:ti_sdo_ipc_gates_GatePeterson_Object__delete__S)
                  8f072360    00000060     Dsp_pe674.oe674 (.text:ti_sdo_ipc_heaps_HeapMemMP_Handle__label__S)
                  8f0723c0    00000060     Dsp_pe674.oe674 (.text:ti_sdo_ipc_heaps_HeapMemMP_Object__delete__S)
                  8f072420    00000060     Dsp_pe674.oe674 (.text:ti_sdo_ipc_notifyDrivers_NotifyDriverShm_Handle__label__S)
                  8f072480    00000060     Dsp_pe674.oe674 (.text:ti_sdo_ipc_notifyDrivers_NotifyDriverShm_Object__delete__S)
                  8f0724e0    00000060     ipc.ae674 : Ipc.obj (.text:ti_sdo_ipc_notifyDrivers_NotifyDriverShm_enableEvent__E)
                  8f072540    00000060               : Ipc.obj (.text:ti_sdo_ipc_notifyDrivers_NotifyDriverShm_setNotifyHandle__E)
                  8f0725a0    00000060     Dsp_pe674.oe674 (.text:ti_sdo_ipc_nsremote_NameServerRemoteNotify_Handle__label__S)
                  8f072600    00000060     Dsp_pe674.oe674 (.text:ti_sdo_ipc_nsremote_NameServerRemoteNotify_Object__delete__S)
                  8f072660    00000060     ipc.ae674 : Ipc.obj (.text:ti_sdo_ipc_transports_TransportShmSetup_sharedMemReq__E)
                  8f0726c0    00000060     Dsp_pe674.oe674 (.text:ti_sdo_ipc_transports_TransportShm_Handle__label__S)
                  8f072720    00000060     Dsp_pe674.oe674 (.text:ti_sdo_ipc_transports_TransportShm_Object__delete__S)
                  8f072780    00000060     Dsp_pe674.oe674 (.text:ti_sdo_utils_List_Object__delete__S)
                  8f0727e0    00000060     Dsp_pe674.oe674 (.text:ti_sdo_utils_NameServer_Object__delete__S)
                  8f072840    00000060     sysbios.ae674 : BIOS.obj (.text:ti_sysbios_BIOS_registerRTSLock__I)
                  8f0728a0    00000060                   : BIOS.obj (.text:ti_sysbios_family_c64p_Cache_setMar__E)
                  8f072900    00000060                   : BIOS.obj (.text:ti_sysbios_family_c64p_Cache_wait__E)
                  8f072960    00000060                   : BIOS.obj (.text:ti_sysbios_family_c64p_Exception_Module_startup__F)
                  8f0729c0    00000060     Dsp_pe674.oe674 (.text:ti_sysbios_family_c64p_Hwi_Object__delete__S)
                  8f072a20    00000060     Dsp_pe674.oe674 (.text:ti_sysbios_gates_GateAll_Handle__label__S)
                  8f072a80    00000060     Dsp_pe674.oe674 (.text:ti_sysbios_gates_GateAll_Object__delete__S)
                  8f072ae0    00000060     sysbios.ae674 : BIOS.obj (.text:ti_sysbios_gates_GateAll_enter__E)
                  8f072b40    00000060     Dsp_pe674.oe674 (.text:ti_sysbios_gates_GateHwi_Handle__label__S)
                  8f072ba0    00000060     Dsp_pe674.oe674 (.text:ti_sysbios_gates_GateHwi_Object__delete__S)
                  8f072c00    00000060     Dsp_pe674.oe674 (.text:ti_sysbios_gates_GateMutexPri_Handle__label__S)
                  8f072c60    00000060     Dsp_pe674.oe674 (.text:ti_sysbios_gates_GateMutexPri_Object__delete__S)
                  8f072cc0    00000060     Dsp_pe674.oe674 (.text:ti_sysbios_gates_GateMutex_Handle__label__S)
                  8f072d20    00000060     sysbios.ae674 : BIOS.obj (.text:ti_sysbios_gates_GateMutex_Instance_init__F)
                  8f072d80    00000060     Dsp_pe674.oe674 (.text:ti_sysbios_gates_GateMutex_Object__delete__S)
                  8f072de0    00000060     Dsp_pe674.oe674 (.text:ti_sysbios_gates_GateSwi_Handle__label__S)
                  8f072e40    00000060     Dsp_pe674.oe674 (.text:ti_sysbios_gates_GateSwi_Object__delete__S)
                  8f072ea0    00000060     sysbios.ae674 : BIOS.obj (.text:ti_sysbios_hal_Hwi_checkStack:ti_sysbios_hal_Hwi_checkStack)
                  8f072f00    00000060                   : BIOS.obj (.text:ti_sysbios_hal_Hwi_initStack:ti_sysbios_hal_Hwi_initStack)
                  8f072f60    00000060     Dsp_pe674.oe674 (.text:ti_sysbios_heaps_HeapMem_Handle__label__S)
                  8f072fc0    00000060     Dsp_pe674.oe674 (.text:ti_sysbios_heaps_HeapMem_Object__delete__S)
                  8f073020    00000060     sysbios.ae674 : BIOS.obj (.text:ti_sysbios_knl_Clock_setupTimerToSkipTicks__E)
                  8f073080    00000060                   : BIOS.obj (.text:ti_sysbios_knl_Semaphore_Instance_init__F)
                  8f0730e0    00000060     Dsp_pe674.oe674 (.text:ti_sysbios_knl_Semaphore_Object__delete__S)
                  8f073140    00000060     sysbios.ae674 : BIOS.obj (.text:ti_sysbios_knl_Semaphore_pendTimeout__I)
                  8f0731a0    00000060                   : BIOS.obj (.text:ti_sysbios_knl_Swi_Module_startup__F)
                  8f073200    00000060     Dsp_pe674.oe674 (.text:ti_sysbios_knl_Swi_Object__delete__S)
                  8f073260    00000060     Dsp_pe674.oe674 (.text:ti_sysbios_knl_Task_Object__delete__S)
                  8f0732c0    00000060     sysbios.ae674 : BIOS.obj (.text:ti_sysbios_knl_Task_enter__I)
                  8f073320    00000060                   : BIOS.obj (.text:ti_sysbios_timers_dmtimer_Timer_getPeriod__E)
                  8f073380    00000060                   : BIOS.obj (.text:ti_sysbios_timers_dmtimer_Timer_stub__E)
                  8f0733e0    00000060     ti.syslink.ipc.rtos.ae674 : Syslink.oe674 (.text:ti_syslink_ipc_rtos_Syslink_attach)
                  8f073440    00000060     rts6740_elf.lib : trgmsg.obj (.text:writemsg)
                  8f0734a0    00000060     Dsp_pe674.oe674 (.text:xdc_runtime_GateNull_Handle__label__S)
                  8f073500    00000060     Dsp_pe674.oe674 (.text:xdc_runtime_GateNull_Object__create__S)
                  8f073560    00000060     Dsp_pe674.oe674 (.text:xdc_runtime_GateNull_Object__delete__S)
                  8f0735c0    00000060     Dsp_pe674.oe674 (.text:xdc_runtime_LoggerBuf_Handle__label__S)
                  8f073620    00000060     Dsp_pe674.oe674 (.text:xdc_runtime_LoggerBuf_Object__delete__S)
                  8f073680    00000060     ti.targets.rts6000.ae674 : Memory.oe674 (.text:xdc_runtime_Memory_calloc__F)
                  8f0736e0    00000060                              : Memory.oe674 (.text:xdc_runtime_Memory_valloc__F)
                  8f073740    00000060                              : SysMin.oe674 (.text:xdc_runtime_SysMin_Module_startup__F)
                  8f0737a0    00000060                              : SysMin.oe674 (.text:xdc_runtime_SysMin_exit__F)
                  8f073800    00000060                              : System.oe674 (.text:xdc_runtime_System_aprintf_va__F)
                  8f073860    00000060                              : System.oe674 (.text:xdc_runtime_System_printf_va__F)
                  8f0738c0    00000060                              : Text.oe674 (.text:xdc_runtime_Text_cordText__F)
                  8f073920    00000060     Dsp_pe674.oe674 (.text:xdc_runtime_knl_GateThread_Handle__label__S)
                  8f073980    00000060     Dsp_pe674.oe674 (.text:xdc_runtime_knl_GateThread_Object__delete__S)
                  8f0739e0    00000060     Dsp_pe674.oe674 (.text:xdc_runtime_knl_GateThread_Proxy_Object__delete__S)
                  8f073a40    00000040     ti.syslink.ipc.rtos.ae674 : FrameQ_ShMem.oe674 (.text:FrameQ_ShMem_dup)
                  8f073a80    00000040                               : FrameQ_ShMem.oe674 (.text:FrameQ_ShMem_free)
                  8f073ac0    00000040                               : FrameQ_ShMem.oe674 (.text:FrameQ_ShMem_getNumFreeFrames)
                  8f073b00    00000040                               : FrameQ_ShMem.oe674 (.text:FrameQ_ShMem_getvNumFreeFrames)
                  8f073b40    00000040                               : FrameQ_ShMem.oe674 (.text:FrameQ_ShMem_sendNotify)
                  8f073b80    00000040                               : FrameQ.oe674 (.text:FrameQ_getConfig)
                  8f073bc0    00000040     ipc.ae674 : Ipc.obj (.text:GateMP_create)
                  8f073c00    00000040               : Ipc.obj (.text:Notify_intLineRegistered)
                  8f073c40    00000040     ti.syslink.ipc.rtos.ae674 : RingIOShm.oe674 (.text:RingIOShm_destroy)
                  8f073c80    00000040                               : RingIOShm.oe674 (.text:RingIOShm_getCliNotifyMgrGateShAddr)
                  8f073cc0    00000040                               : RingIOShm.oe674 (.text:RingIOShm_getvAttribute)
                  8f073d00    00000040                               : SharedMemoryMgr.oe674 (.text:SyslinkMemMgr_SharedMemory_Params_init)
                  8f073d40    00000040                               : TilerMemoryMgr.oe674 (.text:SyslinkMemMgr_TilerMemory_Params_init)
                  8f073d80    00000040                               : RingIOShm.oe674 (.text:_RingIOShm_sendNotification)
                  8f073dc0    00000040     rts6740_elf.lib : llshift.obj (.text:__c6xabi_llshru)
                  8f073e00    00000040                     : strasg.obj (.text:__strasgi_64plus)
                  8f073e40    00000040                     : args_main.obj (.text:_args_main)
                  8f073e80    00000040     sysbios.ae674 : c62_TaskSupport_asm.obj (.text:_ti_sysbios_family_c62_TaskSupport_buildTaskStack)
                  8f073ec0    00000040                   : c64p_Hwi_asm_switch.obj (.text:_ti_sysbios_family_xxx_Hwi_switchToIsrStack)
                  8f073f00    00000040     Dsp_pe674.oe674 (.text:free)
                  8f073f40    00000040     sysbios.ae674 : BIOS.obj (.text:rtsLock$0)
                  8f073f80    00000040     ti.syslink.ipc.rtos.ae674 : FrameQBufMgr_ShMem.oe674 (.text:strcpy)
                  8f073fc0    00000040     ipc.ae674 : Ipc.obj (.text:ti_sdo_ipc_MessageQ_registerTransport__F)
                  8f074000    00000040               : Ipc.obj (.text:ti_sdo_ipc_MessageQ_unregisterTransport__F)
                  8f074040    00000040               : Ipc.obj (.text:ti_sdo_ipc_Notify_exec__F)
                  8f074080    00000040               : Ipc.obj (.text:ti_sdo_ipc_SharedRegion_resetInternalFields__F)
                  8f0740c0    00000040               : Ipc.obj (.text:ti_sdo_ipc_gates_GateHWSpinlock_leave__E)
                  8f074100    00000040               : Ipc.obj (.text:ti_sdo_ipc_nsremote_NameServerRemoteNotify_sharedMemReq__E)
                  8f074140    00000040               : Ipc.obj (.text:ti_sdo_utils_List_get__E)
                  8f074180    00000040               : Ipc.obj (.text:ti_sdo_utils_List_putHead__E)
                  8f0741c0    00000040               : Ipc.obj (.text:ti_sdo_utils_List_put__E)
                  8f074200    00000040     Dsp_pe674.oe674 (.text:ti_sdo_utils_NameServer_Module__startupDone__S)
                  8f074240    00000040     Dsp_pe674.oe674 (.text:ti_sdo_utils_NameServer_Object__get__S)
                  8f074280    00000040     ipc.ae674 : Ipc.obj (.text:ti_sdo_utils_NameServer_registerRemoteDriver__E)
                  8f0742c0    00000040               : Ipc.obj (.text:ti_sdo_utils_NameServer_unregisterRemoteDriver__E)
                  8f074300    00000040     Dsp_pe674.oe674 (.text:ti_sysbios_BIOS_startFunc__I)
                  8f074340    00000040     Dsp_pe674.oe674 (.text:ti_sysbios_family_c64p_Hwi_Module__startupDone__S)
                  8f074380    00000040     sysbios.ae674 : BIOS.obj (.text:ti_sysbios_family_c64p_Hwi_disableInterrupt__E)
                  8f0743c0    00000040                   : BIOS.obj (.text:ti_sysbios_family_c64p_Hwi_enableInterrupt__E)
                  8f074400    00000040                   : BIOS.obj (.text:ti_sysbios_gates_GateAll_leave__E)
                  8f074440    00000040                   : BIOS.obj (.text:ti_sysbios_gates_GateMutexPri_Instance_init__F)
                  8f074480    00000040     Dsp_pe674.oe674 (.text:ti_sysbios_gates_GateMutexPri_Object__destruct__S)
                  8f0744c0    00000040     sysbios.ae674 : BIOS.obj (.text:ti_sysbios_gates_GateMutex_leave__E)
                  8f074500    00000040     Dsp_pe674.oe674 (.text:ti_sysbios_hal_Hwi_HwiProxy_Module__startupDone__S)
                  8f074540    00000040     Dsp_pe674.oe674 (.text:ti_sysbios_hal_Timer_Module__startupDone__S)
                  8f074580    00000040     Dsp_pe674.oe674 (.text:ti_sysbios_hal_Timer_TimerProxy_Module__startupDone__S)
                  8f0745c0    00000040     Dsp_pe674.oe674 (.text:ti_sysbios_heaps_HeapMem_Object__get__S)
                  8f074600    00000040     sysbios.ae674 : BIOS.obj (.text:ti_sysbios_knl_Clock_Instance_finalize__F)
                  8f074640    00000040     Dsp_pe674.oe674 (.text:ti_sysbios_knl_Clock_Object__destruct__S)
                  8f074680    00000040     Dsp_pe674.oe674 (.text:ti_sysbios_knl_Semaphore_Object__destruct__S)
                  8f0746c0    00000040     Dsp_pe674.oe674 (.text:ti_sysbios_knl_Swi_Object__destruct__S)
                  8f074700    00000040     Dsp_pe674.oe674 (.text:ti_sysbios_knl_Swi_Object__get__S)
                  8f074740    00000040     Dsp_pe674.oe674 (.text:ti_sysbios_knl_Task_Object__get__S)
                  8f074780    00000040     sysbios.ae674 : BIOS.obj (.text:ti_sysbios_knl_Task_sleepTimeout__I)
                  8f0747c0    00000040     Dsp_pe674.oe674 (.text:ti_sysbios_timers_dmtimer_Timer_TimerSupportProxy_Module__startupDone__S)
                  8f074800    00000040     sysbios.ae674 : BIOS.obj (.text:ti_sysbios_xdcruntime_GateThreadSupport_Instance_init__F)
                  8f074840    00000040     ti.syslink.ipc.rtos.ae674 : Syslink.oe674 (.text:ti_syslink_ipc_rtos_Syslink_detach)
                  8f074880    00000040     ti.targets.rts6000.ae674 : Error.oe674 (.text:xdc_runtime_Error_check__F)
                  8f0748c0    00000040                              : Error.oe674 (.text:xdc_runtime_Error_init__F)
                  8f074900    00000040                              : LoggerBuf.oe674 (.text:xdc_runtime_LoggerBuf_Instance_finalize__F)
                  8f074940    00000040     Dsp_pe674.oe674 (.text:xdc_runtime_LoggerBuf_Object__get__S)
                  8f074980    00000040     ti.targets.rts6000.ae674 : LoggerBuf.oe674 (.text:xdc_runtime_LoggerBuf_write0__F)
                  8f0749c0    00000040     Dsp_pe674.oe674 (.text:xdc_runtime_LoggerBuf_write8__E)
                  8f074a00    00000040     ti.targets.rts6000.ae674 : Memory.oe674 (.text:xdc_runtime_Memory_free__F)
                  8f074a40    00000040                              : Registry.oe674 (.text:xdc_runtime_Registry_findById__F)
                  8f074a80    00000040                              : System.oe674 (.text:xdc_runtime_System_abort__F)
                  8f074ac0    00000040     Dsp_pe674.oe674 (.text:xdc_runtime_System_aprintf__E)
                  8f074b00    00000040     Dsp_pe674.oe674 (.text:xdc_runtime_System_printf__E)
                  8f074b40    00000040     ti.targets.rts6000.ae674 : Text.oe674 (.text:xdc_runtime_Text_matchRope__F)
                  8f074b80    00000040                              : Text.oe674 (.text:xdc_runtime_Text_ropeText__F)
                  8f074bc0    00000040                              : GateThread.oe674 (.text:xdc_runtime_knl_GateThread_Instance_finalize__F)
                  8f074c00    00000040                              : GateThread.oe674 (.text:xdc_runtime_knl_GateThread_Instance_init__F)
                  8f074c40    00000020     ti.syslink.ipc.rtos.ae674 : ClientNotifyMgr.oe674 (.text:ClientNotifyMgr_close)
                  8f074c60    00000020                               : ClientNotifyMgr.oe674 (.text:ClientNotifyMgr_create)
                  8f074c80    00000020                               : FrameQBufMgr_ShMem.oe674 (.text:FrameQBufMgr_ShMem_add)
                  8f074ca0    00000020                               : FrameQBufMgr_ShMem.oe674 (.text:FrameQBufMgr_ShMem_close)
                  8f074cc0    00000020                               : FrameQBufMgr_ShMem.oe674 (.text:FrameQBufMgr_ShMem_control)
                  8f074ce0    00000020                               : FrameQBufMgr_ShMem.oe674 (.text:FrameQBufMgr_ShMem_getId)
                  8f074d00    00000020                               : FrameQBufMgr_ShMem.oe674 (.text:FrameQBufMgr_ShMem_isCacheEnabledForFrameBuf)
                  8f074d20    00000020                               : FrameQBufMgr_ShMem.oe674 (.text:FrameQBufMgr_ShMem_isCacheEnabledForHeaderBuf)
                  8f074d40    00000020                               : FrameQBufMgr_ShMem.oe674 (.text:FrameQBufMgr_ShMem_remove)
                  8f074d60    00000020                               : FrameQBufMgr.oe674 (.text:FrameQBufMgr_alloc)
                  8f074d80    00000020                               : FrameQBufMgr.oe674 (.text:FrameQBufMgr_allocv)
                  8f074da0    00000020                               : FrameQBufMgr.oe674 (.text:FrameQBufMgr_close)
                  8f074dc0    00000020                               : FrameQBufMgr.oe674 (.text:FrameQBufMgr_dup)
                  8f074de0    00000020                               : FrameQBufMgr.oe674 (.text:FrameQBufMgr_dupv)
                  8f074e00    00000020                               : FrameQBufMgr.oe674 (.text:FrameQBufMgr_free)
                  8f074e20    00000020                               : FrameQBufMgr.oe674 (.text:FrameQBufMgr_freev)
                  8f074e40    00000020                               : FrameQBufMgr.oe674 (.text:FrameQBufMgr_getBaseHeaderSize)
                  8f074e60    00000020                               : FrameQBufMgr.oe674 (.text:FrameQBufMgr_getId)
                  8f074e80    00000020                               : FrameQBufMgr.oe674 (.text:FrameQBufMgr_getNumFreeFrames)
                  8f074ea0    00000020                               : FrameQBufMgr.oe674 (.text:FrameQBufMgr_getvNumFreeFrames)
                  8f074ec0    00000020                               : FrameQBufMgr.oe674 (.text:FrameQBufMgr_invalidateFrameBuf)
                  8f074ee0    00000020                               : FrameQBufMgr.oe674 (.text:FrameQBufMgr_invalidateHeaderBuf)
                  8f074f00    00000020                               : FrameQBufMgr.oe674 (.text:FrameQBufMgr_isCacheEnabledForFrameBuf)
                  8f074f20    00000020                               : FrameQBufMgr.oe674 (.text:FrameQBufMgr_isCacheEnabledForHeaderBuf)
                  8f074f40    00000020                               : FrameQBufMgr.oe674 (.text:FrameQBufMgr_registerNotifier)
                  8f074f60    00000020                               : FrameQBufMgr.oe674 (.text:FrameQBufMgr_translateAddr)
                  8f074f80    00000020                               : FrameQBufMgr.oe674 (.text:FrameQBufMgr_unregisterNotifier)
                  8f074fa0    00000020                               : FrameQBufMgr.oe674 (.text:FrameQBufMgr_writeBackFrameBuf)
                  8f074fc0    00000020                               : FrameQBufMgr.oe674 (.text:FrameQBufMgr_writeBackHeaderBuf)
                  8f074fe0    00000020                               : FrameQ_ShMem.oe674 (.text:FrameQ_ShMem_close)
                  8f075000    00000020                               : FrameQ_ShMem.oe674 (.text:FrameQ_ShMem_control)
                  8f075020    00000020     ipc.ae674 : Ipc.obj (.text:GateMP_delete)
                  8f075040    00000020               : Ipc.obj (.text:GateMP_enter)
                  8f075060    00000020               : Ipc.obj (.text:GateMP_getDefaultRemote)
                  8f075080    00000020               : Ipc.obj (.text:GateMP_getLocalProtect)
                  8f0750a0    00000020               : Ipc.obj (.text:GateMP_leave)
                  8f0750c0    00000020               : Ipc.obj (.text:ListMP_Params_init)
                  8f0750e0    00000020               : Ipc.obj (.text:ListMP_close)
                  8f075100    00000020               : Ipc.obj (.text:ListMP_delete)
                  8f075120    00000020               : Ipc.obj (.text:MultiProc_getNumProcessors)
                  8f075140    00000020               : Ipc.obj (.text:MultiProc_self)
                  8f075160    00000020               : Ipc.obj (.text:NameServer_Params_init)
                  8f075180    00000020               : Ipc.obj (.text:NameServer_addUInt32)
                  8f0751a0    00000020               : Ipc.obj (.text:NameServer_delete)
                  8f0751c0    00000020               : Ipc.obj (.text:NameServer_getLocalUInt32)
                  8f0751e0    00000020               : Ipc.obj (.text:NameServer_removeEntry)
                  8f075200    00000020               : Ipc.obj (.text:Notify_attach)
                  8f075220    00000020     ti.syslink.ipc.rtos.ae674 : RingIOShm.oe674 (.text:RingIOShm_getAttribute)
                  8f075240    00000020                               : RingIOShm.oe674 (.text:RingIOShm_getConfig)
                  8f075260    00000020                               : RingIOShm.oe674 (.text:RingIOShm_setAttribute)
                  8f075280    00000020                               : RingIO.oe674 (.text:RingIO_Params_init)
                  8f0752a0    00000020                               : RingIO.oe674 (.text:RingIO_acquire)
                  8f0752c0    00000020                               : RingIO.oe674 (.text:RingIO_getAttribute)
                  8f0752e0    00000020                               : RingIO.oe674 (.text:RingIO_getConfig)
                  8f075300    00000020                               : RingIO.oe674 (.text:RingIO_release)
                  8f075320    00000020     ipc.ae674 : Ipc.obj (.text:SharedRegion_invalidSRPtr)
                  8f075340    00000020     ti.syslink.ipc.rtos.ae674 : _Syslink.oe674 (.text:SysLink_destroy)
                  8f075360    00000020                               : TilerMemoryMgr.oe674 (.text:SyslinkMemMgr_TilerMemory_alloc)
                  8f075380    00000020                               : TilerMemoryMgr.oe674 (.text:SyslinkMemMgr_TilerMemory_free)
                  8f0753a0    00000020                               : TilerMemoryMgr.oe674 (.text:SyslinkMemMgr_TilerMemory_translate)
                  8f0753c0    00000020                               : SyslinkMemMgr.oe674 (.text:SyslinkMemMgr_translate)
                  8f0753e0    00000020                               : FrameQBufMgr_ShMem.oe674 (.text:_FrameQBufMgr_ShMem_getCliNotifyMgrGateShAddr)
                  8f075400    00000020                               : FrameQBufMgr_ShMem.oe674 (.text:_FrameQBufMgr_ShMem_getCliNotifyMgrShAddr)
                  8f075420    00000020                               : FrameQBufMgr_ShMem.oe674 (.text:_FrameQBufMgr_ShMem_resetNotifyId)
                  8f075440    00000020                               : FrameQBufMgr_ShMem.oe674 (.text:_FrameQBufMgr_ShMem_setNotifyId)
                  8f075460    00000020                               : FrameQ_ShMem.oe674 (.text:_FrameQ_ShMem_getCliNotifyMgrGate)
                  8f075480    00000020                               : FrameQ_ShMem.oe674 (.text:_FrameQ_ShMem_getCliNotifyMgrGateShAddr)
                  8f0754a0    00000020                               : FrameQ_ShMem.oe674 (.text:_FrameQ_ShMem_getCliNotifyMgrHandle)
                  8f0754c0    00000020                               : FrameQ_ShMem.oe674 (.text:_FrameQ_ShMem_getCliNotifyMgrShAddr)
                  8f0754e0    00000020     rts6740_elf.lib : dtor_list.obj (.text:__cxa_ia64_exit)
                  8f075500    00000020                     : tdeh_init.obj (.text:__tdeh_init)
                  8f075520    00000020     ti.targets.rts6000.ae674 : xdc_noinit.oe674 (.text:__xdc__init)
                  8f075540    00000020     rts6740_elf.lib : _lock.obj (.text:_nop)
                  8f075560    00000020                     : _lock.obj (.text:_register_lock)
                  8f075580    00000020                     : _lock.obj (.text:_register_unlock)
                  8f0755a0    00000020     sysbios.ae674 : c62_TaskSupport_asm.obj (.text:_ti_sysbios_family_c62_TaskSupport_glue)
                  8f0755c0    00000020                   : c64p_Hwi_asm_switch.obj (.text:_ti_sysbios_family_xxx_Hwi_switchToTaskStack)
                  8f0755e0    00000020     rts6740_elf.lib : exit.obj (.text:abort)
                  8f075600    00000020     sysbios.ae674 : BIOS.obj (.text:nullFunc$0)
                  8f075620    00000020     Dsp_pe674.oe674 (.text:ti_sdo_ipc_GateMP_Params__init__S)
                  8f075640    00000020     Dsp_pe674.oe674 (.text:ti_sdo_ipc_GateMP_RemoteCustom1Proxy_Object__create__S)
                  8f075660    00000020     Dsp_pe674.oe674 (.text:ti_sdo_ipc_GateMP_RemoteCustom1Proxy_Params__init__S)
                  8f075680    00000020     Dsp_pe674.oe674 (.text:ti_sdo_ipc_GateMP_RemoteCustom1Proxy_Proxy__abstract__S)
                  8f0756a0    00000020     Dsp_pe674.oe674 (.text:ti_sdo_ipc_GateMP_RemoteCustom1Proxy_Proxy__delegate__S)
                  8f0756c0    00000020     Dsp_pe674.oe674 (.text:ti_sdo_ipc_GateMP_RemoteCustom1Proxy_getReservedMask__E)
                  8f0756e0    00000020     Dsp_pe674.oe674 (.text:ti_sdo_ipc_GateMP_RemoteCustom1Proxy_sharedMemReq__E)
                  8f075700    00000020     Dsp_pe674.oe674 (.text:ti_sdo_ipc_GateMP_RemoteCustom2Proxy_Object__create__S)
                  8f075720    00000020     Dsp_pe674.oe674 (.text:ti_sdo_ipc_GateMP_RemoteCustom2Proxy_Params__init__S)
                  8f075740    00000020     Dsp_pe674.oe674 (.text:ti_sdo_ipc_GateMP_RemoteCustom2Proxy_Proxy__abstract__S)
                  8f075760    00000020     Dsp_pe674.oe674 (.text:ti_sdo_ipc_GateMP_RemoteCustom2Proxy_Proxy__delegate__S)
                  8f075780    00000020     Dsp_pe674.oe674 (.text:ti_sdo_ipc_GateMP_RemoteCustom2Proxy_getReservedMask__E)
                  8f0757a0    00000020     Dsp_pe674.oe674 (.text:ti_sdo_ipc_GateMP_RemoteCustom2Proxy_sharedMemReq__E)
                  8f0757c0    00000020     Dsp_pe674.oe674 (.text:ti_sdo_ipc_GateMP_RemoteSystemProxy_Object__create__S)
                  8f0757e0    00000020     Dsp_pe674.oe674 (.text:ti_sdo_ipc_GateMP_RemoteSystemProxy_Params__init__S)
                  8f075800    00000020     Dsp_pe674.oe674 (.text:ti_sdo_ipc_GateMP_RemoteSystemProxy_Proxy__abstract__S)
[...]
8f0a7924   xdc_runtime_Memory_Module__state__V
8f0a7928   xdc_runtime_Registry_Module__root__V
8f0a792c   xdc_runtime_Registry_Module__state__V
8f0a7934   xdc_runtime_Startup_Module__state__V
8f0a793c   xdc_runtime_SysMin_Module__state__V
8f0a7948   xdc_runtime_System_Module__state__V
8f0a7954   xdc_runtime_Text_Module__state__V
8f0a795c   xdc_runtime_knl_GateThread_Module__root__V
8f0a7968   __xdc__init__addr
8f0a7bb8   xdc_runtime_Diags_dictElems
8f0a7d58   ti_sdo_ipc_GateMP_Module_State_0_remoteSystemGates__A
8f0a7e58   ti_sdo_utils_NameServer_Object__table__V
8f0a7f38   FrameQ_ShMem_fxns
8f0a7fa8   FrameQ_ShMem_module_obj
8f0a8018   ti_sdo_ipc_SharedRegion_Module_State_0_regions__A
8f0a80a8   ti_sysbios_knl_Swi_Module_State_0_readyQ__A
8f0a8128   ti_sysbios_knl_Task_Module_State_0_readyQ__A
8f0a81a8   ti_sysbios_timers_dmtimer_Timer_Object__table__V
8f0a8208   ti_sdo_ipc_Ipc_Module_State_0_procEntry__A
8f0a8258   TSK_idle
8f0a8258   ti_sysbios_knl_Task_Object__table__V
8f0a8328   ti_sysbios_gates_GateMutex_Object__table__V
8f0a8368   ti_sysbios_knl_Swi_Object__table__V
8f0a8398   ti_sysbios_timers_dmtimer_Timer_Module_State_0_device__A
8f0a83c0   xdc_runtime_LoggerBuf_Object__table__V
8f0a83e8   ti_sdo_ipc_MessageQ_Module_State_0_heaps__A
8f0a8408   ti_sdo_ipc_MessageQ_Module_State_0_transports__A
8f0a8428   xdc_runtime_System_Module_State_0_atexitHandlers__A
8f0a8464   SyslinkMemMgr_SharedMemory_fxns
8f0a8480   SyslinkMemMgr_TilerMemory_fxns
8f0a84a0   ti_sysbios_gates_GateMutexPri_Object__table__V
8f0a84b8   ti_sysbios_heaps_HeapMem_Object__table__V
8f0a84d0   ti_sdo_ipc_Notify_Module_State_0_notifyHandles__A
8f0a84e0   ti_sdo_ipc_transports_TransportShmSetup_Module_State_0_handles__A
8f0a84f0   ti_sysbios_gates_GateAll_Object__table__V
8f0a8500   SysLink_RingIO_cfgFxns
8f0a850c   _cleanup_ptr
8f0a8510   _dtors_ptr
8f0a8514   __TI_enable_exit_profile_output
8f0a8518   Syslink_RingIO_moduleCfg
8f0a8520   Syslink_RingIOShm_moduleCfg
8f0a8528   ti_sysbios_gates_GateSwi_Object__table__V
8f0a8538   ti_sysbios_timers_dmtimer_Timer_Module_State_0_handles__A
8f0a8544   _lock
8f0a8548   _unlock
8f0a8550   ti_sysbios_hal_Hwi_Object__table__V
8f0a8558   ti_sysbios_hal_Timer_Object__table__V
8f0a8560   ti_sdo_ipc_GateMP_Module_State_0_remoteCustom2Gates__A
8f0a8568   ti_sdo_ipc_Notify_Module_State_0_notifyHandles_0__A
8f0a8570   ti_sdo_ipc_Notify_Module_State_0_notifyHandles_1__A
8f0a8578   ti_sdo_ipc_Notify_Module_State_0_notifyHandles_2__A
8f0a8580   ti_sdo_ipc_Notify_Module_State_0_notifyHandles_3__A
8f0a8588   ti_sysbios_gates_GateHwi_Object__table__V
8f0a8590   ti_sysbios_knl_Task_Module_State_0_idleTask__A
8f0a8598   xdc_runtime_GateNull_Object__table__V
8f0a85a0   xdc_runtime_Text_charTab__A
8f0abb70   xdc_runtime_Text_nodeTab__A
8f0abf40   xdc_runtime_Startup_sfxnTab__A
8f0abfc8   ti_sysbios_knl_Task_Object__PARAMS__C
8f0ac004   xdc_runtime_LoggerBuf_Module__FXNS__C
8f0ac040   ti_sdo_ipc_notifyDrivers_NotifyDriverShm_Module__FXNS__C
8f0ac078   ti_sdo_ipc_GateMP_Object__PARAMS__C
8f0ac0ac   ti_sdo_ipc_notifyDrivers_NotifyDriverShm_Object__PARAMS__C
8f0ac0e0   ti_sdo_ipc_heaps_HeapMemMP_Object__PARAMS__C
8f0ac110   ti_sysbios_family_c64p_Hwi_Object__PARAMS__C
8f0ac16c   ti_sdo_ipc_ListMP_Object__PARAMS__C
8f0ac198   ti_sdo_ipc_gates_GateHWSpinlock_Module__FXNS__C
8f0ac1c4   ti_sdo_ipc_gates_GateMPSupportNull_Module__FXNS__C
8f0ac1f0   ti_sdo_ipc_gates_GatePeterson_Module__FXNS__C
8f0ac21c   ti_sdo_utils_NameServer_Object__PARAMS__C
8f0ac248   ti_sdo_ipc_heaps_HeapMemMP_Module__FXNS__C
8f0ac270   ti_sdo_ipc_nsremote_NameServerRemoteNotify_Module__FXNS__C
8f0ac298   ti_sdo_ipc_transports_TransportShm_Module__FXNS__C
8f0ac2c0   ti_sdo_ipc_transports_TransportShm_Object__PARAMS__C
8f0ac2e8   ti_sysbios_heaps_HeapMem_Module__FXNS__C
8f0ac310   ti_sysbios_knl_Swi_Object__PARAMS__C
8f0ac338   xdc_runtime_LoggerBuf_Object__PARAMS__C
8f0ac360   ti_sdo_ipc_gates_GateHWSpinlock_Object__PARAMS__C
8f0ac384   ti_sdo_ipc_gates_GateMPSupportNull_Object__PARAMS__C
8f0ac3a8   ti_sdo_ipc_gates_GatePeterson_Object__PARAMS__C
8f0ac3cc   ti_sysbios_gates_GateAll_Module__FXNS__C
8f0ac3f0   ti_sysbios_gates_GateHwi_Module__FXNS__C
8f0ac414   ti_sysbios_gates_GateMutexPri_Module__FXNS__C
8f0ac438   ti_sysbios_gates_GateMutex_Module__FXNS__C
8f0ac45c   ti_sysbios_gates_GateSwi_Module__FXNS__C
8f0ac480   ti_sysbios_heaps_HeapMem_Object__PARAMS__C
8f0ac4a4   ti_sysbios_knl_Clock_Object__PARAMS__C
8f0ac4c8   ti_sysbios_knl_Semaphore_Object__PARAMS__C
8f0ac4ec   xdc_runtime_GateNull_Module__FXNS__C
8f0ac510   xdc_runtime_Startup_sfxnRts__A
8f0ac534   xdc_runtime_knl_GateThread_Module__FXNS__C
8f0ac578   ti_sdo_ipc_GateMP_Object__DESC__C
8f0ac598   ti_sdo_ipc_ListMP_Object__DESC__C
8f0ac5b8   ti_sdo_ipc_Notify_Object__DESC__C
8f0ac5d8   ti_sdo_ipc_gates_GateHWSpinlock_Object__DESC__C
8f0ac5f8   ti_sdo_ipc_gates_GateMPSupportNull_Object__DESC__C
8f0ac618   ti_sdo_ipc_gates_GatePeterson_Object__DESC__C
8f0ac638   ti_sdo_ipc_heaps_HeapMemMP_Object__DESC__C
8f0ac658   ti_sdo_ipc_notifyDrivers_NotifyDriverShm_Object__DESC__C
8f0ac678   ti_sdo_ipc_nsremote_NameServerRemoteNotify_Object__DESC__C
8f0ac698   ti_sdo_ipc_nsremote_NameServerRemoteNotify_Object__PARAMS__C
8f0ac6b8   ti_sdo_ipc_transports_TransportShm_Object__DESC__C
8f0ac6d8   ti_sdo_utils_List_Object__DESC__C
8f0ac6f8   ti_sdo_utils_NameServer_Object__DESC__C
8f0ac718   ti_sysbios_family_c64p_Hwi_Object__DESC__C
8f0ac738   ti_sysbios_gates_GateAll_Object__DESC__C
8f0ac758   ti_sysbios_gates_GateHwi_Object__DESC__C
8f0ac778   ti_sysbios_gates_GateMutexPri_Object__DESC__C
8f0ac798   ti_sysbios_gates_GateMutex_Object__DESC__C
8f0ac7b8   ti_sysbios_gates_GateSwi_Object__DESC__C
8f0ac7d8   ti_sysbios_heaps_HeapMem_Object__DESC__C
8f0ac7f8   ti_sysbios_knl_Clock_Object__DESC__C
8f0ac818   ti_sysbios_knl_Queue_Object__DESC__C
8f0ac838   ti_sysbios_knl_Semaphore_Object__DESC__C
8f0ac858   ti_sysbios_knl_Swi_Object__DESC__C
8f0ac878   ti_sysbios_knl_Task_Object__DESC__C
8f0ac898   ti_sysbios_xdcruntime_GateThreadSupport_Object__DESC__C
8f0ac8b8   xdc_runtime_GateNull_Object__DESC__C
8f0ac8d8   xdc_runtime_LoggerBuf_Object__DESC__C
8f0ac8f8   xdc_runtime_knl_GateThread_Object__DESC__C
8f0ac918   ti_sdo_ipc_Notify_Object__PARAMS__C
8f0ac930   ti_sdo_utils_List_Object__PARAMS__C
8f0ac948   ti_sysbios_gates_GateAll_Object__PARAMS__C
8f0ac960   ti_sysbios_gates_GateHwi_Object__PARAMS__C
8f0ac978   ti_sysbios_gates_GateMutexPri_Object__PARAMS__C
8f0ac990   ti_sysbios_gates_GateMutex_Object__PARAMS__C
8f0ac9a8   ti_sysbios_gates_GateSwi_Object__PARAMS__C
8f0ac9c0   ti_sysbios_knl_Queue_Object__PARAMS__C
8f0ac9d8   ti_sysbios_knl_Task_hooks__A
8f0ac9f0   ti_sysbios_xdcruntime_GateThreadSupport_Object__PARAMS__C
8f0aca08   xdc_runtime_GateNull_Object__PARAMS__C
8f0aca20   xdc_runtime_knl_GateThread_Object__PARAMS__C
8f0aca5c   ti_sdo_ipc_GateMP_E_gateUnavailable__C
8f0aca60   ti_sdo_utils_MultiProc_nameList__A
8f0aca8c   ti_sdo_ipc_GateMP_E_localGate__C
8f0aca90   ti_sdo_ipc_Ipc_userFxns__A
8f0aca9c   ti_sysbios_family_c64p_Cache_initSize__C
8f0acab0   ti_sdo_ipc_gates_GateHWSpinlock_reservedMaskArr__A
8f0acab8   ti_sysbios_knl_Idle_coreList__C
8f0acac0   ti_sysbios_knl_Idle_funcList__C
8f0acac8   ti_sysbios_knl_Task_hooks__C
8f0acad0   xdc_runtime_Startup_firstFxns__A
8f0acad8   xdc_runtime_Startup_firstFxns__C
8f0acae0   xdc_runtime_Startup_lastFxns__C
8f0acaf0   ti_sdo_ipc_Ipc_E_internal__C
8f0acaf4   ti_sdo_ipc_Ipc_E_nameFailed__C
8f0acaf8   ti_sdo_ipc_Ipc_E_versionMismatch__C
8f0acafc   ti_sdo_ipc_Ipc_numUserFxns__C
8f0acb00   ti_sdo_ipc_Ipc_procSync__C
8f0acb04   ti_sdo_ipc_Ipc_userFxns__C
8f0acb08   ti_sdo_ipc_MessageQ_Instance_State_highList__O
8f0acb0c   ti_sdo_ipc_MessageQ_Instance_State_normalList__O
8f0acb10   ti_sdo_ipc_MessageQ_Object__count__C
8f0acb14   ti_sdo_ipc_Notify_Module__gateObj__C
8f0acb18   ti_sdo_ipc_Notify_Object__heap__C
8f0acb1c   ti_sdo_ipc_Notify_numEvents__C
8f0acb20   ti_sdo_ipc_Notify_sendEventPollCount__C
8f0acb24   ti_sdo_ipc_SharedRegion_INVALIDSRPTR__C
8f0acb28   ti_sdo_ipc_SharedRegion_cacheLineSize__C
8f0acb2c   ti_sdo_ipc_SharedRegion_numOffsetBits__C
8f0acb30   ti_sdo_ipc_SharedRegion_offsetMask__C
8f0acb34   ti_sdo_ipc_family_ti81xx_InterruptDsp_hostProcId__C
8f0acb38   ti_sdo_ipc_family_ti81xx_InterruptDsp_mailboxBaseAddr__C
8f0acb3c   ti_sdo_ipc_family_ti81xx_InterruptDsp_videoProcId__C
8f0acb40   ti_sdo_ipc_family_ti81xx_InterruptDsp_vpssProcId__C
8f0acb44   ti_sdo_ipc_family_ti81xx_NotifySetup_dspIntVectId__C
8f0acb48   ti_sdo_ipc_family_ti81xx_NotifySetup_dspProcId__C
8f0acb4c   ti_sdo_ipc_family_ti81xx_NotifySetup_videoProcId__C
8f0acb50   ti_sdo_ipc_family_ti81xx_NotifySetup_vpssProcId__C
8f0acb54   ti_sdo_ipc_gates_GateHWSpinlock_baseAddr__C
8f0acb58   ti_sdo_ipc_gates_GateHWSpinlock_numLocks__C
8f0acb5c   ti_sdo_ipc_gates_GateHWSpinlock_reservedMaskArr__C
8f0acb60   ti_sdo_ipc_gates_GatePeterson_E_gateRemotelyOpened__C
8f0acb64   ti_sdo_ipc_heaps_HeapMemMP_E_memory__C
8f0acb68   ti_sdo_ipc_interfaces_IGateMPSupport_Interface__BASE__C
8f0acb6c   ti_sdo_ipc_interfaces_IMessageQTransport_Interface__BASE__C
8f0acb70   ti_sdo_ipc_interfaces_INotifyDriver_Interface__BASE__C
8f0acb74   ti_sdo_ipc_notifyDrivers_NotifyDriverShm_Object__heap__C
8f0acb78   ti_sdo_ipc_nsremote_NameServerRemoteNotify_Instance_State_semMultiBlock__O
8f0acb7c   ti_sdo_ipc_nsremote_NameServerRemoteNotify_Instance_State_semRemoteWait__O
8f0acb80   ti_sdo_ipc_nsremote_NameServerRemoteNotify_Instance_State_swiObj__O
8f0acb84   ti_sdo_ipc_nsremote_NameServerRemoteNotify_notifyEventId__C
8f0acb88   ti_sdo_ipc_nsremote_NameServerRemoteNotify_timeout__C
8f0acb8c   ti_sdo_ipc_transports_TransportShmSetup_priority__C
8f0acb90   ti_sdo_ipc_transports_TransportShm_Instance_State_swiObj__O
8f0acb94   ti_sdo_utils_INameServerRemote_Interface__BASE__C
8f0acb98   ti_sdo_utils_MultiProc_nameList__C
8f0acb9c   ti_sdo_utils_NameServer_E_entryExists__C
8f0acba0   ti_sdo_utils_NameServer_E_maxReached__C
8f0acba4   ti_sdo_utils_NameServer_Instance_State_freeList__O
8f0acba8   ti_sdo_utils_NameServer_Instance_State_nameList__O
8f0acbac   ti_sdo_utils_NameServer_Object__count__C
8f0acbb0   ti_sdo_utils_NameServer_Object__heap__C
8f0acbb4   ti_sysbios_BIOS_installedErrorHook__C
8f0acbb8   ti_sysbios_family_c62_TaskSupport_stackAlignment__C
8f0acbbc   ti_sysbios_family_c64p_Cache_EMIFA_BASE__C
8f0acbc0   ti_sysbios_family_c64p_Cache_EMIFA_CFG__C
8f0acbc4   ti_sysbios_family_c64p_Cache_EMIFA_LENGTH__C
8f0acbc8   ti_sysbios_family_c64p_Cache_EMIFB_BASE__C
8f0acbcc   ti_sysbios_family_c64p_Cache_EMIFB_CFG__C
8f0acbd0   ti_sysbios_family_c64p_Cache_EMIFB_LENGTH__C
8f0acbd4   ti_sysbios_family_c64p_Cache_EMIFC_BASE__C
8f0acbd8   ti_sysbios_family_c64p_Cache_EMIFC_CFG__C
8f0acbdc   ti_sysbios_family_c64p_Cache_EMIFC_LENGTH__C
8f0acbe0   ti_sysbios_family_c64p_Cache_MAR0_31__C
8f0acbe4   ti_sysbios_family_c64p_Cache_MAR128_159__C
8f0acbe8   ti_sysbios_family_c64p_Cache_MAR160_191__C
8f0acbec   ti_sysbios_family_c64p_Cache_MAR192_223__C
8f0acbf0   ti_sysbios_family_c64p_Cache_MAR224_255__C
8f0acbf4   ti_sysbios_family_c64p_Cache_MAR32_63__C
8f0acbf8   ti_sysbios_family_c64p_Cache_MAR64_95__C
8f0acbfc   ti_sysbios_family_c64p_Cache_MAR96_127__C
8f0acc00   ti_sysbios_family_c64p_Exception_E_exceptionMin__C
8f0acc04   ti_sysbios_family_c64p_Exception_exceptionHook__C
8f0acc08   ti_sysbios_family_c64p_Exception_externalHook__C
8f0acc0c   ti_sysbios_family_c64p_Exception_internalHook__C
8f0acc10   ti_sysbios_family_c64p_Exception_nmiHook__C
8f0acc14   ti_sysbios_family_c64p_Hwi_E_alreadyDefined__C
8f0acc18   ti_sysbios_family_c64p_Hwi_E_handleNotFound__C
8f0acc1c   ti_sysbios_gates_GateMutexPri_Instance_State_pendQ__O
8f0acc20   ti_sysbios_gates_GateMutex_Instance_State_sem__O
8f0acc24   ti_sysbios_hal_Hwi_E_stackOverflow__C
8f0acc28   ti_sysbios_heaps_HeapMem_E_memory__C
8f0acc2c   ti_sysbios_heaps_HeapMem_Module__gateObj__C
8f0acc30   ti_sysbios_heaps_HeapMem_Object__count__C
8f0acc34   ti_sysbios_heaps_HeapMem_reqAlign__C
8f0acc38   ti_sysbios_knl_Clock_Module_State_clockQ__O
8f0acc3c   ti_sysbios_knl_Clock_tickMode__C
8f0acc40   ti_sysbios_knl_Clock_tickSource__C
8f0acc44   ti_sysbios_knl_Semaphore_Instance_State_pendQ__O
8f0acc48   ti_sysbios_knl_Idle_coreList__A
8f0acc4c   ti_sysbios_knl_Swi_Object__count__C
8f0acc50   ti_sysbios_knl_Idle_funcList__A
8f0acc54   ti_sysbios_knl_Task_E_deleteNotAllowed__C
8f0acc58   ti_sysbios_knl_Task_E_spOutOfBounds__C
8f0acc5c   ti_sysbios_knl_Task_E_stackOverflow__C
8f0acc60   ti_sysbios_knl_Task_Module_State_inactiveQ__O
8f0acc64   ti_sysbios_knl_Task_Module_State_terminatedQ__O
8f0acc68   ti_sysbios_knl_Task_Object__count__C
8f0acc6c   ti_sysbios_knl_Task_Object__heap__C
8f0acc70   ti_sysbios_knl_Task_allBlockedFunc__C
8f0acc74   ti_sysbios_knl_Task_defaultStackHeap__C
8f0acc78   ti_sysbios_knl_Task_defaultStackSize__C
8f0acc7c   ti_sysbios_knl_Task_numConstructedTasks__C
8f0acc80   ti_sysbios_timers_dmtimer_Timer_E_cannotSupport__C
8f0acc84   ti_sysbios_timers_dmtimer_Timer_E_freqMismatch__C
8f0acc88   ti_sysbios_timers_dmtimer_Timer_numTimerDevices__C
8f0acc8c   ti_sysbios_xdcruntime_GateThreadSupport_Instance_State_gate__O
8f0acc90   xdc_runtime_Assert_E_assertFailed__C
8f0acc94   xdc_runtime_Core_A_initializedParams__C
8f0acc98   xdc_runtime_Core_Module__diagsEnabled__C
8f0acc9c   xdc_runtime_Core_Module__diagsIncluded__C
8f0acca0   xdc_runtime_Core_Module__diagsMask__C
8f0acca4   xdc_runtime_Diags_dictBase__C
8f0acca8   xdc_runtime_Error_E_generic__C
8f0accac   xdc_runtime_Error_E_memory__C
8f0accb0   xdc_runtime_Error_Module__diagsEnabled__C
8f0accb4   xdc_runtime_Error_Module__diagsIncluded__C
8f0accb8   xdc_runtime_Error_Module__diagsMask__C
8f0accbc   xdc_runtime_Error_Module__loggerFxn8__C
8f0accc0   xdc_runtime_Error_Module__loggerObj__C
8f0accc4   xdc_runtime_Error_policy__C
8f0accc8   xdc_runtime_Error_raiseHook__C
8f0acccc   xdc_runtime_IFilterLogger_Interface__BASE__C
8f0accd0   xdc_runtime_IGateProvider_Interface__BASE__C
8f0accd4   xdc_runtime_IHeap_Interface__BASE__C
8f0accd8   xdc_runtime_ILogger_Interface__BASE__C
8f0accdc   xdc_runtime_IModule_Interface__BASE__C
8f0acce0   xdc_runtime_Log_L_error__C
8f0acce4   xdc_runtime_LoggerBuf_E_badLevel__C
8f0acce8   xdc_runtime_LoggerBuf_Module__gateObj__C
8f0accec   xdc_runtime_LoggerBuf_Object__count__C
8f0accf0   xdc_runtime_LoggerBuf_statusLogger__C
8f0accf4   xdc_runtime_Main_Module__diagsEnabled__C
8f0accf8   xdc_runtime_Main_Module__diagsIncluded__C
8f0accfc   xdc_runtime_Main_Module__diagsMask__C
8f0acd00   xdc_runtime_Main_Module__loggerFxn1__C
8f0acd04   xdc_runtime_Main_Module__loggerFxn2__C
8f0acd08   xdc_runtime_Main_Module__loggerFxn4__C
8f0acd0c   xdc_runtime_Main_Module__loggerObj__C
8f0acd10   xdc_runtime_Memory_defaultHeapInstance__C
8f0acd14   xdc_runtime_Registry_Module__diagsEnabled__C
8f0acd18   xdc_runtime_Registry_Module__diagsIncluded__C
8f0acd1c   xdc_runtime_Registry_Module__diagsMask__C
8f0acd20   xdc_runtime_Registry_Module__loggerFxn1__C
8f0acd24   xdc_runtime_Registry_Module__loggerFxn2__C
8f0acd28   xdc_runtime_Registry_Module__loggerFxn4__C
8f0acd2c   xdc_runtime_Registry_Module__loggerObj__C
8f0acd30   xdc_runtime_Startup_execImpl__C
8f0acd34   xdc_runtime_Startup_maxPasses__C
8f0acd38   xdc_runtime_Startup_lastFxns__A
8f0acd3c   xdc_runtime_Startup_sfxnRts__C
8f0acd40   xdc_runtime_Startup_sfxnTab__C
8f0acd44   xdc_runtime_SysMin_bufSize__C
8f0acd48   xdc_runtime_SysMin_outputFunc__C
8f0acd4c   xdc_runtime_System_Module__gateObj__C
8f0acd50   xdc_runtime_System_extendFxn__C
8f0acd54   xdc_runtime_System_maxAtexitHandlers__C
8f0acd58   xdc_runtime_Text_charTab__C
8f0acd5c   xdc_runtime_Text_nameEmpty__C
8f0acd60   xdc_runtime_Text_nameStatic__C
8f0acd64   xdc_runtime_Text_nameUnknown__C
8f0acd68   xdc_runtime_Text_nodeTab__C
8f0acd6c   xdc_runtime_Text_visitRopeFxn__C
8f0acd70   ti_sdo_ipc_GateMP_Module__id__C
8f0acd74   ti_sdo_ipc_Ipc_generateSlaveDataForHost__C
8f0acd78   ti_sdo_ipc_ListMP_Module__id__C
8f0acd7c   ti_sdo_ipc_Notify_numLines__C
8f0acd80   ti_sdo_ipc_SharedRegion_numEntries__C
8f0acd84   ti_sdo_ipc_SharedRegion_translate__C
8f0acd88   ti_sdo_ipc_gates_GatePeterson_Module__id__C
8f0acd8c   ti_sdo_ipc_heaps_HeapMemMP_Module__id__C
8f0acd90   ti_sdo_ipc_nsremote_NameServerRemoteNotify_Module__id__C
8f0acd94   ti_sdo_ipc_transports_TransportShm_Module__id__C
8f0acd98   ti_sdo_ipc_transports_TransportShm_notifyEventId__C
8f0acd9c   ti_sdo_utils_MultiProc_numProcessors__C
8f0acda0   ti_sdo_utils_MultiProc_numProcsInCluster__C
8f0acda4   ti_sdo_utils_NameServer_Module__id__C
8f0acda8   ti_sdo_utils_NameServer_singleProcessor__C
8f0acdac   ti_sysbios_family_c64p_Exception_Module__id__C
8f0acdb0   ti_sysbios_family_c64p_Hwi_Module__id__C
8f0acdb4   ti_sysbios_hal_Hwi_Module__id__C
8f0acdb8   ti_sysbios_heaps_HeapMem_Module__id__C
8f0acdbc   ti_sysbios_knl_Task_Module__id__C
8f0acdc0   ti_sysbios_knl_Task_deleteTerminatedTasks__C
8f0acdc4   ti_sysbios_knl_Task_initStackFlag__C
8f0acdc8   ti_sysbios_timers_dmtimer_Timer_Module__id__C
8f0acdcc   ti_sysbios_timers_dmtimer_Timer_checkFrequency__C
8f0acdd0   ti_sysbios_timers_dmtimer_Timer_startupNeeded__C
8f0acdd4   xdc_runtime_Core_Module__id__C
8f0acdd8   xdc_runtime_Diags_setMaskEnabled__C
8f0acddc   xdc_runtime_Error_Module__loggerDefined__C
8f0acde0   xdc_runtime_Error_maxDepth__C
8f0acde4   xdc_runtime_LoggerBuf_Module__id__C
8f0acde8   xdc_runtime_LoggerBuf_filterByLevel__C
8f0acdec   xdc_runtime_Main_Module__id__C
8f0acdf0   xdc_runtime_Main_Module__loggerDefined__C
8f0acdf4   xdc_runtime_Memory_Module__id__C
8f0acdf8   xdc_runtime_Registry_Module__loggerDefined__C
8f0acdfc   xdc_runtime_SysMin_flushAtExit__C
8f0ace00   xdc_runtime_Text_charCnt__C
8f0ace04   xdc_runtime_Text_isLoaded__C
8f0ace08   xdc_runtime_Text_registryModsLastId__C
8f0ace0c   xdc_runtime_Text_unnamedModsLastId__C
8f0ace10   _stack
8f0ade10   __CIOBUF_
8f0ade10   __TI_STACK_END
8f0adf30   __c_args__
8f0ae000   ti_sysbios_family_c64p_Hwi0
8f0ae000   ti_sysbios_family_c64p_Hwi_int0
8f0ae020   ti_sysbios_family_c64p_Hwi_int1
8f0ae040   ti_sysbios_family_c64p_Hwi_int2
8f0ae060   ti_sysbios_family_c64p_Hwi_int3
8f0ae080   ti_sysbios_family_c64p_Hwi_int4
8f0ae0a0   ti_sysbios_family_c64p_Hwi_int5
8f0ae0c0   ti_sysbios_family_c64p_Hwi_int6
8f0ae0e0   ti_sysbios_family_c64p_Hwi_int7
8f0ae100   ti_sysbios_family_c64p_Hwi_int8
8f0ae120   ti_sysbios_family_c64p_Hwi_int9
8f0ae140   ti_sysbios_family_c64p_Hwi_int10
8f0ae160   ti_sysbios_family_c64p_Hwi_int11
8f0ae180   ti_sysbios_family_c64p_Hwi_int12
8f0ae1a0   ti_sysbios_family_c64p_Hwi_int13
8f0ae1c0   ti_sysbios_family_c64p_Hwi_int14
8f0ae1e0   ti_sysbios_family_c64p_Hwi_int15
8f0ae200   __TI_STATIC_BASE
8f0ae200   gFrameQ_nsHandle
8f0ae204   gFrameQBufMgr_nsHandle
8f0ae208   Syslink_terminateEventId
8f0ae20c   Syslink_terminateEventLineId
8f0ae210   CLIENTNOTIFYMGR_NAMESERVERNAME
8f0ae228   FrameQ_ShMem_module
8f0ae400   _Ipc_ResetVector
8f0ae408   Ipc_sr0MemorySetup
ffffffff   __TI_pprof_out_hndl
ffffffff   __TI_prof_data_size
ffffffff   __TI_prof_data_start
ffffffff   __binit__
ffffffff   binit

[2628 symbols]


DYNAMIC SYMBOLS: SORTED ALPHABETICALLY BY Name 

address    name
--------   ----
UNDEFED    
8f0a8258   TSK_idle
8f0ae400   _Ipc_ResetVector
8f0ade10   __TI_STACK_END
00001000   __TI_STACK_SIZE
8f0ae200   __TI_STATIC_BASE
ffffffff   __TI_pprof_out_hndl
ffffffff   __TI_prof_data_size
ffffffff   __TI_prof_data_start
ffffffff   __binit__
8f0adf30   __c_args__
00000064   _argsize
ffffffff   binit
00000001   xdc_runtime_Startup__EXECFXN__C
00000001   xdc_runtime_Startup__RESETFXN__C

[15 symbols]


IMPORTED and EXPORTED SYMBOLS: SORTED ALPHABETICALLY BY Name 

IMPORTED SYMBOLS

name                                    Imported from
----                                    -------------

[0 symbols]


EXPORTED SYMBOLS

address    name
--------   ----
8f0ae400   _Ipc_ResetVector
