******************************************************************************
               TMS320C6x Linker Unix v7.2.7                    
******************************************************************************
>> Linked Tue Nov 27 13:21:38 2012

OUTPUT FILE NAME:   <bin/release/server_dsp.xe674>
ENTRY POINT SYMBOL: "ti_sysbios_family_c64p_Hwi0"  address: 8f028400


MEMORY CONFIGURATION

         name            origin    length      used     unused   attr    fill
----------------------  --------  ---------  --------  --------  ----  --------
  OCMC_0                40300000   00040000  00000000  00040000  RW X
  OCMC_1                40400000   00040000  00000000  00040000  RW X
  SR_0                  8e000000   00010000  00010000  00000000  RW X
  DSP_PROG              8f000000   01000000  0002872a  00fd78d6  RW X


SEGMENT ALLOCATION MAP

run origin  load origin   length   init length attrs members
----------  ----------- ---------- ----------- ----- -------
8f000000    8f000000    0001b440   0001b440    r-x
  8f000000    8f000000    0001b440   0001b440    r-x .text
8f01b440    8f01b440    000068f4   00000000    rw-
  8f01b440    8f01b440    000068f4   00000000    rw- .far
8f021d38    8f021d38    000041d6   000041d6    r--
  8f021d38    8f021d38    000041d6   000041d6    r-- .const
8f025f10    8f025f10    0000144c   0000144c    rw-
  8f025f10    8f025f10    0000144c   0000144c    rw- .fardata
8f027360    8f027360    00001000   00000000    rw-
  8f027360    8f027360    00001000   00000000    rw- .stack
8f028360    8f028360    00000064   00000064    rw-
  8f028360    8f028360    00000064   00000064    rw- .args
8f0283c4    8f0283c4    00000010   00000010    r--
  8f0283c4    8f0283c4    00000010   00000010    r-- .switch
8f0283d4    8f0283d4    0000000c   0000000c    rw-
  8f0283d4    8f0283d4    0000000c   0000000c    rw- .neardata
8f028400    8f028400    00000200   00000200    r-x
  8f028400    8f028400    00000200   00000200    r-x .vecs
8f028600    8f028600    00000120   00000000    rw-
  8f028600    8f028600    00000120   00000000    rw- .cio
8f028800    8f028800    00000034   00000034    r--
  8f028800    8f028800    00000034   00000034    r-- ti_sdo_ipc_init


SECTION ALLOCATION MAP

 output                                  attributes/
section   page    origin      length       input sections
--------  ----  ----------  ----------   ----------------
.cinit     0    8f000000    00000000     UNINITIALIZED

.init_array 
*          0    8f000000    00000000     UNINITIALIZED

ti.sdo.ipc.SharedRegion_0 
*          0    8e000000    00010000     NOLOAD SECTION
                  8e000000    00010000     --HOLE--

xdc.meta   0    8f000000    00000100     COPY SECTION
                  8f000000    00000100     Dsp_pe674.oe674 (xdc.meta)

.text      0    8f000000    0001b440     
                  8f000000    00000b40     ipc.ae674 : Ipc.obj (.text:ti_sdo_ipc_GateMP_Instance_init__F)
                  8f000b40    000009a0     ti.targets.rts6000.ae674 : System.oe674 (.text:xdc_runtime_System_doPrint__I)
                  8f0014e0    000007a0     ipc.ae674 : Ipc.obj (.text:Ipc_attach)
                  8f001c80    00000780     sysbios.ae674 : BIOS.obj (.text:ti_sysbios_family_c64p_Exception_handler__I)
                  8f002400    00000760     ipc.ae674 : Ipc.obj (.text:Ipc_detach)
                  8f002b60    00000740     main_dsp.oe674 (.text)
                  8f0032a0    00000700     ipc.ae674 : Ipc.obj (.text:ti_sdo_ipc_transports_TransportShm_Instance_init__F)
                  8f0039a0    000004e0               : Ipc.obj (.text:ti_sdo_ipc_heaps_HeapMemMP_Instance_init__F)
                  8f003e80    000004c0               : Ipc.obj (.text:ti_sdo_ipc_ListMP_Instance_init__F)
                  8f004340    00000460               : Ipc.obj (.text:ti_sdo_ipc_GateMP_setRegion0Reserved__F)
                  8f0047a0    00000460               : Ipc.obj (.text:ti_sdo_ipc_nsremote_NameServerRemoteNotify_get__F)
                  8f004c00    000003e0               : Ipc.obj (.text:ti_sdo_ipc_GateMP_Instance_finalize__F)
                  8f004fe0    000003c0               : Ipc.obj (.text:ti_sdo_ipc_heaps_HeapMemMP_alloc__E)
                  8f0053a0    000003a0               : Ipc.obj (.text:NameServer_add)
                  8f005740    00000380               : Ipc.obj (.text:ti_sdo_ipc_heaps_HeapMemMP_free__E)
                  8f005ac0    00000380     ti.targets.rts6000.ae674 : Diags.oe674 (.text:xdc_runtime_Diags_setMask__F)
                  8f005e40    00000340     sysbios.ae674 : BIOS.obj (.text:deviceConfig$49)
                  8f006180    00000320     Server.oe674 (.text)
                  8f0064a0    00000320     sysbios.ae674 : BIOS.obj (.text:ti_sysbios_knl_Semaphore_pend__E)
                  8f0067c0    000002e0     ipc.ae674 : Ipc.obj (.text:ListMP_getHead)
                  8f006aa0    000002e0               : Ipc.obj (.text:ti_sdo_ipc_nsremote_NameServerRemoteNotify_Instance_init__F)
                  8f006d80    000002e0     sysbios.ae674 : BIOS.obj (.text:ti_sysbios_knl_Task_Instance_finalize__F)
                  8f007060    000002a0     ipc.ae674 : Ipc.obj (.text:ti_sdo_ipc_Ipc_procSyncStart__I)
                  8f007300    000002a0               : Ipc.obj (.text:ti_sdo_ipc_transports_TransportShm_Instance_finalize__F)
                  8f0075a0    000002a0     sysbios.ae674 : BIOS.obj (.text:ti_sysbios_timers_dmtimer_Timer_checkFreq__I)
                  8f007840    00000280     ipc.ae674 : Ipc.obj (.text:Ipc_start)
                  8f007ac0    00000280               : Ipc.obj (.text:ListMP_putTail)
                  8f007d40    00000280               : Ipc.obj (.text:ListMP_remove)
                  8f007fc0    00000280               : Ipc.obj (.text:ti_sdo_ipc_gates_GatePeterson_Instance_init__F)
                  8f008240    00000280     ti.targets.rts6000.ae674 : Core-mem.oe674 (.text:xdc_runtime_Core_createObject__I)
                  8f0084c0    00000280                              : Error.oe674 (.text:xdc_runtime_Error_raiseX__F)
                  8f008740    00000280     Dsp_pe674.oe674 (.text:xdc_runtime_System_printfExtend__I)
                  8f0089c0    00000260     ipc.ae674 : Ipc.obj (.text:GateMP_openByAddr)
                  8f008c20    00000260     rts6740_elf.lib : imath64.obj (.text:__c6xabi_divull)
                  8f008e80    00000260     sysbios.ae674 : BIOS.obj (.text:ti_sysbios_timers_dmtimer_Timer_setPeriodMicroSecs__E)
                  8f0090e0    00000260     ti.targets.rts6000.ae674 : Startup.oe674 (.text:xdc_runtime_Startup_startMods__I)
                  8f009340    00000240     ipc.ae674 : Ipc.obj (.text:ti_sdo_ipc_heaps_HeapMemMP_getStats__E)
                  8f009580    00000240     sysbios.ae674 : BIOS.obj (.text:ti_sysbios_family_c64p_Exception_internalHandler__I)
                  8f0097c0    00000240     ti.targets.rts6000.ae674 : LoggerBuf.oe674 (.text:xdc_runtime_LoggerBuf_write8__F)
                  8f009a00    00000200     sysbios.ae674 : c64p_Hwi_disp_always.obj (.text:_ti_sysbios_family_c64p_Hwi_dispatchAlways)
                  8f009c00    00000200     ipc.ae674 : Ipc.obj (.text:ti_sdo_ipc_Ipc_procSyncFinish__I)
                  8f009e00    00000200               : Ipc.obj (.text:ti_sdo_ipc_notifyDrivers_NotifyDriverShm_Instance_init__F)
                  8f00a000    00000200               : Ipc.obj (.text:ti_sdo_ipc_notifyDrivers_NotifyDriverShm_sendEvent__E)
                  8f00a200    00000200               : Ipc.obj (.text:ti_sdo_ipc_nsremote_NameServerRemoteNotify_swiFxn__I)
                  8f00a400    00000200     sysbios.ae674 : BIOS.obj (.text:ti_sysbios_family_c64p_Hwi_reconfig__E)
                  8f00a600    00000200                   : BIOS.obj (.text:ti_sysbios_gates_GateMutexPri_enter__E)
                  8f00a800    000001e0     ipc.ae674 : Ipc.obj (.text:GateMP_sharedMemReq)
                  8f00a9e0    000001e0               : Ipc.obj (.text:ListMP_openByAddr)
                  8f00abc0    000001e0     sysbios.ae674 : BIOS.obj (.text:ti_sysbios_knl_Task_exit__E)
                  8f00ada0    000001e0                   : BIOS.obj (.text:ti_sysbios_knl_Task_postInit__I)
                  8f00af80    000001c0                   : BIOS.obj (.text:block$58)
                  8f00b140    000001c0     ipc.ae674 : Ipc.obj (.text:ti_sdo_ipc_GateMP_getFreeResource__I)
                  8f00b300    000001c0               : Ipc.obj (.text:ti_sdo_ipc_heaps_HeapMemMP_postInit__I)
                  8f00b4c0    000001c0     sysbios.ae674 : BIOS.obj (.text:ti_sysbios_knl_Task_checkStacks__E)
                  8f00b680    000001a0     ipc.ae674 : Ipc.obj (.text:Ipc_writeConfig)
                  8f00b820    000001a0               : Ipc.obj (.text:ti_sdo_ipc_notifyDrivers_NotifyDriverShm_registerEvent__E)
                  8f00b9c0    000001a0               : Ipc.obj (.text:ti_sdo_ipc_notifyDrivers_NotifyDriverShm_unregisterEvent__E)
                  8f00bb60    000001a0     sysbios.ae674 : BIOS.obj (.text:ti_sysbios_knl_Task_Instance_init__F)
                  8f00bd00    000001a0     ti.targets.rts6000.ae674 : LoggerBuf.oe674 (.text:xdc_runtime_LoggerBuf_write4__F)
                  8f00bea0    00000180     ipc.ae674 : Ipc.obj (.text:NameServer_getHandle)
                  8f00c020    00000180     sysbios.ae674 : c64p_Exception_asm.obj (.text)
                  8f00c1a0    00000180     ipc.ae674 : Ipc.obj (.text:ti_sdo_ipc_family_ti81xx_InterruptDsp_intRegister__E)
                  8f00c320    00000180               : Ipc.obj (.text:ti_sdo_ipc_family_ti81xx_InterruptDsp_intUnregister__E)
                  8f00c4a0    00000180               : Ipc.obj (.text:ti_sdo_ipc_gates_GatePeterson_enter__E)
                  8f00c620    00000180               : Ipc.obj (.text:ti_sdo_ipc_notifyDrivers_NotifyDriverShm_isr__I)
                  8f00c7a0    00000180     sysbios.ae674 : BIOS.obj (.text:ti_sysbios_heaps_HeapMem_alloc__E)
                  8f00c920    00000180                   : BIOS.obj (.text:ti_sysbios_knl_Swi_schedule__I)
                  8f00caa0    00000180                   : BIOS.obj (.text:ti_sysbios_knl_Task_setPri__E)
                  8f00cc20    00000180     ti.targets.rts6000.ae674 : Text.oe674 (.text:xdc_runtime_Text_putSite__F)
                  8f00cda0    00000160     ipc.ae674 : Ipc.obj (.text:ti_sdo_ipc_GateMP_openRegion0Reserved__F)
                  8f00cf00    00000160               : Ipc.obj (.text:ti_sdo_ipc_ListMP_Instance_finalize__F)
                  8f00d060    00000160               : Ipc.obj (.text:ti_sdo_ipc_Notify_Instance_init__F)
                  8f00d1c0    00000160               : Ipc.obj (.text:ti_sdo_ipc_family_ti81xx_NotifySetup_attach__E)
                  8f00d320    00000160               : Ipc.obj (.text:ti_sdo_ipc_heaps_HeapMemMP_Instance_finalize__F)
                  8f00d480    00000160               : Ipc.obj (.text:ti_sdo_utils_NameServer_removeLocal__I)
                  8f00d5e0    00000160     sysbios.ae674 : BIOS.obj (.text:ti_sysbios_family_c64p_Hwi_dispatchC__I)
                  8f00d740    00000160                   : BIOS.obj (.text:ti_sysbios_knl_Task_schedule__I)
                  8f00d8a0    00000160                   : BIOS.obj (.text:ti_sysbios_knl_Task_startCore__E)
                  8f00da00    00000160                   : BIOS.obj (.text:ti_sysbios_timers_dmtimer_Timer_start__E)
                  8f00db60    00000140     ipc.ae674 : Ipc.obj (.text:HeapMemMP_openByAddr)
                  8f00dca0    00000140               : Ipc.obj (.text:MessageQ_put)
                  8f00dde0    00000140     boot.ae674 : autoinit.oe674 (.text:_auto_init_elf)
                  8f00df20    00000140     ipc.ae674 : Ipc.obj (.text:ti_sdo_ipc_SharedRegion_start__F)
                  8f00e060    00000140               : Ipc.obj (.text:ti_sdo_ipc_family_ti81xx_InterruptDsp_intShmStub__I)
                  8f00e1a0    00000140               : Ipc.obj (.text:ti_sdo_ipc_notifyDrivers_NotifyDriverShm_disableEvent__E)
                  8f00e2e0    00000140               : Ipc.obj (.text:ti_sdo_ipc_transports_TransportShm_openByAddr__F)
                  8f00e420    00000140               : Ipc.obj (.text:ti_sdo_ipc_transports_TransportShm_put__E)
                  8f00e560    00000140     sysbios.ae674 : BIOS.obj (.text:ti_sysbios_family_c64p_Hwi_Module_startup__F)
                  8f00e6a0    00000140                   : BIOS.obj (.text:ti_sysbios_heaps_HeapMem_free__E)
                  8f00e7e0    00000140                   : BIOS.obj (.text:ti_sysbios_knl_Task_Module_startup__F)
                  8f00e920    00000140                   : BIOS.obj (.text:ti_sysbios_knl_Task_sleep__E)
                  8f00ea60    00000120     ipc.ae674 : Ipc.obj (.text:HeapMemMP_sharedMemReq)
                  8f00eb80    00000120     sysbios.ae674 : BIOS.obj (.text:initDevice$49)
                  8f00eca0    00000120     ipc.ae674 : Ipc.obj (.text:ti_sdo_ipc_MessageQ_Module_startup__F)
                  8f00edc0    00000120     Dsp_pe674.oe674 (.text:ti_sdo_ipc_Notify_Object__create__S)
                  8f00eee0    00000120     Dsp_pe674.oe674 (.text:ti_sdo_ipc_gates_GatePeterson_Object__create__S)
                  8f00f000    00000120     Dsp_pe674.oe674 (.text:ti_sdo_ipc_nsremote_NameServerRemoteNotify_Object__create__S)
                  8f00f120    00000120     Dsp_pe674.oe674 (.text:ti_sdo_ipc_transports_TransportShm_Object__create__S)
                  8f00f240    00000120     ipc.ae674 : Ipc.obj (.text:ti_sdo_ipc_transports_TransportShm_sharedMemReq__F)
                  8f00f360    00000120     sysbios.ae674 : BIOS.obj (.text:ti_sysbios_family_c64p_Cache_Module_startup__F)
                  8f00f480    00000120     Dsp_pe674.oe674 (.text:ti_sysbios_family_c64p_Hwi_Object__create__S)
                  8f00f5a0    00000120     sysbios.ae674 : BIOS.obj (.text:ti_sysbios_knl_Clock_workFunc__E)
                  8f00f6c0    00000120     Dsp_pe674.oe674 (.text:ti_sysbios_knl_Swi_Object__create__S)
                  8f00f7e0    00000120     Dsp_pe674.oe674 (.text:ti_sysbios_knl_Task_Object__create__S)
                  8f00f900    00000120     sysbios.ae674 : BIOS.obj (.text:ti_sysbios_timers_dmtimer_Timer_Module_startup__F)
                  8f00fa20    00000120     ti.targets.rts6000.ae674 : LoggerBuf.oe674 (.text:xdc_runtime_LoggerBuf_setFilterLevel__F)
                  8f00fb40    00000120                              : Text.oe674 (.text:xdc_runtime_Text_putLab__F)
                  8f00fc60    00000100     ipc.ae674 : Ipc.obj (.text:ListMP_sharedMemReq)
                  8f00fd60    00000100               : Ipc.obj (.text:Notify_registerEventSingle)
                  8f00fe60    00000100               : Ipc.obj (.text:Notify_sendEvent)
                  8f00ff60    00000100               : Ipc.obj (.text:Notify_unregisterEventSingle)
                  8f010060    00000100     Dsp_pe674.oe674 (.text:ti_sdo_ipc_GateMP_Object__create__S)
                  8f010160    00000100     ipc.ae674 : Ipc.obj (.text:ti_sdo_ipc_GateMP_start__F)
                  8f010260    00000100     Dsp_pe674.oe674 (.text:ti_sdo_ipc_ListMP_Object__create__S)
                  8f010360    00000100     ipc.ae674 : Ipc.obj (.text:ti_sdo_ipc_Notify_Instance_finalize__F)
                  8f010460    00000100               : Ipc.obj (.text:ti_sdo_ipc_SharedRegion_attach__F)
                  8f010560    00000100               : Ipc.obj (.text:ti_sdo_ipc_SharedRegion_clearReservedMemory__F)
                  8f010660    00000100     Dsp_pe674.oe674 (.text:ti_sdo_ipc_heaps_HeapMemMP_Object__create__S)
                  8f010760    00000100     Dsp_pe674.oe674 (.text:ti_sdo_ipc_notifyDrivers_NotifyDriverShm_Object__create__S)
                  8f010860    00000100     ipc.ae674 : Ipc.obj (.text:ti_sdo_ipc_nsremote_NameServerRemoteNotify_Instance_finalize__F)
                  8f010960    00000100               : Ipc.obj (.text:ti_sdo_ipc_transports_TransportShmSetup_attach__E)
                  8f010a60    00000100               : Ipc.obj (.text:ti_sdo_utils_NameServer_findLocal__I)
                  8f010b60    00000100     sysbios.ae674 : BIOS.obj (.text:ti_sysbios_gates_GateMutexPri_leave__E)
                  8f010c60    00000100                   : BIOS.obj (.text:ti_sysbios_knl_Swi_restoreHwi__E)
                  8f010d60    00000100                   : BIOS.obj (.text:ti_sysbios_timers_dmtimer_Timer_setNextTick__E)
                  8f010e60    00000100     ti.targets.rts6000.ae674 : Core-mem.oe674 (.text:xdc_runtime_Core_deleteObject__I)
                  8f010f60    00000100     Dsp_pe674.oe674 (.text:xdc_runtime_LoggerBuf_Object__create__S)
                  8f011060    00000100     ti.targets.rts6000.ae674 : LoggerBuf.oe674 (.text:xdc_runtime_LoggerBuf_getFilterLevel__F)
                  8f011160    00000100     Dsp_pe674.oe674 (.text:xdc_runtime_Registry_findByNamePattern__E)
                  8f011260    00000100     ti.targets.rts6000.ae674 : Startup.oe674 (.text:xdc_runtime_Startup_exec__F)
                  8f011360    00000100                              : Text.oe674 (.text:xdc_runtime_Text_putMod__F)
                  8f011460    00000100                              : Text.oe674 (.text:xdc_runtime_Text_visitRope2__I)
                  8f011560    00000100     Dsp_pe674.oe674 (.text:xdc_runtime_knl_GateThread_Object__create__S)
                  8f011660    000000e0     ipc.ae674 : Ipc.obj (.text:NameServer_getLocal)
                  8f011740    000000e0     rts6740_elf.lib : exit.obj (.text:exit)
                  8f011820    000000e0                     : memset.obj (.text:memset)
                  8f011900    000000e0     ipc.ae674 : Ipc.obj (.text:ti_sdo_ipc_Ipc_getMasterAddr__I)
                  8f0119e0    000000e0               : Ipc.obj (.text:ti_sdo_ipc_Ipc_getSlaveAddr__I)
                  8f011ac0    000000e0               : Ipc.obj (.text:ti_sdo_ipc_Notify_detach__F)
                  8f011ba0    000000e0               : Ipc.obj (.text:ti_sdo_ipc_SharedRegion_reserveMemory__F)
                  8f011c80    000000e0               : Ipc.obj (.text:ti_sdo_ipc_gates_GateHWSpinlock_Module_startup__F)
                  8f011d60    000000e0               : Ipc.obj (.text:ti_sdo_ipc_gates_GateHWSpinlock_enter__E)
                  8f011e40    000000e0               : Ipc.obj (.text:ti_sdo_ipc_gates_GatePeterson_sharedMemReq__E)
                  8f011f20    000000e0               : Ipc.obj (.text:ti_sdo_utils_NameServer_Module_startup__F)
                  8f012000    000000e0     sysbios.ae674 : BIOS.obj (.text:ti_sysbios_family_c64p_Hwi_Instance_finalize__F)
                  8f0120e0    000000e0                   : BIOS.obj (.text:ti_sysbios_family_c64p_Hwi_Instance_init__F)
                  8f0121c0    000000e0                   : BIOS.obj (.text:ti_sysbios_knl_Clock_startI__E)
                  8f0122a0    000000e0                   : BIOS.obj (.text:ti_sysbios_knl_Task_unblockI__E)
                  8f012380    000000e0                   : BIOS.obj (.text:ti_sysbios_timers_dmtimer_Timer_startup__E)
                  8f012460    000000e0     ti.targets.rts6000.ae674 : Error.oe674 (.text:xdc_runtime_Error_print__F)
                  8f012540    000000e0                              : Memory.oe674 (.text:xdc_runtime_Memory_alloc__F)
                  8f012620    000000e0     Dsp_pe674.oe674 (.text:xdc_runtime_Registry_addModule__E)
                  8f012700    000000e0     Dsp_pe674.oe674 (.text:xdc_runtime_Registry_findById__E)
                  8f0127e0    000000c0     rts6740_elf.lib : trgdrv.obj (.text:HOSTwrite)
                  8f0128a0    000000c0     ipc.ae674 : Ipc.obj (.text:ListMP_create)
                  8f012960    000000c0               : Ipc.obj (.text:MultiProc_getId)
                  8f012a20    000000c0               : Ipc.obj (.text:SharedRegion_getId)
                  8f012ae0    000000c0     rts6740_elf.lib : dtor_list.obj (.text:__cxa_finalize)
                  8f012ba0    000000c0                     : divu.obj (.text:__divu)
                  8f012c60    000000c0     ipc.ae674 : Ipc.obj (.text:ti_sdo_ipc_GateMP_attach__F)
                  8f012d20    000000c0               : Ipc.obj (.text:ti_sdo_ipc_ListMP_elemClear__I)
                  8f012de0    000000c0               : Ipc.obj (.text:ti_sdo_ipc_family_ti81xx_InterruptDsp_intSend__E)
                  8f012ea0    000000c0               : Ipc.obj (.text:ti_sdo_ipc_gates_GatePeterson_postInit__I)
                  8f012f60    000000c0               : Ipc.obj (.text:ti_sdo_ipc_nsremote_NameServerRemoteNotify_attach__E)
                  8f013020    000000c0               : Ipc.obj (.text:ti_sdo_utils_NameServer_postInit__I)
                  8f0130e0    000000c0     sysbios.ae674 : BIOS.obj (.text:ti_sysbios_BIOS_errorRaiseHook__I)
                  8f0131a0    000000c0                   : BIOS.obj (.text:ti_sysbios_heaps_HeapMem_getStats__E)
                  8f013260    000000c0                   : BIOS.obj (.text:ti_sysbios_knl_Semaphore_post__E)
                  8f013320    000000c0                   : BIOS.obj (.text:ti_sysbios_knl_Swi_run__I)
                  8f0133e0    000000c0                   : BIOS.obj (.text:ti_sysbios_knl_Task_allBlockedFunction__I)
                  8f0134a0    000000c0                   : BIOS.obj (.text:ti_sysbios_timers_dmtimer_Timer_getExpiredCounts__E)
                  8f013560    000000c0                   : BIOS.obj (.text:ti_sysbios_timers_dmtimer_Timer_stop__E)
                  8f013620    000000c0     ti.targets.rts6000.ae674 : LoggerBuf.oe674 (.text:xdc_runtime_LoggerBuf_Instance_init__F)
                  8f0136e0    000000c0                              : System.oe674 (.text:xdc_runtime_System_formatNum__I)
                  8f0137a0    000000c0                              : Text.oe674 (.text:xdc_runtime_Text_matchVisFxn__I)
                  8f013860    000000a0     ipc.ae674 : Ipc.obj (.text:HeapMemMP_create)
                  8f013900    000000a0               : Ipc.obj (.text:SharedRegion_getSRPtr)
                  8f0139a0    000000a0     rts6740_elf.lib : remu.obj (.text:__remu)
                  8f013a40    000000a0     boot.ae674 : boot.oe674 (.text:_c_int00)
                  8f013ae0    000000a0     sysbios.ae674 : c64p_Hwi_asm.obj (.text:_ti_sysbios_family_c64p_Hwi_plug__E)
                  8f013b80    000000a0     Dsp_pe674.oe674 (.text:malloc)
                  8f013c20    000000a0     rts6740_elf.lib : memcpy64.obj (.text:memcpy)
                  8f013cc0    000000a0     sysbios.ae674 : BIOS.obj (.text:processVitalTaskFlag$6)
                  8f013d60    000000a0     ipc.ae674 : Ipc.obj (.text:ti_sdo_ipc_GateMP_getRegion0ReservedSize__F)
                  8f013e00    000000a0               : Ipc.obj (.text:ti_sdo_ipc_family_ti81xx_InterruptDsp_intClear__E)
                  8f013ea0    000000a0               : Ipc.obj (.text:ti_sdo_ipc_family_ti81xx_InterruptDsp_intDisable__E)
                  8f013f40    000000a0               : Ipc.obj (.text:ti_sdo_ipc_family_ti81xx_InterruptDsp_intEnable__E)
                  8f013fe0    000000a0               : Ipc.obj (.text:ti_sdo_ipc_family_ti81xx_NotifySetup_sharedMemReq__E)
                  8f014080    000000a0     Dsp_pe674.oe674 (.text:ti_sdo_ipc_gates_GateHWSpinlock_Object__create__S)
                  8f014120    000000a0     Dsp_pe674.oe674 (.text:ti_sdo_ipc_gates_GateMPSupportNull_Object__create__S)
                  8f0141c0    000000a0     ipc.ae674 : Ipc.obj (.text:ti_sdo_ipc_gates_GatePeterson_leave__E)
                  8f014260    000000a0               : Ipc.obj (.text:ti_sdo_ipc_notifyDrivers_NotifyDriverShm_Instance_finalize__F)
                  8f014300    000000a0               : Ipc.obj (.text:ti_sdo_ipc_transports_TransportShmSetup_detach__E)
                  8f0143a0    000000a0     sysbios.ae674 : BIOS.obj (.text:ti_sysbios_heaps_HeapMem_init__I)
                  8f014440    000000a0                   : BIOS.obj (.text:ti_sysbios_knl_Clock_Instance_init__F)
                  8f0144e0    000000a0     Dsp_pe674.oe674 (.text:ti_sysbios_knl_Clock_Object__create__S)
                  8f014580    000000a0     sysbios.ae674 : BIOS.obj (.text:ti_sysbios_knl_Idle_run__E)
                  8f014620    000000a0     Dsp_pe674.oe674 (.text:ti_sysbios_knl_Semaphore_Object__create__S)
                  8f0146c0    000000a0     sysbios.ae674 : BIOS.obj (.text:ti_sysbios_knl_Swi_Instance_init__F)
                  8f014760    000000a0                   : BIOS.obj (.text:ti_sysbios_knl_Swi_post__E)
                  8f014800    000000a0     ti.targets.rts6000.ae674 : Assert.oe674 (.text:xdc_runtime_Assert_raise__I)
                  8f0148a0    000000a0                              : LoggerBuf.oe674 (.text:xdc_runtime_LoggerBuf_Module_startup__F)
                  8f014940    000000a0                              : Registry.oe674 (.text:xdc_runtime_Registry_addModule__F)
                  8f0149e0    000000a0                              : Registry.oe674 (.text:xdc_runtime_Registry_findByName__F)
                  8f014a80    000000a0                              : SysMin.oe674 (.text:xdc_runtime_SysMin_abort__F)
                  8f014b20    000000a0                              : SysMin.oe674 (.text:xdc_runtime_SysMin_flush__F)
                  8f014bc0    000000a0                              : SysMin.oe674 (.text:xdc_runtime_SysMin_putch__F)
                  8f014c60    00000080     ipc.ae674 : Ipc.obj (.text:GateMP_close)
                  8f014ce0    00000080               : Ipc.obj (.text:HeapMemMP_getRTSCParams$9)
                  8f014d60    00000080               : Ipc.obj (.text:HeapMemMP_restore)
                  8f014de0    00000080               : Ipc.obj (.text:Ipc_stop)
                  8f014e60    00000080     rts6740_elf.lib : llshift.obj (.text:__c6xabi_llshl)
                  8f014ee0    00000080     sysbios.ae674 : c62_TaskSupport_asm.obj (.text:_ti_sysbios_family_c62_TaskSupport_swap__E)
                  8f014f60    00000080     rts6740_elf.lib : dtor_list.obj (.text:atexit)
                  8f014fe0    00000080                     : trgmsg.obj (.text:readmsg)
                  8f015060    00000080     ipc.ae674 : Ipc.obj (.text:ti_sdo_ipc_Notify_Module_startup__F)
                  8f0150e0    00000080               : Ipc.obj (.text:ti_sdo_ipc_notifyDrivers_NotifyDriverShm_sharedMemReq__F)
                  8f015160    00000080               : Ipc.obj (.text:ti_sdo_ipc_nsremote_NameServerRemoteNotify_detach__E)
                  8f0151e0    00000080               : Ipc.obj (.text:ti_sdo_ipc_transports_TransportShm_swiFxn__I)
                  8f015260    00000080     Dsp_pe674.oe674 (.text:ti_sdo_utils_List_Object__create__S)
                  8f0152e0    00000080     Dsp_pe674.oe674 (.text:ti_sysbios_BIOS_exitFunc__I)
                  8f015360    00000080     sysbios.ae674 : BIOS.obj (.text:ti_sysbios_family_c62_TaskSupport_start__E)
                  8f0153e0    00000080                   : BIOS.obj (.text:ti_sysbios_family_c64p_Hwi_eventMap__E)
                  8f015460    00000080     Dsp_pe674.oe674 (.text:ti_sysbios_gates_GateAll_Object__create__S)
                  8f0154e0    00000080     Dsp_pe674.oe674 (.text:ti_sysbios_gates_GateHwi_Object__create__S)
                  8f015560    00000080     Dsp_pe674.oe674 (.text:ti_sysbios_gates_GateMutexPri_Object__create__S)
                  8f0155e0    00000080     Dsp_pe674.oe674 (.text:ti_sysbios_gates_GateMutex_Object__create__S)
                  8f015660    00000080     sysbios.ae674 : BIOS.obj (.text:ti_sysbios_gates_GateMutex_enter__E)
                  8f0156e0    00000080     Dsp_pe674.oe674 (.text:ti_sysbios_gates_GateSwi_Object__create__S)
                  8f015760    00000080     sysbios.ae674 : BIOS.obj (.text:ti_sysbios_heaps_HeapMem_Instance_init__F)
                  8f0157e0    00000080     Dsp_pe674.oe674 (.text:ti_sysbios_heaps_HeapMem_Object__create__S)
                  8f015860    00000080     sysbios.ae674 : BIOS.obj (.text:ti_sysbios_knl_Clock_Module_startup__F)
                  8f0158e0    00000080     Dsp_pe674.oe674 (.text:ti_sysbios_knl_Clock_doTick__I)
                  8f015960    00000080     sysbios.ae674 : BIOS.obj (.text:ti_sysbios_knl_Clock_getTicks__E)
                  8f0159e0    00000080     Dsp_pe674.oe674 (.text:ti_sysbios_knl_Queue_Object__create__S)
                  8f015a60    00000080     sysbios.ae674 : BIOS.obj (.text:ti_sysbios_knl_Swi_restore__E)
                  8f015ae0    00000080                   : BIOS.obj (.text:ti_sysbios_knl_Swi_startup__E)
                  8f015b60    00000080                   : BIOS.obj (.text:ti_sysbios_knl_Task_restore__E)
                  8f015be0    00000080                   : BIOS.obj (.text:ti_sysbios_knl_Task_yield__E)
                  8f015c60    00000080     Dsp_pe674.oe674 (.text:ti_sysbios_xdcruntime_GateThreadSupport_Object__create__S)
                  8f015ce0    00000080     ti.targets.rts6000.ae674 : Core-label.oe674 (.text:xdc_runtime_Core_assignLabel__I)
                  8f015d60    00000080                              : Core-params.oe674 (.text:xdc_runtime_Core_assignParams__I)
                  8f015de0    00000080                              : LoggerBuf.oe674 (.text:xdc_runtime_LoggerBuf_filterOutEvent__I)
                  8f015e60    00000080                              : Registry.oe674 (.text:xdc_runtime_Registry_findByNamePattern__F)
                  8f015ee0    00000080                              : Registry.oe674 (.text:xdc_runtime_Registry_matchPattern__I)
                  8f015f60    00000080     Dsp_pe674.oe674 (.text:xdc_runtime_SysMin_output__I)
                  8f015fe0    00000080     ti.targets.rts6000.ae674 : System.oe674 (.text:xdc_runtime_System_atexit__F)
                  8f016060    00000080                              : System.oe674 (.text:xdc_runtime_System_rtsExit__I)
                  8f0160e0    00000080                              : Text.oe674 (.text:xdc_runtime_Text_printVisFxn__I)
                  8f016160    00000080                              : Text.oe674 (.text:xdc_runtime_Text_xprintf__I)
                  8f0161e0    00000060     ipc.ae674 : Ipc.obj (.text:GateMP_Params_init)
                  8f016240    00000060               : Ipc.obj (.text:HeapMemMP_Params_init)
                  8f0162a0    00000060               : Ipc.obj (.text:Notify_numIntLines)
                  8f016300    00000060               : Ipc.obj (.text:Notify_sharedMemReq)
                  8f016360    00000060     rts6740_elf.lib : imath64.obj (.text:_subcull)
                  8f0163c0    00000060     sysbios.ae674 : BIOS.obj (.text:all$58)
                  8f016420    00000060                   : BIOS.obj (.text:marInit$58)
                  8f016480    00000060                   : BIOS.obj (.text:rtsUnlock$0)
                  8f0164e0    00000060     rts6740_elf.lib : strpbrk.obj (.text:strpbrk)
                  8f016540    00000060     Dsp_pe674.oe674 (.text:ti_sdo_ipc_GateMP_Object__delete__S)
                  8f0165a0    00000060     Dsp_pe674.oe674 (.text:ti_sdo_ipc_GateMP_RemoteCustom1Proxy_Object__delete__S)
                  8f016600    00000060     Dsp_pe674.oe674 (.text:ti_sdo_ipc_GateMP_RemoteCustom2Proxy_Object__delete__S)
                  8f016660    00000060     Dsp_pe674.oe674 (.text:ti_sdo_ipc_GateMP_RemoteSystemProxy_Object__delete__S)
                  8f0166c0    00000060     ipc.ae674 : Ipc.obj (.text:ti_sdo_ipc_GateMP_createLocal__F)
                  8f016720    00000060               : Ipc.obj (.text:ti_sdo_ipc_Ipc_getRegion0ReservedSize__I)
                  8f016780    00000060     Dsp_pe674.oe674 (.text:ti_sdo_ipc_ListMP_Object__delete__S)
                  8f0167e0    00000060     Dsp_pe674.oe674 (.text:ti_sdo_ipc_Notify_Object__delete__S)
                  8f016840    00000060     Dsp_pe674.oe674 (.text:ti_sdo_ipc_gates_GateHWSpinlock_Handle__label__S)
                  8f0168a0    00000060     Dsp_pe674.oe674 (.text:ti_sdo_ipc_gates_GateHWSpinlock_Object__delete__S)
                  8f016900    00000060     Dsp_pe674.oe674 (.text:ti_sdo_ipc_gates_GateMPSupportNull_Handle__label__S)
                  8f016960    00000060     Dsp_pe674.oe674 (.text:ti_sdo_ipc_gates_GateMPSupportNull_Object__delete__S)
                  8f0169c0    00000060     Dsp_pe674.oe674 (.text:ti_sdo_ipc_gates_GatePeterson_Handle__label__S)
                  8f016a20    00000060     ipc.ae674 : Ipc.obj (.text:ti_sdo_ipc_gates_GatePeterson_Instance_finalize__F)
                  8f016a80    00000060     Dsp_pe674.oe674 (.text:ti_sdo_ipc_gates_GatePeterson_Object__delete__S)
                  8f016ae0    00000060     Dsp_pe674.oe674 (.text:ti_sdo_ipc_heaps_HeapMemMP_Handle__label__S)
                  8f016b40    00000060     Dsp_pe674.oe674 (.text:ti_sdo_ipc_heaps_HeapMemMP_Object__delete__S)
                  8f016ba0    00000060     Dsp_pe674.oe674 (.text:ti_sdo_ipc_notifyDrivers_NotifyDriverShm_Handle__label__S)
                  8f016c00    00000060     Dsp_pe674.oe674 (.text:ti_sdo_ipc_notifyDrivers_NotifyDriverShm_Object__delete__S)
                  8f016c60    00000060     ipc.ae674 : Ipc.obj (.text:ti_sdo_ipc_notifyDrivers_NotifyDriverShm_enableEvent__E)
                  8f016cc0    00000060               : Ipc.obj (.text:ti_sdo_ipc_notifyDrivers_NotifyDriverShm_setNotifyHandle__E)
                  8f016d20    00000060     Dsp_pe674.oe674 (.text:ti_sdo_ipc_nsremote_NameServerRemoteNotify_Handle__label__S)
                  8f016d80    00000060     Dsp_pe674.oe674 (.text:ti_sdo_ipc_nsremote_NameServerRemoteNotify_Object__delete__S)
                  8f016de0    00000060     ipc.ae674 : Ipc.obj (.text:ti_sdo_ipc_transports_TransportShmSetup_sharedMemReq__E)
                  8f016e40    00000060     Dsp_pe674.oe674 (.text:ti_sdo_ipc_transports_TransportShm_Handle__label__S)
                  8f016ea0    00000060     Dsp_pe674.oe674 (.text:ti_sdo_ipc_transports_TransportShm_Object__delete__S)
                  8f016f00    00000060     sysbios.ae674 : BIOS.obj (.text:ti_sysbios_BIOS_registerRTSLock__I)
                  8f016f60    00000060                   : BIOS.obj (.text:ti_sysbios_family_c64p_Cache_setMar__E)
                  8f016fc0    00000060                   : BIOS.obj (.text:ti_sysbios_family_c64p_Cache_wait__E)
                  8f017020    00000060                   : BIOS.obj (.text:ti_sysbios_family_c64p_Exception_Module_startup__F)
                  8f017080    00000060     Dsp_pe674.oe674 (.text:ti_sysbios_family_c64p_Hwi_Object__delete__S)
                  8f0170e0    00000060     Dsp_pe674.oe674 (.text:ti_sysbios_gates_GateAll_Handle__label__S)
                  8f017140    00000060     Dsp_pe674.oe674 (.text:ti_sysbios_gates_GateAll_Object__delete__S)
                  8f0171a0    00000060     sysbios.ae674 : BIOS.obj (.text:ti_sysbios_gates_GateAll_enter__E)
                  8f017200    00000060     Dsp_pe674.oe674 (.text:ti_sysbios_gates_GateHwi_Handle__label__S)
                  8f017260    00000060     Dsp_pe674.oe674 (.text:ti_sysbios_gates_GateHwi_Object__delete__S)
                  8f0172c0    00000060     Dsp_pe674.oe674 (.text:ti_sysbios_gates_GateMutexPri_Handle__label__S)
                  8f017320    00000060     Dsp_pe674.oe674 (.text:ti_sysbios_gates_GateMutexPri_Object__delete__S)
                  8f017380    00000060     Dsp_pe674.oe674 (.text:ti_sysbios_gates_GateMutex_Handle__label__S)
                  8f0173e0    00000060     sysbios.ae674 : BIOS.obj (.text:ti_sysbios_gates_GateMutex_Instance_init__F)
                  8f017440    00000060     Dsp_pe674.oe674 (.text:ti_sysbios_gates_GateMutex_Object__delete__S)
                  8f0174a0    00000060     Dsp_pe674.oe674 (.text:ti_sysbios_gates_GateSwi_Handle__label__S)
                  8f017500    00000060     Dsp_pe674.oe674 (.text:ti_sysbios_gates_GateSwi_Object__delete__S)
                  8f017560    00000060     sysbios.ae674 : BIOS.obj (.text:ti_sysbios_hal_Hwi_checkStack:ti_sysbios_hal_Hwi_checkStack)
                  8f0175c0    00000060                   : BIOS.obj (.text:ti_sysbios_hal_Hwi_initStack:ti_sysbios_hal_Hwi_initStack)
                  8f017620    00000060     Dsp_pe674.oe674 (.text:ti_sysbios_heaps_HeapMem_Handle__label__S)
                  8f017680    00000060     Dsp_pe674.oe674 (.text:ti_sysbios_heaps_HeapMem_Object__delete__S)
                  8f0176e0    00000060     sysbios.ae674 : BIOS.obj (.text:ti_sysbios_knl_Clock_setupTimerToSkipTicks__E)
                  8f017740    00000060                   : BIOS.obj (.text:ti_sysbios_knl_Semaphore_Instance_init__F)
                  8f0177a0    00000060                   : BIOS.obj (.text:ti_sysbios_knl_Semaphore_pendTimeout__I)
                  8f017800    00000060                   : BIOS.obj (.text:ti_sysbios_knl_Swi_Module_startup__F)
                  8f017860    00000060                   : BIOS.obj (.text:ti_sysbios_knl_Task_enter__I)
                  8f0178c0    00000060                   : BIOS.obj (.text:ti_sysbios_timers_dmtimer_Timer_getPeriod__E)
                  8f017920    00000060                   : BIOS.obj (.text:ti_sysbios_timers_dmtimer_Timer_stub__E)
                  8f017980    00000060     ti.syslink.ipc.rtos.ae674 : Syslink.oe674 (.text:ti_syslink_ipc_rtos_Syslink_attach)
                  8f0179e0    00000060     rts6740_elf.lib : trgmsg.obj (.text:writemsg)
                  8f017a40    00000060     Dsp_pe674.oe674 (.text:xdc_runtime_GateNull_Handle__label__S)
                  8f017aa0    00000060     Dsp_pe674.oe674 (.text:xdc_runtime_GateNull_Object__create__S)
                  8f017b00    00000060     Dsp_pe674.oe674 (.text:xdc_runtime_GateNull_Object__delete__S)
                  8f017b60    00000060     Dsp_pe674.oe674 (.text:xdc_runtime_LoggerBuf_Handle__label__S)
                  8f017bc0    00000060     Dsp_pe674.oe674 (.text:xdc_runtime_LoggerBuf_Object__delete__S)
                  8f017c20    00000060     ti.targets.rts6000.ae674 : Memory.oe674 (.text:xdc_runtime_Memory_calloc__F)
                  8f017c80    00000060                              : Memory.oe674 (.text:xdc_runtime_Memory_valloc__F)
                  8f017ce0    00000060                              : SysMin.oe674 (.text:xdc_runtime_SysMin_Module_startup__F)
                  8f017d40    00000060                              : SysMin.oe674 (.text:xdc_runtime_SysMin_exit__F)
                  8f017da0    00000060                              : System.oe674 (.text:xdc_runtime_System_aprintf_va__F)
                  8f017e00    00000060                              : System.oe674 (.text:xdc_runtime_System_printf_va__F)
                  8f017e60    00000060                              : Text.oe674 (.text:xdc_runtime_Text_cordText__F)
                  8f017ec0    00000060     Dsp_pe674.oe674 (.text:xdc_runtime_knl_GateThread_Handle__label__S)
                  8f017f20    00000060     Dsp_pe674.oe674 (.text:xdc_runtime_knl_GateThread_Object__delete__S)
                  8f017f80    00000060     Dsp_pe674.oe674 (.text:xdc_runtime_knl_GateThread_Proxy_Object__delete__S)
                  8f017fe0    00000040     ipc.ae674 : Ipc.obj (.text:Notify_intLineRegistered)
                  8f018020    00000040     rts6740_elf.lib : llshift.obj (.text:__c6xabi_llshru)
                  8f018060    00000040                     : strasg.obj (.text:__strasgi_64plus)
                  8f0180a0    00000040                     : args_main.obj (.text:_args_main)
                  8f0180e0    00000040     sysbios.ae674 : c62_TaskSupport_asm.obj (.text:_ti_sysbios_family_c62_TaskSupport_buildTaskStack)
                  8f018120    00000040                   : c64p_Hwi_asm_switch.obj (.text:_ti_sysbios_family_xxx_Hwi_switchToIsrStack)
                  8f018160    00000040     Dsp_pe674.oe674 (.text:free)
                  8f0181a0    00000040     sysbios.ae674 : BIOS.obj (.text:rtsLock$0)
                  8f0181e0    00000040     ipc.ae674 : Ipc.obj (.text:ti_sdo_ipc_MessageQ_registerTransport__F)
                  8f018220    00000040               : Ipc.obj (.text:ti_sdo_ipc_MessageQ_unregisterTransport__F)
                  8f018260    00000040               : Ipc.obj (.text:ti_sdo_ipc_Notify_exec__F)
                  8f0182a0    00000040               : Ipc.obj (.text:ti_sdo_ipc_SharedRegion_resetInternalFields__F)
                  8f0182e0    00000040               : Ipc.obj (.text:ti_sdo_ipc_gates_GateHWSpinlock_leave__E)
                  8f018320    00000040               : Ipc.obj (.text:ti_sdo_ipc_nsremote_NameServerRemoteNotify_sharedMemReq__E)
                  8f018360    00000040               : Ipc.obj (.text:ti_sdo_utils_List_get__E)
                  8f0183a0    00000040               : Ipc.obj (.text:ti_sdo_utils_List_putHead__E)
                  8f0183e0    00000040               : Ipc.obj (.text:ti_sdo_utils_List_put__E)
                  8f018420    00000040     Dsp_pe674.oe674 (.text:ti_sdo_utils_NameServer_Module__startupDone__S)
                  8f018460    00000040     Dsp_pe674.oe674 (.text:ti_sdo_utils_NameServer_Object__get__S)
                  8f0184a0    00000040     ipc.ae674 : Ipc.obj (.text:ti_sdo_utils_NameServer_registerRemoteDriver__E)
                  8f0184e0    00000040               : Ipc.obj (.text:ti_sdo_utils_NameServer_unregisterRemoteDriver__E)
                  8f018520    00000040     Dsp_pe674.oe674 (.text:ti_sysbios_BIOS_startFunc__I)
                  8f018560    00000040     Dsp_pe674.oe674 (.text:ti_sysbios_family_c64p_Hwi_Module__startupDone__S)
                  8f0185a0    00000040     sysbios.ae674 : BIOS.obj (.text:ti_sysbios_family_c64p_Hwi_disableInterrupt__E)
                  8f0185e0    00000040                   : BIOS.obj (.text:ti_sysbios_family_c64p_Hwi_enableInterrupt__E)
                  8f018620    00000040                   : BIOS.obj (.text:ti_sysbios_gates_GateAll_leave__E)
                  8f018660    00000040                   : BIOS.obj (.text:ti_sysbios_gates_GateMutexPri_Instance_init__F)
                  8f0186a0    00000040     Dsp_pe674.oe674 (.text:ti_sysbios_gates_GateMutexPri_Object__destruct__S)
                  8f0186e0    00000040     sysbios.ae674 : BIOS.obj (.text:ti_sysbios_gates_GateMutex_leave__E)
                  8f018720    00000040     Dsp_pe674.oe674 (.text:ti_sysbios_hal_Hwi_HwiProxy_Module__startupDone__S)
                  8f018760    00000040     Dsp_pe674.oe674 (.text:ti_sysbios_hal_Timer_Module__startupDone__S)
                  8f0187a0    00000040     Dsp_pe674.oe674 (.text:ti_sysbios_hal_Timer_TimerProxy_Module__startupDone__S)
                  8f0187e0    00000040     Dsp_pe674.oe674 (.text:ti_sysbios_heaps_HeapMem_Object__get__S)
                  8f018820    00000040     sysbios.ae674 : BIOS.obj (.text:ti_sysbios_knl_Clock_Instance_finalize__F)
                  8f018860    00000040     Dsp_pe674.oe674 (.text:ti_sysbios_knl_Clock_Object__destruct__S)
                  8f0188a0    00000040     Dsp_pe674.oe674 (.text:ti_sysbios_knl_Semaphore_Object__destruct__S)
                  8f0188e0    00000040     Dsp_pe674.oe674 (.text:ti_sysbios_knl_Swi_Object__destruct__S)
                  8f018920    00000040     Dsp_pe674.oe674 (.text:ti_sysbios_knl_Swi_Object__get__S)
                  8f018960    00000040     Dsp_pe674.oe674 (.text:ti_sysbios_knl_Task_Object__get__S)
                  8f0189a0    00000040     sysbios.ae674 : BIOS.obj (.text:ti_sysbios_knl_Task_sleepTimeout__I)
                  8f0189e0    00000040     Dsp_pe674.oe674 (.text:ti_sysbios_timers_dmtimer_Timer_TimerSupportProxy_Module__startupDone__S)
                  8f018a20    00000040     sysbios.ae674 : BIOS.obj (.text:ti_sysbios_xdcruntime_GateThreadSupport_Instance_init__F)
                  8f018a60    00000040     ti.syslink.ipc.rtos.ae674 : Syslink.oe674 (.text:ti_syslink_ipc_rtos_Syslink_detach)
                  8f018aa0    00000040     ti.targets.rts6000.ae674 : Error.oe674 (.text:xdc_runtime_Error_check__F)
                  8f018ae0    00000040                              : Error.oe674 (.text:xdc_runtime_Error_init__F)
                  8f018b20    00000040                              : LoggerBuf.oe674 (.text:xdc_runtime_LoggerBuf_Instance_finalize__F)
                  8f018b60    00000040     Dsp_pe674.oe674 (.text:xdc_runtime_LoggerBuf_Object__get__S)
                  8f018ba0    00000040     ti.targets.rts6000.ae674 : LoggerBuf.oe674 (.text:xdc_runtime_LoggerBuf_write0__F)
                  8f018be0    00000040     Dsp_pe674.oe674 (.text:xdc_runtime_LoggerBuf_write8__E)
                  8f018c20    00000040     ti.targets.rts6000.ae674 : Memory.oe674 (.text:xdc_runtime_Memory_free__F)
                  8f018c60    00000040                              : Registry.oe674 (.text:xdc_runtime_Registry_findById__F)
                  8f018ca0    00000040                              : System.oe674 (.text:xdc_runtime_System_abort__F)
                  8f018ce0    00000040     Dsp_pe674.oe674 (.text:xdc_runtime_System_aprintf__E)
                  8f018d20    00000040     Dsp_pe674.oe674 (.text:xdc_runtime_System_printf__E)
                  8f018d60    00000040     ti.targets.rts6000.ae674 : Text.oe674 (.text:xdc_runtime_Text_matchRope__F)
                  8f018da0    00000040                              : Text.oe674 (.text:xdc_runtime_Text_ropeText__F)
                  8f018de0    00000040                              : GateThread.oe674 (.text:xdc_runtime_knl_GateThread_Instance_finalize__F)
                  8f018e20    00000040                              : GateThread.oe674 (.text:xdc_runtime_knl_GateThread_Instance_init__F)
                  8f018e60    00000020     ipc.ae674 : Ipc.obj (.text:GateMP_enter)
                  8f018e80    00000020               : Ipc.obj (.text:GateMP_leave)
                  8f018ea0    00000020               : Ipc.obj (.text:ListMP_close)
                  8f018ec0    00000020               : Ipc.obj (.text:ListMP_delete)
                  8f018ee0    00000020               : Ipc.obj (.text:NameServer_addUInt32)
                  8f018f00    00000020               : Ipc.obj (.text:NameServer_getLocalUInt32)
                  8f018f20    00000020               : Ipc.obj (.text:NameServer_removeEntry)
                  8f018f40    00000020               : Ipc.obj (.text:Notify_attach)
                  8f018f60    00000020     rts6740_elf.lib : dtor_list.obj (.text:__cxa_ia64_exit)
                  8f018f80    00000020                     : tdeh_init.obj (.text:__tdeh_init)
                  8f018fa0    00000020     ti.targets.rts6000.ae674 : xdc_noinit.oe674 (.text:__xdc__init)
                  8f018fc0    00000020     rts6740_elf.lib : _lock.obj (.text:_nop)
                  8f018fe0    00000020                     : _lock.obj (.text:_register_lock)
                  8f019000    00000020                     : _lock.obj (.text:_register_unlock)
                  8f019020    00000020     sysbios.ae674 : c62_TaskSupport_asm.obj (.text:_ti_sysbios_family_c62_TaskSupport_glue)
                  8f019040    00000020                   : c64p_Hwi_asm_switch.obj (.text:_ti_sysbios_family_xxx_Hwi_switchToTaskStack)
                  8f019060    00000020     rts6740_elf.lib : exit.obj (.text:abort)
                  8f019080    00000020     sysbios.ae674 : BIOS.obj (.text:nullFunc$0)
                  8f0190a0    00000020     Dsp_pe674.oe674 (.text:ti_sdo_ipc_GateMP_Params__init__S)
                  8f0190c0    00000020     Dsp_pe674.oe674 (.text:ti_sdo_ipc_GateMP_RemoteCustom1Proxy_Object__create__S)
                  8f0190e0    00000020     Dsp_pe674.oe674 (.text:ti_sdo_ipc_GateMP_RemoteCustom1Proxy_Params__init__S)
                  8f019100    00000020     Dsp_pe674.oe674 (.text:ti_sdo_ipc_GateMP_RemoteCustom1Proxy_Proxy__abstract__S)
                  8f019120    00000020     Dsp_pe674.oe674 (.text:ti_sdo_ipc_GateMP_RemoteCustom1Proxy_Proxy__delegate__S)
                  8f019140    00000020     Dsp_pe674.oe674 (.text:ti_sdo_ipc_GateMP_RemoteCustom1Proxy_getReservedMask__E)
                  8f019160    00000020     Dsp_pe674.oe674 (.text:ti_sdo_ipc_GateMP_RemoteCustom1Proxy_sharedMemReq__E)
                  8f019180    00000020     Dsp_pe674.oe674 (.text:ti_sdo_ipc_GateMP_RemoteCustom2Proxy_Object__create__S)
                  8f0191a0    00000020     Dsp_pe674.oe674 (.text:ti_sdo_ipc_GateMP_RemoteCustom2Proxy_Params__init__S)
                  8f0191c0    00000020     Dsp_pe674.oe674 (.text:ti_sdo_ipc_GateMP_RemoteCustom2Proxy_Proxy__abstract__S)
                  8f0191e0    00000020     Dsp_pe674.oe674 (.text:ti_sdo_ipc_GateMP_RemoteCustom2Proxy_Proxy__delegate__S)
                  8f019200    00000020     Dsp_pe674.oe674 (.text:ti_sdo_ipc_GateMP_RemoteCustom2Proxy_getReservedMask__E)
                  8f019220    00000020     Dsp_pe674.oe674 (.text:ti_sdo_ipc_GateMP_RemoteCustom2Proxy_sharedMemReq__E)
                  8f019240    00000020     Dsp_pe674.oe674 (.text:ti_sdo_ipc_GateMP_RemoteSystemProxy_Object__create__S)
                  8f019260    00000020     Dsp_pe674.oe674 (.text:ti_sdo_ipc_GateMP_RemoteSystemProxy_Params__init__S)
                  8f019280    00000020     Dsp_pe674.oe674 (.text:ti_sdo_ipc_GateMP_RemoteSystemProxy_Proxy__abstract__S)
                  8f0192a0    00000020     Dsp_pe674.oe674 (.text:ti_sdo_ipc_GateMP_RemoteSystemProxy_Proxy__delegate__S)
                  8f0192c0    00000020     Dsp_pe674.oe674 (.text:ti_sdo_ipc_GateMP_RemoteSystemProxy_getReservedMask__E)
                  8f0192e0    00000020     Dsp_pe674.oe674 (.text:ti_sdo_ipc_GateMP_RemoteSystemProxy_sharedMemReq__E)
                  8f019300    00000020     Dsp_pe674.oe674 (.text:ti_sdo_ipc_GateMP_attach__E)
                  8f019320    00000020     Dsp_pe674.oe674 (.text:ti_sdo_ipc_GateMP_getRegion0ReservedSize__E)
                  8f019340    00000020     Dsp_pe674.oe674 (.text:ti_sdo_ipc_GateMP_getSharedAddr__E)
                  8f019360    00000020     ipc.ae674 : Ipc.obj (.text:ti_sdo_ipc_GateMP_getSharedAddr__F)
                  8f019380    00000020     Dsp_pe674.oe674 (.text:ti_sdo_ipc_GateMP_start__E)
                  8f0193a0    00000020     Dsp_pe674.oe674 (.text:ti_sdo_ipc_ListMP_Params__init__S)
                  8f0193c0    00000020     Dsp_pe674.oe674 (.text:ti_sdo_ipc_MessageQ_Module_startup__E)
                  8f0193e0    00000020     Dsp_pe674.oe674 (.text:ti_sdo_ipc_MessageQ_Object__get__S)
                  8f019400    00000020     Dsp_pe674.oe674 (.text:ti_sdo_ipc_MessageQ_SetupTransportProxy_attach__E)
                  8f019420    00000020     Dsp_pe674.oe674 (.text:ti_sdo_ipc_MessageQ_SetupTransportProxy_detach__E)
                  8f019440    00000020     Dsp_pe674.oe674 (.text:ti_sdo_ipc_MessageQ_SetupTransportProxy_isRegistered__E)
                  8f019460    00000020     Dsp_pe674.oe674 (.text:ti_sdo_ipc_MessageQ_SetupTransportProxy_sharedMemReq__E)
                  8f019480    00000020     Dsp_pe674.oe674 (.text:ti_sdo_ipc_MessageQ_registerTransport__E)
                  8f0194a0    00000020     Dsp_pe674.oe674 (.text:ti_sdo_ipc_MessageQ_unregisterTransport__E)
                  8f0194c0    00000020     Dsp_pe674.oe674 (.text:ti_sdo_ipc_Notify_Module_GateProxy_enter__E)
                  8f0194e0    00000020     Dsp_pe674.oe674 (.text:ti_sdo_ipc_Notify_Module_GateProxy_leave__E)
                  8f019500    00000020     Dsp_pe674.oe674 (.text:ti_sdo_ipc_Notify_Module_startup__E)
                  8f019520    00000020     Dsp_pe674.oe674 (.text:ti_sdo_ipc_Notify_SetupProxy_attach__E)
                  8f019540    00000020     Dsp_pe674.oe674 (.text:ti_sdo_ipc_Notify_SetupProxy_numIntLines__E)
                  8f019560    00000020     Dsp_pe674.oe674 (.text:ti_sdo_ipc_Notify_SetupProxy_sharedMemReq__E)
                  8f019580    00000020     Dsp_pe674.oe674 (.text:ti_sdo_ipc_Notify_detach__E)
                  8f0195a0    00000020     Dsp_pe674.oe674 (.text:ti_sdo_ipc_Notify_exec__E)
                  8f0195c0    00000020     Dsp_pe674.oe674 (.text:ti_sdo_ipc_SharedRegion_attach__E)
                  8f0195e0    00000020     Dsp_pe674.oe674 (.text:ti_sdo_ipc_SharedRegion_clearReservedMemory__E)
                  8f019600    00000020     Dsp_pe674.oe674 (.text:ti_sdo_ipc_SharedRegion_reserveMemory__E)
                  8f019620    00000020     Dsp_pe674.oe674 (.text:ti_sdo_ipc_SharedRegion_resetInternalFields__E)
                  8f019640    00000020     Dsp_pe674.oe674 (.text:ti_sdo_ipc_SharedRegion_start__E)
                  8f019660    00000020     ipc.ae674 : Ipc.obj (.text:ti_sdo_ipc_family_ti81xx_NotifySetup_numIntLines__E)
                  8f019680    00000020               : Ipc.obj (.text:ti_sdo_ipc_gates_GateHWSpinlock_Instance_init__F)
                  8f0196a0    00000020     Dsp_pe674.oe674 (.text:ti_sdo_ipc_gates_GateHWSpinlock_Module_startup__E)
                  8f0196c0    00000020     ipc.ae674 : Ipc.obj (.text:ti_sdo_ipc_gates_GateHWSpinlock_getReservedMask__E)
                  8f0196e0    00000020     Dsp_pe674.oe674 (.text:ti_sdo_ipc_gates_GateHWSpinlock_query__E)
                  8f019700    00000020     ipc.ae674 : Ipc.obj (.text:ti_sdo_ipc_gates_GateHWSpinlock_query__F)
                  8f019720    00000020               : Ipc.obj (.text:ti_sdo_ipc_gates_GateHWSpinlock_sharedMemReq__E)
                  8f019740    00000020               : Ipc.obj (.text:ti_sdo_ipc_gates_GateMPSupportNull_Instance_init__F)
                  8f019760    00000020               : Ipc.obj (.text:ti_sdo_ipc_gates_GateMPSupportNull_enter__E)
                  8f019780    00000020               : Ipc.obj (.text:ti_sdo_ipc_gates_GateMPSupportNull_getReservedMask__E)
                  8f0197a0    00000020               : Ipc.obj (.text:ti_sdo_ipc_gates_GateMPSupportNull_leave__E)
                  8f0197c0    00000020     Dsp_pe674.oe674 (.text:ti_sdo_ipc_gates_GateMPSupportNull_query__E)
                  8f0197e0    00000020     ipc.ae674 : Ipc.obj (.text:ti_sdo_ipc_gates_GateMPSupportNull_query__F)
                  8f019800    00000020               : Ipc.obj (.text:ti_sdo_ipc_gates_GateMPSupportNull_sharedMemReq__E)
                  8f019820    00000020               : Ipc.obj (.text:ti_sdo_ipc_gates_GatePeterson_getReservedMask__E)
                  8f019840    00000020     Dsp_pe674.oe674 (.text:ti_sdo_ipc_gates_GatePeterson_query__E)
                  8f019860    00000020     ipc.ae674 : Ipc.obj (.text:ti_sdo_ipc_gates_GatePeterson_query__F)
                  8f019880    00000020     Dsp_pe674.oe674 (.text:ti_sdo_ipc_heaps_HeapMemMP_Params__init__S)
                  8f0198a0    00000020     Dsp_pe674.oe674 (.text:ti_sdo_ipc_heaps_HeapMemMP_isBlocking__E)
                  8f0198c0    00000020     ipc.ae674 : Ipc.obj (.text:ti_sdo_ipc_heaps_HeapMemMP_isBlocking__F)
                  8f0198e0    00000020     Dsp_pe674.oe674 (.text:ti_sdo_ipc_notifyDrivers_NotifyDriverShm_InterruptProxy_intClear__E)
                  8f019900    00000020     Dsp_pe674.oe674 (.text:ti_sdo_ipc_notifyDrivers_NotifyDriverShm_InterruptProxy_intDisable__E)
                  8f019920    00000020     Dsp_pe674.oe674 (.text:ti_sdo_ipc_notifyDrivers_NotifyDriverShm_InterruptProxy_intEnable__E)
                  8f019940    00000020     Dsp_pe674.oe674 (.text:ti_sdo_ipc_notifyDrivers_NotifyDriverShm_InterruptProxy_intRegister__E)
                  8f019960    00000020     Dsp_pe674.oe674 (.text:ti_sdo_ipc_notifyDrivers_NotifyDriverShm_InterruptProxy_intSend__E)
                  8f019980    00000020     Dsp_pe674.oe674 (.text:ti_sdo_ipc_notifyDrivers_NotifyDriverShm_InterruptProxy_intUnregister__E)
                  8f0199a0    00000020     Dsp_pe674.oe674 (.text:ti_sdo_ipc_notifyDrivers_NotifyDriverShm_Params__init__S)
                  8f0199c0    00000020     ipc.ae674 : Ipc.obj (.text:ti_sdo_ipc_notifyDrivers_NotifyDriverShm_disable__E)
                  8f0199e0    00000020               : Ipc.obj (.text:ti_sdo_ipc_notifyDrivers_NotifyDriverShm_enable__E)
                  8f019a00    00000020     Dsp_pe674.oe674 (.text:ti_sdo_ipc_notifyDrivers_NotifyDriverShm_sharedMemReq__E)
                  8f019a20    00000020     Dsp_pe674.oe674 (.text:ti_sdo_ipc_nsremote_NameServerRemoteNotify_Object__first__S)
                  8f019a40    00000020     Dsp_pe674.oe674 (.text:ti_sdo_ipc_nsremote_NameServerRemoteNotify_Object__next__S)
                  8f019a60    00000020     Dsp_pe674.oe674 (.text:ti_sdo_ipc_nsremote_NameServerRemoteNotify_Params__init__S)
                  8f019a80    00000020     ipc.ae674 : Ipc.obj (.text:ti_sdo_ipc_nsremote_NameServerRemoteNotify_cbFxn__I)
                  8f019aa0    00000020     Dsp_pe674.oe674 (.text:ti_sdo_ipc_nsremote_NameServerRemoteNotify_get__E)
                  8f019ac0    00000020     ipc.ae674 : Ipc.obj (.text:ti_sdo_ipc_transports_TransportShmSetup_isRegistered__E)
                  8f019ae0    00000020     Dsp_pe674.oe674 (.text:ti_sdo_ipc_transports_TransportShm_Params__init__S)
                  8f019b00    00000020     Dsp_pe674.oe674 (.text:ti_sdo_ipc_transports_TransportShm_close__E)
                  8f019b20    00000020     ipc.ae674 : Ipc.obj (.text:ti_sdo_ipc_transports_TransportShm_close__F)
                  8f019b40    00000020               : Ipc.obj (.text:ti_sdo_ipc_transports_TransportShm_control__E)
                  8f019b60    00000020               : Ipc.obj (.text:ti_sdo_ipc_transports_TransportShm_getStatus__E)
                  8f019b80    00000020               : Ipc.obj (.text:ti_sdo_ipc_transports_TransportShm_notifyFxn__I)
                  8f019ba0    00000020     Dsp_pe674.oe674 (.text:ti_sdo_ipc_transports_TransportShm_openByAddr__E)
                  8f019bc0    00000020     Dsp_pe674.oe674 (.text:ti_sdo_ipc_transports_TransportShm_setErrFxn__E)
                  8f019be0    00000020     ipc.ae674 : Ipc.obj (.text:ti_sdo_ipc_transports_TransportShm_setErrFxn__F)
                  8f019c00    00000020     Dsp_pe674.oe674 (.text:ti_sdo_ipc_transports_TransportShm_sharedMemReq__E)
                  8f019c20    00000020     ipc.ae674 : Ipc.obj (.text:ti_sdo_utils_List_Instance_init__F)
                  8f019c40    00000020     Dsp_pe674.oe674 (.text:ti_sdo_utils_List_Object__destruct__S)
                  8f019c60    00000020     Dsp_pe674.oe674 (.text:ti_sdo_utils_List_Object__get__S)
                  8f019c80    00000020     Dsp_pe674.oe674 (.text:ti_sdo_utils_MultiProc_getClusterId__E)
                  8f019ca0    00000020     ipc.ae674 : Ipc.obj (.text:ti_sdo_utils_MultiProc_getClusterId__F)
                  8f019cc0    00000020     Dsp_pe674.oe674 (.text:ti_sdo_utils_NameServer_Module_startup__E)
                  8f019ce0    00000020     Dsp_pe674.oe674 (.text:ti_sdo_utils_NameServer_Object__first__S)
                  8f019d00    00000020     Dsp_pe674.oe674 (.text:ti_sdo_utils_NameServer_Object__next__S)
                  8f019d20    00000020     Dsp_pe674.oe674 (.text:ti_sdo_utils_NameServer_SetupProxy_attach__E)
                  8f019d40    00000020     Dsp_pe674.oe674 (.text:ti_sdo_utils_NameServer_SetupProxy_detach__E)
                  8f019d60    00000020     Dsp_pe674.oe674 (.text:ti_sdo_utils_NameServer_SetupProxy_sharedMemReq__E)
                  8f019d80    00000020     Dsp_pe674.oe674 (.text:ti_sysbios_BIOS_RtsGateProxy_enter__E)
                  8f019da0    00000020     Dsp_pe674.oe674 (.text:ti_sysbios_BIOS_RtsGateProxy_leave__E)
                  8f019dc0    00000020     sysbios.ae674 : BIOS.obj (.text:ti_sysbios_BIOS_getThreadType__E)
                  8f019de0    00000020                   : BIOS.obj (.text:ti_sysbios_BIOS_setThreadType__E)
                  8f019e00    00000020                   : BIOS.obj (.text:ti_sysbios_BIOS_start__E)
                  8f019e20    00000020                   : BIOS.obj (.text:ti_sysbios_family_c62_TaskSupport_checkStack__E)
                  8f019e40    00000020                   : BIOS.obj (.text:ti_sysbios_family_c62_TaskSupport_getStackAlignment__E)
                  8f019e60    00000020     Dsp_pe674.oe674 (.text:ti_sysbios_family_c64p_Cache_Module_startup__E)
                  8f019e80    00000020     sysbios.ae674 : BIOS.obj (.text:ti_sysbios_family_c64p_Cache_invL1pAll__E)
                  8f019ea0    00000020                   : BIOS.obj (.text:ti_sysbios_family_c64p_Cache_inv__E)
                  8f019ec0    00000020                   : BIOS.obj (.text:ti_sysbios_family_c64p_Cache_wbInv__E)
                  8f019ee0    00000020     Dsp_pe674.oe674 (.text:ti_sysbios_family_c64p_Exception_Module_startup__E)
                  8f019f00    00000020     Dsp_pe674.oe674 (.text:ti_sysbios_family_c64p_Hwi_Module_startup__E)
                  8f019f20    00000020     sysbios.ae674 : BIOS.obj (.text:ti_sysbios_family_c64p_Hwi_clearInterrupt__E)
                  8f019f40    00000020                   : BIOS.obj (.text:ti_sysbios_family_c64p_Hwi_getHandle__E)
                  8f019f60    00000020                   : BIOS.obj (.text:ti_sysbios_family_c64p_Hwi_startup__E)
                  8f019f80    00000020                   : BIOS.obj (.text:ti_sysbios_family_c64p_Hwi_switchFromBootStack__E)
                  8f019fa0    00000020                   : BIOS.obj (.text:ti_sysbios_family_c64p_Hwi_unPluggedInterrupt__I)
                  8f019fc0    00000020     Dsp_pe674.oe674 (.text:ti_sysbios_family_c64p_TimestampProvider_Module_startup__E)
                  8f019fe0    00000020     sysbios.ae674 : BIOS.obj (.text:ti_sysbios_family_c64p_TimestampProvider_Module_startup__F)
                  8f01a000    00000020                   : BIOS.obj (.text:ti_sysbios_family_c64p_TimestampProvider_get32__E)
                  8f01a020    00000020                   : BIOS.obj (.text:ti_sysbios_family_c64p_TimestampProvider_get64__E)
                  8f01a040    00000020                   : BIOS.obj (.text:ti_sysbios_family_c64p_TimestampProvider_getFreq__E)
                  8f01a060    00000020     Dsp_pe674.oe674 (.text:ti_sysbios_family_c64p_ti81xx_TimerSupport_Module_startup__E)
                  8f01a080    00000020     sysbios.ae674 : BIOS.obj (.text:ti_sysbios_family_c64p_ti81xx_TimerSupport_Module_startup__F)
                  8f01a0a0    00000020                   : BIOS.obj (.text:ti_sysbios_family_c64p_ti81xx_TimerSupport_enable__E)
                  8f01a0c0    00000020                   : BIOS.obj (.text:ti_sysbios_gates_GateAll_Instance_init__F)
                  8f01a0e0    00000020     Dsp_pe674.oe674 (.text:ti_sysbios_gates_GateAll_query__E)
                  8f01a100    00000020     sysbios.ae674 : BIOS.obj (.text:ti_sysbios_gates_GateAll_query__F)
                  8f01a120    00000020                   : BIOS.obj (.text:ti_sysbios_gates_GateHwi_Instance_init__F)
                  8f01a140    00000020                   : BIOS.obj (.text:ti_sysbios_gates_GateHwi_enter__E)
                  8f01a160    00000020                   : BIOS.obj (.text:ti_sysbios_gates_GateHwi_leave__E)
                  8f01a180    00000020     Dsp_pe674.oe674 (.text:ti_sysbios_gates_GateHwi_query__E)
                  8f01a1a0    00000020     sysbios.ae674 : BIOS.obj (.text:ti_sysbios_gates_GateHwi_query__F)
                  8f01a1c0    00000020                   : BIOS.obj (.text:ti_sysbios_gates_GateMutexPri_Instance_finalize__F)
                  8f01a1e0    00000020     Dsp_pe674.oe674 (.text:ti_sysbios_gates_GateMutexPri_query__E)
                  8f01a200    00000020     sysbios.ae674 : BIOS.obj (.text:ti_sysbios_gates_GateMutexPri_query__F)
                  8f01a220    00000020                   : BIOS.obj (.text:ti_sysbios_gates_GateMutex_Instance_finalize__F)
                  8f01a240    00000020     Dsp_pe674.oe674 (.text:ti_sysbios_gates_GateMutex_query__E)
                  8f01a260    00000020     sysbios.ae674 : BIOS.obj (.text:ti_sysbios_gates_GateMutex_query__F)
                  8f01a280    00000020                   : BIOS.obj (.text:ti_sysbios_gates_GateSwi_Instance_init__F)
                  8f01a2a0    00000020                   : BIOS.obj (.text:ti_sysbios_gates_GateSwi_enter__E)
                  8f01a2c0    00000020                   : BIOS.obj (.text:ti_sysbios_gates_GateSwi_leave__E)
                  8f01a2e0    00000020     Dsp_pe674.oe674 (.text:ti_sysbios_gates_GateSwi_query__E)
                  8f01a300    00000020     sysbios.ae674 : BIOS.obj (.text:ti_sysbios_gates_GateSwi_query__F)
                  8f01a320    00000020     Dsp_pe674.oe674 (.text:ti_sysbios_hal_Cache_CacheProxy_inv__E)
                  8f01a340    00000020     Dsp_pe674.oe674 (.text:ti_sysbios_hal_Cache_CacheProxy_wbInv__E)
                  8f01a360    00000020     sysbios.ae674 : BIOS.obj (.text:ti_sysbios_hal_Cache_inv__E)
                  8f01a380    00000020                   : BIOS.obj (.text:ti_sysbios_hal_Cache_wbInv__E)
                  8f01a3a0    00000020     Dsp_pe674.oe674 (.text:ti_sysbios_hal_Hwi_HwiProxy_clearInterrupt__E)
                  8f01a3c0    00000020     Dsp_pe674.oe674 (.text:ti_sysbios_hal_Hwi_HwiProxy_disableInterrupt__E)
                  8f01a3e0    00000020     Dsp_pe674.oe674 (.text:ti_sysbios_hal_Hwi_HwiProxy_enableInterrupt__E)
                  8f01a400    00000020     Dsp_pe674.oe674 (.text:ti_sysbios_hal_Hwi_HwiProxy_startup__E)
                  8f01a420    00000020     Dsp_pe674.oe674 (.text:ti_sysbios_hal_Hwi_HwiProxy_switchFromBootStack__E)
                  8f01a440    00000020     Dsp_pe674.oe674 (.text:ti_sysbios_hal_Hwi_Module_startup__E)
                  8f01a460    00000020     sysbios.ae674 : BIOS.obj (.text:ti_sysbios_hal_Hwi_Module_startup__F)
                  8f01a480    00000020                   : BIOS.obj (.text:ti_sysbios_hal_Hwi_startup__E)
                  8f01a4a0    00000020     Dsp_pe674.oe674 (.text:ti_sysbios_hal_Timer_Module_startup__E)
                  8f01a4c0    00000020     sysbios.ae674 : BIOS.obj (.text:ti_sysbios_hal_Timer_Module_startup__F)
                  8f01a4e0    00000020     Dsp_pe674.oe674 (.text:ti_sysbios_hal_Timer_TimerProxy_getExpiredCounts__E)
                  8f01a500    00000020     Dsp_pe674.oe674 (.text:ti_sysbios_hal_Timer_TimerProxy_getPeriod__E)
                  8f01a520    00000020     Dsp_pe674.oe674 (.text:ti_sysbios_hal_Timer_TimerProxy_setNextTick__E)
                  8f01a540    00000020     Dsp_pe674.oe674 (.text:ti_sysbios_hal_Timer_TimerProxy_startup__E)
                  8f01a560    00000020     sysbios.ae674 : BIOS.obj (.text:ti_sysbios_hal_Timer_startup__E)
                  8f01a580    00000020     Dsp_pe674.oe674 (.text:ti_sysbios_heaps_HeapMem_Module_GateProxy_enter__E)
                  8f01a5a0    00000020     Dsp_pe674.oe674 (.text:ti_sysbios_heaps_HeapMem_Module_GateProxy_leave__E)
                  8f01a5c0    00000020     Dsp_pe674.oe674 (.text:ti_sysbios_heaps_HeapMem_Module_GateProxy_query__E)
                  8f01a5e0    00000020     sysbios.ae674 : BIOS.obj (.text:ti_sysbios_heaps_HeapMem_isBlocking__E)
                  8f01a600    00000020     Dsp_pe674.oe674 (.text:ti_sysbios_knl_Clock_Module_startup__E)
                  8f01a620    00000020     Dsp_pe674.oe674 (.text:ti_sysbios_knl_Clock_Params__init__S)
                  8f01a640    00000020     sysbios.ae674 : BIOS.obj (.text:ti_sysbios_knl_Clock_logTick__E)
                  8f01a660    00000020                   : BIOS.obj (.text:ti_sysbios_knl_Idle_loop__E)
                  8f01a680    00000020                   : BIOS.obj (.text:ti_sysbios_knl_Queue_Instance_init__F)
                  8f01a6a0    00000020     Dsp_pe674.oe674 (.text:ti_sysbios_knl_Queue_Object__destruct__S)
                  8f01a6c0    00000020     Dsp_pe674.oe674 (.text:ti_sysbios_knl_Queue_Object__get__S)
                  8f01a6e0    00000020     sysbios.ae674 : BIOS.obj (.text:ti_sysbios_knl_Queue_empty__E)
                  8f01a700    00000020                   : BIOS.obj (.text:ti_sysbios_knl_Semaphore_Instance_finalize__F)
                  8f01a720    00000020     Dsp_pe674.oe674 (.text:ti_sysbios_knl_Semaphore_Params__init__S)
                  8f01a740    00000020     sysbios.ae674 : BIOS.obj (.text:ti_sysbios_knl_Swi_Instance_finalize__F)
                  8f01a760    00000020     Dsp_pe674.oe674 (.text:ti_sysbios_knl_Swi_Module_startup__E)
                  8f01a780    00000020     Dsp_pe674.oe674 (.text:ti_sysbios_knl_Swi_Params__init__S)
                  8f01a7a0    00000020     sysbios.ae674 : BIOS.obj (.text:ti_sysbios_knl_Swi_disable__E)
                  8f01a7c0    00000020     Dsp_pe674.oe674 (.text:ti_sysbios_knl_Task_Module_startup__E)
                  8f01a7e0    00000020     Dsp_pe674.oe674 (.text:ti_sysbios_knl_Task_Object__first__S)
                  8f01a800    00000020     Dsp_pe674.oe674 (.text:ti_sysbios_knl_Task_Object__next__S)
                  8f01a820    00000020     Dsp_pe674.oe674 (.text:ti_sysbios_knl_Task_Params__init__S)
                  8f01a840    00000020     Dsp_pe674.oe674 (.text:ti_sysbios_knl_Task_SupportProxy_Module__startupDone__S)
                  8f01a860    00000020     Dsp_pe674.oe674 (.text:ti_sysbios_knl_Task_SupportProxy_checkStack__E)
                  8f01a880    00000020     Dsp_pe674.oe674 (.text:ti_sysbios_knl_Task_SupportProxy_getStackAlignment__E)
                  8f01a8a0    00000020     Dsp_pe674.oe674 (.text:ti_sysbios_knl_Task_SupportProxy_start__E)
                  8f01a8c0    00000020     Dsp_pe674.oe674 (.text:ti_sysbios_knl_Task_SupportProxy_swap__E)
                  8f01a8e0    00000020     sysbios.ae674 : BIOS.obj (.text:ti_sysbios_knl_Task_disable__E)
                  8f01a900    00000020                   : BIOS.obj (.text:ti_sysbios_knl_Task_getPri__E)
                  8f01a920    00000020                   : BIOS.obj (.text:ti_sysbios_knl_Task_self__E)
                  8f01a940    00000020                   : BIOS.obj (.text:ti_sysbios_knl_Task_startup__E)
                  8f01a960    00000020     Dsp_pe674.oe674 (.text:ti_sysbios_timers_dmtimer_Timer_Module_startup__E)
                  8f01a980    00000020     Dsp_pe674.oe674 (.text:ti_sysbios_timers_dmtimer_Timer_TimerSupportProxy_enable__E)
                  8f01a9a0    00000020     sysbios.ae674 : BIOS.obj (.text:ti_sysbios_xdcruntime_GateThreadSupport_Instance_finalize__F)
                  8f01a9c0    00000020                   : BIOS.obj (.text:ti_sysbios_xdcruntime_GateThreadSupport_enter__F)
                  8f01a9e0    00000020                   : BIOS.obj (.text:ti_sysbios_xdcruntime_GateThreadSupport_leave__F)
                  8f01aa00    00000020                   : BIOS.obj (.text:ti_sysbios_xdcruntime_GateThreadSupport_query__F)
                  8f01aa20    00000020     Dsp_pe674.oe674 (.text:xdc_runtime_Diags_setMask__E)
                  8f01aa40    00000020     Dsp_pe674.oe674 (.text:xdc_runtime_Error_check__E)
                  8f01aa60    00000020     Dsp_pe674.oe674 (.text:xdc_runtime_Error_init__E)
                  8f01aa80    00000020     Dsp_pe674.oe674 (.text:xdc_runtime_Error_print__E)
                  8f01aaa0    00000020     Dsp_pe674.oe674 (.text:xdc_runtime_Error_raiseX__E)
                  8f01aac0    00000020     Dsp_pe674.oe674 (.text:xdc_runtime_GateNull_enter__E)
                  8f01aae0    00000020     ti.targets.rts6000.ae674 : GateNull.oe674 (.text:xdc_runtime_GateNull_enter__F)
                  8f01ab00    00000020     Dsp_pe674.oe674 (.text:xdc_runtime_GateNull_leave__E)
                  8f01ab20    00000020     ti.targets.rts6000.ae674 : GateNull.oe674 (.text:xdc_runtime_GateNull_leave__F)
                  8f01ab40    00000020     Dsp_pe674.oe674 (.text:xdc_runtime_GateNull_query__E)
                  8f01ab60    00000020     ti.targets.rts6000.ae674 : GateNull.oe674 (.text:xdc_runtime_GateNull_query__F)
                  8f01ab80    00000020     Dsp_pe674.oe674 (.text:xdc_runtime_Gate_enterSystem__E)
                  8f01aba0    00000020     ti.targets.rts6000.ae674 : Gate.oe674 (.text:xdc_runtime_Gate_enterSystem__F)
                  8f01abc0    00000020     Dsp_pe674.oe674 (.text:xdc_runtime_Gate_leaveSystem__E)
                  8f01abe0    00000020     ti.targets.rts6000.ae674 : Gate.oe674 (.text:xdc_runtime_Gate_leaveSystem__F)
                  8f01ac00    00000020     Dsp_pe674.oe674 (.text:xdc_runtime_LoggerBuf_Module_GateProxy_enter__E)
                  8f01ac20    00000020     Dsp_pe674.oe674 (.text:xdc_runtime_LoggerBuf_Module_GateProxy_leave__E)
                  8f01ac40    00000020     Dsp_pe674.oe674 (.text:xdc_runtime_LoggerBuf_Module_startup__E)
                  8f01ac60    00000020     Dsp_pe674.oe674 (.text:xdc_runtime_LoggerBuf_TimestampProxy_get64__E)
                  8f01ac80    00000020     Dsp_pe674.oe674 (.text:xdc_runtime_LoggerBuf_disable__E)
                  8f01aca0    00000020     ti.targets.rts6000.ae674 : LoggerBuf.oe674 (.text:xdc_runtime_LoggerBuf_disable__F)
                  8f01acc0    00000020     Dsp_pe674.oe674 (.text:xdc_runtime_LoggerBuf_enable__E)
                  8f01ace0    00000020     ti.targets.rts6000.ae674 : LoggerBuf.oe674 (.text:xdc_runtime_LoggerBuf_enable__F)
                  8f01ad00    00000020     Dsp_pe674.oe674 (.text:xdc_runtime_LoggerBuf_getFilterLevel__E)
                  8f01ad20    00000020     Dsp_pe674.oe674 (.text:xdc_runtime_LoggerBuf_setFilterLevel__E)
                  8f01ad40    00000020     Dsp_pe674.oe674 (.text:xdc_runtime_LoggerBuf_write0__E)
                  8f01ad60    00000020     Dsp_pe674.oe674 (.text:xdc_runtime_LoggerBuf_write1__E)
                  8f01ad80    00000020     ti.targets.rts6000.ae674 : LoggerBuf.oe674 (.text:xdc_runtime_LoggerBuf_write1__F)
                  8f01ada0    00000020     Dsp_pe674.oe674 (.text:xdc_runtime_LoggerBuf_write2__E)
                  8f01adc0    00000020     ti.targets.rts6000.ae674 : LoggerBuf.oe674 (.text:xdc_runtime_LoggerBuf_write2__F)
                  8f01ade0    00000020     Dsp_pe674.oe674 (.text:xdc_runtime_LoggerBuf_write4__E)
                  8f01ae00    00000020     Dsp_pe674.oe674 (.text:xdc_runtime_Memory_HeapProxy_alloc__E)
                  8f01ae20    00000020     Dsp_pe674.oe674 (.text:xdc_runtime_Memory_HeapProxy_free__E)
                  8f01ae40    00000020     Dsp_pe674.oe674 (.text:xdc_runtime_Memory_alloc__E)
                  8f01ae60    00000020     Dsp_pe674.oe674 (.text:xdc_runtime_Memory_calloc__E)
                  8f01ae80    00000020     Dsp_pe674.oe674 (.text:xdc_runtime_Memory_free__E)
                  8f01aea0    00000020     Dsp_pe674.oe674 (.text:xdc_runtime_Memory_getMaxDefaultTypeAlign__E)
                  8f01aec0    00000020     ti.targets.rts6000.ae674 : Memory.oe674 (.text:xdc_runtime_Memory_getMaxDefaultTypeAlign__F)
                  8f01aee0    00000020     Dsp_pe674.oe674 (.text:xdc_runtime_Memory_valloc__E)
                  8f01af00    00000020     Dsp_pe674.oe674 (.text:xdc_runtime_Startup_Module__startupDone__S)
                  8f01af20    00000020     Dsp_pe674.oe674 (.text:xdc_runtime_Startup_exec__E)
                  8f01af40    00000020     Dsp_pe674.oe674 (.text:xdc_runtime_Startup_exec__I)
                  8f01af60    00000020     Dsp_pe674.oe674 (.text:xdc_runtime_Startup_reset__I)
                  8f01af80    00000020     Dsp_pe674.oe674 (.text:xdc_runtime_SysMin_Module_startup__E)
                  8f01afa0    00000020     ti.targets.rts6000.ae674 : SysMin.oe674 (.text:xdc_runtime_SysMin_ready__F)
                  8f01afc0    00000020     Dsp_pe674.oe674 (.text:xdc_runtime_System_Module_GateProxy_enter__E)
                  8f01afe0    00000020     Dsp_pe674.oe674 (.text:xdc_runtime_System_Module_GateProxy_leave__E)
                  8f01b000    00000020     Dsp_pe674.oe674 (.text:xdc_runtime_System_Module_startup__E)
                  8f01b020    00000020     ti.targets.rts6000.ae674 : System.oe674 (.text:xdc_runtime_System_Module_startup__F)
                  8f01b040    00000020     Dsp_pe674.oe674 (.text:xdc_runtime_System_SupportProxy_abort__E)
                  8f01b060    00000020     Dsp_pe674.oe674 (.text:xdc_runtime_System_SupportProxy_exit__E)
                  8f01b080    00000020     Dsp_pe674.oe674 (.text:xdc_runtime_System_SupportProxy_putch__E)
                  8f01b0a0    00000020     Dsp_pe674.oe674 (.text:xdc_runtime_System_SupportProxy_ready__E)
                  8f01b0c0    00000020     Dsp_pe674.oe674 (.text:xdc_runtime_System_abort__E)
                  8f01b0e0    00000020     Dsp_pe674.oe674 (.text:xdc_runtime_System_exit__E)
                  8f01b100    00000020     ti.targets.rts6000.ae674 : System.oe674 (.text:xdc_runtime_System_exit__F)
                  8f01b120    00000020                              : System.oe674 (.text:xdc_runtime_System_lastFxn__I)
                  8f01b140    00000020     Dsp_pe674.oe674 (.text:xdc_runtime_System_vsprintf__E)
                  8f01b160    00000020     ti.targets.rts6000.ae674 : System.oe674 (.text:xdc_runtime_System_vsprintf__F)
                  8f01b180    00000020     Dsp_pe674.oe674 (.text:xdc_runtime_Text_cordText__E)
                  8f01b1a0    00000020     Dsp_pe674.oe674 (.text:xdc_runtime_Text_matchRope__E)
                  8f01b1c0    00000020     Dsp_pe674.oe674 (.text:xdc_runtime_Text_putSite__E)
                  8f01b1e0    00000020     Dsp_pe674.oe674 (.text:xdc_runtime_Text_ropeText__E)
                  8f01b200    00000020     Dsp_pe674.oe674 (.text:xdc_runtime_Text_visitRope__I)
                  8f01b220    00000020     Dsp_pe674.oe674 (.text:xdc_runtime_Timestamp_SupportProxy_get32__E)
                  8f01b240    00000020     Dsp_pe674.oe674 (.text:xdc_runtime_Timestamp_SupportProxy_getFreq__E)
                  8f01b260    00000020     Dsp_pe674.oe674 (.text:xdc_runtime_Timestamp_get32__E)
                  8f01b280    00000020     ti.targets.rts6000.ae674 : Timestamp.oe674 (.text:xdc_runtime_Timestamp_get32__F)
                  8f01b2a0    00000020     Dsp_pe674.oe674 (.text:xdc_runtime_Timestamp_getFreq__E)
                  8f01b2c0    00000020     ti.targets.rts6000.ae674 : Timestamp.oe674 (.text:xdc_runtime_Timestamp_getFreq__F)
                  8f01b2e0    00000020     Dsp_pe674.oe674 (.text:xdc_runtime_knl_GateThread_Module__startupDone__S)
                  8f01b300    00000020     Dsp_pe674.oe674 (.text:xdc_runtime_knl_GateThread_Proxy_Object__create__S)
                  8f01b320    00000020     Dsp_pe674.oe674 (.text:xdc_runtime_knl_GateThread_Proxy_enter__E)
                  8f01b340    00000020     Dsp_pe674.oe674 (.text:xdc_runtime_knl_GateThread_Proxy_leave__E)
                  8f01b360    00000020     Dsp_pe674.oe674 (.text:xdc_runtime_knl_GateThread_Proxy_query__E)
                  8f01b380    00000020     Dsp_pe674.oe674 (.text:xdc_runtime_knl_GateThread_enter__E)
                  8f01b3a0    00000020     ti.targets.rts6000.ae674 : GateThread.oe674 (.text:xdc_runtime_knl_GateThread_enter__F)
                  8f01b3c0    00000020     Dsp_pe674.oe674 (.text:xdc_runtime_knl_GateThread_leave__E)
                  8f01b3e0    00000020     ti.targets.rts6000.ae674 : GateThread.oe674 (.text:xdc_runtime_knl_GateThread_leave__F)
                  8f01b400    00000020     Dsp_pe674.oe674 (.text:xdc_runtime_knl_GateThread_query__E)
                  8f01b420    00000020     ti.targets.rts6000.ae674 : GateThread.oe674 (.text:xdc_runtime_knl_GateThread_query__F)

.far       0    8f01b440    000068f4     UNINITIALIZED
                  8f01b440    00006018     Dsp_pe674.oe674 (.far)
                  8f021458    00000800     Dsp_pe674.oe674 (.far:taskStackSection)
[...]
8f0259f8   xdc_runtime_GateNull_Object__DESC__C
8f025a18   xdc_runtime_LoggerBuf_Object__DESC__C
8f025a38   xdc_runtime_knl_GateThread_Object__DESC__C
8f025a58   ti_sdo_ipc_Notify_Object__PARAMS__C
8f025a70   ti_sdo_utils_List_Object__PARAMS__C
8f025a88   ti_sysbios_gates_GateAll_Object__PARAMS__C
8f025aa0   ti_sysbios_gates_GateHwi_Object__PARAMS__C
8f025ab8   ti_sysbios_gates_GateMutexPri_Object__PARAMS__C
8f025ad0   ti_sysbios_gates_GateMutex_Object__PARAMS__C
8f025ae8   ti_sysbios_gates_GateSwi_Object__PARAMS__C
8f025b00   ti_sysbios_knl_Queue_Object__PARAMS__C
8f025b18   ti_sysbios_knl_Task_hooks__A
8f025b30   ti_sysbios_xdcruntime_GateThreadSupport_Object__PARAMS__C
8f025b48   xdc_runtime_GateNull_Object__PARAMS__C
8f025b60   xdc_runtime_knl_GateThread_Object__PARAMS__C
8f025b8c   ti_sdo_ipc_GateMP_E_gateUnavailable__C
8f025b90   ti_sdo_utils_MultiProc_nameList__A
8f025ba0   ti_sdo_ipc_Ipc_userFxns__A
8f025bac   ti_sysbios_family_c64p_Cache_initSize__C
8f025bc0   ti_sdo_ipc_gates_GateHWSpinlock_reservedMaskArr__A
8f025bc8   ti_sysbios_knl_Idle_coreList__C
8f025bd0   ti_sysbios_knl_Idle_funcList__C
8f025bd8   ti_sysbios_knl_Task_hooks__C
8f025be0   xdc_runtime_Startup_firstFxns__A
8f025be8   xdc_runtime_Startup_firstFxns__C
8f025bf0   xdc_runtime_Startup_lastFxns__C
8f025bf8   ti_sdo_ipc_GateMP_E_localGate__C
8f025bfc   ti_sdo_ipc_Ipc_E_internal__C
8f025c00   ti_sdo_ipc_Ipc_E_nameFailed__C
8f025c04   ti_sdo_ipc_Ipc_E_versionMismatch__C
8f025c08   ti_sdo_ipc_Ipc_numUserFxns__C
8f025c0c   ti_sdo_ipc_Ipc_procSync__C
8f025c10   ti_sdo_ipc_Ipc_userFxns__C
8f025c14   ti_sdo_ipc_MessageQ_Instance_State_highList__O
8f025c18   ti_sdo_ipc_MessageQ_Instance_State_normalList__O
8f025c1c   ti_sdo_ipc_MessageQ_Object__count__C
8f025c20   ti_sdo_ipc_Notify_Module__gateObj__C
8f025c24   ti_sdo_ipc_Notify_Object__heap__C
8f025c28   ti_sdo_ipc_Notify_numEvents__C
8f025c2c   ti_sdo_ipc_Notify_sendEventPollCount__C
8f025c30   ti_sdo_ipc_SharedRegion_INVALIDSRPTR__C
8f025c34   ti_sdo_ipc_SharedRegion_cacheLineSize__C
8f025c38   ti_sdo_ipc_SharedRegion_numOffsetBits__C
8f025c3c   ti_sdo_ipc_SharedRegion_offsetMask__C
8f025c40   ti_sdo_ipc_family_ti81xx_InterruptDsp_hostProcId__C
8f025c44   ti_sdo_ipc_family_ti81xx_InterruptDsp_mailboxBaseAddr__C
8f025c48   ti_sdo_ipc_family_ti81xx_InterruptDsp_videoProcId__C
8f025c4c   ti_sdo_ipc_family_ti81xx_InterruptDsp_vpssProcId__C
8f025c50   ti_sdo_ipc_family_ti81xx_NotifySetup_dspIntVectId__C
8f025c54   ti_sdo_ipc_family_ti81xx_NotifySetup_dspProcId__C
8f025c58   ti_sdo_ipc_family_ti81xx_NotifySetup_videoProcId__C
8f025c5c   ti_sdo_ipc_family_ti81xx_NotifySetup_vpssProcId__C
8f025c60   ti_sdo_ipc_gates_GateHWSpinlock_baseAddr__C
8f025c64   ti_sdo_ipc_gates_GateHWSpinlock_numLocks__C
8f025c68   ti_sdo_ipc_gates_GateHWSpinlock_reservedMaskArr__C
8f025c6c   ti_sdo_ipc_gates_GatePeterson_E_gateRemotelyOpened__C
8f025c70   ti_sdo_ipc_heaps_HeapMemMP_E_memory__C
8f025c74   ti_sdo_ipc_interfaces_IGateMPSupport_Interface__BASE__C
8f025c78   ti_sdo_ipc_interfaces_IMessageQTransport_Interface__BASE__C
8f025c7c   ti_sdo_ipc_interfaces_INotifyDriver_Interface__BASE__C
8f025c80   ti_sdo_ipc_notifyDrivers_NotifyDriverShm_Object__heap__C
8f025c84   ti_sdo_ipc_nsremote_NameServerRemoteNotify_Instance_State_semMultiBlock__O
8f025c88   ti_sdo_ipc_nsremote_NameServerRemoteNotify_Instance_State_semRemoteWait__O
8f025c8c   ti_sdo_ipc_nsremote_NameServerRemoteNotify_Instance_State_swiObj__O
8f025c90   ti_sdo_ipc_nsremote_NameServerRemoteNotify_notifyEventId__C
8f025c94   ti_sdo_ipc_nsremote_NameServerRemoteNotify_timeout__C
8f025c98   ti_sdo_ipc_transports_TransportShmSetup_priority__C
8f025c9c   ti_sdo_ipc_transports_TransportShm_Instance_State_swiObj__O
8f025ca0   ti_sdo_utils_INameServerRemote_Interface__BASE__C
8f025ca4   ti_sdo_utils_MultiProc_nameList__C
8f025ca8   ti_sdo_utils_NameServer_E_entryExists__C
8f025cac   ti_sdo_utils_NameServer_E_maxReached__C
8f025cb0   ti_sdo_utils_NameServer_Instance_State_freeList__O
8f025cb4   ti_sdo_utils_NameServer_Instance_State_nameList__O
8f025cb8   ti_sdo_utils_NameServer_Object__count__C
8f025cbc   ti_sysbios_BIOS_installedErrorHook__C
8f025cc0   ti_sysbios_family_c62_TaskSupport_stackAlignment__C
8f025cc4   ti_sysbios_family_c64p_Cache_EMIFA_BASE__C
8f025cc8   ti_sysbios_family_c64p_Cache_EMIFA_CFG__C
8f025ccc   ti_sysbios_family_c64p_Cache_EMIFA_LENGTH__C
8f025cd0   ti_sysbios_family_c64p_Cache_EMIFB_BASE__C
8f025cd4   ti_sysbios_family_c64p_Cache_EMIFB_CFG__C
8f025cd8   ti_sysbios_family_c64p_Cache_EMIFB_LENGTH__C
8f025cdc   ti_sysbios_family_c64p_Cache_EMIFC_BASE__C
8f025ce0   ti_sysbios_family_c64p_Cache_EMIFC_CFG__C
8f025ce4   ti_sysbios_family_c64p_Cache_EMIFC_LENGTH__C
8f025ce8   ti_sysbios_family_c64p_Cache_MAR0_31__C
8f025cec   ti_sysbios_family_c64p_Cache_MAR128_159__C
8f025cf0   ti_sysbios_family_c64p_Cache_MAR160_191__C
8f025cf4   ti_sysbios_family_c64p_Cache_MAR192_223__C
8f025cf8   ti_sysbios_family_c64p_Cache_MAR224_255__C
8f025cfc   ti_sysbios_family_c64p_Cache_MAR32_63__C
8f025d00   ti_sysbios_family_c64p_Cache_MAR64_95__C
8f025d04   ti_sysbios_family_c64p_Cache_MAR96_127__C
8f025d08   ti_sysbios_family_c64p_Exception_E_exceptionMin__C
8f025d0c   ti_sysbios_family_c64p_Exception_exceptionHook__C
8f025d10   ti_sysbios_family_c64p_Exception_externalHook__C
8f025d14   ti_sysbios_family_c64p_Exception_internalHook__C
8f025d18   ti_sysbios_family_c64p_Exception_nmiHook__C
8f025d1c   ti_sysbios_family_c64p_Hwi_E_alreadyDefined__C
8f025d20   ti_sysbios_family_c64p_Hwi_E_handleNotFound__C
8f025d24   ti_sysbios_gates_GateMutexPri_Instance_State_pendQ__O
8f025d28   ti_sysbios_gates_GateMutex_Instance_State_sem__O
8f025d2c   ti_sysbios_hal_Hwi_E_stackOverflow__C
8f025d30   ti_sysbios_heaps_HeapMem_E_memory__C
8f025d34   ti_sysbios_heaps_HeapMem_Module__gateObj__C
8f025d38   ti_sysbios_heaps_HeapMem_Object__count__C
8f025d3c   ti_sysbios_heaps_HeapMem_reqAlign__C
8f025d40   ti_sysbios_knl_Clock_Module_State_clockQ__O
8f025d44   ti_sysbios_knl_Clock_tickMode__C
8f025d48   ti_sysbios_knl_Clock_tickSource__C
8f025d4c   ti_sysbios_knl_Semaphore_Instance_State_pendQ__O
8f025d50   ti_sysbios_knl_Idle_coreList__A
8f025d54   ti_sysbios_knl_Swi_Object__count__C
8f025d58   ti_sysbios_knl_Idle_funcList__A
8f025d5c   ti_sysbios_knl_Task_E_deleteNotAllowed__C
8f025d60   ti_sysbios_knl_Task_E_spOutOfBounds__C
8f025d64   ti_sysbios_knl_Task_E_stackOverflow__C
8f025d68   ti_sysbios_knl_Task_Module_State_inactiveQ__O
8f025d6c   ti_sysbios_knl_Task_Module_State_terminatedQ__O
8f025d70   ti_sysbios_knl_Task_Object__count__C
8f025d74   ti_sysbios_knl_Task_Object__heap__C
8f025d78   ti_sysbios_knl_Task_allBlockedFunc__C
8f025d7c   ti_sysbios_knl_Task_defaultStackHeap__C
8f025d80   ti_sysbios_knl_Task_defaultStackSize__C
8f025d84   ti_sysbios_knl_Task_numConstructedTasks__C
8f025d88   ti_sysbios_timers_dmtimer_Timer_E_cannotSupport__C
8f025d8c   ti_sysbios_timers_dmtimer_Timer_E_freqMismatch__C
8f025d90   ti_sysbios_timers_dmtimer_Timer_numTimerDevices__C
8f025d94   ti_sysbios_xdcruntime_GateThreadSupport_Instance_State_gate__O
8f025d98   xdc_runtime_Assert_E_assertFailed__C
8f025d9c   xdc_runtime_Core_A_initializedParams__C
8f025da0   xdc_runtime_Core_Module__diagsEnabled__C
8f025da4   xdc_runtime_Core_Module__diagsIncluded__C
8f025da8   xdc_runtime_Core_Module__diagsMask__C
8f025dac   xdc_runtime_Diags_dictBase__C
8f025db0   xdc_runtime_Error_E_generic__C
8f025db4   xdc_runtime_Error_E_memory__C
8f025db8   xdc_runtime_Error_Module__diagsEnabled__C
8f025dbc   xdc_runtime_Error_Module__diagsIncluded__C
8f025dc0   xdc_runtime_Error_Module__diagsMask__C
8f025dc4   xdc_runtime_Error_Module__loggerFxn8__C
8f025dc8   xdc_runtime_Error_Module__loggerObj__C
8f025dcc   xdc_runtime_Error_policy__C
8f025dd0   xdc_runtime_Error_raiseHook__C
8f025dd4   xdc_runtime_IFilterLogger_Interface__BASE__C
8f025dd8   xdc_runtime_IGateProvider_Interface__BASE__C
8f025ddc   xdc_runtime_IHeap_Interface__BASE__C
8f025de0   xdc_runtime_ILogger_Interface__BASE__C
8f025de4   xdc_runtime_IModule_Interface__BASE__C
8f025de8   xdc_runtime_Log_L_error__C
8f025dec   xdc_runtime_LoggerBuf_E_badLevel__C
8f025df0   xdc_runtime_LoggerBuf_Module__gateObj__C
8f025df4   xdc_runtime_LoggerBuf_Object__count__C
8f025df8   xdc_runtime_LoggerBuf_statusLogger__C
8f025dfc   xdc_runtime_Main_Module__diagsEnabled__C
8f025e00   xdc_runtime_Main_Module__diagsIncluded__C
8f025e04   xdc_runtime_Main_Module__diagsMask__C
8f025e08   xdc_runtime_Main_Module__loggerFxn1__C
8f025e0c   xdc_runtime_Main_Module__loggerFxn2__C
8f025e10   xdc_runtime_Main_Module__loggerFxn4__C
8f025e14   xdc_runtime_Main_Module__loggerObj__C
8f025e18   xdc_runtime_Memory_defaultHeapInstance__C
8f025e1c   xdc_runtime_Registry_Module__diagsEnabled__C
8f025e20   xdc_runtime_Registry_Module__diagsIncluded__C
8f025e24   xdc_runtime_Registry_Module__diagsMask__C
8f025e28   xdc_runtime_Registry_Module__loggerFxn1__C
8f025e2c   xdc_runtime_Registry_Module__loggerFxn2__C
8f025e30   xdc_runtime_Registry_Module__loggerObj__C
8f025e34   xdc_runtime_Startup_execImpl__C
8f025e38   xdc_runtime_Startup_lastFxns__A
8f025e3c   xdc_runtime_Startup_maxPasses__C
8f025e40   xdc_runtime_Startup_sfxnRts__C
8f025e44   xdc_runtime_Startup_sfxnTab__C
8f025e48   xdc_runtime_SysMin_bufSize__C
8f025e4c   xdc_runtime_SysMin_outputFunc__C
8f025e50   xdc_runtime_System_Module__gateObj__C
8f025e54   xdc_runtime_System_extendFxn__C
8f025e58   xdc_runtime_System_maxAtexitHandlers__C
8f025e5c   xdc_runtime_Text_charTab__C
8f025e60   xdc_runtime_Text_nameEmpty__C
8f025e64   xdc_runtime_Text_nameStatic__C
8f025e68   xdc_runtime_Text_nameUnknown__C
8f025e6c   xdc_runtime_Text_nodeTab__C
8f025e70   xdc_runtime_Text_visitRopeFxn__C
8f025e74   ti_sdo_ipc_GateMP_Module__id__C
8f025e78   ti_sdo_ipc_Ipc_generateSlaveDataForHost__C
8f025e7c   ti_sdo_ipc_ListMP_Module__id__C
8f025e80   ti_sdo_ipc_Notify_numLines__C
8f025e84   ti_sdo_ipc_SharedRegion_numEntries__C
8f025e88   ti_sdo_ipc_SharedRegion_translate__C
8f025e8c   ti_sdo_ipc_gates_GatePeterson_Module__id__C
8f025e90   ti_sdo_ipc_heaps_HeapMemMP_Module__id__C
8f025e94   ti_sdo_ipc_nsremote_NameServerRemoteNotify_Module__id__C
8f025e98   ti_sdo_ipc_transports_TransportShm_Module__id__C
8f025e9c   ti_sdo_ipc_transports_TransportShm_notifyEventId__C
8f025ea0   ti_sdo_utils_MultiProc_numProcessors__C
8f025ea4   ti_sdo_utils_MultiProc_numProcsInCluster__C
8f025ea8   ti_sdo_utils_NameServer_Module__id__C
8f025eac   ti_sysbios_family_c64p_Exception_Module__id__C
8f025eb0   ti_sysbios_family_c64p_Hwi_Module__id__C
8f025eb4   ti_sysbios_hal_Hwi_Module__id__C
8f025eb8   ti_sysbios_heaps_HeapMem_Module__id__C
8f025ebc   ti_sysbios_knl_Task_Module__id__C
8f025ec0   ti_sysbios_knl_Task_deleteTerminatedTasks__C
8f025ec4   ti_sysbios_knl_Task_initStackFlag__C
8f025ec8   ti_sysbios_timers_dmtimer_Timer_Module__id__C
8f025ecc   ti_sysbios_timers_dmtimer_Timer_checkFrequency__C
8f025ed0   ti_sysbios_timers_dmtimer_Timer_startupNeeded__C
8f025ed4   xdc_runtime_Core_Module__id__C
8f025ed8   xdc_runtime_Diags_setMaskEnabled__C
8f025edc   xdc_runtime_Error_Module__loggerDefined__C
8f025ee0   xdc_runtime_Error_maxDepth__C
8f025ee4   xdc_runtime_LoggerBuf_Module__id__C
8f025ee8   xdc_runtime_LoggerBuf_filterByLevel__C
8f025eec   xdc_runtime_Main_Module__id__C
8f025ef0   xdc_runtime_Main_Module__loggerDefined__C
8f025ef4   xdc_runtime_Memory_Module__id__C
8f025ef8   xdc_runtime_Registry_Module__loggerDefined__C
8f025efc   xdc_runtime_SysMin_flushAtExit__C
8f025f00   xdc_runtime_Text_charCnt__C
8f025f04   xdc_runtime_Text_isLoaded__C
8f025f08   xdc_runtime_Text_registryModsLastId__C
8f025f0c   xdc_runtime_Text_unnamedModsLastId__C
8f025f10   ti_sdo_ipc_GateMP_Module_State_0_remoteCustom1Gates__A
8f026710   ti_sdo_ipc_GateMP_Module__root__V
8f02671c   ti_sdo_ipc_GateMP_Module__state__V
8f026764   ti_sdo_ipc_Ipc_Module__root__V
8f026768   ti_sdo_ipc_Ipc_Module__state__V
8f026774   ti_sdo_ipc_ListMP_Module__root__V
8f026780   ti_sdo_ipc_ListMP_Module__state__V
8f026784   ti_sdo_ipc_MessageQ_Module__root__V
8f026790   ti_sdo_ipc_MessageQ_Module__state__V
8f0267ac   ti_sdo_ipc_Notify_Module__root__V
8f0267b8   ti_sdo_ipc_Notify_Module__state__V
8f0267c0   ti_sdo_ipc_SharedRegion_Module__root__V
8f0267c4   ti_sdo_ipc_SharedRegion_Module__state__V
8f0267c8   ti_sdo_ipc_family_ti81xx_InterruptDsp_Module__root__V
8f0267cc   ti_sdo_ipc_family_ti81xx_InterruptDsp_Module__state__V
8f0267e8   ti_sdo_ipc_family_ti81xx_NotifySetup_Module__root__V
8f0267ec   ti_sdo_ipc_gates_GateHWSpinlock_Module__root__V
8f0267f8   ti_sdo_ipc_gates_GateMPSupportNull_Module__root__V
8f026804   ti_sdo_ipc_gates_GatePeterson_Module__root__V
8f026810   ti_sdo_ipc_heaps_HeapMemMP_Module__root__V
8f02681c   ti_sdo_ipc_heaps_HeapMemMP_Module__state__V
8f026820   ti_sdo_ipc_notifyDrivers_NotifyDriverShm_Module__root__V
8f02682c   ti_sdo_ipc_nsremote_NameServerRemoteNotify_Module__root__V
8f026838   ti_sdo_ipc_transports_TransportShm_Module__root__V
8f026844   ti_sdo_ipc_transports_TransportShmSetup_Module__root__V
8f026848   ti_sdo_ipc_transports_TransportShmSetup_Module__state__V
8f02684c   ti_sdo_utils_List_Module__root__V
8f026858   ti_sdo_utils_MultiProc_Module__root__V
8f02685a   ti_sdo_utils_MultiProc_Module__state__V
8f026860   ti_sdo_utils_NameServer_Module__root__V
8f02686c   ti_sdo_utils_NameServer_Module__state__V
8f026874   ti_sdo_utils_NameServerRemoteNull_Module__root__V
8f026880   ti_sysbios_BIOS_Module__root__V
8f026884   ti_sysbios_BIOS_Module__state__V
8f0268a4   ti_sysbios_family_c62_IntrinsicsSupport_Module__root__V
8f0268a6   ti_sysbios_family_c62_TaskSupport_Module__root__V
8f0268a8   ti_sysbios_family_c64p_Cache_Module__root__V
8f0268ac   ti_sysbios_family_c64p_Cache_Module__state__V
8f0268b0   ti_sysbios_family_c64p_Exception_Module__root__V
8f0268b4   ti_sysbios_family_c64p_Exception_Module__state__V
8f0268e0   ti_sysbios_family_c64p_Hwi_Module__root__V
8f0268ec   ti_sysbios_family_c64p_Hwi_Module__state__V
8f026954   ti_sysbios_family_c64p_ti81xx_TimerSupport_Module__root__V
8f026958   ti_sysbios_gates_GateAll_Module__root__V
8f026964   ti_sysbios_gates_GateHwi_Module__root__V
8f026970   ti_sysbios_gates_GateMutex_Module__root__V
8f02697c   ti_sysbios_gates_GateMutexPri_Module__root__V
8f026988   ti_sysbios_gates_GateSwi_Module__root__V
8f026994   ti_sysbios_hal_Cache_Module__root__V
8f026998   ti_sysbios_hal_Hwi_Module__root__V
8f0269a4   ti_sysbios_hal_Timer_Module__root__V
8f0269b0   ti_sysbios_heaps_HeapMem_Module__root__V
8f0269bc   ti_sysbios_knl_Clock_Module__root__V
8f0269c8   ti_sysbios_knl_Clock_Module__state__V
8f0269f0   ti_sysbios_knl_Idle_Module__root__V
8f0269f2   ti_sysbios_knl_Intrinsics_Module__root__V
8f0269f4   ti_sysbios_knl_Queue_Module__root__V
8f026a00   ti_sysbios_knl_Semaphore_Module__root__V
8f026a0c   ti_sysbios_knl_Swi_Module__root__V
8f026a18   ti_sysbios_knl_Swi_Module__state__V
8f026a34   ti_sysbios_knl_Task_Module__root__V
8f026a40   ti_sysbios_knl_Task_Module__state__V
8f026a88   ti_sysbios_syncs_SyncSem_Module__root__V
8f026a94   ti_sysbios_timers_dmtimer_Timer_Module__root__V
8f026aa0   ti_sysbios_timers_dmtimer_Timer_Module__state__V
8f026ab8   ti_sysbios_xdcruntime_GateThreadSupport_Module__root__V
8f026ac4   xdc_runtime_Defaults_Module__root__V
8f026ac6   xdc_runtime_Error_Module__root__V
8f026ac8   xdc_runtime_Error_Module__state__V
8f026acc   xdc_runtime_GateNull_Module__root__V
8f026ad4   xdc_runtime_LoggerBuf_Module__root__V
8f026adc   xdc_runtime_LoggerBuf_Module__state__V
8f026ae2   xdc_runtime_Main_Module__root__V
8f026ae4   xdc_runtime_Memory_Module__state__V
8f026ae8   xdc_runtime_Registry_Module__root__V
8f026aec   xdc_runtime_Registry_Module__state__V
8f026af4   xdc_runtime_Startup_Module__state__V
8f026afc   xdc_runtime_SysMin_Module__state__V
8f026b08   xdc_runtime_System_Module__state__V
8f026b14   xdc_runtime_Text_Module__state__V
8f026b1c   xdc_runtime_knl_GateThread_Module__root__V
8f026b28   __xdc__init__addr
8f026b30   xdc_runtime_Diags_dictElems
8f026cd0   ti_sdo_ipc_GateMP_Module_State_0_remoteSystemGates__A
8f026dd0   ti_sdo_utils_NameServer_Object__table__V
8f026eb0   ti_sdo_ipc_SharedRegion_Module_State_0_regions__A
8f026f40   ti_sysbios_knl_Swi_Module_State_0_readyQ__A
8f026fc0   ti_sysbios_knl_Task_Module_State_0_readyQ__A
8f027040   ti_sysbios_timers_dmtimer_Timer_Object__table__V
8f0270a0   ti_sdo_ipc_Ipc_Module_State_0_procEntry__A
8f0270f0   TSK_idle
8f0270f0   ti_sysbios_knl_Task_Object__table__V
8f027140   ti_sysbios_gates_GateMutex_Object__table__V
8f027180   ti_sysbios_knl_Swi_Object__table__V
8f0271b0   ti_sysbios_timers_dmtimer_Timer_Module_State_0_device__A
8f0271d8   xdc_runtime_LoggerBuf_Object__table__V
8f027200   ti_sdo_ipc_MessageQ_Module_State_0_heaps__A
8f027220   ti_sdo_ipc_MessageQ_Module_State_0_transports__A
8f027240   xdc_runtime_System_Module_State_0_atexitHandlers__A
8f027260   ti_sysbios_family_c64p_Hwi_Object__table__V
8f027278   ti_sysbios_gates_GateMutexPri_Object__table__V
8f027290   ti_sysbios_heaps_HeapMem_Object__table__V
8f0272a8   ti_sdo_ipc_Notify_Module_State_0_notifyHandles__A
8f0272b8   ti_sdo_ipc_transports_TransportShmSetup_Module_State_0_handles__A
8f0272c8   ti_sysbios_gates_GateAll_Object__table__V
8f0272d8   _cleanup_ptr
8f0272dc   _dtors_ptr
8f0272e0   __TI_enable_exit_profile_output
8f0272e8   ti_sysbios_gates_GateSwi_Object__table__V
8f0272f8   ti_sysbios_timers_dmtimer_Timer_Module_State_0_handles__A
8f027304   _lock
8f027308   _unlock
8f027310   ti_sysbios_hal_Hwi_Object__table__V
8f027318   ti_sysbios_hal_Timer_Object__table__V
8f027320   ti_sdo_ipc_GateMP_Module_State_0_remoteCustom2Gates__A
8f027328   ti_sdo_ipc_Notify_Module_State_0_notifyHandles_0__A
8f027330   ti_sdo_ipc_Notify_Module_State_0_notifyHandles_1__A
8f027338   ti_sdo_ipc_Notify_Module_State_0_notifyHandles_2__A
8f027340   ti_sdo_ipc_Notify_Module_State_0_notifyHandles_3__A
8f027348   ti_sysbios_gates_GateHwi_Object__table__V
8f027350   ti_sysbios_knl_Task_Module_State_0_idleTask__A
8f027358   xdc_runtime_GateNull_Object__table__V
8f027360   _stack
8f028360   __TI_STACK_END
8f028360   __c_args__
8f0283d4   Syslink_terminateEventId
8f0283d4   __TI_STATIC_BASE
8f0283d8   Syslink_terminateEventLineId
8f028400   ti_sysbios_family_c64p_Hwi0
8f028400   ti_sysbios_family_c64p_Hwi_int0
8f028420   ti_sysbios_family_c64p_Hwi_int1
8f028440   ti_sysbios_family_c64p_Hwi_int2
8f028460   ti_sysbios_family_c64p_Hwi_int3
8f028480   ti_sysbios_family_c64p_Hwi_int4
8f0284a0   ti_sysbios_family_c64p_Hwi_int5
8f0284c0   ti_sysbios_family_c64p_Hwi_int6
8f0284e0   ti_sysbios_family_c64p_Hwi_int7
8f028500   ti_sysbios_family_c64p_Hwi_int8
8f028520   ti_sysbios_family_c64p_Hwi_int9
8f028540   ti_sysbios_family_c64p_Hwi_int10
8f028560   ti_sysbios_family_c64p_Hwi_int11
8f028580   ti_sysbios_family_c64p_Hwi_int12
8f0285a0   ti_sysbios_family_c64p_Hwi_int13
8f0285c0   ti_sysbios_family_c64p_Hwi_int14
8f0285e0   ti_sysbios_family_c64p_Hwi_int15
8f028600   __CIOBUF_
8f028800   _Ipc_ResetVector
8f028808   Ipc_sr0MemorySetup
ffffffff   __TI_pprof_out_hndl
ffffffff   __TI_prof_data_size
ffffffff   __TI_prof_data_start
ffffffff   __binit__
ffffffff   binit

[2208 symbols]


DYNAMIC SYMBOLS: SORTED ALPHABETICALLY BY Name 

address    name
--------   ----
UNDEFED    
8f0270f0   TSK_idle
8f028800   _Ipc_ResetVector
8f028360   __TI_STACK_END
00001000   __TI_STACK_SIZE
8f0283d4   __TI_STATIC_BASE
ffffffff   __TI_pprof_out_hndl
ffffffff   __TI_prof_data_size
ffffffff   __TI_prof_data_start
ffffffff   __binit__
8f028360   __c_args__
00000064   _argsize
ffffffff   binit
00000001   xdc_runtime_Startup__EXECFXN__C
00000001   xdc_runtime_Startup__RESETFXN__C

[15 symbols]


IMPORTED and EXPORTED SYMBOLS: SORTED ALPHABETICALLY BY Name 

IMPORTED SYMBOLS

name                                    Imported from
----                                    -------------

[0 symbols]


EXPORTED SYMBOLS

address    name
--------   ----
8f028800   _Ipc_ResetVector
