******************************************************************************
               TMS320C6x Linker Unix v7.2.7                    
******************************************************************************
>> Linked Tue Nov 27 13:22:23 2012

OUTPUT FILE NAME:   <bin/debug/server_dsp.xe674>
ENTRY POINT SYMBOL: "ti_sysbios_family_c64p_Hwi0"  address: 8f029800


MEMORY CONFIGURATION

         name            origin    length      used     unused   attr    fill
----------------------  --------  ---------  --------  --------  ----  --------
  OCMC_0                40300000   00040000  00000000  00040000  RW X
  OCMC_1                40400000   00040000  00000000  00040000  RW X
  SR_0                  8e000000   00010000  00010000  00000000  RW X
  DSP_PROG              8f000000   01000000  00029ada  00fd6526  RW X


SEGMENT ALLOCATION MAP

run origin  load origin   length   init length attrs members
----------  ----------- ---------- ----------- ----- -------
8f000000    8f000000    0001c520   0001c520    r-x
  8f000000    8f000000    0001c520   0001c520    r-x .text
8f01c520    8f01c520    0000694c   00000000    rw-
  8f01c520    8f01c520    0000694c   00000000    rw- .far
8f022e70    8f022e70    0000444e   0000444e    r--
  8f022e70    8f022e70    0000444e   0000444e    r-- .const
8f0272c0    8f0272c0    0000144c   0000144c    rw-
  8f0272c0    8f0272c0    0000144c   0000144c    rw- .fardata
8f028710    8f028710    00001000   00000000    rw-
  8f028710    8f028710    00001000   00000000    rw- .stack
8f029710    8f029710    00000064   00000064    rw-
  8f029710    8f029710    00000064   00000064    rw- .args
8f029774    8f029774    00000010   00000010    r--
  8f029774    8f029774    00000010   00000010    r-- .switch
8f029784    8f029784    0000000c   0000000c    rw-
  8f029784    8f029784    0000000c   0000000c    rw- .neardata
8f029800    8f029800    00000200   00000200    r-x
  8f029800    8f029800    00000200   00000200    r-x .vecs
8f029a00    8f029a00    00000120   00000000    rw-
  8f029a00    8f029a00    00000120   00000000    rw- .cio
8f029c00    8f029c00    00000034   00000034    r--
  8f029c00    8f029c00    00000034   00000034    r-- ti_sdo_ipc_init


SECTION ALLOCATION MAP

 output                                  attributes/
section   page    origin      length       input sections
--------  ----  ----------  ----------   ----------------
.cinit     0    8f000000    00000000     UNINITIALIZED

.init_array 
*          0    8f000000    00000000     UNINITIALIZED

ti.sdo.ipc.SharedRegion_0 
*          0    8e000000    00010000     NOLOAD SECTION
                  8e000000    00010000     --HOLE--

xdc.meta   0    8f000000    00000100     COPY SECTION
                  8f000000    00000100     Dsp_pe674.oe674 (xdc.meta)

.text      0    8f000000    0001c520     
                  8f000000    00001060     Server.oe674 (.text)
                  8f001060    00000b40     ipc.ae674 : Ipc.obj (.text:ti_sdo_ipc_GateMP_Instance_init__F)
                  8f001ba0    000009a0     ti.targets.rts6000.ae674 : System.oe674 (.text:xdc_runtime_System_doPrint__I)
                  8f002540    000007a0     ipc.ae674 : Ipc.obj (.text:Ipc_attach)
                  8f002ce0    00000780     sysbios.ae674 : BIOS.obj (.text:ti_sysbios_family_c64p_Exception_handler__I)
                  8f003460    00000760     ipc.ae674 : Ipc.obj (.text:Ipc_detach)
                  8f003bc0    00000700               : Ipc.obj (.text:ti_sdo_ipc_transports_TransportShm_Instance_init__F)
                  8f0042c0    000006a0     main_dsp.oe674 (.text)
                  8f004960    000004e0     ipc.ae674 : Ipc.obj (.text:ti_sdo_ipc_heaps_HeapMemMP_Instance_init__F)
                  8f004e40    000004c0               : Ipc.obj (.text:ti_sdo_ipc_ListMP_Instance_init__F)
                  8f005300    00000460               : Ipc.obj (.text:ti_sdo_ipc_GateMP_setRegion0Reserved__F)
                  8f005760    00000460               : Ipc.obj (.text:ti_sdo_ipc_nsremote_NameServerRemoteNotify_get__F)
                  8f005bc0    000003e0               : Ipc.obj (.text:ti_sdo_ipc_GateMP_Instance_finalize__F)
                  8f005fa0    000003c0               : Ipc.obj (.text:ti_sdo_ipc_heaps_HeapMemMP_alloc__E)
                  8f006360    000003a0               : Ipc.obj (.text:NameServer_add)
                  8f006700    00000380               : Ipc.obj (.text:ti_sdo_ipc_heaps_HeapMemMP_free__E)
                  8f006a80    00000380     ti.targets.rts6000.ae674 : Diags.oe674 (.text:xdc_runtime_Diags_setMask__F)
                  8f006e00    00000340     sysbios.ae674 : BIOS.obj (.text:deviceConfig$49)
                  8f007140    00000320                   : BIOS.obj (.text:ti_sysbios_knl_Semaphore_pend__E)
                  8f007460    000002e0     ipc.ae674 : Ipc.obj (.text:ListMP_getHead)
                  8f007740    000002e0               : Ipc.obj (.text:ti_sdo_ipc_nsremote_NameServerRemoteNotify_Instance_init__F)
                  8f007a20    000002e0     sysbios.ae674 : BIOS.obj (.text:ti_sysbios_knl_Task_Instance_finalize__F)
                  8f007d00    000002a0     ipc.ae674 : Ipc.obj (.text:ti_sdo_ipc_Ipc_procSyncStart__I)
                  8f007fa0    000002a0               : Ipc.obj (.text:ti_sdo_ipc_transports_TransportShm_Instance_finalize__F)
                  8f008240    000002a0     sysbios.ae674 : BIOS.obj (.text:ti_sysbios_timers_dmtimer_Timer_checkFreq__I)
                  8f0084e0    00000280     ipc.ae674 : Ipc.obj (.text:Ipc_start)
                  8f008760    00000280               : Ipc.obj (.text:ListMP_putTail)
                  8f0089e0    00000280               : Ipc.obj (.text:ListMP_remove)
                  8f008c60    00000280               : Ipc.obj (.text:ti_sdo_ipc_gates_GatePeterson_Instance_init__F)
                  8f008ee0    00000280     ti.targets.rts6000.ae674 : Core-mem.oe674 (.text:xdc_runtime_Core_createObject__I)
                  8f009160    00000280                              : Error.oe674 (.text:xdc_runtime_Error_raiseX__F)
                  8f0093e0    00000280     Dsp_pe674.oe674 (.text:xdc_runtime_System_printfExtend__I)
                  8f009660    00000260     ipc.ae674 : Ipc.obj (.text:GateMP_openByAddr)
                  8f0098c0    00000260     rts6740_elf.lib : imath64.obj (.text:__c6xabi_divull)
                  8f009b20    00000260     sysbios.ae674 : BIOS.obj (.text:ti_sysbios_timers_dmtimer_Timer_setPeriodMicroSecs__E)
                  8f009d80    00000260     ti.targets.rts6000.ae674 : Startup.oe674 (.text:xdc_runtime_Startup_startMods__I)
                  8f009fe0    00000240     ipc.ae674 : Ipc.obj (.text:Notify_unregisterEvent)
                  8f00a220    00000240               : Ipc.obj (.text:ti_sdo_ipc_heaps_HeapMemMP_getStats__E)
                  8f00a460    00000240     sysbios.ae674 : BIOS.obj (.text:ti_sysbios_family_c64p_Exception_internalHandler__I)
                  8f00a6a0    00000240     ti.targets.rts6000.ae674 : LoggerBuf.oe674 (.text:xdc_runtime_LoggerBuf_write8__F)
                  8f00a8e0    00000200     sysbios.ae674 : c64p_Hwi_disp_always.obj (.text:_ti_sysbios_family_c64p_Hwi_dispatchAlways)
                  8f00aae0    00000200     ipc.ae674 : Ipc.obj (.text:ti_sdo_ipc_Ipc_procSyncFinish__I)
                  8f00ace0    00000200               : Ipc.obj (.text:ti_sdo_ipc_notifyDrivers_NotifyDriverShm_Instance_init__F)
                  8f00aee0    00000200               : Ipc.obj (.text:ti_sdo_ipc_notifyDrivers_NotifyDriverShm_sendEvent__E)
                  8f00b0e0    00000200               : Ipc.obj (.text:ti_sdo_ipc_nsremote_NameServerRemoteNotify_swiFxn__I)
                  8f00b2e0    00000200     sysbios.ae674 : BIOS.obj (.text:ti_sysbios_family_c64p_Hwi_reconfig__E)
                  8f00b4e0    00000200                   : BIOS.obj (.text:ti_sysbios_gates_GateMutexPri_enter__E)
                  8f00b6e0    000001e0     ipc.ae674 : Ipc.obj (.text:GateMP_sharedMemReq)
                  8f00b8c0    000001e0               : Ipc.obj (.text:ListMP_openByAddr)
                  8f00baa0    000001e0     sysbios.ae674 : BIOS.obj (.text:ti_sysbios_knl_Task_exit__E)
                  8f00bc80    000001e0                   : BIOS.obj (.text:ti_sysbios_knl_Task_postInit__I)
                  8f00be60    000001c0                   : BIOS.obj (.text:block$58)
                  8f00c020    000001c0     ipc.ae674 : Ipc.obj (.text:ti_sdo_ipc_GateMP_getFreeResource__I)
                  8f00c1e0    000001c0               : Ipc.obj (.text:ti_sdo_ipc_heaps_HeapMemMP_postInit__I)
                  8f00c3a0    000001c0     sysbios.ae674 : BIOS.obj (.text:ti_sysbios_knl_Task_checkStacks__E)
                  8f00c560    000001a0     ipc.ae674 : Ipc.obj (.text:Ipc_writeConfig)
                  8f00c700    000001a0               : Ipc.obj (.text:ti_sdo_ipc_notifyDrivers_NotifyDriverShm_registerEvent__E)
                  8f00c8a0    000001a0               : Ipc.obj (.text:ti_sdo_ipc_notifyDrivers_NotifyDriverShm_unregisterEvent__E)
                  8f00ca40    000001a0     sysbios.ae674 : BIOS.obj (.text:ti_sysbios_knl_Task_Instance_init__F)
                  8f00cbe0    000001a0     ti.targets.rts6000.ae674 : LoggerBuf.oe674 (.text:xdc_runtime_LoggerBuf_write4__F)
                  8f00cd80    00000180     ipc.ae674 : Ipc.obj (.text:NameServer_getHandle)
                  8f00cf00    00000180     sysbios.ae674 : c64p_Exception_asm.obj (.text)
                  8f00d080    00000180     ipc.ae674 : Ipc.obj (.text:ti_sdo_ipc_family_ti81xx_InterruptDsp_intRegister__E)
                  8f00d200    00000180               : Ipc.obj (.text:ti_sdo_ipc_family_ti81xx_InterruptDsp_intUnregister__E)
                  8f00d380    00000180               : Ipc.obj (.text:ti_sdo_ipc_gates_GatePeterson_enter__E)
                  8f00d500    00000180               : Ipc.obj (.text:ti_sdo_ipc_notifyDrivers_NotifyDriverShm_isr__I)
                  8f00d680    00000180     sysbios.ae674 : BIOS.obj (.text:ti_sysbios_heaps_HeapMem_alloc__E)
                  8f00d800    00000180                   : BIOS.obj (.text:ti_sysbios_knl_Swi_schedule__I)
                  8f00d980    00000180                   : BIOS.obj (.text:ti_sysbios_knl_Task_setPri__E)
                  8f00db00    00000180     ti.targets.rts6000.ae674 : Text.oe674 (.text:xdc_runtime_Text_putSite__F)
                  8f00dc80    00000160     ipc.ae674 : Ipc.obj (.text:ti_sdo_ipc_GateMP_openRegion0Reserved__F)
                  8f00dde0    00000160               : Ipc.obj (.text:ti_sdo_ipc_ListMP_Instance_finalize__F)
                  8f00df40    00000160               : Ipc.obj (.text:ti_sdo_ipc_Notify_Instance_init__F)
                  8f00e0a0    00000160               : Ipc.obj (.text:ti_sdo_ipc_family_ti81xx_NotifySetup_attach__E)
                  8f00e200    00000160               : Ipc.obj (.text:ti_sdo_ipc_heaps_HeapMemMP_Instance_finalize__F)
                  8f00e360    00000160               : Ipc.obj (.text:ti_sdo_utils_NameServer_removeLocal__I)
                  8f00e4c0    00000160     sysbios.ae674 : BIOS.obj (.text:ti_sysbios_family_c64p_Hwi_dispatchC__I)
                  8f00e620    00000160                   : BIOS.obj (.text:ti_sysbios_knl_Task_schedule__I)
                  8f00e780    00000160                   : BIOS.obj (.text:ti_sysbios_knl_Task_startCore__E)
                  8f00e8e0    00000160                   : BIOS.obj (.text:ti_sysbios_timers_dmtimer_Timer_start__E)
                  8f00ea40    00000140     ipc.ae674 : Ipc.obj (.text:HeapMemMP_openByAddr)
                  8f00eb80    00000140               : Ipc.obj (.text:MessageQ_put)
                  8f00ecc0    00000140               : Ipc.obj (.text:Notify_registerEvent)
                  8f00ee00    00000140     boot.ae674 : autoinit.oe674 (.text:_auto_init_elf)
                  8f00ef40    00000140     ipc.ae674 : Ipc.obj (.text:ti_sdo_ipc_SharedRegion_start__F)
                  8f00f080    00000140               : Ipc.obj (.text:ti_sdo_ipc_family_ti81xx_InterruptDsp_intShmStub__I)
                  8f00f1c0    00000140               : Ipc.obj (.text:ti_sdo_ipc_notifyDrivers_NotifyDriverShm_disableEvent__E)
                  8f00f300    00000140               : Ipc.obj (.text:ti_sdo_ipc_transports_TransportShm_openByAddr__F)
                  8f00f440    00000140               : Ipc.obj (.text:ti_sdo_ipc_transports_TransportShm_put__E)
                  8f00f580    00000140     sysbios.ae674 : BIOS.obj (.text:ti_sysbios_family_c64p_Hwi_Module_startup__F)
                  8f00f6c0    00000140                   : BIOS.obj (.text:ti_sysbios_heaps_HeapMem_free__E)
                  8f00f800    00000140                   : BIOS.obj (.text:ti_sysbios_knl_Task_Module_startup__F)
                  8f00f940    00000140                   : BIOS.obj (.text:ti_sysbios_knl_Task_sleep__E)
                  8f00fa80    00000120     ipc.ae674 : Ipc.obj (.text:HeapMemMP_sharedMemReq)
                  8f00fba0    00000120     sysbios.ae674 : BIOS.obj (.text:initDevice$49)
                  8f00fcc0    00000120     ipc.ae674 : Ipc.obj (.text:ti_sdo_ipc_MessageQ_Module_startup__F)
                  8f00fde0    00000120     Dsp_pe674.oe674 (.text:ti_sdo_ipc_Notify_Object__create__S)
                  8f00ff00    00000120     Dsp_pe674.oe674 (.text:ti_sdo_ipc_gates_GatePeterson_Object__create__S)
                  8f010020    00000120     Dsp_pe674.oe674 (.text:ti_sdo_ipc_nsremote_NameServerRemoteNotify_Object__create__S)
                  8f010140    00000120     Dsp_pe674.oe674 (.text:ti_sdo_ipc_transports_TransportShm_Object__create__S)
                  8f010260    00000120     ipc.ae674 : Ipc.obj (.text:ti_sdo_ipc_transports_TransportShm_sharedMemReq__F)
                  8f010380    00000120     sysbios.ae674 : BIOS.obj (.text:ti_sysbios_family_c64p_Cache_Module_startup__F)
                  8f0104a0    00000120     Dsp_pe674.oe674 (.text:ti_sysbios_family_c64p_Hwi_Object__create__S)
                  8f0105c0    00000120     sysbios.ae674 : BIOS.obj (.text:ti_sysbios_knl_Clock_workFunc__E)
                  8f0106e0    00000120     Dsp_pe674.oe674 (.text:ti_sysbios_knl_Swi_Object__create__S)
                  8f010800    00000120     Dsp_pe674.oe674 (.text:ti_sysbios_knl_Task_Object__create__S)
                  8f010920    00000120     sysbios.ae674 : BIOS.obj (.text:ti_sysbios_timers_dmtimer_Timer_Module_startup__F)
                  8f010a40    00000120     ti.targets.rts6000.ae674 : LoggerBuf.oe674 (.text:xdc_runtime_LoggerBuf_setFilterLevel__F)
                  8f010b60    00000120                              : Text.oe674 (.text:xdc_runtime_Text_putLab__F)
                  8f010c80    00000100     ipc.ae674 : Ipc.obj (.text:ListMP_sharedMemReq)
                  8f010d80    00000100               : Ipc.obj (.text:Notify_registerEventSingle)
                  8f010e80    00000100               : Ipc.obj (.text:Notify_sendEvent)
                  8f010f80    00000100               : Ipc.obj (.text:Notify_unregisterEventSingle)
                  8f011080    00000100     Dsp_pe674.oe674 (.text:ti_sdo_ipc_GateMP_Object__create__S)
                  8f011180    00000100     ipc.ae674 : Ipc.obj (.text:ti_sdo_ipc_GateMP_start__F)
                  8f011280    00000100     Dsp_pe674.oe674 (.text:ti_sdo_ipc_ListMP_Object__create__S)
                  8f011380    00000100     ipc.ae674 : Ipc.obj (.text:ti_sdo_ipc_Notify_Instance_finalize__F)
                  8f011480    00000100               : Ipc.obj (.text:ti_sdo_ipc_SharedRegion_attach__F)
                  8f011580    00000100               : Ipc.obj (.text:ti_sdo_ipc_SharedRegion_clearReservedMemory__F)
                  8f011680    00000100     Dsp_pe674.oe674 (.text:ti_sdo_ipc_heaps_HeapMemMP_Object__create__S)
                  8f011780    00000100     Dsp_pe674.oe674 (.text:ti_sdo_ipc_notifyDrivers_NotifyDriverShm_Object__create__S)
                  8f011880    00000100     ipc.ae674 : Ipc.obj (.text:ti_sdo_ipc_nsremote_NameServerRemoteNotify_Instance_finalize__F)
                  8f011980    00000100               : Ipc.obj (.text:ti_sdo_ipc_transports_TransportShmSetup_attach__E)
                  8f011a80    00000100               : Ipc.obj (.text:ti_sdo_utils_NameServer_findLocal__I)
                  8f011b80    00000100     sysbios.ae674 : BIOS.obj (.text:ti_sysbios_gates_GateMutexPri_leave__E)
                  8f011c80    00000100                   : BIOS.obj (.text:ti_sysbios_knl_Swi_restoreHwi__E)
                  8f011d80    00000100                   : BIOS.obj (.text:ti_sysbios_timers_dmtimer_Timer_setNextTick__E)
                  8f011e80    00000100     ti.targets.rts6000.ae674 : Core-mem.oe674 (.text:xdc_runtime_Core_deleteObject__I)
                  8f011f80    00000100     Dsp_pe674.oe674 (.text:xdc_runtime_LoggerBuf_Object__create__S)
                  8f012080    00000100     ti.targets.rts6000.ae674 : LoggerBuf.oe674 (.text:xdc_runtime_LoggerBuf_getFilterLevel__F)
                  8f012180    00000100     Dsp_pe674.oe674 (.text:xdc_runtime_Registry_findByNamePattern__E)
                  8f012280    00000100     ti.targets.rts6000.ae674 : Startup.oe674 (.text:xdc_runtime_Startup_exec__F)
                  8f012380    00000100                              : Text.oe674 (.text:xdc_runtime_Text_putMod__F)
                  8f012480    00000100                              : Text.oe674 (.text:xdc_runtime_Text_visitRope2__I)
                  8f012580    00000100     Dsp_pe674.oe674 (.text:xdc_runtime_knl_GateThread_Object__create__S)
                  8f012680    000000e0     ipc.ae674 : Ipc.obj (.text:NameServer_getLocal)
                  8f012760    000000e0     rts6740_elf.lib : exit.obj (.text:exit)
                  8f012840    000000e0                     : memset.obj (.text:memset)
                  8f012920    000000e0     ipc.ae674 : Ipc.obj (.text:ti_sdo_ipc_Ipc_getMasterAddr__I)
                  8f012a00    000000e0               : Ipc.obj (.text:ti_sdo_ipc_Ipc_getSlaveAddr__I)
                  8f012ae0    000000e0               : Ipc.obj (.text:ti_sdo_ipc_Notify_detach__F)
                  8f012bc0    000000e0               : Ipc.obj (.text:ti_sdo_ipc_SharedRegion_reserveMemory__F)
                  8f012ca0    000000e0               : Ipc.obj (.text:ti_sdo_ipc_gates_GateHWSpinlock_Module_startup__F)
                  8f012d80    000000e0               : Ipc.obj (.text:ti_sdo_ipc_gates_GateHWSpinlock_enter__E)
                  8f012e60    000000e0               : Ipc.obj (.text:ti_sdo_ipc_gates_GatePeterson_sharedMemReq__E)
                  8f012f40    000000e0               : Ipc.obj (.text:ti_sdo_utils_NameServer_Module_startup__F)
                  8f013020    000000e0     sysbios.ae674 : BIOS.obj (.text:ti_sysbios_family_c64p_Hwi_Instance_finalize__F)
                  8f013100    000000e0                   : BIOS.obj (.text:ti_sysbios_family_c64p_Hwi_Instance_init__F)
                  8f0131e0    000000e0                   : BIOS.obj (.text:ti_sysbios_knl_Clock_startI__E)
                  8f0132c0    000000e0                   : BIOS.obj (.text:ti_sysbios_knl_Task_unblockI__E)
                  8f0133a0    000000e0                   : BIOS.obj (.text:ti_sysbios_timers_dmtimer_Timer_startup__E)
                  8f013480    000000e0     ti.targets.rts6000.ae674 : Error.oe674 (.text:xdc_runtime_Error_print__F)
                  8f013560    000000e0                              : Memory.oe674 (.text:xdc_runtime_Memory_alloc__F)
                  8f013640    000000e0     Dsp_pe674.oe674 (.text:xdc_runtime_Registry_addModule__E)
                  8f013720    000000e0     Dsp_pe674.oe674 (.text:xdc_runtime_Registry_findById__E)
                  8f013800    000000c0     rts6740_elf.lib : trgdrv.obj (.text:HOSTwrite)
                  8f0138c0    000000c0     ipc.ae674 : Ipc.obj (.text:ListMP_create)
                  8f013980    000000c0               : Ipc.obj (.text:MultiProc_getId)
                  8f013a40    000000c0               : Ipc.obj (.text:SharedRegion_getId)
                  8f013b00    000000c0     rts6740_elf.lib : dtor_list.obj (.text:__cxa_finalize)
                  8f013bc0    000000c0                     : divu.obj (.text:__divu)
                  8f013c80    000000c0     ipc.ae674 : Ipc.obj (.text:ti_sdo_ipc_GateMP_attach__F)
                  8f013d40    000000c0               : Ipc.obj (.text:ti_sdo_ipc_ListMP_elemClear__I)
                  8f013e00    000000c0               : Ipc.obj (.text:ti_sdo_ipc_Notify_execMany__I)
                  8f013ec0    000000c0               : Ipc.obj (.text:ti_sdo_ipc_family_ti81xx_InterruptDsp_intSend__E)
                  8f013f80    000000c0               : Ipc.obj (.text:ti_sdo_ipc_gates_GatePeterson_postInit__I)
                  8f014040    000000c0               : Ipc.obj (.text:ti_sdo_ipc_nsremote_NameServerRemoteNotify_attach__E)
                  8f014100    000000c0               : Ipc.obj (.text:ti_sdo_utils_NameServer_postInit__I)
                  8f0141c0    000000c0     sysbios.ae674 : BIOS.obj (.text:ti_sysbios_BIOS_errorRaiseHook__I)
                  8f014280    000000c0                   : BIOS.obj (.text:ti_sysbios_heaps_HeapMem_getStats__E)
                  8f014340    000000c0                   : BIOS.obj (.text:ti_sysbios_knl_Semaphore_post__E)
                  8f014400    000000c0                   : BIOS.obj (.text:ti_sysbios_knl_Swi_run__I)
                  8f0144c0    000000c0                   : BIOS.obj (.text:ti_sysbios_knl_Task_allBlockedFunction__I)
                  8f014580    000000c0                   : BIOS.obj (.text:ti_sysbios_timers_dmtimer_Timer_getExpiredCounts__E)
                  8f014640    000000c0                   : BIOS.obj (.text:ti_sysbios_timers_dmtimer_Timer_stop__E)
                  8f014700    000000c0     ti.targets.rts6000.ae674 : LoggerBuf.oe674 (.text:xdc_runtime_LoggerBuf_Instance_init__F)
                  8f0147c0    000000c0                              : System.oe674 (.text:xdc_runtime_System_formatNum__I)
                  8f014880    000000c0                              : Text.oe674 (.text:xdc_runtime_Text_matchVisFxn__I)
                  8f014940    000000a0     ipc.ae674 : Ipc.obj (.text:HeapMemMP_create)
                  8f0149e0    000000a0               : Ipc.obj (.text:SharedRegion_getSRPtr)
                  8f014a80    000000a0     rts6740_elf.lib : remu.obj (.text:__remu)
                  8f014b20    000000a0     boot.ae674 : boot.oe674 (.text:_c_int00)
                  8f014bc0    000000a0     sysbios.ae674 : c64p_Hwi_asm.obj (.text:_ti_sysbios_family_c64p_Hwi_plug__E)
                  8f014c60    000000a0     Dsp_pe674.oe674 (.text:malloc)
                  8f014d00    000000a0     rts6740_elf.lib : memcpy64.obj (.text:memcpy)
                  8f014da0    000000a0     sysbios.ae674 : BIOS.obj (.text:processVitalTaskFlag$6)
                  8f014e40    000000a0     ipc.ae674 : Ipc.obj (.text:ti_sdo_ipc_GateMP_getRegion0ReservedSize__F)
                  8f014ee0    000000a0               : Ipc.obj (.text:ti_sdo_ipc_family_ti81xx_InterruptDsp_intClear__E)
                  8f014f80    000000a0               : Ipc.obj (.text:ti_sdo_ipc_family_ti81xx_InterruptDsp_intDisable__E)
                  8f015020    000000a0               : Ipc.obj (.text:ti_sdo_ipc_family_ti81xx_InterruptDsp_intEnable__E)
                  8f0150c0    000000a0               : Ipc.obj (.text:ti_sdo_ipc_family_ti81xx_NotifySetup_sharedMemReq__E)
                  8f015160    000000a0     Dsp_pe674.oe674 (.text:ti_sdo_ipc_gates_GateHWSpinlock_Object__create__S)
                  8f015200    000000a0     Dsp_pe674.oe674 (.text:ti_sdo_ipc_gates_GateMPSupportNull_Object__create__S)
                  8f0152a0    000000a0     ipc.ae674 : Ipc.obj (.text:ti_sdo_ipc_gates_GatePeterson_leave__E)
                  8f015340    000000a0               : Ipc.obj (.text:ti_sdo_ipc_notifyDrivers_NotifyDriverShm_Instance_finalize__F)
                  8f0153e0    000000a0               : Ipc.obj (.text:ti_sdo_ipc_transports_TransportShmSetup_detach__E)
                  8f015480    000000a0     sysbios.ae674 : BIOS.obj (.text:ti_sysbios_heaps_HeapMem_init__I)
                  8f015520    000000a0                   : BIOS.obj (.text:ti_sysbios_knl_Clock_Instance_init__F)
                  8f0155c0    000000a0     Dsp_pe674.oe674 (.text:ti_sysbios_knl_Clock_Object__create__S)
                  8f015660    000000a0     sysbios.ae674 : BIOS.obj (.text:ti_sysbios_knl_Idle_run__E)
                  8f015700    000000a0     Dsp_pe674.oe674 (.text:ti_sysbios_knl_Semaphore_Object__create__S)
                  8f0157a0    000000a0     sysbios.ae674 : BIOS.obj (.text:ti_sysbios_knl_Swi_Instance_init__F)
                  8f015840    000000a0                   : BIOS.obj (.text:ti_sysbios_knl_Swi_post__E)
                  8f0158e0    000000a0     ti.targets.rts6000.ae674 : Assert.oe674 (.text:xdc_runtime_Assert_raise__I)
                  8f015980    000000a0                              : LoggerBuf.oe674 (.text:xdc_runtime_LoggerBuf_Module_startup__F)
                  8f015a20    000000a0                              : Registry.oe674 (.text:xdc_runtime_Registry_addModule__F)
                  8f015ac0    000000a0                              : Registry.oe674 (.text:xdc_runtime_Registry_findByName__F)
                  8f015b60    000000a0                              : SysMin.oe674 (.text:xdc_runtime_SysMin_abort__F)
                  8f015c00    000000a0                              : SysMin.oe674 (.text:xdc_runtime_SysMin_flush__F)
                  8f015ca0    000000a0                              : SysMin.oe674 (.text:xdc_runtime_SysMin_putch__F)
                  8f015d40    00000080     ipc.ae674 : Ipc.obj (.text:GateMP_close)
                  8f015dc0    00000080               : Ipc.obj (.text:HeapMemMP_getRTSCParams$9)
                  8f015e40    00000080               : Ipc.obj (.text:HeapMemMP_restore)
                  8f015ec0    00000080               : Ipc.obj (.text:Ipc_stop)
                  8f015f40    00000080     rts6740_elf.lib : llshift.obj (.text:__c6xabi_llshl)
                  8f015fc0    00000080     sysbios.ae674 : c62_TaskSupport_asm.obj (.text:_ti_sysbios_family_c62_TaskSupport_swap__E)
                  8f016040    00000080     rts6740_elf.lib : dtor_list.obj (.text:atexit)
                  8f0160c0    00000080                     : trgmsg.obj (.text:readmsg)
                  8f016140    00000080     ipc.ae674 : Ipc.obj (.text:ti_sdo_ipc_Notify_Module_startup__F)
                  8f0161c0    00000080               : Ipc.obj (.text:ti_sdo_ipc_notifyDrivers_NotifyDriverShm_sharedMemReq__F)
                  8f016240    00000080               : Ipc.obj (.text:ti_sdo_ipc_nsremote_NameServerRemoteNotify_detach__E)
                  8f0162c0    00000080               : Ipc.obj (.text:ti_sdo_ipc_transports_TransportShm_swiFxn__I)
                  8f016340    00000080     Dsp_pe674.oe674 (.text:ti_sdo_utils_List_Object__create__S)
                  8f0163c0    00000080     Dsp_pe674.oe674 (.text:ti_sysbios_BIOS_exitFunc__I)
                  8f016440    00000080     sysbios.ae674 : BIOS.obj (.text:ti_sysbios_family_c62_TaskSupport_start__E)
                  8f0164c0    00000080                   : BIOS.obj (.text:ti_sysbios_family_c64p_Hwi_eventMap__E)
                  8f016540    00000080     Dsp_pe674.oe674 (.text:ti_sysbios_gates_GateAll_Object__create__S)
                  8f0165c0    00000080     Dsp_pe674.oe674 (.text:ti_sysbios_gates_GateHwi_Object__create__S)
                  8f016640    00000080     Dsp_pe674.oe674 (.text:ti_sysbios_gates_GateMutexPri_Object__create__S)
                  8f0166c0    00000080     Dsp_pe674.oe674 (.text:ti_sysbios_gates_GateMutex_Object__create__S)
                  8f016740    00000080     sysbios.ae674 : BIOS.obj (.text:ti_sysbios_gates_GateMutex_enter__E)
                  8f0167c0    00000080     Dsp_pe674.oe674 (.text:ti_sysbios_gates_GateSwi_Object__create__S)
                  8f016840    00000080     sysbios.ae674 : BIOS.obj (.text:ti_sysbios_heaps_HeapMem_Instance_init__F)
                  8f0168c0    00000080     Dsp_pe674.oe674 (.text:ti_sysbios_heaps_HeapMem_Object__create__S)
                  8f016940    00000080     sysbios.ae674 : BIOS.obj (.text:ti_sysbios_knl_Clock_Module_startup__F)
                  8f0169c0    00000080     Dsp_pe674.oe674 (.text:ti_sysbios_knl_Clock_doTick__I)
                  8f016a40    00000080     sysbios.ae674 : BIOS.obj (.text:ti_sysbios_knl_Clock_getTicks__E)
                  8f016ac0    00000080     Dsp_pe674.oe674 (.text:ti_sysbios_knl_Queue_Object__create__S)
                  8f016b40    00000080     sysbios.ae674 : BIOS.obj (.text:ti_sysbios_knl_Swi_restore__E)
                  8f016bc0    00000080                   : BIOS.obj (.text:ti_sysbios_knl_Swi_startup__E)
                  8f016c40    00000080                   : BIOS.obj (.text:ti_sysbios_knl_Task_restore__E)
                  8f016cc0    00000080                   : BIOS.obj (.text:ti_sysbios_knl_Task_yield__E)
                  8f016d40    00000080     Dsp_pe674.oe674 (.text:ti_sysbios_xdcruntime_GateThreadSupport_Object__create__S)
                  8f016dc0    00000080     ti.targets.rts6000.ae674 : Core-label.oe674 (.text:xdc_runtime_Core_assignLabel__I)
                  8f016e40    00000080                              : Core-params.oe674 (.text:xdc_runtime_Core_assignParams__I)
                  8f016ec0    00000080                              : LoggerBuf.oe674 (.text:xdc_runtime_LoggerBuf_filterOutEvent__I)
                  8f016f40    00000080                              : Registry.oe674 (.text:xdc_runtime_Registry_findByNamePattern__F)
                  8f016fc0    00000080                              : Registry.oe674 (.text:xdc_runtime_Registry_matchPattern__I)
                  8f017040    00000080     Dsp_pe674.oe674 (.text:xdc_runtime_SysMin_output__I)
                  8f0170c0    00000080     ti.targets.rts6000.ae674 : System.oe674 (.text:xdc_runtime_System_atexit__F)
                  8f017140    00000080                              : System.oe674 (.text:xdc_runtime_System_rtsExit__I)
                  8f0171c0    00000080                              : Text.oe674 (.text:xdc_runtime_Text_printVisFxn__I)
                  8f017240    00000080                              : Text.oe674 (.text:xdc_runtime_Text_xprintf__I)
                  8f0172c0    00000060     ipc.ae674 : Ipc.obj (.text:GateMP_Params_init)
                  8f017320    00000060               : Ipc.obj (.text:HeapMemMP_Params_init)
                  8f017380    00000060               : Ipc.obj (.text:Notify_numIntLines)
                  8f0173e0    00000060               : Ipc.obj (.text:Notify_sharedMemReq)
                  8f017440    00000060     rts6740_elf.lib : imath64.obj (.text:_subcull)
                  8f0174a0    00000060     sysbios.ae674 : BIOS.obj (.text:all$58)
                  8f017500    00000060                   : BIOS.obj (.text:marInit$58)
                  8f017560    00000060                   : BIOS.obj (.text:rtsUnlock$0)
                  8f0175c0    00000060     rts6740_elf.lib : strpbrk.obj (.text:strpbrk)
                  8f017620    00000060     Dsp_pe674.oe674 (.text:ti_sdo_ipc_GateMP_Object__delete__S)
                  8f017680    00000060     Dsp_pe674.oe674 (.text:ti_sdo_ipc_GateMP_RemoteCustom1Proxy_Object__delete__S)
                  8f0176e0    00000060     Dsp_pe674.oe674 (.text:ti_sdo_ipc_GateMP_RemoteCustom2Proxy_Object__delete__S)
                  8f017740    00000060     Dsp_pe674.oe674 (.text:ti_sdo_ipc_GateMP_RemoteSystemProxy_Object__delete__S)
                  8f0177a0    00000060     ipc.ae674 : Ipc.obj (.text:ti_sdo_ipc_GateMP_createLocal__F)
                  8f017800    00000060               : Ipc.obj (.text:ti_sdo_ipc_Ipc_getRegion0ReservedSize__I)
                  8f017860    00000060     Dsp_pe674.oe674 (.text:ti_sdo_ipc_ListMP_Object__delete__S)
                  8f0178c0    00000060     Dsp_pe674.oe674 (.text:ti_sdo_ipc_Notify_Object__delete__S)
                  8f017920    00000060     Dsp_pe674.oe674 (.text:ti_sdo_ipc_gates_GateHWSpinlock_Handle__label__S)
                  8f017980    00000060     Dsp_pe674.oe674 (.text:ti_sdo_ipc_gates_GateHWSpinlock_Object__delete__S)
                  8f0179e0    00000060     Dsp_pe674.oe674 (.text:ti_sdo_ipc_gates_GateMPSupportNull_Handle__label__S)
                  8f017a40    00000060     Dsp_pe674.oe674 (.text:ti_sdo_ipc_gates_GateMPSupportNull_Object__delete__S)
                  8f017aa0    00000060     Dsp_pe674.oe674 (.text:ti_sdo_ipc_gates_GatePeterson_Handle__label__S)
                  8f017b00    00000060     ipc.ae674 : Ipc.obj (.text:ti_sdo_ipc_gates_GatePeterson_Instance_finalize__F)
                  8f017b60    00000060     Dsp_pe674.oe674 (.text:ti_sdo_ipc_gates_GatePeterson_Object__delete__S)
                  8f017bc0    00000060     Dsp_pe674.oe674 (.text:ti_sdo_ipc_heaps_HeapMemMP_Handle__label__S)
                  8f017c20    00000060     Dsp_pe674.oe674 (.text:ti_sdo_ipc_heaps_HeapMemMP_Object__delete__S)
                  8f017c80    00000060     Dsp_pe674.oe674 (.text:ti_sdo_ipc_notifyDrivers_NotifyDriverShm_Handle__label__S)
                  8f017ce0    00000060     Dsp_pe674.oe674 (.text:ti_sdo_ipc_notifyDrivers_NotifyDriverShm_Object__delete__S)
                  8f017d40    00000060     ipc.ae674 : Ipc.obj (.text:ti_sdo_ipc_notifyDrivers_NotifyDriverShm_enableEvent__E)
                  8f017da0    00000060               : Ipc.obj (.text:ti_sdo_ipc_notifyDrivers_NotifyDriverShm_setNotifyHandle__E)
                  8f017e00    00000060     Dsp_pe674.oe674 (.text:ti_sdo_ipc_nsremote_NameServerRemoteNotify_Handle__label__S)
                  8f017e60    00000060     Dsp_pe674.oe674 (.text:ti_sdo_ipc_nsremote_NameServerRemoteNotify_Object__delete__S)
                  8f017ec0    00000060     ipc.ae674 : Ipc.obj (.text:ti_sdo_ipc_transports_TransportShmSetup_sharedMemReq__E)
                  8f017f20    00000060     Dsp_pe674.oe674 (.text:ti_sdo_ipc_transports_TransportShm_Handle__label__S)
                  8f017f80    00000060     Dsp_pe674.oe674 (.text:ti_sdo_ipc_transports_TransportShm_Object__delete__S)
                  8f017fe0    00000060     sysbios.ae674 : BIOS.obj (.text:ti_sysbios_BIOS_registerRTSLock__I)
                  8f018040    00000060                   : BIOS.obj (.text:ti_sysbios_family_c64p_Cache_setMar__E)
                  8f0180a0    00000060                   : BIOS.obj (.text:ti_sysbios_family_c64p_Cache_wait__E)
                  8f018100    00000060                   : BIOS.obj (.text:ti_sysbios_family_c64p_Exception_Module_startup__F)
                  8f018160    00000060     Dsp_pe674.oe674 (.text:ti_sysbios_family_c64p_Hwi_Object__delete__S)
                  8f0181c0    00000060     Dsp_pe674.oe674 (.text:ti_sysbios_gates_GateAll_Handle__label__S)
                  8f018220    00000060     Dsp_pe674.oe674 (.text:ti_sysbios_gates_GateAll_Object__delete__S)
                  8f018280    00000060     sysbios.ae674 : BIOS.obj (.text:ti_sysbios_gates_GateAll_enter__E)
                  8f0182e0    00000060     Dsp_pe674.oe674 (.text:ti_sysbios_gates_GateHwi_Handle__label__S)
                  8f018340    00000060     Dsp_pe674.oe674 (.text:ti_sysbios_gates_GateHwi_Object__delete__S)
                  8f0183a0    00000060     Dsp_pe674.oe674 (.text:ti_sysbios_gates_GateMutexPri_Handle__label__S)
                  8f018400    00000060     Dsp_pe674.oe674 (.text:ti_sysbios_gates_GateMutexPri_Object__delete__S)
                  8f018460    00000060     Dsp_pe674.oe674 (.text:ti_sysbios_gates_GateMutex_Handle__label__S)
                  8f0184c0    00000060     sysbios.ae674 : BIOS.obj (.text:ti_sysbios_gates_GateMutex_Instance_init__F)
                  8f018520    00000060     Dsp_pe674.oe674 (.text:ti_sysbios_gates_GateMutex_Object__delete__S)
                  8f018580    00000060     Dsp_pe674.oe674 (.text:ti_sysbios_gates_GateSwi_Handle__label__S)
                  8f0185e0    00000060     Dsp_pe674.oe674 (.text:ti_sysbios_gates_GateSwi_Object__delete__S)
                  8f018640    00000060     sysbios.ae674 : BIOS.obj (.text:ti_sysbios_hal_Hwi_checkStack:ti_sysbios_hal_Hwi_checkStack)
                  8f0186a0    00000060                   : BIOS.obj (.text:ti_sysbios_hal_Hwi_initStack:ti_sysbios_hal_Hwi_initStack)
                  8f018700    00000060     Dsp_pe674.oe674 (.text:ti_sysbios_heaps_HeapMem_Handle__label__S)
                  8f018760    00000060     Dsp_pe674.oe674 (.text:ti_sysbios_heaps_HeapMem_Object__delete__S)
                  8f0187c0    00000060     sysbios.ae674 : BIOS.obj (.text:ti_sysbios_knl_Clock_setupTimerToSkipTicks__E)
                  8f018820    00000060                   : BIOS.obj (.text:ti_sysbios_knl_Semaphore_Instance_init__F)
                  8f018880    00000060                   : BIOS.obj (.text:ti_sysbios_knl_Semaphore_pendTimeout__I)
                  8f0188e0    00000060                   : BIOS.obj (.text:ti_sysbios_knl_Swi_Module_startup__F)
                  8f018940    00000060                   : BIOS.obj (.text:ti_sysbios_knl_Task_enter__I)
                  8f0189a0    00000060                   : BIOS.obj (.text:ti_sysbios_timers_dmtimer_Timer_getPeriod__E)
                  8f018a00    00000060                   : BIOS.obj (.text:ti_sysbios_timers_dmtimer_Timer_stub__E)
                  8f018a60    00000060     ti.syslink.ipc.rtos.ae674 : Syslink.oe674 (.text:ti_syslink_ipc_rtos_Syslink_attach)
                  8f018ac0    00000060     rts6740_elf.lib : trgmsg.obj (.text:writemsg)
                  8f018b20    00000060     Dsp_pe674.oe674 (.text:xdc_runtime_GateNull_Handle__label__S)
                  8f018b80    00000060     Dsp_pe674.oe674 (.text:xdc_runtime_GateNull_Object__create__S)
                  8f018be0    00000060     Dsp_pe674.oe674 (.text:xdc_runtime_GateNull_Object__delete__S)
                  8f018c40    00000060     Dsp_pe674.oe674 (.text:xdc_runtime_LoggerBuf_Handle__label__S)
                  8f018ca0    00000060     Dsp_pe674.oe674 (.text:xdc_runtime_LoggerBuf_Object__delete__S)
                  8f018d00    00000060     ti.targets.rts6000.ae674 : Memory.oe674 (.text:xdc_runtime_Memory_calloc__F)
                  8f018d60    00000060                              : Memory.oe674 (.text:xdc_runtime_Memory_valloc__F)
                  8f018dc0    00000060                              : SysMin.oe674 (.text:xdc_runtime_SysMin_Module_startup__F)
                  8f018e20    00000060                              : SysMin.oe674 (.text:xdc_runtime_SysMin_exit__F)
                  8f018e80    00000060                              : System.oe674 (.text:xdc_runtime_System_aprintf_va__F)
                  8f018ee0    00000060                              : System.oe674 (.text:xdc_runtime_System_printf_va__F)
                  8f018f40    00000060                              : Text.oe674 (.text:xdc_runtime_Text_cordText__F)
                  8f018fa0    00000060     Dsp_pe674.oe674 (.text:xdc_runtime_knl_GateThread_Handle__label__S)
                  8f019000    00000060     Dsp_pe674.oe674 (.text:xdc_runtime_knl_GateThread_Object__delete__S)
                  8f019060    00000060     Dsp_pe674.oe674 (.text:xdc_runtime_knl_GateThread_Proxy_Object__delete__S)
                  8f0190c0    00000040     ipc.ae674 : Ipc.obj (.text:Notify_intLineRegistered)
                  8f019100    00000040     rts6740_elf.lib : llshift.obj (.text:__c6xabi_llshru)
                  8f019140    00000040                     : strasg.obj (.text:__strasgi_64plus)
                  8f019180    00000040                     : args_main.obj (.text:_args_main)
                  8f0191c0    00000040     sysbios.ae674 : c62_TaskSupport_asm.obj (.text:_ti_sysbios_family_c62_TaskSupport_buildTaskStack)
                  8f019200    00000040                   : c64p_Hwi_asm_switch.obj (.text:_ti_sysbios_family_xxx_Hwi_switchToIsrStack)
                  8f019240    00000040     Dsp_pe674.oe674 (.text:free)
                  8f019280    00000040     sysbios.ae674 : BIOS.obj (.text:rtsLock$0)
                  8f0192c0    00000040     ipc.ae674 : Ipc.obj (.text:ti_sdo_ipc_MessageQ_registerTransport__F)
                  8f019300    00000040               : Ipc.obj (.text:ti_sdo_ipc_MessageQ_unregisterTransport__F)
                  8f019340    00000040               : Ipc.obj (.text:ti_sdo_ipc_Notify_exec__F)
                  8f019380    00000040               : Ipc.obj (.text:ti_sdo_ipc_SharedRegion_resetInternalFields__F)
                  8f0193c0    00000040               : Ipc.obj (.text:ti_sdo_ipc_gates_GateHWSpinlock_leave__E)
                  8f019400    00000040               : Ipc.obj (.text:ti_sdo_ipc_nsremote_NameServerRemoteNotify_sharedMemReq__E)
                  8f019440    00000040               : Ipc.obj (.text:ti_sdo_utils_List_get__E)
                  8f019480    00000040               : Ipc.obj (.text:ti_sdo_utils_List_putHead__E)
                  8f0194c0    00000040               : Ipc.obj (.text:ti_sdo_utils_List_put__E)
                  8f019500    00000040     Dsp_pe674.oe674 (.text:ti_sdo_utils_NameServer_Module__startupDone__S)
                  8f019540    00000040     Dsp_pe674.oe674 (.text:ti_sdo_utils_NameServer_Object__get__S)
                  8f019580    00000040     ipc.ae674 : Ipc.obj (.text:ti_sdo_utils_NameServer_registerRemoteDriver__E)
                  8f0195c0    00000040               : Ipc.obj (.text:ti_sdo_utils_NameServer_unregisterRemoteDriver__E)
                  8f019600    00000040     Dsp_pe674.oe674 (.text:ti_sysbios_BIOS_startFunc__I)
                  8f019640    00000040     Dsp_pe674.oe674 (.text:ti_sysbios_family_c64p_Hwi_Module__startupDone__S)
                  8f019680    00000040     sysbios.ae674 : BIOS.obj (.text:ti_sysbios_family_c64p_Hwi_disableInterrupt__E)
                  8f0196c0    00000040                   : BIOS.obj (.text:ti_sysbios_family_c64p_Hwi_enableInterrupt__E)
                  8f019700    00000040                   : BIOS.obj (.text:ti_sysbios_gates_GateAll_leave__E)
                  8f019740    00000040                   : BIOS.obj (.text:ti_sysbios_gates_GateMutexPri_Instance_init__F)
                  8f019780    00000040     Dsp_pe674.oe674 (.text:ti_sysbios_gates_GateMutexPri_Object__destruct__S)
                  8f0197c0    00000040     sysbios.ae674 : BIOS.obj (.text:ti_sysbios_gates_GateMutex_leave__E)
                  8f019800    00000040     Dsp_pe674.oe674 (.text:ti_sysbios_hal_Hwi_HwiProxy_Module__startupDone__S)
                  8f019840    00000040     Dsp_pe674.oe674 (.text:ti_sysbios_hal_Timer_Module__startupDone__S)
                  8f019880    00000040     Dsp_pe674.oe674 (.text:ti_sysbios_hal_Timer_TimerProxy_Module__startupDone__S)
                  8f0198c0    00000040     Dsp_pe674.oe674 (.text:ti_sysbios_heaps_HeapMem_Object__get__S)
                  8f019900    00000040     sysbios.ae674 : BIOS.obj (.text:ti_sysbios_knl_Clock_Instance_finalize__F)
                  8f019940    00000040     Dsp_pe674.oe674 (.text:ti_sysbios_knl_Clock_Object__destruct__S)
                  8f019980    00000040     Dsp_pe674.oe674 (.text:ti_sysbios_knl_Semaphore_Object__destruct__S)
                  8f0199c0    00000040     Dsp_pe674.oe674 (.text:ti_sysbios_knl_Swi_Object__destruct__S)
                  8f019a00    00000040     Dsp_pe674.oe674 (.text:ti_sysbios_knl_Swi_Object__get__S)
                  8f019a40    00000040     Dsp_pe674.oe674 (.text:ti_sysbios_knl_Task_Object__get__S)
                  8f019a80    00000040     sysbios.ae674 : BIOS.obj (.text:ti_sysbios_knl_Task_sleepTimeout__I)
                  8f019ac0    00000040     Dsp_pe674.oe674 (.text:ti_sysbios_timers_dmtimer_Timer_TimerSupportProxy_Module__startupDone__S)
                  8f019b00    00000040     sysbios.ae674 : BIOS.obj (.text:ti_sysbios_xdcruntime_GateThreadSupport_Instance_init__F)
                  8f019b40    00000040     ti.syslink.ipc.rtos.ae674 : Syslink.oe674 (.text:ti_syslink_ipc_rtos_Syslink_detach)
                  8f019b80    00000040     ti.targets.rts6000.ae674 : Error.oe674 (.text:xdc_runtime_Error_check__F)
                  8f019bc0    00000040                              : Error.oe674 (.text:xdc_runtime_Error_init__F)
                  8f019c00    00000040                              : LoggerBuf.oe674 (.text:xdc_runtime_LoggerBuf_Instance_finalize__F)
                  8f019c40    00000040     Dsp_pe674.oe674 (.text:xdc_runtime_LoggerBuf_Object__get__S)
                  8f019c80    00000040     ti.targets.rts6000.ae674 : LoggerBuf.oe674 (.text:xdc_runtime_LoggerBuf_write0__F)
                  8f019cc0    00000040     Dsp_pe674.oe674 (.text:xdc_runtime_LoggerBuf_write8__E)
                  8f019d00    00000040     ti.targets.rts6000.ae674 : Memory.oe674 (.text:xdc_runtime_Memory_free__F)
                  8f019d40    00000040                              : Registry.oe674 (.text:xdc_runtime_Registry_findById__F)
                  8f019d80    00000040                              : System.oe674 (.text:xdc_runtime_System_abort__F)
                  8f019dc0    00000040     Dsp_pe674.oe674 (.text:xdc_runtime_System_aprintf__E)
                  8f019e00    00000040     Dsp_pe674.oe674 (.text:xdc_runtime_System_printf__E)
                  8f019e40    00000040     ti.targets.rts6000.ae674 : Text.oe674 (.text:xdc_runtime_Text_matchRope__F)
                  8f019e80    00000040                              : Text.oe674 (.text:xdc_runtime_Text_ropeText__F)
                  8f019ec0    00000040                              : GateThread.oe674 (.text:xdc_runtime_knl_GateThread_Instance_finalize__F)
                  8f019f00    00000040                              : GateThread.oe674 (.text:xdc_runtime_knl_GateThread_Instance_init__F)
                  8f019f40    00000020     ipc.ae674 : Ipc.obj (.text:GateMP_enter)
                  8f019f60    00000020               : Ipc.obj (.text:GateMP_leave)
                  8f019f80    00000020               : Ipc.obj (.text:ListMP_close)
                  8f019fa0    00000020               : Ipc.obj (.text:ListMP_delete)
                  8f019fc0    00000020               : Ipc.obj (.text:NameServer_addUInt32)
                  8f019fe0    00000020               : Ipc.obj (.text:NameServer_getLocalUInt32)
                  8f01a000    00000020               : Ipc.obj (.text:NameServer_removeEntry)
                  8f01a020    00000020               : Ipc.obj (.text:Notify_attach)
                  8f01a040    00000020     rts6740_elf.lib : dtor_list.obj (.text:__cxa_ia64_exit)
                  8f01a060    00000020                     : tdeh_init.obj (.text:__tdeh_init)
                  8f01a080    00000020     ti.targets.rts6000.ae674 : xdc_noinit.oe674 (.text:__xdc__init)
                  8f01a0a0    00000020     rts6740_elf.lib : _lock.obj (.text:_nop)
                  8f01a0c0    00000020                     : _lock.obj (.text:_register_lock)
                  8f01a0e0    00000020                     : _lock.obj (.text:_register_unlock)
                  8f01a100    00000020     sysbios.ae674 : c62_TaskSupport_asm.obj (.text:_ti_sysbios_family_c62_TaskSupport_glue)
                  8f01a120    00000020                   : c64p_Hwi_asm_switch.obj (.text:_ti_sysbios_family_xxx_Hwi_switchToTaskStack)
                  8f01a140    00000020     rts6740_elf.lib : exit.obj (.text:abort)
                  8f01a160    00000020     sysbios.ae674 : BIOS.obj (.text:nullFunc$0)
                  8f01a180    00000020     Dsp_pe674.oe674 (.text:ti_sdo_ipc_GateMP_Params__init__S)
                  8f01a1a0    00000020     Dsp_pe674.oe674 (.text:ti_sdo_ipc_GateMP_RemoteCustom1Proxy_Object__create__S)
                  8f01a1c0    00000020     Dsp_pe674.oe674 (.text:ti_sdo_ipc_GateMP_RemoteCustom1Proxy_Params__init__S)
                  8f01a1e0    00000020     Dsp_pe674.oe674 (.text:ti_sdo_ipc_GateMP_RemoteCustom1Proxy_Proxy__abstract__S)
                  8f01a200    00000020     Dsp_pe674.oe674 (.text:ti_sdo_ipc_GateMP_RemoteCustom1Proxy_Proxy__delegate__S)
                  8f01a220    00000020     Dsp_pe674.oe674 (.text:ti_sdo_ipc_GateMP_RemoteCustom1Proxy_getReservedMask__E)
                  8f01a240    00000020     Dsp_pe674.oe674 (.text:ti_sdo_ipc_GateMP_RemoteCustom1Proxy_sharedMemReq__E)
                  8f01a260    00000020     Dsp_pe674.oe674 (.text:ti_sdo_ipc_GateMP_RemoteCustom2Proxy_Object__create__S)
                  8f01a280    00000020     Dsp_pe674.oe674 (.text:ti_sdo_ipc_GateMP_RemoteCustom2Proxy_Params__init__S)
                  8f01a2a0    00000020     Dsp_pe674.oe674 (.text:ti_sdo_ipc_GateMP_RemoteCustom2Proxy_Proxy__abstract__S)
                  8f01a2c0    00000020     Dsp_pe674.oe674 (.text:ti_sdo_ipc_GateMP_RemoteCustom2Proxy_Proxy__delegate__S)
                  8f01a2e0    00000020     Dsp_pe674.oe674 (.text:ti_sdo_ipc_GateMP_RemoteCustom2Proxy_getReservedMask__E)
                  8f01a300    00000020     Dsp_pe674.oe674 (.text:ti_sdo_ipc_GateMP_RemoteCustom2Proxy_sharedMemReq__E)
                  8f01a320    00000020     Dsp_pe674.oe674 (.text:ti_sdo_ipc_GateMP_RemoteSystemProxy_Object__create__S)
                  8f01a340    00000020     Dsp_pe674.oe674 (.text:ti_sdo_ipc_GateMP_RemoteSystemProxy_Params__init__S)
                  8f01a360    00000020     Dsp_pe674.oe674 (.text:ti_sdo_ipc_GateMP_RemoteSystemProxy_Proxy__abstract__S)
                  8f01a380    00000020     Dsp_pe674.oe674 (.text:ti_sdo_ipc_GateMP_RemoteSystemProxy_Proxy__delegate__S)
                  8f01a3a0    00000020     Dsp_pe674.oe674 (.text:ti_sdo_ipc_GateMP_RemoteSystemProxy_getReservedMask__E)
                  8f01a3c0    00000020     Dsp_pe674.oe674 (.text:ti_sdo_ipc_GateMP_RemoteSystemProxy_sharedMemReq__E)
                  8f01a3e0    00000020     Dsp_pe674.oe674 (.text:ti_sdo_ipc_GateMP_attach__E)
                  8f01a400    00000020     Dsp_pe674.oe674 (.text:ti_sdo_ipc_GateMP_getRegion0ReservedSize__E)
                  8f01a420    00000020     Dsp_pe674.oe674 (.text:ti_sdo_ipc_GateMP_getSharedAddr__E)
                  8f01a440    00000020     ipc.ae674 : Ipc.obj (.text:ti_sdo_ipc_GateMP_getSharedAddr__F)
                  8f01a460    00000020     Dsp_pe674.oe674 (.text:ti_sdo_ipc_GateMP_start__E)
                  8f01a480    00000020     Dsp_pe674.oe674 (.text:ti_sdo_ipc_ListMP_Params__init__S)
                  8f01a4a0    00000020     Dsp_pe674.oe674 (.text:ti_sdo_ipc_MessageQ_Module_startup__E)
                  8f01a4c0    00000020     Dsp_pe674.oe674 (.text:ti_sdo_ipc_MessageQ_Object__get__S)
                  8f01a4e0    00000020     Dsp_pe674.oe674 (.text:ti_sdo_ipc_MessageQ_SetupTransportProxy_attach__E)
                  8f01a500    00000020     Dsp_pe674.oe674 (.text:ti_sdo_ipc_MessageQ_SetupTransportProxy_detach__E)
                  8f01a520    00000020     Dsp_pe674.oe674 (.text:ti_sdo_ipc_MessageQ_SetupTransportProxy_isRegistered__E)
                  8f01a540    00000020     Dsp_pe674.oe674 (.text:ti_sdo_ipc_MessageQ_SetupTransportProxy_sharedMemReq__E)
                  8f01a560    00000020     Dsp_pe674.oe674 (.text:ti_sdo_ipc_MessageQ_registerTransport__E)
                  8f01a580    00000020     Dsp_pe674.oe674 (.text:ti_sdo_ipc_MessageQ_unregisterTransport__E)
                  8f01a5a0    00000020     Dsp_pe674.oe674 (.text:ti_sdo_ipc_Notify_Module_GateProxy_enter__E)
                  8f01a5c0    00000020     Dsp_pe674.oe674 (.text:ti_sdo_ipc_Notify_Module_GateProxy_leave__E)
                  8f01a5e0    00000020     Dsp_pe674.oe674 (.text:ti_sdo_ipc_Notify_Module_startup__E)
                  8f01a600    00000020     Dsp_pe674.oe674 (.text:ti_sdo_ipc_Notify_SetupProxy_attach__E)
                  8f01a620    00000020     Dsp_pe674.oe674 (.text:ti_sdo_ipc_Notify_SetupProxy_numIntLines__E)
                  8f01a640    00000020     Dsp_pe674.oe674 (.text:ti_sdo_ipc_Notify_SetupProxy_sharedMemReq__E)
                  8f01a660    00000020     Dsp_pe674.oe674 (.text:ti_sdo_ipc_Notify_detach__E)
                  8f01a680    00000020     Dsp_pe674.oe674 (.text:ti_sdo_ipc_Notify_exec__E)
                  8f01a6a0    00000020     Dsp_pe674.oe674 (.text:ti_sdo_ipc_SharedRegion_attach__E)
                  8f01a6c0    00000020     Dsp_pe674.oe674 (.text:ti_sdo_ipc_SharedRegion_clearReservedMemory__E)
                  8f01a6e0    00000020     Dsp_pe674.oe674 (.text:ti_sdo_ipc_SharedRegion_reserveMemory__E)
                  8f01a700    00000020     Dsp_pe674.oe674 (.text:ti_sdo_ipc_SharedRegion_resetInternalFields__E)
                  8f01a720    00000020     Dsp_pe674.oe674 (.text:ti_sdo_ipc_SharedRegion_start__E)
                  8f01a740    00000020     ipc.ae674 : Ipc.obj (.text:ti_sdo_ipc_family_ti81xx_NotifySetup_numIntLines__E)
                  8f01a760    00000020               : Ipc.obj (.text:ti_sdo_ipc_gates_GateHWSpinlock_Instance_init__F)
                  8f01a780    00000020     Dsp_pe674.oe674 (.text:ti_sdo_ipc_gates_GateHWSpinlock_Module_startup__E)
                  8f01a7a0    00000020     ipc.ae674 : Ipc.obj (.text:ti_sdo_ipc_gates_GateHWSpinlock_getReservedMask__E)
                  8f01a7c0    00000020     Dsp_pe674.oe674 (.text:ti_sdo_ipc_gates_GateHWSpinlock_query__E)
                  8f01a7e0    00000020     ipc.ae674 : Ipc.obj (.text:ti_sdo_ipc_gates_GateHWSpinlock_query__F)
                  8f01a800    00000020               : Ipc.obj (.text:ti_sdo_ipc_gates_GateHWSpinlock_sharedMemReq__E)
                  8f01a820    00000020               : Ipc.obj (.text:ti_sdo_ipc_gates_GateMPSupportNull_Instance_init__F)
                  8f01a840    00000020               : Ipc.obj (.text:ti_sdo_ipc_gates_GateMPSupportNull_enter__E)
                  8f01a860    00000020               : Ipc.obj (.text:ti_sdo_ipc_gates_GateMPSupportNull_getReservedMask__E)
                  8f01a880    00000020               : Ipc.obj (.text:ti_sdo_ipc_gates_GateMPSupportNull_leave__E)
                  8f01a8a0    00000020     Dsp_pe674.oe674 (.text:ti_sdo_ipc_gates_GateMPSupportNull_query__E)
                  8f01a8c0    00000020     ipc.ae674 : Ipc.obj (.text:ti_sdo_ipc_gates_GateMPSupportNull_query__F)
                  8f01a8e0    00000020               : Ipc.obj (.text:ti_sdo_ipc_gates_GateMPSupportNull_sharedMemReq__E)
                  8f01a900    00000020               : Ipc.obj (.text:ti_sdo_ipc_gates_GatePeterson_getReservedMask__E)
                  8f01a920    00000020     Dsp_pe674.oe674 (.text:ti_sdo_ipc_gates_GatePeterson_query__E)
                  8f01a940    00000020     ipc.ae674 : Ipc.obj (.text:ti_sdo_ipc_gates_GatePeterson_query__F)
                  8f01a960    00000020     Dsp_pe674.oe674 (.text:ti_sdo_ipc_heaps_HeapMemMP_Params__init__S)
                  8f01a980    00000020     Dsp_pe674.oe674 (.text:ti_sdo_ipc_heaps_HeapMemMP_isBlocking__E)
                  8f01a9a0    00000020     ipc.ae674 : Ipc.obj (.text:ti_sdo_ipc_heaps_HeapMemMP_isBlocking__F)
                  8f01a9c0    00000020     Dsp_pe674.oe674 (.text:ti_sdo_ipc_notifyDrivers_NotifyDriverShm_InterruptProxy_intClear__E)
                  8f01a9e0    00000020     Dsp_pe674.oe674 (.text:ti_sdo_ipc_notifyDrivers_NotifyDriverShm_InterruptProxy_intDisable__E)
                  8f01aa00    00000020     Dsp_pe674.oe674 (.text:ti_sdo_ipc_notifyDrivers_NotifyDriverShm_InterruptProxy_intEnable__E)
                  8f01aa20    00000020     Dsp_pe674.oe674 (.text:ti_sdo_ipc_notifyDrivers_NotifyDriverShm_InterruptProxy_intRegister__E)
                  8f01aa40    00000020     Dsp_pe674.oe674 (.text:ti_sdo_ipc_notifyDrivers_NotifyDriverShm_InterruptProxy_intSend__E)
                  8f01aa60    00000020     Dsp_pe674.oe674 (.text:ti_sdo_ipc_notifyDrivers_NotifyDriverShm_InterruptProxy_intUnregister__E)
                  8f01aa80    00000020     Dsp_pe674.oe674 (.text:ti_sdo_ipc_notifyDrivers_NotifyDriverShm_Params__init__S)
                  8f01aaa0    00000020     ipc.ae674 : Ipc.obj (.text:ti_sdo_ipc_notifyDrivers_NotifyDriverShm_disable__E)
                  8f01aac0    00000020               : Ipc.obj (.text:ti_sdo_ipc_notifyDrivers_NotifyDriverShm_enable__E)
                  8f01aae0    00000020     Dsp_pe674.oe674 (.text:ti_sdo_ipc_notifyDrivers_NotifyDriverShm_sharedMemReq__E)
                  8f01ab00    00000020     Dsp_pe674.oe674 (.text:ti_sdo_ipc_nsremote_NameServerRemoteNotify_Object__first__S)
                  8f01ab20    00000020     Dsp_pe674.oe674 (.text:ti_sdo_ipc_nsremote_NameServerRemoteNotify_Object__next__S)
                  8f01ab40    00000020     Dsp_pe674.oe674 (.text:ti_sdo_ipc_nsremote_NameServerRemoteNotify_Params__init__S)
                  8f01ab60    00000020     ipc.ae674 : Ipc.obj (.text:ti_sdo_ipc_nsremote_NameServerRemoteNotify_cbFxn__I)
                  8f01ab80    00000020     Dsp_pe674.oe674 (.text:ti_sdo_ipc_nsremote_NameServerRemoteNotify_get__E)
                  8f01aba0    00000020     ipc.ae674 : Ipc.obj (.text:ti_sdo_ipc_transports_TransportShmSetup_isRegistered__E)
                  8f01abc0    00000020     Dsp_pe674.oe674 (.text:ti_sdo_ipc_transports_TransportShm_Params__init__S)
                  8f01abe0    00000020     Dsp_pe674.oe674 (.text:ti_sdo_ipc_transports_TransportShm_close__E)
                  8f01ac00    00000020     ipc.ae674 : Ipc.obj (.text:ti_sdo_ipc_transports_TransportShm_close__F)
                  8f01ac20    00000020               : Ipc.obj (.text:ti_sdo_ipc_transports_TransportShm_control__E)
                  8f01ac40    00000020               : Ipc.obj (.text:ti_sdo_ipc_transports_TransportShm_getStatus__E)
                  8f01ac60    00000020               : Ipc.obj (.text:ti_sdo_ipc_transports_TransportShm_notifyFxn__I)
                  8f01ac80    00000020     Dsp_pe674.oe674 (.text:ti_sdo_ipc_transports_TransportShm_openByAddr__E)
                  8f01aca0    00000020     Dsp_pe674.oe674 (.text:ti_sdo_ipc_transports_TransportShm_setErrFxn__E)
                  8f01acc0    00000020     ipc.ae674 : Ipc.obj (.text:ti_sdo_ipc_transports_TransportShm_setErrFxn__F)
                  8f01ace0    00000020     Dsp_pe674.oe674 (.text:ti_sdo_ipc_transports_TransportShm_sharedMemReq__E)
                  8f01ad00    00000020     ipc.ae674 : Ipc.obj (.text:ti_sdo_utils_List_Instance_init__F)
                  8f01ad20    00000020     Dsp_pe674.oe674 (.text:ti_sdo_utils_List_Object__destruct__S)
                  8f01ad40    00000020     Dsp_pe674.oe674 (.text:ti_sdo_utils_List_Object__get__S)
                  8f01ad60    00000020     Dsp_pe674.oe674 (.text:ti_sdo_utils_MultiProc_getClusterId__E)
                  8f01ad80    00000020     ipc.ae674 : Ipc.obj (.text:ti_sdo_utils_MultiProc_getClusterId__F)
                  8f01ada0    00000020     Dsp_pe674.oe674 (.text:ti_sdo_utils_NameServer_Module_startup__E)
                  8f01adc0    00000020     Dsp_pe674.oe674 (.text:ti_sdo_utils_NameServer_Object__first__S)
                  8f01ade0    00000020     Dsp_pe674.oe674 (.text:ti_sdo_utils_NameServer_Object__next__S)
                  8f01ae00    00000020     Dsp_pe674.oe674 (.text:ti_sdo_utils_NameServer_SetupProxy_attach__E)
                  8f01ae20    00000020     Dsp_pe674.oe674 (.text:ti_sdo_utils_NameServer_SetupProxy_detach__E)
                  8f01ae40    00000020     Dsp_pe674.oe674 (.text:ti_sdo_utils_NameServer_SetupProxy_sharedMemReq__E)
                  8f01ae60    00000020     Dsp_pe674.oe674 (.text:ti_sysbios_BIOS_RtsGateProxy_enter__E)
                  8f01ae80    00000020     Dsp_pe674.oe674 (.text:ti_sysbios_BIOS_RtsGateProxy_leave__E)
                  8f01aea0    00000020     sysbios.ae674 : BIOS.obj (.text:ti_sysbios_BIOS_getThreadType__E)
                  8f01aec0    00000020                   : BIOS.obj (.text:ti_sysbios_BIOS_setThreadType__E)
                  8f01aee0    00000020                   : BIOS.obj (.text:ti_sysbios_BIOS_start__E)
                  8f01af00    00000020                   : BIOS.obj (.text:ti_sysbios_family_c62_TaskSupport_checkStack__E)
                  8f01af20    00000020                   : BIOS.obj (.text:ti_sysbios_family_c62_TaskSupport_getStackAlignment__E)
                  8f01af40    00000020     Dsp_pe674.oe674 (.text:ti_sysbios_family_c64p_Cache_Module_startup__E)
                  8f01af60    00000020     sysbios.ae674 : BIOS.obj (.text:ti_sysbios_family_c64p_Cache_invL1pAll__E)
                  8f01af80    00000020                   : BIOS.obj (.text:ti_sysbios_family_c64p_Cache_inv__E)
                  8f01afa0    00000020                   : BIOS.obj (.text:ti_sysbios_family_c64p_Cache_wbInv__E)
                  8f01afc0    00000020     Dsp_pe674.oe674 (.text:ti_sysbios_family_c64p_Exception_Module_startup__E)
                  8f01afe0    00000020     Dsp_pe674.oe674 (.text:ti_sysbios_family_c64p_Hwi_Module_startup__E)
                  8f01b000    00000020     sysbios.ae674 : BIOS.obj (.text:ti_sysbios_family_c64p_Hwi_clearInterrupt__E)
                  8f01b020    00000020                   : BIOS.obj (.text:ti_sysbios_family_c64p_Hwi_getHandle__E)
                  8f01b040    00000020                   : BIOS.obj (.text:ti_sysbios_family_c64p_Hwi_startup__E)
                  8f01b060    00000020                   : BIOS.obj (.text:ti_sysbios_family_c64p_Hwi_switchFromBootStack__E)
                  8f01b080    00000020                   : BIOS.obj (.text:ti_sysbios_family_c64p_Hwi_unPluggedInterrupt__I)
                  8f01b0a0    00000020     Dsp_pe674.oe674 (.text:ti_sysbios_family_c64p_TimestampProvider_Module_startup__E)
                  8f01b0c0    00000020     sysbios.ae674 : BIOS.obj (.text:ti_sysbios_family_c64p_TimestampProvider_Module_startup__F)
                  8f01b0e0    00000020                   : BIOS.obj (.text:ti_sysbios_family_c64p_TimestampProvider_get32__E)
                  8f01b100    00000020                   : BIOS.obj (.text:ti_sysbios_family_c64p_TimestampProvider_get64__E)
                  8f01b120    00000020                   : BIOS.obj (.text:ti_sysbios_family_c64p_TimestampProvider_getFreq__E)
                  8f01b140    00000020     Dsp_pe674.oe674 (.text:ti_sysbios_family_c64p_ti81xx_TimerSupport_Module_startup__E)
                  8f01b160    00000020     sysbios.ae674 : BIOS.obj (.text:ti_sysbios_family_c64p_ti81xx_TimerSupport_Module_startup__F)
                  8f01b180    00000020                   : BIOS.obj (.text:ti_sysbios_family_c64p_ti81xx_TimerSupport_enable__E)
                  8f01b1a0    00000020                   : BIOS.obj (.text:ti_sysbios_gates_GateAll_Instance_init__F)
                  8f01b1c0    00000020     Dsp_pe674.oe674 (.text:ti_sysbios_gates_GateAll_query__E)
                  8f01b1e0    00000020     sysbios.ae674 : BIOS.obj (.text:ti_sysbios_gates_GateAll_query__F)
                  8f01b200    00000020                   : BIOS.obj (.text:ti_sysbios_gates_GateHwi_Instance_init__F)
                  8f01b220    00000020                   : BIOS.obj (.text:ti_sysbios_gates_GateHwi_enter__E)
                  8f01b240    00000020                   : BIOS.obj (.text:ti_sysbios_gates_GateHwi_leave__E)
                  8f01b260    00000020     Dsp_pe674.oe674 (.text:ti_sysbios_gates_GateHwi_query__E)
                  8f01b280    00000020     sysbios.ae674 : BIOS.obj (.text:ti_sysbios_gates_GateHwi_query__F)
                  8f01b2a0    00000020                   : BIOS.obj (.text:ti_sysbios_gates_GateMutexPri_Instance_finalize__F)
                  8f01b2c0    00000020     Dsp_pe674.oe674 (.text:ti_sysbios_gates_GateMutexPri_query__E)
                  8f01b2e0    00000020     sysbios.ae674 : BIOS.obj (.text:ti_sysbios_gates_GateMutexPri_query__F)
                  8f01b300    00000020                   : BIOS.obj (.text:ti_sysbios_gates_GateMutex_Instance_finalize__F)
                  8f01b320    00000020     Dsp_pe674.oe674 (.text:ti_sysbios_gates_GateMutex_query__E)
                  8f01b340    00000020     sysbios.ae674 : BIOS.obj (.text:ti_sysbios_gates_GateMutex_query__F)
                  8f01b360    00000020                   : BIOS.obj (.text:ti_sysbios_gates_GateSwi_Instance_init__F)
                  8f01b380    00000020                   : BIOS.obj (.text:ti_sysbios_gates_GateSwi_enter__E)
                  8f01b3a0    00000020                   : BIOS.obj (.text:ti_sysbios_gates_GateSwi_leave__E)
                  8f01b3c0    00000020     Dsp_pe674.oe674 (.text:ti_sysbios_gates_GateSwi_query__E)
                  8f01b3e0    00000020     sysbios.ae674 : BIOS.obj (.text:ti_sysbios_gates_GateSwi_query__F)
                  8f01b400    00000020     Dsp_pe674.oe674 (.text:ti_sysbios_hal_Cache_CacheProxy_inv__E)
                  8f01b420    00000020     Dsp_pe674.oe674 (.text:ti_sysbios_hal_Cache_CacheProxy_wbInv__E)
                  8f01b440    00000020     sysbios.ae674 : BIOS.obj (.text:ti_sysbios_hal_Cache_inv__E)
                  8f01b460    00000020                   : BIOS.obj (.text:ti_sysbios_hal_Cache_wbInv__E)
                  8f01b480    00000020     Dsp_pe674.oe674 (.text:ti_sysbios_hal_Hwi_HwiProxy_clearInterrupt__E)
                  8f01b4a0    00000020     Dsp_pe674.oe674 (.text:ti_sysbios_hal_Hwi_HwiProxy_disableInterrupt__E)
                  8f01b4c0    00000020     Dsp_pe674.oe674 (.text:ti_sysbios_hal_Hwi_HwiProxy_enableInterrupt__E)
                  8f01b4e0    00000020     Dsp_pe674.oe674 (.text:ti_sysbios_hal_Hwi_HwiProxy_startup__E)
                  8f01b500    00000020     Dsp_pe674.oe674 (.text:ti_sysbios_hal_Hwi_HwiProxy_switchFromBootStack__E)
                  8f01b520    00000020     Dsp_pe674.oe674 (.text:ti_sysbios_hal_Hwi_Module_startup__E)
                  8f01b540    00000020     sysbios.ae674 : BIOS.obj (.text:ti_sysbios_hal_Hwi_Module_startup__F)
                  8f01b560    00000020                   : BIOS.obj (.text:ti_sysbios_hal_Hwi_startup__E)
                  8f01b580    00000020     Dsp_pe674.oe674 (.text:ti_sysbios_hal_Timer_Module_startup__E)
                  8f01b5a0    00000020     sysbios.ae674 : BIOS.obj (.text:ti_sysbios_hal_Timer_Module_startup__F)
                  8f01b5c0    00000020     Dsp_pe674.oe674 (.text:ti_sysbios_hal_Timer_TimerProxy_getExpiredCounts__E)
                  8f01b5e0    00000020     Dsp_pe674.oe674 (.text:ti_sysbios_hal_Timer_TimerProxy_getPeriod__E)
                  8f01b600    00000020     Dsp_pe674.oe674 (.text:ti_sysbios_hal_Timer_TimerProxy_setNextTick__E)
                  8f01b620    00000020     Dsp_pe674.oe674 (.text:ti_sysbios_hal_Timer_TimerProxy_startup__E)
                  8f01b640    00000020     sysbios.ae674 : BIOS.obj (.text:ti_sysbios_hal_Timer_startup__E)
                  8f01b660    00000020     Dsp_pe674.oe674 (.text:ti_sysbios_heaps_HeapMem_Module_GateProxy_enter__E)
                  8f01b680    00000020     Dsp_pe674.oe674 (.text:ti_sysbios_heaps_HeapMem_Module_GateProxy_leave__E)
                  8f01b6a0    00000020     Dsp_pe674.oe674 (.text:ti_sysbios_heaps_HeapMem_Module_GateProxy_query__E)
                  8f01b6c0    00000020     sysbios.ae674 : BIOS.obj (.text:ti_sysbios_heaps_HeapMem_isBlocking__E)
                  8f01b6e0    00000020     Dsp_pe674.oe674 (.text:ti_sysbios_knl_Clock_Module_startup__E)
                  8f01b700    00000020     Dsp_pe674.oe674 (.text:ti_sysbios_knl_Clock_Params__init__S)
                  8f01b720    00000020     sysbios.ae674 : BIOS.obj (.text:ti_sysbios_knl_Clock_logTick__E)
                  8f01b740    00000020                   : BIOS.obj (.text:ti_sysbios_knl_Idle_loop__E)
                  8f01b760    00000020                   : BIOS.obj (.text:ti_sysbios_knl_Queue_Instance_init__F)
                  8f01b780    00000020     Dsp_pe674.oe674 (.text:ti_sysbios_knl_Queue_Object__destruct__S)
                  8f01b7a0    00000020     Dsp_pe674.oe674 (.text:ti_sysbios_knl_Queue_Object__get__S)
                  8f01b7c0    00000020     sysbios.ae674 : BIOS.obj (.text:ti_sysbios_knl_Queue_empty__E)
                  8f01b7e0    00000020                   : BIOS.obj (.text:ti_sysbios_knl_Semaphore_Instance_finalize__F)
                  8f01b800    00000020     Dsp_pe674.oe674 (.text:ti_sysbios_knl_Semaphore_Params__init__S)
                  8f01b820    00000020     sysbios.ae674 : BIOS.obj (.text:ti_sysbios_knl_Swi_Instance_finalize__F)
                  8f01b840    00000020     Dsp_pe674.oe674 (.text:ti_sysbios_knl_Swi_Module_startup__E)
                  8f01b860    00000020     Dsp_pe674.oe674 (.text:ti_sysbios_knl_Swi_Params__init__S)
                  8f01b880    00000020     sysbios.ae674 : BIOS.obj (.text:ti_sysbios_knl_Swi_disable__E)
                  8f01b8a0    00000020     Dsp_pe674.oe674 (.text:ti_sysbios_knl_Task_Module_startup__E)
                  8f01b8c0    00000020     Dsp_pe674.oe674 (.text:ti_sysbios_knl_Task_Object__first__S)
                  8f01b8e0    00000020     Dsp_pe674.oe674 (.text:ti_sysbios_knl_Task_Object__next__S)
                  8f01b900    00000020     Dsp_pe674.oe674 (.text:ti_sysbios_knl_Task_Params__init__S)
                  8f01b920    00000020     Dsp_pe674.oe674 (.text:ti_sysbios_knl_Task_SupportProxy_Module__startupDone__S)
                  8f01b940    00000020     Dsp_pe674.oe674 (.text:ti_sysbios_knl_Task_SupportProxy_checkStack__E)
                  8f01b960    00000020     Dsp_pe674.oe674 (.text:ti_sysbios_knl_Task_SupportProxy_getStackAlignment__E)
                  8f01b980    00000020     Dsp_pe674.oe674 (.text:ti_sysbios_knl_Task_SupportProxy_start__E)
                  8f01b9a0    00000020     Dsp_pe674.oe674 (.text:ti_sysbios_knl_Task_SupportProxy_swap__E)
                  8f01b9c0    00000020     sysbios.ae674 : BIOS.obj (.text:ti_sysbios_knl_Task_disable__E)
                  8f01b9e0    00000020                   : BIOS.obj (.text:ti_sysbios_knl_Task_getPri__E)
                  8f01ba00    00000020                   : BIOS.obj (.text:ti_sysbios_knl_Task_self__E)
                  8f01ba20    00000020                   : BIOS.obj (.text:ti_sysbios_knl_Task_startup__E)
                  8f01ba40    00000020     Dsp_pe674.oe674 (.text:ti_sysbios_timers_dmtimer_Timer_Module_startup__E)
                  8f01ba60    00000020     Dsp_pe674.oe674 (.text:ti_sysbios_timers_dmtimer_Timer_TimerSupportProxy_enable__E)
                  8f01ba80    00000020     sysbios.ae674 : BIOS.obj (.text:ti_sysbios_xdcruntime_GateThreadSupport_Instance_finalize__F)
                  8f01baa0    00000020                   : BIOS.obj (.text:ti_sysbios_xdcruntime_GateThreadSupport_enter__F)
                  8f01bac0    00000020                   : BIOS.obj (.text:ti_sysbios_xdcruntime_GateThreadSupport_leave__F)
                  8f01bae0    00000020                   : BIOS.obj (.text:ti_sysbios_xdcruntime_GateThreadSupport_query__F)
                  8f01bb00    00000020     Dsp_pe674.oe674 (.text:xdc_runtime_Diags_setMask__E)
                  8f01bb20    00000020     Dsp_pe674.oe674 (.text:xdc_runtime_Error_check__E)
                  8f01bb40    00000020     Dsp_pe674.oe674 (.text:xdc_runtime_Error_init__E)
                  8f01bb60    00000020     Dsp_pe674.oe674 (.text:xdc_runtime_Error_print__E)
                  8f01bb80    00000020     Dsp_pe674.oe674 (.text:xdc_runtime_Error_raiseX__E)
                  8f01bba0    00000020     Dsp_pe674.oe674 (.text:xdc_runtime_GateNull_enter__E)
                  8f01bbc0    00000020     ti.targets.rts6000.ae674 : GateNull.oe674 (.text:xdc_runtime_GateNull_enter__F)
                  8f01bbe0    00000020     Dsp_pe674.oe674 (.text:xdc_runtime_GateNull_leave__E)
                  8f01bc00    00000020     ti.targets.rts6000.ae674 : GateNull.oe674 (.text:xdc_runtime_GateNull_leave__F)
                  8f01bc20    00000020     Dsp_pe674.oe674 (.text:xdc_runtime_GateNull_query__E)
                  8f01bc40    00000020     ti.targets.rts6000.ae674 : GateNull.oe674 (.text:xdc_runtime_GateNull_query__F)
                  8f01bc60    00000020     Dsp_pe674.oe674 (.text:xdc_runtime_Gate_enterSystem__E)
                  8f01bc80    00000020     ti.targets.rts6000.ae674 : Gate.oe674 (.text:xdc_runtime_Gate_enterSystem__F)
                  8f01bca0    00000020     Dsp_pe674.oe674 (.text:xdc_runtime_Gate_leaveSystem__E)
                  8f01bcc0    00000020     ti.targets.rts6000.ae674 : Gate.oe674 (.text:xdc_runtime_Gate_leaveSystem__F)
                  8f01bce0    00000020     Dsp_pe674.oe674 (.text:xdc_runtime_LoggerBuf_Module_GateProxy_enter__E)
                  8f01bd00    00000020     Dsp_pe674.oe674 (.text:xdc_runtime_LoggerBuf_Module_GateProxy_leave__E)
                  8f01bd20    00000020     Dsp_pe674.oe674 (.text:xdc_runtime_LoggerBuf_Module_startup__E)
                  8f01bd40    00000020     Dsp_pe674.oe674 (.text:xdc_runtime_LoggerBuf_TimestampProxy_get64__E)
                  8f01bd60    00000020     Dsp_pe674.oe674 (.text:xdc_runtime_LoggerBuf_disable__E)
                  8f01bd80    00000020     ti.targets.rts6000.ae674 : LoggerBuf.oe674 (.text:xdc_runtime_LoggerBuf_disable__F)
                  8f01bda0    00000020     Dsp_pe674.oe674 (.text:xdc_runtime_LoggerBuf_enable__E)
                  8f01bdc0    00000020     ti.targets.rts6000.ae674 : LoggerBuf.oe674 (.text:xdc_runtime_LoggerBuf_enable__F)
                  8f01bde0    00000020     Dsp_pe674.oe674 (.text:xdc_runtime_LoggerBuf_getFilterLevel__E)
                  8f01be00    00000020     Dsp_pe674.oe674 (.text:xdc_runtime_LoggerBuf_setFilterLevel__E)
                  8f01be20    00000020     Dsp_pe674.oe674 (.text:xdc_runtime_LoggerBuf_write0__E)
                  8f01be40    00000020     Dsp_pe674.oe674 (.text:xdc_runtime_LoggerBuf_write1__E)
                  8f01be60    00000020     ti.targets.rts6000.ae674 : LoggerBuf.oe674 (.text:xdc_runtime_LoggerBuf_write1__F)
                  8f01be80    00000020     Dsp_pe674.oe674 (.text:xdc_runtime_LoggerBuf_write2__E)
                  8f01bea0    00000020     ti.targets.rts6000.ae674 : LoggerBuf.oe674 (.text:xdc_runtime_LoggerBuf_write2__F)
                  8f01bec0    00000020     Dsp_pe674.oe674 (.text:xdc_runtime_LoggerBuf_write4__E)
                  8f01bee0    00000020     Dsp_pe674.oe674 (.text:xdc_runtime_Memory_HeapProxy_alloc__E)
                  8f01bf00    00000020     Dsp_pe674.oe674 (.text:xdc_runtime_Memory_HeapProxy_free__E)
                  8f01bf20    00000020     Dsp_pe674.oe674 (.text:xdc_runtime_Memory_alloc__E)
                  8f01bf40    00000020     Dsp_pe674.oe674 (.text:xdc_runtime_Memory_calloc__E)
                  8f01bf60    00000020     Dsp_pe674.oe674 (.text:xdc_runtime_Memory_free__E)
                  8f01bf80    00000020     Dsp_pe674.oe674 (.text:xdc_runtime_Memory_getMaxDefaultTypeAlign__E)
                  8f01bfa0    00000020     ti.targets.rts6000.ae674 : Memory.oe674 (.text:xdc_runtime_Memory_getMaxDefaultTypeAlign__F)
                  8f01bfc0    00000020     Dsp_pe674.oe674 (.text:xdc_runtime_Memory_valloc__E)
                  8f01bfe0    00000020     Dsp_pe674.oe674 (.text:xdc_runtime_Startup_Module__startupDone__S)
                  8f01c000    00000020     Dsp_pe674.oe674 (.text:xdc_runtime_Startup_exec__E)
                  8f01c020    00000020     Dsp_pe674.oe674 (.text:xdc_runtime_Startup_exec__I)
                  8f01c040    00000020     Dsp_pe674.oe674 (.text:xdc_runtime_Startup_reset__I)
                  8f01c060    00000020     Dsp_pe674.oe674 (.text:xdc_runtime_SysMin_Module_startup__E)
                  8f01c080    00000020     ti.targets.rts6000.ae674 : SysMin.oe674 (.text:xdc_runtime_SysMin_ready__F)
                  8f01c0a0    00000020     Dsp_pe674.oe674 (.text:xdc_runtime_System_Module_GateProxy_enter__E)
                  8f01c0c0    00000020     Dsp_pe674.oe674 (.text:xdc_runtime_System_Module_GateProxy_leave__E)
                  8f01c0e0    00000020     Dsp_pe674.oe674 (.text:xdc_runtime_System_Module_startup__E)
                  8f01c100    00000020     ti.targets.rts6000.ae674 : System.oe674 (.text:xdc_runtime_System_Module_startup__F)
                  8f01c120    00000020     Dsp_pe674.oe674 (.text:xdc_runtime_System_SupportProxy_abort__E)
                  8f01c140    00000020     Dsp_pe674.oe674 (.text:xdc_runtime_System_SupportProxy_exit__E)
                  8f01c160    00000020     Dsp_pe674.oe674 (.text:xdc_runtime_System_SupportProxy_putch__E)
                  8f01c180    00000020     Dsp_pe674.oe674 (.text:xdc_runtime_System_SupportProxy_ready__E)
                  8f01c1a0    00000020     Dsp_pe674.oe674 (.text:xdc_runtime_System_abort__E)
                  8f01c1c0    00000020     Dsp_pe674.oe674 (.text:xdc_runtime_System_exit__E)
                  8f01c1e0    00000020     ti.targets.rts6000.ae674 : System.oe674 (.text:xdc_runtime_System_exit__F)
                  8f01c200    00000020                              : System.oe674 (.text:xdc_runtime_System_lastFxn__I)
                  8f01c220    00000020     Dsp_pe674.oe674 (.text:xdc_runtime_System_vsprintf__E)
                  8f01c240    00000020     ti.targets.rts6000.ae674 : System.oe674 (.text:xdc_runtime_System_vsprintf__F)
                  8f01c260    00000020     Dsp_pe674.oe674 (.text:xdc_runtime_Text_cordText__E)
                  8f01c280    00000020     Dsp_pe674.oe674 (.text:xdc_runtime_Text_matchRope__E)
                  8f01c2a0    00000020     Dsp_pe674.oe674 (.text:xdc_runtime_Text_putSite__E)
                  8f01c2c0    00000020     Dsp_pe674.oe674 (.text:xdc_runtime_Text_ropeText__E)
                  8f01c2e0    00000020     Dsp_pe674.oe674 (.text:xdc_runtime_Text_visitRope__I)
                  8f01c300    00000020     Dsp_pe674.oe674 (.text:xdc_runtime_Timestamp_SupportProxy_get32__E)
                  8f01c320    00000020     Dsp_pe674.oe674 (.text:xdc_runtime_Timestamp_SupportProxy_getFreq__E)
                  8f01c340    00000020     Dsp_pe674.oe674 (.text:xdc_runtime_Timestamp_get32__E)
                  8f01c360    00000020     ti.targets.rts6000.ae674 : Timestamp.oe674 (.text:xdc_runtime_Timestamp_get32__F)
                  8f01c380    00000020     Dsp_pe674.oe674 (.text:xdc_runtime_Timestamp_getFreq__E)
                  8f01c3a0    00000020     ti.targets.rts6000.ae674 : Timestamp.oe674 (.text:xdc_runtime_Timestamp_getFreq__F)
                  8f01c3c0    00000020     Dsp_pe674.oe674 (.text:xdc_runtime_knl_GateThread_Module__startupDone__S)
                  8f01c3e0    00000020     Dsp_pe674.oe674 (.text:xdc_runtime_knl_GateThread_Proxy_Object__create__S)
                  8f01c400    00000020     Dsp_pe674.oe674 (.text:xdc_runtime_knl_GateThread_Proxy_enter__E)
                  8f01c420    00000020     Dsp_pe674.oe674 (.text:xdc_runtime_knl_GateThread_Proxy_leave__E)
                  8f01c440    00000020     Dsp_pe674.oe674 (.text:xdc_runtime_knl_GateThread_Proxy_query__E)
                  8f01c460    00000020     Dsp_pe674.oe674 (.text:xdc_runtime_knl_GateThread_enter__E)
                  8f01c480    00000020     ti.targets.rts6000.ae674 : GateThread.oe674 (.text:xdc_runtime_knl_GateThread_enter__F)
                  8f01c4a0    00000020     Dsp_pe674.oe674 (.text:xdc_runtime_knl_GateThread_leave__E)
                  8f01c4c0    00000020     ti.targets.rts6000.ae674 : GateThread.oe674 (.text:xdc_runtime_knl_GateThread_leave__F)
                  8f01c4e0    00000020     Dsp_pe674.oe674 (.text:xdc_runtime_knl_GateThread_query__E)
[...]
8f026dc8   xdc_runtime_LoggerBuf_Object__DESC__C
8f026de8   xdc_runtime_knl_GateThread_Object__DESC__C
8f026e08   ti_sdo_ipc_Notify_Object__PARAMS__C
8f026e20   ti_sdo_utils_List_Object__PARAMS__C
8f026e38   ti_sysbios_gates_GateAll_Object__PARAMS__C
8f026e50   ti_sysbios_gates_GateHwi_Object__PARAMS__C
8f026e68   ti_sysbios_gates_GateMutexPri_Object__PARAMS__C
8f026e80   ti_sysbios_gates_GateMutex_Object__PARAMS__C
8f026e98   ti_sysbios_gates_GateSwi_Object__PARAMS__C
8f026eb0   ti_sysbios_knl_Queue_Object__PARAMS__C
8f026ec8   ti_sysbios_knl_Task_hooks__A
8f026ee0   ti_sysbios_xdcruntime_GateThreadSupport_Object__PARAMS__C
8f026ef8   xdc_runtime_GateNull_Object__PARAMS__C
8f026f10   xdc_runtime_knl_GateThread_Object__PARAMS__C
8f026f3c   ti_sdo_ipc_GateMP_E_localGate__C
8f026f40   ti_sdo_utils_MultiProc_nameList__A
8f026f50   ti_sdo_ipc_Ipc_userFxns__A
8f026f5c   ti_sysbios_family_c64p_Cache_initSize__C
8f026f70   ti_sdo_ipc_gates_GateHWSpinlock_reservedMaskArr__A
8f026f78   ti_sysbios_knl_Idle_coreList__C
8f026f80   ti_sysbios_knl_Idle_funcList__C
8f026f88   ti_sysbios_knl_Task_hooks__C
8f026f90   xdc_runtime_Startup_firstFxns__A
8f026f98   xdc_runtime_Startup_firstFxns__C
8f026fa0   xdc_runtime_Startup_lastFxns__C
8f026fa8   ti_sdo_ipc_Ipc_E_internal__C
8f026fac   ti_sdo_ipc_Ipc_E_nameFailed__C
8f026fb0   ti_sdo_ipc_Ipc_E_versionMismatch__C
8f026fb4   ti_sdo_ipc_Ipc_numUserFxns__C
8f026fb8   ti_sdo_ipc_Ipc_procSync__C
8f026fbc   ti_sdo_ipc_Ipc_userFxns__C
8f026fc0   ti_sdo_ipc_MessageQ_Instance_State_highList__O
8f026fc4   ti_sdo_ipc_MessageQ_Instance_State_normalList__O
8f026fc8   ti_sdo_ipc_MessageQ_Object__count__C
8f026fcc   ti_sdo_ipc_Notify_Module__gateObj__C
8f026fd0   ti_sdo_ipc_Notify_Object__heap__C
8f026fd4   ti_sdo_ipc_Notify_numEvents__C
8f026fd8   ti_sdo_ipc_Notify_sendEventPollCount__C
8f026fdc   ti_sdo_ipc_SharedRegion_INVALIDSRPTR__C
8f026fe0   ti_sdo_ipc_SharedRegion_cacheLineSize__C
8f026fe4   ti_sdo_ipc_SharedRegion_numOffsetBits__C
8f026fe8   ti_sdo_ipc_SharedRegion_offsetMask__C
8f026fec   ti_sdo_ipc_family_ti81xx_InterruptDsp_hostProcId__C
8f026ff0   ti_sdo_ipc_family_ti81xx_InterruptDsp_mailboxBaseAddr__C
8f026ff4   ti_sdo_ipc_family_ti81xx_InterruptDsp_videoProcId__C
8f026ff8   ti_sdo_ipc_family_ti81xx_InterruptDsp_vpssProcId__C
8f026ffc   ti_sdo_ipc_family_ti81xx_NotifySetup_dspIntVectId__C
8f027000   ti_sdo_ipc_family_ti81xx_NotifySetup_dspProcId__C
8f027004   ti_sdo_ipc_family_ti81xx_NotifySetup_videoProcId__C
8f027008   ti_sdo_ipc_family_ti81xx_NotifySetup_vpssProcId__C
8f02700c   ti_sdo_ipc_gates_GateHWSpinlock_baseAddr__C
8f027010   ti_sdo_ipc_gates_GateHWSpinlock_numLocks__C
8f027014   ti_sdo_ipc_gates_GateHWSpinlock_reservedMaskArr__C
8f027018   ti_sdo_ipc_gates_GatePeterson_E_gateRemotelyOpened__C
8f02701c   ti_sdo_ipc_heaps_HeapMemMP_E_memory__C
8f027020   ti_sdo_ipc_interfaces_IGateMPSupport_Interface__BASE__C
8f027024   ti_sdo_ipc_interfaces_IMessageQTransport_Interface__BASE__C
8f027028   ti_sdo_ipc_interfaces_INotifyDriver_Interface__BASE__C
8f02702c   ti_sdo_ipc_notifyDrivers_NotifyDriverShm_Object__heap__C
8f027030   ti_sdo_ipc_nsremote_NameServerRemoteNotify_Instance_State_semMultiBlock__O
8f027034   ti_sdo_ipc_nsremote_NameServerRemoteNotify_Instance_State_semRemoteWait__O
8f027038   ti_sdo_ipc_nsremote_NameServerRemoteNotify_Instance_State_swiObj__O
8f02703c   ti_sdo_ipc_nsremote_NameServerRemoteNotify_notifyEventId__C
8f027040   ti_sdo_ipc_nsremote_NameServerRemoteNotify_timeout__C
8f027044   ti_sdo_ipc_transports_TransportShmSetup_priority__C
8f027048   ti_sdo_ipc_transports_TransportShm_Instance_State_swiObj__O
8f02704c   ti_sdo_utils_INameServerRemote_Interface__BASE__C
8f027050   ti_sdo_utils_MultiProc_nameList__C
8f027054   ti_sdo_utils_NameServer_E_entryExists__C
8f027058   ti_sdo_utils_NameServer_E_maxReached__C
8f02705c   ti_sdo_utils_NameServer_Instance_State_freeList__O
8f027060   ti_sdo_utils_NameServer_Instance_State_nameList__O
8f027064   ti_sdo_utils_NameServer_Object__count__C
8f027068   ti_sysbios_BIOS_installedErrorHook__C
8f02706c   ti_sysbios_family_c62_TaskSupport_stackAlignment__C
8f027070   ti_sysbios_family_c64p_Cache_EMIFA_BASE__C
8f027074   ti_sysbios_family_c64p_Cache_EMIFA_CFG__C
8f027078   ti_sysbios_family_c64p_Cache_EMIFA_LENGTH__C
8f02707c   ti_sysbios_family_c64p_Cache_EMIFB_BASE__C
8f027080   ti_sysbios_family_c64p_Cache_EMIFB_CFG__C
8f027084   ti_sysbios_family_c64p_Cache_EMIFB_LENGTH__C
8f027088   ti_sysbios_family_c64p_Cache_EMIFC_BASE__C
8f02708c   ti_sysbios_family_c64p_Cache_EMIFC_CFG__C
8f027090   ti_sysbios_family_c64p_Cache_EMIFC_LENGTH__C
8f027094   ti_sysbios_family_c64p_Cache_MAR0_31__C
8f027098   ti_sysbios_family_c64p_Cache_MAR128_159__C
8f02709c   ti_sysbios_family_c64p_Cache_MAR160_191__C
8f0270a0   ti_sysbios_family_c64p_Cache_MAR192_223__C
8f0270a4   ti_sysbios_family_c64p_Cache_MAR224_255__C
8f0270a8   ti_sysbios_family_c64p_Cache_MAR32_63__C
8f0270ac   ti_sysbios_family_c64p_Cache_MAR64_95__C
8f0270b0   ti_sysbios_family_c64p_Cache_MAR96_127__C
8f0270b4   ti_sysbios_family_c64p_Exception_E_exceptionMin__C
8f0270b8   ti_sysbios_family_c64p_Exception_exceptionHook__C
8f0270bc   ti_sysbios_family_c64p_Exception_externalHook__C
8f0270c0   ti_sysbios_family_c64p_Exception_internalHook__C
8f0270c4   ti_sysbios_family_c64p_Exception_nmiHook__C
8f0270c8   ti_sysbios_family_c64p_Hwi_E_alreadyDefined__C
8f0270cc   ti_sysbios_family_c64p_Hwi_E_handleNotFound__C
8f0270d0   ti_sysbios_gates_GateMutexPri_Instance_State_pendQ__O
8f0270d4   ti_sysbios_gates_GateMutex_Instance_State_sem__O
8f0270d8   ti_sysbios_hal_Hwi_E_stackOverflow__C
8f0270dc   ti_sysbios_heaps_HeapMem_E_memory__C
8f0270e0   ti_sysbios_heaps_HeapMem_Module__gateObj__C
8f0270e4   ti_sysbios_heaps_HeapMem_Object__count__C
8f0270e8   ti_sysbios_heaps_HeapMem_reqAlign__C
8f0270ec   ti_sysbios_knl_Clock_Module_State_clockQ__O
8f0270f0   ti_sysbios_knl_Clock_tickMode__C
8f0270f4   ti_sysbios_knl_Clock_tickSource__C
8f0270f8   ti_sysbios_knl_Idle_coreList__A
8f0270fc   ti_sysbios_knl_Semaphore_Instance_State_pendQ__O
8f027100   ti_sysbios_knl_Idle_funcList__A
8f027104   ti_sysbios_knl_Swi_Object__count__C
8f027108   ti_sysbios_knl_Task_E_deleteNotAllowed__C
8f02710c   ti_sysbios_knl_Task_E_spOutOfBounds__C
8f027110   ti_sysbios_knl_Task_E_stackOverflow__C
8f027114   ti_sysbios_knl_Task_Module_State_inactiveQ__O
8f027118   ti_sysbios_knl_Task_Module_State_terminatedQ__O
8f02711c   ti_sysbios_knl_Task_Object__count__C
8f027120   ti_sysbios_knl_Task_Object__heap__C
8f027124   ti_sysbios_knl_Task_allBlockedFunc__C
8f027128   ti_sysbios_knl_Task_defaultStackHeap__C
8f02712c   ti_sysbios_knl_Task_defaultStackSize__C
8f027130   ti_sysbios_knl_Task_numConstructedTasks__C
8f027134   ti_sysbios_timers_dmtimer_Timer_E_cannotSupport__C
8f027138   ti_sysbios_timers_dmtimer_Timer_E_freqMismatch__C
8f02713c   ti_sysbios_timers_dmtimer_Timer_numTimerDevices__C
8f027140   ti_sysbios_xdcruntime_GateThreadSupport_Instance_State_gate__O
8f027144   xdc_runtime_Assert_E_assertFailed__C
8f027148   xdc_runtime_Core_A_initializedParams__C
8f02714c   xdc_runtime_Core_Module__diagsEnabled__C
8f027150   xdc_runtime_Core_Module__diagsIncluded__C
8f027154   xdc_runtime_Core_Module__diagsMask__C
8f027158   xdc_runtime_Diags_dictBase__C
8f02715c   xdc_runtime_Error_E_generic__C
8f027160   xdc_runtime_Error_E_memory__C
8f027164   xdc_runtime_Error_Module__diagsEnabled__C
8f027168   xdc_runtime_Error_Module__diagsIncluded__C
8f02716c   xdc_runtime_Error_Module__diagsMask__C
8f027170   xdc_runtime_Error_Module__loggerFxn8__C
8f027174   xdc_runtime_Error_Module__loggerObj__C
8f027178   xdc_runtime_Error_policy__C
8f02717c   xdc_runtime_Error_raiseHook__C
8f027180   xdc_runtime_IFilterLogger_Interface__BASE__C
8f027184   xdc_runtime_IGateProvider_Interface__BASE__C
8f027188   xdc_runtime_IHeap_Interface__BASE__C
8f02718c   xdc_runtime_ILogger_Interface__BASE__C
8f027190   xdc_runtime_IModule_Interface__BASE__C
8f027194   xdc_runtime_Log_L_error__C
8f027198   xdc_runtime_LoggerBuf_E_badLevel__C
8f02719c   xdc_runtime_LoggerBuf_Module__gateObj__C
8f0271a0   xdc_runtime_LoggerBuf_Object__count__C
8f0271a4   xdc_runtime_LoggerBuf_statusLogger__C
8f0271a8   xdc_runtime_Main_Module__diagsEnabled__C
8f0271ac   xdc_runtime_Main_Module__diagsIncluded__C
8f0271b0   xdc_runtime_Main_Module__diagsMask__C
8f0271b4   xdc_runtime_Main_Module__loggerFxn1__C
8f0271b8   xdc_runtime_Main_Module__loggerFxn2__C
8f0271bc   xdc_runtime_Main_Module__loggerFxn4__C
8f0271c0   xdc_runtime_Main_Module__loggerObj__C
8f0271c4   xdc_runtime_Memory_defaultHeapInstance__C
8f0271c8   xdc_runtime_Registry_Module__diagsEnabled__C
8f0271cc   xdc_runtime_Registry_Module__diagsIncluded__C
8f0271d0   xdc_runtime_Registry_Module__diagsMask__C
8f0271d4   xdc_runtime_Registry_Module__loggerFxn1__C
8f0271d8   xdc_runtime_Registry_Module__loggerFxn2__C
8f0271dc   xdc_runtime_Registry_Module__loggerFxn4__C
8f0271e0   xdc_runtime_Registry_Module__loggerObj__C
8f0271e4   xdc_runtime_Startup_execImpl__C
8f0271e8   xdc_runtime_Startup_lastFxns__A
8f0271ec   xdc_runtime_Startup_maxPasses__C
8f0271f0   xdc_runtime_Startup_sfxnRts__C
8f0271f4   xdc_runtime_Startup_sfxnTab__C
8f0271f8   xdc_runtime_SysMin_bufSize__C
8f0271fc   xdc_runtime_SysMin_outputFunc__C
8f027200   xdc_runtime_System_Module__gateObj__C
8f027204   xdc_runtime_System_extendFxn__C
8f027208   xdc_runtime_System_maxAtexitHandlers__C
8f02720c   xdc_runtime_Text_charTab__C
8f027210   xdc_runtime_Text_nameEmpty__C
8f027214   xdc_runtime_Text_nameStatic__C
8f027218   xdc_runtime_Text_nameUnknown__C
8f02721c   xdc_runtime_Text_nodeTab__C
8f027220   xdc_runtime_Text_visitRopeFxn__C
8f027224   ti_sdo_ipc_GateMP_Module__id__C
8f027228   ti_sdo_ipc_Ipc_generateSlaveDataForHost__C
8f02722c   ti_sdo_ipc_ListMP_Module__id__C
8f027230   ti_sdo_ipc_Notify_numLines__C
8f027234   ti_sdo_ipc_SharedRegion_numEntries__C
8f027238   ti_sdo_ipc_SharedRegion_translate__C
8f02723c   ti_sdo_ipc_gates_GatePeterson_Module__id__C
8f027240   ti_sdo_ipc_heaps_HeapMemMP_Module__id__C
8f027244   ti_sdo_ipc_nsremote_NameServerRemoteNotify_Module__id__C
8f027248   ti_sdo_ipc_transports_TransportShm_Module__id__C
8f02724c   ti_sdo_ipc_transports_TransportShm_notifyEventId__C
8f027250   ti_sdo_utils_MultiProc_numProcessors__C
8f027254   ti_sdo_utils_MultiProc_numProcsInCluster__C
8f027258   ti_sdo_utils_NameServer_Module__id__C
8f02725c   ti_sysbios_family_c64p_Exception_Module__id__C
8f027260   ti_sysbios_family_c64p_Hwi_Module__id__C
8f027264   ti_sysbios_hal_Hwi_Module__id__C
8f027268   ti_sysbios_heaps_HeapMem_Module__id__C
8f02726c   ti_sysbios_knl_Task_Module__id__C
8f027270   ti_sysbios_knl_Task_deleteTerminatedTasks__C
8f027274   ti_sysbios_knl_Task_initStackFlag__C
8f027278   ti_sysbios_timers_dmtimer_Timer_Module__id__C
8f02727c   ti_sysbios_timers_dmtimer_Timer_checkFrequency__C
8f027280   ti_sysbios_timers_dmtimer_Timer_startupNeeded__C
8f027284   xdc_runtime_Core_Module__id__C
8f027288   xdc_runtime_Diags_setMaskEnabled__C
8f02728c   xdc_runtime_Error_Module__loggerDefined__C
8f027290   xdc_runtime_Error_maxDepth__C
8f027294   xdc_runtime_LoggerBuf_Module__id__C
8f027298   xdc_runtime_LoggerBuf_filterByLevel__C
8f02729c   xdc_runtime_Main_Module__id__C
8f0272a0   xdc_runtime_Main_Module__loggerDefined__C
8f0272a4   xdc_runtime_Memory_Module__id__C
8f0272a8   xdc_runtime_Registry_Module__loggerDefined__C
8f0272ac   xdc_runtime_SysMin_flushAtExit__C
8f0272b0   xdc_runtime_Text_charCnt__C
8f0272b4   xdc_runtime_Text_isLoaded__C
8f0272b8   xdc_runtime_Text_registryModsLastId__C
8f0272bc   xdc_runtime_Text_unnamedModsLastId__C
8f0272c0   ti_sdo_ipc_GateMP_Module_State_0_remoteCustom1Gates__A
8f027ac0   ti_sdo_ipc_GateMP_Module__root__V
8f027acc   ti_sdo_ipc_GateMP_Module__state__V
8f027b14   ti_sdo_ipc_Ipc_Module__root__V
8f027b18   ti_sdo_ipc_Ipc_Module__state__V
8f027b24   ti_sdo_ipc_ListMP_Module__root__V
8f027b30   ti_sdo_ipc_ListMP_Module__state__V
8f027b34   ti_sdo_ipc_MessageQ_Module__root__V
8f027b40   ti_sdo_ipc_MessageQ_Module__state__V
8f027b5c   ti_sdo_ipc_Notify_Module__root__V
8f027b68   ti_sdo_ipc_Notify_Module__state__V
8f027b70   ti_sdo_ipc_SharedRegion_Module__root__V
8f027b74   ti_sdo_ipc_SharedRegion_Module__state__V
8f027b78   ti_sdo_ipc_family_ti81xx_InterruptDsp_Module__root__V
8f027b7c   ti_sdo_ipc_family_ti81xx_InterruptDsp_Module__state__V
8f027b98   ti_sdo_ipc_family_ti81xx_NotifySetup_Module__root__V
8f027b9c   ti_sdo_ipc_gates_GateHWSpinlock_Module__root__V
8f027ba8   ti_sdo_ipc_gates_GateMPSupportNull_Module__root__V
8f027bb4   ti_sdo_ipc_gates_GatePeterson_Module__root__V
8f027bc0   ti_sdo_ipc_heaps_HeapMemMP_Module__root__V
8f027bcc   ti_sdo_ipc_heaps_HeapMemMP_Module__state__V
8f027bd0   ti_sdo_ipc_notifyDrivers_NotifyDriverShm_Module__root__V
8f027bdc   ti_sdo_ipc_nsremote_NameServerRemoteNotify_Module__root__V
8f027be8   ti_sdo_ipc_transports_TransportShm_Module__root__V
8f027bf4   ti_sdo_ipc_transports_TransportShmSetup_Module__root__V
8f027bf8   ti_sdo_ipc_transports_TransportShmSetup_Module__state__V
8f027bfc   ti_sdo_utils_List_Module__root__V
8f027c08   ti_sdo_utils_MultiProc_Module__root__V
8f027c0a   ti_sdo_utils_MultiProc_Module__state__V
8f027c10   ti_sdo_utils_NameServer_Module__root__V
8f027c1c   ti_sdo_utils_NameServer_Module__state__V
8f027c24   ti_sdo_utils_NameServerRemoteNull_Module__root__V
8f027c30   ti_sysbios_BIOS_Module__root__V
8f027c34   ti_sysbios_BIOS_Module__state__V
8f027c54   ti_sysbios_family_c62_IntrinsicsSupport_Module__root__V
8f027c56   ti_sysbios_family_c62_TaskSupport_Module__root__V
8f027c58   ti_sysbios_family_c64p_Cache_Module__root__V
8f027c5c   ti_sysbios_family_c64p_Cache_Module__state__V
8f027c60   ti_sysbios_family_c64p_Exception_Module__root__V
8f027c64   ti_sysbios_family_c64p_Exception_Module__state__V
8f027c90   ti_sysbios_family_c64p_Hwi_Module__root__V
8f027c9c   ti_sysbios_family_c64p_Hwi_Module__state__V
8f027d04   ti_sysbios_family_c64p_ti81xx_TimerSupport_Module__root__V
8f027d08   ti_sysbios_gates_GateAll_Module__root__V
8f027d14   ti_sysbios_gates_GateHwi_Module__root__V
8f027d20   ti_sysbios_gates_GateMutex_Module__root__V
8f027d2c   ti_sysbios_gates_GateMutexPri_Module__root__V
8f027d38   ti_sysbios_gates_GateSwi_Module__root__V
8f027d44   ti_sysbios_hal_Cache_Module__root__V
8f027d48   ti_sysbios_hal_Hwi_Module__root__V
8f027d54   ti_sysbios_hal_Timer_Module__root__V
8f027d60   ti_sysbios_heaps_HeapMem_Module__root__V
8f027d6c   ti_sysbios_knl_Clock_Module__root__V
8f027d78   ti_sysbios_knl_Clock_Module__state__V
8f027da0   ti_sysbios_knl_Idle_Module__root__V
8f027da2   ti_sysbios_knl_Intrinsics_Module__root__V
8f027da4   ti_sysbios_knl_Queue_Module__root__V
8f027db0   ti_sysbios_knl_Semaphore_Module__root__V
8f027dbc   ti_sysbios_knl_Swi_Module__root__V
8f027dc8   ti_sysbios_knl_Swi_Module__state__V
8f027de4   ti_sysbios_knl_Task_Module__root__V
8f027df0   ti_sysbios_knl_Task_Module__state__V
8f027e38   ti_sysbios_syncs_SyncSem_Module__root__V
8f027e44   ti_sysbios_timers_dmtimer_Timer_Module__root__V
8f027e50   ti_sysbios_timers_dmtimer_Timer_Module__state__V
8f027e68   ti_sysbios_xdcruntime_GateThreadSupport_Module__root__V
8f027e74   xdc_runtime_Defaults_Module__root__V
8f027e76   xdc_runtime_Error_Module__root__V
8f027e78   xdc_runtime_Error_Module__state__V
8f027e7c   xdc_runtime_GateNull_Module__root__V
8f027e84   xdc_runtime_LoggerBuf_Module__root__V
8f027e8c   xdc_runtime_LoggerBuf_Module__state__V
8f027e92   xdc_runtime_Main_Module__root__V
8f027e94   xdc_runtime_Memory_Module__state__V
8f027e98   xdc_runtime_Registry_Module__root__V
8f027e9c   xdc_runtime_Registry_Module__state__V
8f027ea4   xdc_runtime_Startup_Module__state__V
8f027eac   xdc_runtime_SysMin_Module__state__V
8f027eb8   xdc_runtime_System_Module__state__V
8f027ec4   xdc_runtime_Text_Module__state__V
8f027ecc   xdc_runtime_knl_GateThread_Module__root__V
8f027ed8   __xdc__init__addr
8f027ee0   xdc_runtime_Diags_dictElems
8f028080   ti_sdo_ipc_GateMP_Module_State_0_remoteSystemGates__A
8f028180   ti_sdo_utils_NameServer_Object__table__V
8f028260   ti_sdo_ipc_SharedRegion_Module_State_0_regions__A
8f0282f0   ti_sysbios_knl_Swi_Module_State_0_readyQ__A
8f028370   ti_sysbios_knl_Task_Module_State_0_readyQ__A
8f0283f0   ti_sysbios_timers_dmtimer_Timer_Object__table__V
8f028450   ti_sdo_ipc_Ipc_Module_State_0_procEntry__A
8f0284a0   TSK_idle
8f0284a0   ti_sysbios_knl_Task_Object__table__V
8f0284f0   ti_sysbios_gates_GateMutex_Object__table__V
8f028530   ti_sysbios_knl_Swi_Object__table__V
8f028560   ti_sysbios_timers_dmtimer_Timer_Module_State_0_device__A
8f028588   xdc_runtime_LoggerBuf_Object__table__V
8f0285b0   ti_sdo_ipc_MessageQ_Module_State_0_heaps__A
8f0285d0   ti_sdo_ipc_MessageQ_Module_State_0_transports__A
8f0285f0   xdc_runtime_System_Module_State_0_atexitHandlers__A
8f028610   ti_sysbios_family_c64p_Hwi_Object__table__V
8f028628   ti_sysbios_gates_GateMutexPri_Object__table__V
8f028640   ti_sysbios_heaps_HeapMem_Object__table__V
8f028658   ti_sdo_ipc_Notify_Module_State_0_notifyHandles__A
8f028668   ti_sdo_ipc_transports_TransportShmSetup_Module_State_0_handles__A
8f028678   ti_sysbios_gates_GateAll_Object__table__V
8f028688   _cleanup_ptr
8f02868c   _dtors_ptr
8f028690   __TI_enable_exit_profile_output
8f028698   ti_sysbios_gates_GateSwi_Object__table__V
8f0286a8   ti_sysbios_timers_dmtimer_Timer_Module_State_0_handles__A
8f0286b4   _lock
8f0286b8   _unlock
8f0286c0   ti_sysbios_hal_Hwi_Object__table__V
8f0286c8   ti_sysbios_hal_Timer_Object__table__V
8f0286d0   ti_sdo_ipc_GateMP_Module_State_0_remoteCustom2Gates__A
8f0286d8   ti_sdo_ipc_Notify_Module_State_0_notifyHandles_0__A
8f0286e0   ti_sdo_ipc_Notify_Module_State_0_notifyHandles_1__A
8f0286e8   ti_sdo_ipc_Notify_Module_State_0_notifyHandles_2__A
8f0286f0   ti_sdo_ipc_Notify_Module_State_0_notifyHandles_3__A
8f0286f8   ti_sysbios_gates_GateHwi_Object__table__V
8f028700   ti_sysbios_knl_Task_Module_State_0_idleTask__A
8f028708   xdc_runtime_GateNull_Object__table__V
8f028710   _stack
8f029710   __TI_STACK_END
8f029710   __c_args__
8f029784   Syslink_terminateEventId
8f029784   __TI_STATIC_BASE
8f029788   Syslink_terminateEventLineId
8f029800   ti_sysbios_family_c64p_Hwi0
8f029800   ti_sysbios_family_c64p_Hwi_int0
8f029820   ti_sysbios_family_c64p_Hwi_int1
8f029840   ti_sysbios_family_c64p_Hwi_int2
8f029860   ti_sysbios_family_c64p_Hwi_int3
8f029880   ti_sysbios_family_c64p_Hwi_int4
8f0298a0   ti_sysbios_family_c64p_Hwi_int5
8f0298c0   ti_sysbios_family_c64p_Hwi_int6
8f0298e0   ti_sysbios_family_c64p_Hwi_int7
8f029900   ti_sysbios_family_c64p_Hwi_int8
8f029920   ti_sysbios_family_c64p_Hwi_int9
8f029940   ti_sysbios_family_c64p_Hwi_int10
8f029960   ti_sysbios_family_c64p_Hwi_int11
8f029980   ti_sysbios_family_c64p_Hwi_int12
8f0299a0   ti_sysbios_family_c64p_Hwi_int13
8f0299c0   ti_sysbios_family_c64p_Hwi_int14
8f0299e0   ti_sysbios_family_c64p_Hwi_int15
8f029a00   __CIOBUF_
8f029c00   _Ipc_ResetVector
8f029c08   Ipc_sr0MemorySetup
ffffffff   __TI_pprof_out_hndl
ffffffff   __TI_prof_data_size
ffffffff   __TI_prof_data_start
ffffffff   __binit__
ffffffff   binit

[2221 symbols]


DYNAMIC SYMBOLS: SORTED ALPHABETICALLY BY Name 

address    name
--------   ----
UNDEFED    
8f0284a0   TSK_idle
8f029c00   _Ipc_ResetVector
8f029710   __TI_STACK_END
00001000   __TI_STACK_SIZE
8f029784   __TI_STATIC_BASE
ffffffff   __TI_pprof_out_hndl
ffffffff   __TI_prof_data_size
ffffffff   __TI_prof_data_start
ffffffff   __binit__
8f029710   __c_args__
00000064   _argsize
ffffffff   binit
00000001   xdc_runtime_Startup__EXECFXN__C
00000001   xdc_runtime_Startup__RESETFXN__C

[15 symbols]


IMPORTED and EXPORTED SYMBOLS: SORTED ALPHABETICALLY BY Name 

IMPORTED SYMBOLS

name                                    Imported from
----                                    -------------

[0 symbols]


EXPORTED SYMBOLS

address    name
--------   ----
8f029c00   _Ipc_ResetVector
