Archive member included because of file (symbol)

/src/flex/ti-dsp/syslink_2_21_00_03/packages/ti/syslink/lib/syslink.a_debug(Notify.o)
                              bin/debug/obj/App.ov5T (Notify_registerEventSingle)
/src/flex/ti-dsp/syslink_2_21_00_03/packages/ti/syslink/lib/syslink.a_debug(MessageQ.o)
                              bin/debug/obj/App.ov5T (MessageQ_Params_init)
/src/flex/ti-dsp/syslink_2_21_00_03/packages/ti/syslink/lib/syslink.a_debug(Ipc.o)
                              bin/debug/obj/main_host.ov5T (Ipc_control)
/src/flex/ti-dsp/syslink_2_21_00_03/packages/ti/syslink/lib/syslink.a_debug(RingIO.o)
                              /src/flex/ti-dsp/syslink_2_21_00_03/packages/ti/syslink/lib/syslink.a_debug(Ipc.o) (RingIO_getConfig)
/src/flex/ti-dsp/syslink_2_21_00_03/packages/ti/syslink/lib/syslink.a_debug(RingIOShm.o)
                              /src/flex/ti-dsp/syslink_2_21_00_03/packages/ti/syslink/lib/syslink.a_debug(Ipc.o) (RingIOShm_getConfig)
/src/flex/ti-dsp/syslink_2_21_00_03/packages/ti/syslink/lib/syslink.a_debug(FrameQ.o)
                              /src/flex/ti-dsp/syslink_2_21_00_03/packages/ti/syslink/lib/syslink.a_debug(Ipc.o) (FrameQ_getConfig)
/src/flex/ti-dsp/syslink_2_21_00_03/packages/ti/syslink/lib/syslink.a_debug(FrameQBufMgr.o)
                              /src/flex/ti-dsp/syslink_2_21_00_03/packages/ti/syslink/lib/syslink.a_debug(Ipc.o) (FrameQBufMgr_getConfig)
/src/flex/ti-dsp/syslink_2_21_00_03/packages/ti/syslink/lib/syslink.a_debug(ClientNotifyMgr.o)
                              /src/flex/ti-dsp/syslink_2_21_00_03/packages/ti/syslink/lib/syslink.a_debug(RingIO.o) (ClientNotifyMgr_sharedMemReq)
/src/flex/ti-dsp/syslink_2_21_00_03/packages/ti/syslink/lib/syslink.a_debug(HeapMemMP.o)
                              /src/flex/ti-dsp/syslink_2_21_00_03/packages/ti/syslink/lib/syslink.a_debug(Ipc.o) (HeapMemMP_getConfig)
/src/flex/ti-dsp/syslink_2_21_00_03/packages/ti/syslink/lib/syslink.a_debug(HeapBufMP.o)
                              /src/flex/ti-dsp/syslink_2_21_00_03/packages/ti/syslink/lib/syslink.a_debug(Ipc.o) (HeapBufMP_getConfig)
/src/flex/ti-dsp/syslink_2_21_00_03/packages/ti/syslink/lib/syslink.a_debug(GateMP.o)
                              /src/flex/ti-dsp/syslink_2_21_00_03/packages/ti/syslink/lib/syslink.a_debug(Ipc.o) (GateMP_getConfig)
/src/flex/ti-dsp/syslink_2_21_00_03/packages/ti/syslink/lib/syslink.a_debug(NotifyDrvUsr.o)
                              /src/flex/ti-dsp/syslink_2_21_00_03/packages/ti/syslink/lib/syslink.a_debug(Notify.o) (NotifyDrvUsr_open)
/src/flex/ti-dsp/syslink_2_21_00_03/packages/ti/syslink/lib/syslink.a_debug(HeapBufMPDrv.o)
                              /src/flex/ti-dsp/syslink_2_21_00_03/packages/ti/syslink/lib/syslink.a_debug(HeapBufMP.o) (HeapBufMPDrv_open)
/src/flex/ti-dsp/syslink_2_21_00_03/packages/ti/syslink/lib/syslink.a_debug(MessageQDrv.o)
                              /src/flex/ti-dsp/syslink_2_21_00_03/packages/ti/syslink/lib/syslink.a_debug(MessageQ.o) (MessageQDrv_open)
/src/flex/ti-dsp/syslink_2_21_00_03/packages/ti/syslink/lib/syslink.a_debug(IpcDrv.o)
                              /src/flex/ti-dsp/syslink_2_21_00_03/packages/ti/syslink/lib/syslink.a_debug(Ipc.o) (IpcDrv_open)
/src/flex/ti-dsp/syslink_2_21_00_03/packages/ti/syslink/lib/syslink.a_debug(FrameQDrv.o)
                              /src/flex/ti-dsp/syslink_2_21_00_03/packages/ti/syslink/lib/syslink.a_debug(FrameQ.o) (FrameQDrv_open)
/src/flex/ti-dsp/syslink_2_21_00_03/packages/ti/syslink/lib/syslink.a_debug(FrameQBufMgrDrv.o)
                              /src/flex/ti-dsp/syslink_2_21_00_03/packages/ti/syslink/lib/syslink.a_debug(FrameQBufMgr.o) (FrameQBufMgrDrv_open)
/src/flex/ti-dsp/syslink_2_21_00_03/packages/ti/syslink/lib/syslink.a_debug(ClientNotifyMgrDrv.o)
                              /src/flex/ti-dsp/syslink_2_21_00_03/packages/ti/syslink/lib/syslink.a_debug(ClientNotifyMgr.o) (ClientNotifyMgrDrv_open)
/src/flex/ti-dsp/syslink_2_21_00_03/packages/ti/syslink/lib/syslink.a_debug(RingIODrv.o)
                              /src/flex/ti-dsp/syslink_2_21_00_03/packages/ti/syslink/lib/syslink.a_debug(RingIO.o) (RingIODrv_open)
/src/flex/ti-dsp/syslink_2_21_00_03/packages/ti/syslink/lib/syslink.a_debug(RingIOShmDrv.o)
                              /src/flex/ti-dsp/syslink_2_21_00_03/packages/ti/syslink/lib/syslink.a_debug(RingIOShm.o) (RingIOShmDrv_open)
/src/flex/ti-dsp/syslink_2_21_00_03/packages/ti/syslink/lib/syslink.a_debug(HeapMemMPDrv.o)
                              /src/flex/ti-dsp/syslink_2_21_00_03/packages/ti/syslink/lib/syslink.a_debug(HeapMemMP.o) (HeapMemMPDrv_open)
/src/flex/ti-dsp/syslink_2_21_00_03/packages/ti/syslink/lib/syslink.a_debug(GateMPDrv.o)
                              /src/flex/ti-dsp/syslink_2_21_00_03/packages/ti/syslink/lib/syslink.a_debug(GateMP.o) (GateMPDrv_open)
/src/flex/ti-dsp/syslink_2_21_00_03/packages/ti/syslink/lib/syslink.a_debug(OsalProcess.o)
[...]
Memory Configuration

Name             Origin             Length             Attributes
*default*        0x00000000         0xffffffff

Linker script and memory map

LOAD /home/jreese/CodeSourcery/Sourcery_G++_Lite/bin/../arm-none-linux-gnueabi/libc/usr/lib/crt1.o
LOAD /home/jreese/CodeSourcery/Sourcery_G++_Lite/bin/../arm-none-linux-gnueabi/libc/usr/lib/crti.o
LOAD /home/jreese/CodeSourcery/Sourcery_G++_Lite/bin/../lib/gcc/arm-none-linux-gnueabi/4.3.3/crtbegin.o
LOAD bin/debug/obj/main_host.ov5T
LOAD bin/debug/obj/App.ov5T
LOAD /src/flex/ti-dsp/syslink_2_21_00_03/packages/ti/syslink/lib/syslink.a_debug
LOAD /home/jreese/CodeSourcery/Sourcery_G++_Lite/bin/../arm-none-linux-gnueabi/libc/usr/lib/libpthread.so
START GROUP
LOAD /home/jreese/CodeSourcery/Sourcery_G++_Lite/bin/../arm-none-linux-gnueabi/libc/lib/libpthread.so.0
LOAD /home/jreese/CodeSourcery/Sourcery_G++_Lite/bin/../arm-none-linux-gnueabi/libc/usr/lib/libpthread_nonshared.a
END GROUP
LOAD /home/jreese/CodeSourcery/Sourcery_G++_Lite/bin/../arm-none-linux-gnueabi/libc/usr/lib/libc.so
START GROUP
LOAD /home/jreese/CodeSourcery/Sourcery_G++_Lite/bin/../arm-none-linux-gnueabi/libc/lib/libc.so.6
LOAD /home/jreese/CodeSourcery/Sourcery_G++_Lite/bin/../arm-none-linux-gnueabi/libc/usr/lib/libc_nonshared.a
LOAD /home/jreese/CodeSourcery/Sourcery_G++_Lite/bin/../arm-none-linux-gnueabi/libc/lib/ld-linux.so.3
END GROUP
LOAD /home/jreese/CodeSourcery/Sourcery_G++_Lite/bin/../arm-none-linux-gnueabi/libc/usr/lib/librt.so
LOAD /home/jreese/CodeSourcery/Sourcery_G++_Lite/bin/../lib/gcc/arm-none-linux-gnueabi/4.3.3/libgcc.a
LOAD /home/jreese/CodeSourcery/Sourcery_G++_Lite/bin/../arm-none-linux-gnueabi/libc/lib/libgcc_s.so
LOAD /home/jreese/CodeSourcery/Sourcery_G++_Lite/bin/../arm-none-linux-gnueabi/libc/usr/lib/libc.so
START GROUP
LOAD /home/jreese/CodeSourcery/Sourcery_G++_Lite/bin/../arm-none-linux-gnueabi/libc/lib/libc.so.6
LOAD /home/jreese/CodeSourcery/Sourcery_G++_Lite/bin/../arm-none-linux-gnueabi/libc/usr/lib/libc_nonshared.a
LOAD /home/jreese/CodeSourcery/Sourcery_G++_Lite/bin/../arm-none-linux-gnueabi/libc/lib/ld-linux.so.3
END GROUP
LOAD /home/jreese/CodeSourcery/Sourcery_G++_Lite/bin/../lib/gcc/arm-none-linux-gnueabi/4.3.3/libgcc.a
LOAD /home/jreese/CodeSourcery/Sourcery_G++_Lite/bin/../arm-none-linux-gnueabi/libc/lib/libgcc_s.so
LOAD /home/jreese/CodeSourcery/Sourcery_G++_Lite/bin/../lib/gcc/arm-none-linux-gnueabi/4.3.3/crtend.o
LOAD /home/jreese/CodeSourcery/Sourcery_G++_Lite/bin/../arm-none-linux-gnueabi/libc/usr/lib/crtn.o
                0x00008000                PROVIDE (__executable_start, 0x8000)
                0x00008134                . = (0x8000 + SIZEOF_HEADERS)

.interp         0x00008134       0x13
 *(.interp)
 .interp        0x00008134       0x13 /home/jreese/CodeSourcery/Sourcery_G++_Lite/bin/../arm-none-linux-gnueabi/libc/usr/lib/crti.o

.note.ABI-tag   0x00008148       0x20
 .note.ABI-tag  0x00008148       0x20 /home/jreese/CodeSourcery/Sourcery_G++_Lite/bin/../arm-none-linux-gnueabi/libc/usr/lib/crt1.o

.note.gnu.build-id
 *(.note.gnu.build-id)

.hash           0x00008168      0x150
 *(.hash)
 .hash          0x00008168      0x150 /home/jreese/CodeSourcery/Sourcery_G++_Lite/bin/../arm-none-linux-gnueabi/libc/usr/lib/crti.o

.gnu.hash
 *(.gnu.hash)

.dynsym         0x000082b8      0x2d0
 *(.dynsym)
 .dynsym        0x000082b8      0x2d0 /home/jreese/CodeSourcery/Sourcery_G++_Lite/bin/../arm-none-linux-gnueabi/libc/usr/lib/crti.o

.dynstr         0x00008588      0x202
 *(.dynstr)
 .dynstr        0x00008588      0x202 /home/jreese/CodeSourcery/Sourcery_G++_Lite/bin/../arm-none-linux-gnueabi/libc/usr/lib/crti.o

.gnu.version    0x0000878a       0x5a
 *(.gnu.version)
 .gnu.version   0x0000878a       0x5a /home/jreese/CodeSourcery/Sourcery_G++_Lite/bin/../arm-none-linux-gnueabi/libc/usr/lib/crti.o

.gnu.version_d  0x000087e4        0x0
 *(.gnu.version_d)
 .gnu.version_d
                0x00000000        0x0 /home/jreese/CodeSourcery/Sourcery_G++_Lite/bin/../arm-none-linux-gnueabi/libc/usr/lib/crti.o

.gnu.version_r  0x000087e4       0x60
 *(.gnu.version_r)
 .gnu.version_r
                0x000087e4       0x60 /home/jreese/CodeSourcery/Sourcery_G++_Lite/bin/../arm-none-linux-gnueabi/libc/usr/lib/crti.o

.rel.dyn        0x00008844       0x10
 *(.rel.init)
 *(.rel.text .rel.text.* .rel.gnu.linkonce.t.*)
 *(.rel.fini)
 *(.rel.rodata .rel.rodata.* .rel.gnu.linkonce.r.*)
 *(.rel.data.rel.ro* .rel.gnu.linkonce.d.rel.ro.*)
 *(.rel.data .rel.data.* .rel.gnu.linkonce.d.*)
 *(.rel.tdata .rel.tdata.* .rel.gnu.linkonce.td.*)
 *(.rel.tbss .rel.tbss.* .rel.gnu.linkonce.tb.*)
 *(.rel.ctors)
 *(.rel.dtors)
 *(.rel.got)
 .rel.got       0x00008844        0x8 /home/jreese/CodeSourcery/Sourcery_G++_Lite/bin/../arm-none-linux-gnueabi/libc/usr/lib/crti.o
 *(.rel.bss .rel.bss.* .rel.gnu.linkonce.b.*)
 .rel.bss       0x0000884c        0x8 /home/jreese/CodeSourcery/Sourcery_G++_Lite/bin/../arm-none-linux-gnueabi/libc/usr/lib/crti.o

.rel.ifunc.dyn
 *(.rel.ifunc.*)

.rela.dyn
 *(.rela.init)
 *(.rela.text .rela.text.* .rela.gnu.linkonce.t.*)
 *(.rela.fini)
 *(.rela.rodata .rela.rodata.* .rela.gnu.linkonce.r.*)
 *(.rela.data .rela.data.* .rela.gnu.linkonce.d.*)
 *(.rela.tdata .rela.tdata.* .rela.gnu.linkonce.td.*)
 *(.rela.tbss .rela.tbss.* .rela.gnu.linkonce.tb.*)
 *(.rela.ctors)
 *(.rela.dtors)
 *(.rela.got)
 *(.rela.bss .rela.bss.* .rela.gnu.linkonce.b.*)

.rela.ifunc.dyn
 *(.rela.ifunc.*)

.rel.plt        0x00008854      0x140
 *(.rel.plt)
 .rel.plt       0x00008854      0x140 /home/jreese/CodeSourcery/Sourcery_G++_Lite/bin/../arm-none-linux-gnueabi/libc/usr/lib/crti.o

.rela.plt
 *(.rela.plt)

.init           0x00008994        0xc
 *(.init)
 .init          0x00008994        0x8 /home/jreese/CodeSourcery/Sourcery_G++_Lite/bin/../arm-none-linux-gnueabi/libc/usr/lib/crti.o
                0x00008994                _init
 .init          0x0000899c        0x4 /home/jreese/CodeSourcery/Sourcery_G++_Lite/bin/../arm-none-linux-gnueabi/libc/usr/lib/crtn.o

.plt            0x000089a0      0x1f4
 *(.plt)
 .plt           0x000089a0      0x1f4 /home/jreese/CodeSourcery/Sourcery_G++_Lite/bin/../arm-none-linux-gnueabi/libc/usr/lib/crti.o
                0x000089b4                open@@GLIBC_2.4
                0x000089c0                mmap@@GLIBC_2.4
                0x000089cc                abort@@GLIBC_2.4
                0x000089d8                pthread_exit@@GLIBC_2.4
                0x000089e4                __libc_start_main@@GLIBC_2.4
                0x000089fc                vsprintf@@GLIBC_2.4
                0x00008a08                getenv@@GLIBC_2.4
                0x00008a14                sem_init@@GLIBC_2.4
                0x00008a20                memset@@GLIBC_2.4
                0x00008a2c                sem_destroy@@GLIBC_2.4
                0x00008a38                perror@@GLIBC_2.4
                0x00008a44                free@@GLIBC_2.4
                0x00008a50                read@@GLIBC_2.4
                0x00008a5c                pthread_mutex_unlock@@GLIBC_2.4
                0x00008a68                ioctl@@GLIBC_2.4
                0x00008a74                pthread_mutex_lock@@GLIBC_2.4
                0x00008a80                pthread_create@@GLIBC_2.4
                0x00008a8c                memcpy@@GLIBC_2.4
                0x00008a98                sem_post@@GLIBC_2.4
                0x00008aa4                pthread_sigmask@@GLIBC_2.4
                0x00008ab0                printf@@GLIBC_2.4
                0x00008abc                raise@@GLIBC_2.4
                0x00008ac8                pthread_mutex_init@@GLIBC_2.4
                0x00008ad4                close@@GLIBC_2.4
                0x00008ae0                fwrite@@GLIBC_2.4
                0x00008aec                malloc@@GLIBC_2.4
                0x00008af8                sleep@@GLIBC_2.4
                0x00008b04                sigfillset@@GLIBC_2.4
                0x00008b10                puts@@GLIBC_2.4
                0x00008b1c                getpid@@GLIBC_2.4
                0x00008b28                fcntl@@GLIBC_2.4
                0x00008b34                munmap@@GLIBC_2.4
                0x00008b40                nanosleep@@GLIBC_2.4
                0x00008b4c                sem_wait@@GLIBC_2.4
                0x00008b58                exit@@GLIBC_2.4
                0x00008b64                __errno_location@@GLIBC_2.4
                0x00008b70                pthread_self@@GLIBC_2.4
                0x00008b7c                pthread_join@@GLIBC_2.4
                0x00008b88                getpagesize@@GLIBC_2.4

.text           0x00008b94    0x3c850
 *(.text .stub .text.* .gnu.linkonce.t.*)
 .text          0x00008b94       0x38 /home/jreese/CodeSourcery/Sourcery_G++_Lite/bin/../arm-none-linux-gnueabi/libc/usr/lib/crt1.o
                0x00008b94                _start
 .text          0x00008bcc       0x24 /home/jreese/CodeSourcery/Sourcery_G++_Lite/bin/../arm-none-linux-gnueabi/libc/usr/lib/crti.o
 .text          0x00008bf0       0x4c /home/jreese/CodeSourcery/Sourcery_G++_Lite/bin/../lib/gcc/arm-none-linux-gnueabi/4.3.3/crtbegin.o
 .text          0x00008c3c      0x5b4 bin/debug/obj/main_host.ov5T
                0x00008c3c                main
 .text          0x000091f0      0xdb8 bin/debug/obj/App.ov5T
                0x0000980c                App_delete
                0x00009ae4                App_exec
                0x000091f0                App_create
 .text          0x00009fa8     0x2af0 /src/flex/ti-dsp/syslink_2_21_00_03/packages/ti/syslink/lib/syslink.a_debug(Notify.o)
                0x00009fa8                Notify_getConfig
                0x0000ad78                Notify_registerEventSingle
                0x0000c224                Notify_restore
                0x0000bc94                Notify_sendEvent
                0x0000c418                Notify_disableEvent
                0x0000ab48                Notify_intLineRegistered
                0x0000a710                Notify_sharedMemReq
                0x0000b8e4                Notify_unregisterEvent
                0x0000a148                Notify_setup
                0x0000b574                Notify_unregisterEventSingle
                0x0000a8a8                Notify_eventAvailable
                0x0000a338                Notify_destroy
                0x0000a600                Notify_detach
                0x0000a46c                Notify_attach
                0x0000b174                Notify_registerEvent
                0x0000c024                Notify_disable
                0x0000c758                Notify_enableEvent
 .text          0x0000ca98     0x26ec /src/flex/ti-dsp/syslink_2_21_00_03/packages/ti/syslink/lib/syslink.a_debug(MessageQ.o)
                0x0000d78c                MessageQ_close
                0x0000ea40                MessageQ_setReplyQueue
                0x0000e040                MessageQ_staticMsgInit
                0x0000ebc4                MessageQ_getQueueId
                0x0000f090                MessageQ_detach
                0x0000ecc4                MessageQ_setMsgTrace
                0x0000e76c                MessageQ_unregisterHeap
                0x0000ca98                MessageQ_getConfig
                0x0000db98                MessageQ_get
                0x0000e320                MessageQ_free
                0x0000cc1c                MessageQ_setup
                0x0000d50c                MessageQ_open
                0x0000d93c                MessageQ_put
                0x0000e1a4                MessageQ_alloc
                0x0000d02c                MessageQ_create
                0x0000cea0                MessageQ_Params_init
                0x0000e8a8                MessageQ_unblock
                0x0000de5c                MessageQ_count
                0x0000cda8                MessageQ_destroy
                0x0000d280                MessageQ_delete
                0x0000ef64                MessageQ_attach
                0x0000e500                MessageQ_registerHeap
                0x0000ee3c                MessageQ_sharedMemReq
 .text          0x0000f184     0x1aa0 /src/flex/ti-dsp/syslink_2_21_00_03/packages/ti/syslink/lib/syslink.a_debug(Ipc.o)
                0x00010880                Ipc_writeConfig
                0x00010b70                Ipc_runtimeId
                0x0001040c                Ipc_control
                0x0000fc68                Ipc_destroy
                0x0000f3bc                Ipc_setup
                0x0000f184                Ipc_getConfig
                0x00010764                Ipc_readConfig
 .text          0x00010c24     0x3040 /src/flex/ti-dsp/syslink_2_21_00_03/packages/ti/syslink/lib/syslink.a_debug(RingIO.o)
                0x00012834                RingIO_unregisterNotifier
                0x00010f44                RingIO_destroy
                0x000122c8                RingIO_close
                0x00010c24                RingIO_getConfig
                0x0001392c                RingIO_flush
                0x00013734                RingIO_setAttribute
                0x00012b30                RingIO_getValidSize
                0x00013a50                RingIO_sendNotify
                0x00013b34                RingIO_sharedMemReq
                0x00011804                RingIO_delete
                0x00011ec4                RingIO_openByAddr
                0x00013058                RingIO_getWaterMark
                0x00011070                RingIO_Params_init
                0x00012dc4                RingIO_getEmptyAttrSize
                0x000133a4                RingIO_release
                0x00012ea0                RingIO_getAcquiredOffset
                0x000125a4                RingIO_registerNotifier
                0x000129f4                RingIO_setNotifyType
                0x00011ac4                RingIO_open
                0x00013608                RingIO_getvAttribute
                0x00013208                RingIO_acquire
                0x00012c0c                RingIO_getEmptySize
                0x00013134                RingIO_setWaterMark
                0x00013478                RingIO_cancel
                0x00013534                RingIO_getAttribute
                0x000111fc                RingIO_create
                0x00012ce8                RingIO_getValidAttrSize
                0x00010da8                RingIO_setup
                0x00013818                RingIO_setvAttribute
                0x00012f7c                RingIO_getAcquiredSize
 .text          0x00013c64      0x5d4 /src/flex/ti-dsp/syslink_2_21_00_03/packages/ti/syslink/lib/syslink.a_debug(RingIOShm.o)
                0x00013de8                RingIOShm_setup
                0x000140ac                RingIOShm_Params_init
                0x00013f84                RingIOShm_destroy
                0x00013c64                RingIOShm_getConfig
 .text          0x00014238     0x5bf8 /src/flex/ti-dsp/syslink_2_21_00_03/packages/ti/syslink/lib/syslink.a_debug(FrameQ.o)
                0x00016588                FrameQ_freev
                0x00018360                FrameQ_sendNotify
                0x00016320                FrameQ_free
                0x000159b0                FrameQ_close
                0x000173fc                FrameQ_getv
                0x000178b8                FrameQ_registerNotifier
                0x00015028                FrameQ_open
                0x00016020                FrameQ_allocv
                0x00017d48                FrameQ_unregisterNotifier
                0x00014894                FrameQ_create
                0x00015d84                FrameQ_alloc
                0x0001902c                FrameQ_ShMem_Params_init
                0x00018c1c                FrameQ_getvNumFreeFrames
                0x00018eb0                FrameQ_control
                0x0001809c                FrameQ_dup
                0x00019c84                FrameQ_ShMem_sharedMemReq
                0x000187dc                FrameQ_getvNumFrames
                0x000191c4                FrameQ_Params_init
                0x0001689c                FrameQ_put
                0x00014238                FrameQ_getConfig
                0x00018a44                FrameQ_getNumFreeFrames
                0x0001709c                FrameQ_get
                0x0001467c                FrameQ_destroy
                0x0001857c                FrameQ_getNumFrames
                0x000143d4                FrameQ_setup
                0x00014c30                FrameQ_delete
                0x00016c38                FrameQ_putv
 .text          0x00019e30     0x5f20 /src/flex/ti-dsp/syslink_2_21_00_03/packages/ti/syslink/lib/syslink.a_debug(FrameQBufMgr.o)
                0x0001ec00                FrameQBufMgr_getKnlHandle
                0x0001c240                FrameQBufMgr_freev
                0x0001d39c                FrameQBufMgr_add
                0x0001b58c                FrameQBufMgr_close
                0x0001dae0                FrameQBufMgr_writeBackFrameBuf
                0x0001ea18                FrameQBufMgr_getId
                0x0001e6c8                FrameQBufMgr_translateAddr
                0x0001a83c                FrameQBufMgr_delete
                0x0001eea0                FrameQBufMgr_getvNumFreeFrames
                0x0001c9f4                FrameQBufMgr_dupv
                0x0001f1dc                FrameQBufMgr_isSupportedBufInterface
                0x0001ba4c                FrameQBufMgr_allocv
                0x0001a280                FrameQBufMgr_destroy
                0x00019e30                FrameQBufMgr_getConfig
                0x0001bf20                FrameQBufMgr_free
                0x0001e3b4                FrameQBufMgr_invalidate
                0x0001eabc                FrameQBufMgr_getHandle
                0x0001eccc                FrameQBufMgr_getNumFreeFrames
                0x0001e090                FrameQBufMgr_writeBack
                0x0001f19c                FrameQBufMgr_isSupportedInterface
                0x0001f238                FrameQBufMgr_ShMem_Params_init
                0x0001a4b4                FrameQBufMgr_create
                0x0001d68c                FrameQBufMgr_writeBackHeaderBuf
                0x0001f134                FrameQBufMgr_getBaseHeaderSize
                0x0001c670                FrameQBufMgr_dup
                0x0001b75c                FrameQBufMgr_alloc
                0x0001cde4                FrameQBufMgr_registerNotifier
                0x0001ddb8                FrameQBufMgr_invalidateFrameBuf
                0x00019fd4                FrameQBufMgr_setup
                0x0001d4f8                FrameQBufMgr_remove
                0x0001f3d0                FrameQBufMgr_Params_init
                0x0001d108                FrameQBufMgr_unregisterNotifier
                0x0001d8ac                FrameQBufMgr_invalidateHeaderBuf
                0x0001ac70                FrameQBufMgr_open
 .text          0x0001fd50     0x519c /src/flex/ti-dsp/syslink_2_21_00_03/packages/ti/syslink/lib/syslink.a_debug(ClientNotifyMgr.o)
                0x00023440                ClientNotifyMgr_sendNotification
                0x000249ac                ClientNotifyMgr_sendForceNotificationMulti
                0x00022094                ClientNotifyMgr_close
                0x00023170                ClientNotifyMgr_disableNotification
                0x0001fdb4                ClientNotifyMgr_sharedMemReq
                0x00020f8c                ClientNotifyMgr_create
                0x00020c40                ClientNotifyMgr_destroy
                0x0001ff2c                ClientNotifyMgr_callBack
                0x000208a4                ClientNotifyMgr_setup
                0x0001fd50                ClientNotifyMgr_sharedMemModReq
                0x000240b8                ClientNotifyMgr_sendNotificationMulti
                0x000228f4                ClientNotifyMgr_unregisterClient
                0x00020700                ClientNotifyMgr_getConfig
                0x00022e98                ClientNotifyMgr_enableNotification
                0x00023c18                ClientNotifyMgr_sendForceNotification
                0x00020dec                ClientNotifyMgr_Params_init
                0x00021978                ClientNotifyMgr_delete
                0x000221bc                ClientNotifyMgr_registerClient
                0x00021f10                ClientNotifyMgr_open
 .text          0x00024eec     0x2440 /src/flex/ti-dsp/syslink_2_21_00_03/packages/ti/syslink/lib/syslink.a_debug(HeapMemMP.o)
                0x00024eec                HeapMemMP_getConfig
                0x000266ec                HeapMemMP_getStats
                0x000254b8                HeapMemMP_create
                0x00026918                HeapMemMP_getExtendedStats
                0x00026ff4                _HeapMemMP_create
                0x00026cb0                HeapMemMP_getKnlHandle
                0x00025078                HeapMemMP_setup
                0x00025200                HeapMemMP_destroy
                0x00025330                HeapMemMP_Params_init
                0x00026e38                HeapMemMP_getUsrHandle
                0x00026004                HeapMemMP_close
                0x00026b2c                HeapMemMP_sharedMemReq
                0x000271ec                HeapMemMP_restore
                0x000257dc                HeapMemMP_delete
                0x00026490                HeapMemMP_free
                0x00026280                HeapMemMP_alloc
                0x00025a60                HeapMemMP_openByAddr
                0x00025d28                HeapMemMP_open
 .text          0x0002732c     0x2268 /src/flex/ti-dsp/syslink_2_21_00_03/packages/ti/syslink/lib/syslink.a_debug(HeapBufMP.o)
                0x00027908                HeapBufMP_create
                0x00028438                HeapBufMP_close
                0x00027e90                HeapBufMP_openByAddr
                0x00029088                HeapBufMP_sharedMemReq
                0x00028d60                HeapBufMP_isBlocking
                0x00028b30                HeapBufMP_getStats
                0x00027648                HeapBufMP_destroy
                0x000274b8                HeapBufMP_setup
                0x00029398                _HeapBufMP_create
                0x000286b8                HeapBufMP_alloc
                0x0002732c                HeapBufMP_getConfig
                0x0002777c                HeapBufMP_Params_init
                0x00027c14                HeapBufMP_delete
                0x00029210                HeapBufMP_getKnlHandle
                0x000288cc                HeapBufMP_free
                0x00028160                HeapBufMP_open
                0x00028e54                HeapBufMP_getExtendedStats
 .text          0x00029594     0x2224 /src/flex/ti-dsp/syslink_2_21_00_03/packages/ti/syslink/lib/syslink.a_debug(GateMP.o)
                0x00029594                GateMP_getConfig
                0x0002b314                GateMP_getDefaultRemote
                0x0002ae4c                GateMP_enter
                0x00029ecc                GateMP_Instance_finalize
                0x0002972c                GateMP_setup
                0x0002a294                GateMP_delete
                0x0002a820                GateMP_openByAddr
                0x00029d10                GateMP_Instance_init
                0x0002b418                GateMP_getSharedAddr
                0x0002ab40                GateMP_close
                0x00029b64                GateMP_Params_init
                0x0002a514                GateMP_open
                0x0002b5c8                GateMP_getLocalProtect
                0x00029f28                _GateMP_create
                0x0002b1fc                GateMP_sharedMemReq
                0x0002b01c                GateMP_leave
                0x0002b618                GateMP_getRemoteProtect
                0x0002a060                GateMP_create
                0x0002b668                GateMP_getKnlHandle
                0x000299a4                GateMP_destroy
                0x0002b510                GateMP_setReserved
 .text          0x0002b7b8      0x814 /src/flex/ti-dsp/syslink_2_21_00_03/packages/ti/syslink/lib/syslink.a_debug(NotifyDrvUsr.o)
                0x0002be50                _NotifyDrvUsr_eventWorker
                0x0002bb34                NotifyDrvUsr_close
                0x0002bd10                NotifyDrvUsr_ioctl
                0x0002b7b8                NotifyDrvUsr_open
 .text          0x0002bfcc      0x484 /src/flex/ti-dsp/syslink_2_21_00_03/packages/ti/syslink/lib/syslink.a_debug(HeapBufMPDrv.o)
                0x0002bfcc                HeapBufMPDrv_open
                0x0002c318                HeapBufMPDrv_ioctl
                0x0002c1fc                HeapBufMPDrv_close
 .text          0x0002c450      0x498 /src/flex/ti-dsp/syslink_2_21_00_03/packages/ti/syslink/lib/syslink.a_debug(MessageQDrv.o)
                0x0002c7b0                MessageQDrv_ioctl
                0x0002c450                MessageQDrv_open
                0x0002c694                MessageQDrv_close
 .text          0x0002c8e8      0x464 /src/flex/ti-dsp/syslink_2_21_00_03/packages/ti/syslink/lib/syslink.a_debug(IpcDrv.o)
                0x0002c8e8                IpcDrv_open
                0x0002cc14                IpcDrv_ioctl
                0x0002caf8                IpcDrv_close
 .text          0x0002cd4c      0x3e8 /src/flex/ti-dsp/syslink_2_21_00_03/packages/ti/syslink/lib/syslink.a_debug(FrameQDrv.o)
                0x0002cffc                FrameQDrv_ioctl
                0x0002cd4c                FrameQDrv_open
                0x0002cee0                FrameQDrv_close
 .text          0x0002d134      0x3e8 /src/flex/ti-dsp/syslink_2_21_00_03/packages/ti/syslink/lib/syslink.a_debug(FrameQBufMgrDrv.o)
                0x0002d134                FrameQBufMgrDrv_open
                0x0002d2c8                FrameQBufMgrDrv_close
                0x0002d3e4                FrameQBufMgrDrv_ioctl
 .text          0x0002d51c      0x3e8 /src/flex/ti-dsp/syslink_2_21_00_03/packages/ti/syslink/lib/syslink.a_debug(ClientNotifyMgrDrv.o)
                0x0002d51c                ClientNotifyMgrDrv_open
                0x0002d7cc                ClientNotifyMgrDrv_ioctl
                0x0002d6b0                ClientNotifyMgrDrv_close
 .text          0x0002d904      0x3e8 /src/flex/ti-dsp/syslink_2_21_00_03/packages/ti/syslink/lib/syslink.a_debug(RingIODrv.o)
                0x0002da98                RingIODrv_close
                0x0002dbb4                RingIODrv_ioctl
                0x0002d904                RingIODrv_open
 .text          0x0002dcec      0x3e8 /src/flex/ti-dsp/syslink_2_21_00_03/packages/ti/syslink/lib/syslink.a_debug(RingIOShmDrv.o)
                0x0002df9c                RingIOShmDrv_ioctl
                0x0002de80                RingIOShmDrv_close
                0x0002dcec                RingIOShmDrv_open
 .text          0x0002e0d4      0x3ec /src/flex/ti-dsp/syslink_2_21_00_03/packages/ti/syslink/lib/syslink.a_debug(HeapMemMPDrv.o)
                0x0002e26c                HeapMemMPDrv_close
                0x0002e388                HeapMemMPDrv_ioctl
                0x0002e0d4                HeapMemMPDrv_open
 .text          0x0002e4c0      0x3ec /src/flex/ti-dsp/syslink_2_21_00_03/packages/ti/syslink/lib/syslink.a_debug(GateMPDrv.o)
                0x0002e4c0                GateMPDrv_open
                0x0002e658                GateMPDrv_close
                0x0002e774                GateMPDrv_ioctl
 .text          0x0002e8ac       0x50 /src/flex/ti-dsp/syslink_2_21_00_03/packages/ti/syslink/lib/syslink.a_debug(OsalProcess.o)
                0x0002e8d4                OsalProcess_getTid
                0x0002e8ac                OsalProcess_getPid
 .text          0x0002e8fc      0x5a8 /src/flex/ti-dsp/syslink_2_21_00_03/packages/ti/syslink/lib/syslink.a_debug(GateMutex.o)
                0x0002eb70                GateMutex_leave
                0x0002ed40                GateMutex_delete
                0x0002ec2c                GateMutex_create
                0x0002ea9c                GateMutex_enter
                0x0002e8fc                GateMutex_Instance_init
                0x0002ea04                GateMutex_Instance_finalize
 .text          0x0002eea4      0xa34 /src/flex/ti-dsp/syslink_2_21_00_03/packages/ti/syslink/lib/syslink.a_debug(Memory.o)
                0x0002f630                Memory_getMaxDefaultTypeAlign
                0x0002f3a8                Memory_getStats
                0x0002f840                Memory_translate
                0x0002f64c                Memory_valloc
                0x0002f0bc                Memory_calloc
                0x0002eea4                Memory_alloc
                0x0002f4dc                Memory_query
                0x0002f248                Memory_free
 .text          0x0002f8d8     0x15ec /src/flex/ti-dsp/syslink_2_21_00_03/packages/ti/syslink/lib/syslink.a_debug(List.o)
                0x00030034                List_get
                0x0002fc2c                List_construct
                0x00030154                List_put
                0x000305c4                List_insert
                0x0002f8d8                List_Params_init
                0x0002fd20                List_destruct
                0x0002f9a0                List_create
                0x0002fac0                List_delete
                0x00030794                List_remove
                0x00030a74                List_dequeue
                0x0002ff08                List_empty
                0x000302d4                List_next
                0x00030bac                List_enqueue
                0x0002fe1c                List_elemClear
                0x00030d38                List_enqueueHead
                0x00030418                List_prev
                0x00030904                List_putHead
 .text          0x00030ec4      0x600 /src/flex/ti-dsp/syslink_2_21_00_03/packages/ti/syslink/lib/syslink.a_debug(String.o)
                0x00031428                String_hash
                0x000311c8                String_cpy
                0x00030f74                String_cmp
                0x000310a4                String_ncmp
                0x00031394                String_hexToStr
                0x00031240                String_ncpy
                0x00030ec4                String_cat
                0x00031320                String_len
 .text          0x000314c4      0x53c /src/flex/ti-dsp/syslink_2_21_00_03/packages/ti/syslink/lib/syslink.a_debug(Trace.o)
                0x000314c4                _GT_0trace
                0x000317ac                _GT_5trace
                0x00031994                _GT_setTrace
                0x00031544                _GT_1trace
                0x00031700                _GT_4trace
                0x00031664                _GT_3trace
                0x000315d0                _GT_2trace
                0x00031868                _GT_6trace
                0x00031934                _GT_setFailureReason
 .text          0x00031a00     0x2de8 /src/flex/ti-dsp/syslink_2_21_00_03/packages/ti/syslink/lib/syslink.a_debug(NameServer.o)
                0x00031fc8                NameServer_create
                0x00034120                NameServer_match
                0x000337cc                NameServer_getLocal
                0x00032d20                NameServer_addUInt32
                0x00032278                NameServer_delete
                0x000329dc                NameServer_add
                0x00031d38                NameServer_destroy
                0x000343ec                NameServer_getHandle
                0x00033e64                NameServer_getLocalUInt32
                0x00031bb8                NameServer_setup
                0x00031e34                NameServer_Params_init
                0x0003314c                NameServer_removeEntry
                0x000324b8                NameServer_open
                0x00033388                NameServer_get
                0x00032774                NameServer_close
                0x00032efc                NameServer_remove
                0x00034618                NameServer_isRegistered
                0x00033b90                NameServer_getUInt32
                0x00031a00                NameServer_getConfig
 .text          0x000347e8      0xcd0 /src/flex/ti-dsp/syslink_2_21_00_03/packages/ti/syslink/lib/syslink.a_debug(MultiProc.o)
                0x00034b44                MultiProc_destroy
                0x0003524c                MultiProc_self
                0x000351d8                MultiProc_getNumProcessors
                0x000349a0                MultiProc_setup
                0x00034c40                MultiProc_setLocalId
                0x00035044                MultiProc_getName
                0x00034e44                MultiProc_getId
                0x000352c0                MultiProc_getSlot
                0x000347e8                MultiProc_getConfig
 .text          0x000354b8      0x104 /src/flex/ti-dsp/syslink_2_21_00_03/packages/ti/syslink/lib/syslink.a_debug(Gate.o)
                0x0003551c                Gate_leaveSystem
                0x000354b8                Gate_enterSystem
 .text          0x000355bc      0x178 /src/flex/ti-dsp/syslink_2_21_00_03/packages/ti/syslink/lib/syslink.a_debug(SysLink.o)
                0x000356e4                SysLink_destroy
                0x000355bc                SysLink_setup
 .text          0x00035734      0x4c0 /src/flex/ti-dsp/syslink_2_21_00_03/packages/ti/syslink/lib/syslink.a_debug(Cache.o)
                0x00035b04                Cache_setMode
                0x00035a4c                Cache_wait
                0x00035734                Cache_inv
                0x0003583c                Cache_wb
                0x00035944                Cache_wbInv
 .text          0x00035bf4      0x484 /src/flex/ti-dsp/syslink_2_21_00_03/packages/ti/syslink/lib/syslink.a_debug(NameServerDrv.o)
                0x00035bf4                NameServerDrv_open
                0x00035e24                NameServerDrv_close
                0x00035f40                NameServerDrv_ioctl
 .text          0x00036078      0x3b8 /src/flex/ti-dsp/syslink_2_21_00_03/packages/ti/syslink/lib/syslink.a_debug(MultiProcDrv.o)
                0x00036328                MultiProcDrv_ioctl
                0x0003620c                MultiProcDrv_close
                0x00036078                MultiProcDrv_open
 .text          0x00036430      0x164 /src/flex/ti-dsp/syslink_2_21_00_03/packages/ti/syslink/lib/syslink.a_debug(TraceDrv.o)
                0x00036430                TraceDrv_ioctl
 .text          0x00036594       0xf4 /src/flex/ti-dsp/syslink_2_21_00_03/packages/ti/syslink/lib/syslink.a_debug(CacheDrv.o)
                0x00036594                CacheDrv_ioctl
 .text          0x00036688      0x194 /src/flex/ti-dsp/syslink_2_21_00_03/packages/ti/syslink/lib/syslink.a_debug(Dev.o)
                0x00036688                Dev_pollOpen
 .text          0x0003681c     0x163c /src/flex/ti-dsp/syslink_2_21_00_03/packages/ti/syslink/lib/syslink.a_debug(MemoryOS.o)
                0x00037ac0                MemoryOS_set
                0x00037928                MemoryOS_copy
                0x00037060                MemoryOS_map
                0x0003681c                MemoryOS_setup
                0x00037c4c                MemoryOS_translate
                0x00036d4c                MemoryOS_alloc
                0x00036abc                MemoryOS_destroy
                0x000375cc                MemoryOS_unmap
                0x00036e60                MemoryOS_calloc
                0x00036f6c                MemoryOS_free
 .text          0x00037e58      0x6f0 /src/flex/ti-dsp/syslink_2_21_00_03/packages/ti/syslink/lib/syslink.a_debug(OsalDrv.o)
                0x00037ff8                OsalDrv_close
                0x00037e58                OsalDrv_open
                0x0003832c                OsalDrv_unmap
                0x0003840c                OsalDrv_ioctl
                0x0003811c                OsalDrv_map
 .text          0x00038548      0x52c /src/flex/ti-dsp/syslink_2_21_00_03/packages/ti/syslink/lib/syslink.a_debug(OsalMutex.o)
                0x000386ac                OsalMutex_delete
                0x00038548                OsalMutex_create
                0x00038814                OsalMutex_enter
                0x00038944                OsalMutex_leave
 .text          0x00038a74       0x50 /src/flex/ti-dsp/syslink_2_21_00_03/packages/ti/syslink/lib/syslink.a_debug(OsalPrint.o)
                0x00038a74                Osal_printf
 .text          0x00038ac4     0x4d5c /src/flex/ti-dsp/syslink_2_21_00_03/packages/ti/syslink/lib/syslink.a_debug(ProcMgr.o)
                0x0003c114                ProcMgr_getSymbolAddress
                0x00038e00                ProcMgr_destroy
                0x0003c8bc                ProcMgr_unmap
                0x00039598                ProcMgr_delete
                0x0003ab98                ProcMgr_load
                0x0003b02c                ProcMgr_getStartParams
                0x0003a93c                ProcMgr_detach
                0x0003d484                ProcMgr_getSectionData
                0x00038ac4                ProcMgr_getConfig
                0x0003b190                ProcMgr_start
                0x0003cfb4                ProcMgr_getMaxMemoryRegions
                0x0003b30c                ProcMgr_stop
                0x0003985c                ProcMgr_open
                0x0003c3ac                ProcMgr_map
                0x00038fd4                ProcMgr_Params_init
                0x0003aeb0                ProcMgr_unload
                0x0003a4b4                ProcMgr_attach
                0x0003b5dc                ProcMgr_read
                0x0003bca0                ProcMgr_translateAddr
                0x00039158                ProcMgr_create
                0x0003b470                ProcMgr_getState
                0x0003d6c0                ProcMgr_getLoadedFileId
                0x0003a338                ProcMgr_getAttachParams
                0x00039f04                ProcMgr_close
                0x0003b874                ProcMgr_write
                0x0003bb10                ProcMgr_control
                0x0003d074                ProcMgr_getProcInfo
                0x0003d270                ProcMgr_getSectionInfo
                0x00038c48                ProcMgr_setup
 .text          0x0003d820      0x500 /src/flex/ti-dsp/syslink_2_21_00_03/packages/ti/syslink/lib/syslink.a_debug(ProcMgrDrvUsr.o)
                0x0003d820                ProcMgrDrvUsr_open
                0x0003d9b8                ProcMgrDrvUsr_close
                0x0003dad4                ProcMgrDrvUsr_ioctl
 .text          0x0003dd20      0xa24 /src/flex/ti-dsp/syslink_2_21_00_03/packages/ti/syslink/lib/syslink.a_debug(FrameQ_common.o)
                0x0003dddc                FrameQ_getNumFrameBuffers
                0x0003e16c                FrameQ_getFrameBufValidSize
                0x0003e5b0                FrameQ_setFrameBufDataStartOffset
                0x0003e41c                FrameQ_setFrameBufValidSize
                0x0003dec8                FrameQ_getFrameBuffer
                0x0003e01c                FrameQ_getFrameBufSize
                0x0003dd20                FrameQ_isSupportedInterface
                0x0003e2c4                FrameQ_getFrameBufDataStartOffset
                0x0003dd60                FrameQ_getExtendedHeaderPtr
 .text          0x0003e744     0x36f8 /src/flex/ti-dsp/syslink_2_21_00_03/packages/ti/syslink/lib/syslink.a_debug(SharedRegion.o)
                0x0003fcc8                SharedRegion_getPtr
                0x0003e8c8                SharedRegion_setup
                0x00040d70                SharedRegion_isCacheEnabled
                0x0004164c                SharedRegion_getRegionInfo
                0x00040fec                SharedRegion_getNumRegions
                0x00040944                SharedRegion_getEntry
                0x0003fe74                SharedRegion_getSRPtr
                0x00040194                SharedRegion_clearEntry
                0x0003e744                SharedRegion_getConfig
                0x0003f44c                SharedRegion_stop
                0x0003ef7c                SharedRegion_destroy
                0x0004184c                _SharedRegion_setRegions
                0x0004072c                SharedRegion_getIdByName
                0x00041204                SharedRegion_reserveMemory
                0x000404c0                SharedRegion_getHeap
                0x000411e8                SharedRegion_invalidSRPtr
                0x0003f32c                SharedRegion_start
                0x0003f56c                SharedRegion_attach
                0x0003fb08                SharedRegion_getId
                0x0003f6d0                SharedRegion_detach
                0x00040b64                SharedRegion_getCacheLineSize
                0x0003f838                SharedRegion_setEntry
                0x00040f80                SharedRegion_translateEnabled
                0x00041bf0                _SharedRegion_clearRegions
                0x00041058                SharedRegion_entryInit
 .text          0x00041e3c     0x295c /src/flex/ti-dsp/syslink_2_21_00_03/packages/ti/syslink/lib/syslink.a_debug(ListMP.o)
                0x00041e3c                ListMP_getConfig
                0x00042410                ListMP_create
                0x00044654                _ListMP_create
                0x00044450                ListMP_prev
                0x00043fec                ListMP_remove
                0x000430b0                ListMP_close
                0x00041fc0                ListMP_setup
                0x00042bd4                ListMP_open
                0x00042e70                ListMP_openByAddr
                0x00042784                ListMP_delete
                0x00044774                ListMP_getGate
                0x00043690                ListMP_getTail
                0x0004214c                ListMP_destroy
                0x00043d14                ListMP_insert
                0x00042280                ListMP_Params_init
                0x000434cc                ListMP_getHead
                0x00043ab8                ListMP_putTail
                0x00044248                ListMP_next
                0x000429f4                ListMP_sharedMemReq
                0x0004385c                ListMP_putHead
                0x00043310                ListMP_empty
 .text          0x00044798      0x5d4 /src/flex/ti-dsp/syslink_2_21_00_03/packages/ti/syslink/lib/syslink.a_debug(SharedRegionDrv.o)
                0x00044a4c                SharedRegionDrv_ioctl
                0x00044930                SharedRegionDrv_close
                0x00044798                SharedRegionDrv_open
 .text          0x00044d6c      0x3ec /src/flex/ti-dsp/syslink_2_21_00_03/packages/ti/syslink/lib/syslink.a_debug(ListMPDrv.o)
                0x00044f04                ListMPDrv_close
                0x00045020                ListMPDrv_ioctl
                0x00044d6c                ListMPDrv_open
 .text          0x00045158       0x70 /home/jreese/CodeSourcery/Sourcery_G++_Lite/bin/../arm-none-linux-gnueabi/libc/usr/lib/libc_nonshared.a(elf-init.oS)
                0x00045158                __libc_csu_fini
                0x0004515c                __libc_csu_init
 .text          0x000451c8      0x20c /home/jreese/CodeSourcery/Sourcery_G++_Lite/bin/../lib/gcc/arm-none-linux-gnueabi/4.3.3/libgcc.a(_udivsi3.o)
                0x000451c8                __udivsi3
                0x000451c8                __aeabi_uidiv
                0x000453b4                __aeabi_uidivmod
 .text          0x000453d4       0x10 /home/jreese/CodeSourcery/Sourcery_G++_Lite/bin/../lib/gcc/arm-none-linux-gnueabi/4.3.3/libgcc.a(_dvmd_lnx.o)
                0x000453d4                __aeabi_idiv0
                0x000453d4                __aeabi_ldiv0
 .text          0x000453e4        0x0 /home/jreese/CodeSourcery/Sourcery_G++_Lite/bin/../lib/gcc/arm-none-linux-gnueabi/4.3.3/crtend.o
 .text          0x000453e4        0x0 /home/jreese/CodeSourcery/Sourcery_G++_Lite/bin/../arm-none-linux-gnueabi/libc/usr/lib/crtn.o
 *(.gnu.warning)
 *(.glue_7t)
 .glue_7t       0x00000000        0x0 linker stubs
 *(.glue_7)
 .glue_7        0x00000000        0x0 linker stubs
 *(.vfp11_veneer)
 .vfp11_veneer  0x00000000        0x0 linker stubs
 *(.v4_bx)
 .v4_bx         0x00000000        0x0 linker stubs

.fini           0x000453e4        0x8
 *(.fini)
 .fini          0x000453e4        0x4 /home/jreese/CodeSourcery/Sourcery_G++_Lite/bin/../arm-none-linux-gnueabi/libc/usr/lib/crti.o
                0x000453e4                _fini
 .fini          0x000453e8        0x4 /home/jreese/CodeSourcery/Sourcery_G++_Lite/bin/../arm-none-linux-gnueabi/libc/usr/lib/crtn.o
                0x000453ec                PROVIDE (__etext, .)
                0x000453ec                PROVIDE (_etext, .)
                0x000453ec                PROVIDE (etext, .)

.rodata         0x000453ec    0x15e44
 *(.rodata .rodata.* .gnu.linkonce.r.*)
 .rodata.cst4   0x000453ec        0x4 /home/jreese/CodeSourcery/Sourcery_G++_Lite/bin/../arm-none-linux-gnueabi/libc/usr/lib/crt1.o
                0x000453ec                _IO_stdin_used
 .rodata        0x000453f0      0x244 bin/debug/obj/main_host.ov5T
 .rodata        0x00045634      0x250 bin/debug/obj/App.ov5T
 .rodata        0x00045884      0xc44 /src/flex/ti-dsp/syslink_2_21_00_03/packages/ti/syslink/lib/syslink.a_debug(Notify.o)
 .rodata        0x000464c8      0xf6c /src/flex/ti-dsp/syslink_2_21_00_03/packages/ti/syslink/lib/syslink.a_debug(MessageQ.o)
 .rodata        0x00047434      0x884 /src/flex/ti-dsp/syslink_2_21_00_03/packages/ti/syslink/lib/syslink.a_debug(Ipc.o)
 .rodata        0x00047cb8     0x11dc /src/flex/ti-dsp/syslink_2_21_00_03/packages/ti/syslink/lib/syslink.a_debug(RingIO.o)
 .rodata        0x00048e94      0x358 /src/flex/ti-dsp/syslink_2_21_00_03/packages/ti/syslink/lib/syslink.a_debug(RingIOShm.o)
 .rodata        0x000491ec     0x1c78 /src/flex/ti-dsp/syslink_2_21_00_03/packages/ti/syslink/lib/syslink.a_debug(FrameQ.o)
 .rodata        0x0004ae64     0x2020 /src/flex/ti-dsp/syslink_2_21_00_03/packages/ti/syslink/lib/syslink.a_debug(FrameQBufMgr.o)
 .rodata        0x0004ce84     0x13b4 /src/flex/ti-dsp/syslink_2_21_00_03/packages/ti/syslink/lib/syslink.a_debug(ClientNotifyMgr.o)
 .rodata        0x0004e238      0xd18 /src/flex/ti-dsp/syslink_2_21_00_03/packages/ti/syslink/lib/syslink.a_debug(HeapMemMP.o)
 .rodata        0x0004ef50      0xcb8 /src/flex/ti-dsp/syslink_2_21_00_03/packages/ti/syslink/lib/syslink.a_debug(HeapBufMP.o)
 .rodata        0x0004fc08      0x9ec /src/flex/ti-dsp/syslink_2_21_00_03/packages/ti/syslink/lib/syslink.a_debug(GateMP.o)
 .rodata        0x000505f4      0x414 /src/flex/ti-dsp/syslink_2_21_00_03/packages/ti/syslink/lib/syslink.a_debug(NotifyDrvUsr.o)
 .rodata        0x00050a08      0x2c4 /src/flex/ti-dsp/syslink_2_21_00_03/packages/ti/syslink/lib/syslink.a_debug(HeapBufMPDrv.o)
 .rodata        0x00050ccc      0x2b8 /src/flex/ti-dsp/syslink_2_21_00_03/packages/ti/syslink/lib/syslink.a_debug(MessageQDrv.o)
 .rodata        0x00050f84      0x26c /src/flex/ti-dsp/syslink_2_21_00_03/packages/ti/syslink/lib/syslink.a_debug(IpcDrv.o)
 .rodata        0x000511f0      0x274 /src/flex/ti-dsp/syslink_2_21_00_03/packages/ti/syslink/lib/syslink.a_debug(FrameQDrv.o)
 .rodata        0x00051464      0x2dc /src/flex/ti-dsp/syslink_2_21_00_03/packages/ti/syslink/lib/syslink.a_debug(FrameQBufMgrDrv.o)
 .rodata        0x00051740      0x304 /src/flex/ti-dsp/syslink_2_21_00_03/packages/ti/syslink/lib/syslink.a_debug(ClientNotifyMgrDrv.o)
 .rodata        0x00051a44      0x274 /src/flex/ti-dsp/syslink_2_21_00_03/packages/ti/syslink/lib/syslink.a_debug(RingIODrv.o)
 .rodata        0x00051cb8      0x29c /src/flex/ti-dsp/syslink_2_21_00_03/packages/ti/syslink/lib/syslink.a_debug(RingIOShmDrv.o)
 .rodata        0x00051f54      0x2a8 /src/flex/ti-dsp/syslink_2_21_00_03/packages/ti/syslink/lib/syslink.a_debug(HeapMemMPDrv.o)
 .rodata        0x000521fc      0x274 /src/flex/ti-dsp/syslink_2_21_00_03/packages/ti/syslink/lib/syslink.a_debug(GateMPDrv.o)
 .rodata        0x00052470      0x234 /src/flex/ti-dsp/syslink_2_21_00_03/packages/ti/syslink/lib/syslink.a_debug(GateMutex.o)
 .rodata        0x000526a4      0x4e4 /src/flex/ti-dsp/syslink_2_21_00_03/packages/ti/syslink/lib/syslink.a_debug(Memory.o)
 .rodata        0x00052b88      0x888 /src/flex/ti-dsp/syslink_2_21_00_03/packages/ti/syslink/lib/syslink.a_debug(List.o)
 .rodata        0x00053410      0x414 /src/flex/ti-dsp/syslink_2_21_00_03/packages/ti/syslink/lib/syslink.a_debug(String.o)
 .rodata        0x00053824       0x50 /src/flex/ti-dsp/syslink_2_21_00_03/packages/ti/syslink/lib/syslink.a_debug(Trace.o)
 .rodata        0x00053874      0xe08 /src/flex/ti-dsp/syslink_2_21_00_03/packages/ti/syslink/lib/syslink.a_debug(NameServer.o)
 .rodata        0x0005467c      0x618 /src/flex/ti-dsp/syslink_2_21_00_03/packages/ti/syslink/lib/syslink.a_debug(MultiProc.o)
 .rodata        0x00054c94       0x8c /src/flex/ti-dsp/syslink_2_21_00_03/packages/ti/syslink/lib/syslink.a_debug(Gate.o)
 .rodata        0x00054d20       0x74 /src/flex/ti-dsp/syslink_2_21_00_03/packages/ti/syslink/lib/syslink.a_debug(SysLink.o)
 .rodata        0x00054d94      0x254 /src/flex/ti-dsp/syslink_2_21_00_03/packages/ti/syslink/lib/syslink.a_debug(Cache.o)
 .rodata        0x00054fe8      0x2d0 /src/flex/ti-dsp/syslink_2_21_00_03/packages/ti/syslink/lib/syslink.a_debug(NameServerDrv.o)
 .rodata        0x000552b8      0x25c /src/flex/ti-dsp/syslink_2_21_00_03/packages/ti/syslink/lib/syslink.a_debug(MultiProcDrv.o)
 .rodata        0x00055514      0x10c /src/flex/ti-dsp/syslink_2_21_00_03/packages/ti/syslink/lib/syslink.a_debug(TraceDrv.o)
 .rodata        0x00055620       0xdc /src/flex/ti-dsp/syslink_2_21_00_03/packages/ti/syslink/lib/syslink.a_debug(CacheDrv.o)
 .rodata        0x000556fc       0xd8 /src/flex/ti-dsp/syslink_2_21_00_03/packages/ti/syslink/lib/syslink.a_debug(Dev.o)
 .rodata        0x000557d4      0x8ec /src/flex/ti-dsp/syslink_2_21_00_03/packages/ti/syslink/lib/syslink.a_debug(MemoryOS.o)
 .rodata        0x000560c0      0x380 /src/flex/ti-dsp/syslink_2_21_00_03/packages/ti/syslink/lib/syslink.a_debug(OsalDrv.o)
 .rodata        0x00056440      0x334 /src/flex/ti-dsp/syslink_2_21_00_03/packages/ti/syslink/lib/syslink.a_debug(OsalMutex.o)
 .rodata        0x00056774        0x4 /src/flex/ti-dsp/syslink_2_21_00_03/packages/ti/syslink/lib/syslink.a_debug(OsalPrint.o)
 .rodata        0x00056778     0x1e78 /src/flex/ti-dsp/syslink_2_21_00_03/packages/ti/syslink/lib/syslink.a_debug(ProcMgr.o)
 .rodata        0x000585f0      0x360 /src/flex/ti-dsp/syslink_2_21_00_03/packages/ti/syslink/lib/syslink.a_debug(ProcMgrDrvUsr.o)
 .rodata        0x00058950      0x5f8 /src/flex/ti-dsp/syslink_2_21_00_03/packages/ti/syslink/lib/syslink.a_debug(FrameQ_common.o)
 .rodata        0x00058f48     0x1174 /src/flex/ti-dsp/syslink_2_21_00_03/packages/ti/syslink/lib/syslink.a_debug(SharedRegion.o)
 .rodata        0x0005a0bc      0xbf4 /src/flex/ti-dsp/syslink_2_21_00_03/packages/ti/syslink/lib/syslink.a_debug(ListMP.o)
 .rodata        0x0005acb0      0x30c /src/flex/ti-dsp/syslink_2_21_00_03/packages/ti/syslink/lib/syslink.a_debug(SharedRegionDrv.o)
 .rodata        0x0005afbc      0x274 /src/flex/ti-dsp/syslink_2_21_00_03/packages/ti/syslink/lib/syslink.a_debug(ListMPDrv.o)

.rodata1
 *(.rodata1)

.ARM.extab      0x0005b230     0x168c
 *(.ARM.extab* .gnu.linkonce.armextab.*)
 .ARM.extab     0x0005b230        0x0 /home/jreese/CodeSourcery/Sourcery_G++_Lite/bin/../arm-none-linux-gnueabi/libc/usr/lib/crt1.o
 .ARM.extab     0x0005b230        0x0 /home/jreese/CodeSourcery/Sourcery_G++_Lite/bin/../arm-none-linux-gnueabi/libc/usr/lib/crti.o
 .ARM.extab     0x0005b230        0x0 /home/jreese/CodeSourcery/Sourcery_G++_Lite/bin/../lib/gcc/arm-none-linux-gnueabi/4.3.3/crtbegin.o
 .ARM.extab     0x0005b230       0x24 bin/debug/obj/main_host.ov5T
 .ARM.extab     0x0005b254       0x3c bin/debug/obj/App.ov5T
 .ARM.extab     0x0005b290       0xcc /src/flex/ti-dsp/syslink_2_21_00_03/packages/ti/syslink/lib/syslink.a_debug(Notify.o)
 .ARM.extab     0x0005b35c      0x120 /src/flex/ti-dsp/syslink_2_21_00_03/packages/ti/syslink/lib/syslink.a_debug(MessageQ.o)
 .ARM.extab     0x0005b47c       0x6c /src/flex/ti-dsp/syslink_2_21_00_03/packages/ti/syslink/lib/syslink.a_debug(Ipc.o)
 .ARM.extab     0x0005b4e8      0x168 /src/flex/ti-dsp/syslink_2_21_00_03/packages/ti/syslink/lib/syslink.a_debug(RingIO.o)
 .ARM.extab     0x0005b650       0x30 /src/flex/ti-dsp/syslink_2_21_00_03/packages/ti/syslink/lib/syslink.a_debug(RingIOShm.o)
 .ARM.extab     0x0005b680      0x168 /src/flex/ti-dsp/syslink_2_21_00_03/packages/ti/syslink/lib/syslink.a_debug(FrameQ.o)
 .ARM.extab     0x0005b7e8      0x1a4 /src/flex/ti-dsp/syslink_2_21_00_03/packages/ti/syslink/lib/syslink.a_debug(FrameQBufMgr.o)
 .ARM.extab     0x0005b98c       0xe4 /src/flex/ti-dsp/syslink_2_21_00_03/packages/ti/syslink/lib/syslink.a_debug(ClientNotifyMgr.o)
 .ARM.extab     0x0005ba70       0xd8 /src/flex/ti-dsp/syslink_2_21_00_03/packages/ti/syslink/lib/syslink.a_debug(HeapMemMP.o)
 .ARM.extab     0x0005bb48       0xcc /src/flex/ti-dsp/syslink_2_21_00_03/packages/ti/syslink/lib/syslink.a_debug(HeapBufMP.o)
 .ARM.extab     0x0005bc14       0xfc /src/flex/ti-dsp/syslink_2_21_00_03/packages/ti/syslink/lib/syslink.a_debug(GateMP.o)
 .ARM.extab     0x0005bd10       0x30 /src/flex/ti-dsp/syslink_2_21_00_03/packages/ti/syslink/lib/syslink.a_debug(NotifyDrvUsr.o)
 .ARM.extab     0x0005bd40       0x24 /src/flex/ti-dsp/syslink_2_21_00_03/packages/ti/syslink/lib/syslink.a_debug(HeapBufMPDrv.o)
 .ARM.extab     0x0005bd64       0x24 /src/flex/ti-dsp/syslink_2_21_00_03/packages/ti/syslink/lib/syslink.a_debug(MessageQDrv.o)
 .ARM.extab     0x0005bd88       0x24 /src/flex/ti-dsp/syslink_2_21_00_03/packages/ti/syslink/lib/syslink.a_debug(IpcDrv.o)
 .ARM.extab     0x0005bdac       0x24 /src/flex/ti-dsp/syslink_2_21_00_03/packages/ti/syslink/lib/syslink.a_debug(FrameQDrv.o)
 .ARM.extab     0x0005bdd0       0x24 /src/flex/ti-dsp/syslink_2_21_00_03/packages/ti/syslink/lib/syslink.a_debug(FrameQBufMgrDrv.o)
 .ARM.extab     0x0005bdf4       0x24 /src/flex/ti-dsp/syslink_2_21_00_03/packages/ti/syslink/lib/syslink.a_debug(ClientNotifyMgrDrv.o)
 .ARM.extab     0x0005be18       0x24 /src/flex/ti-dsp/syslink_2_21_00_03/packages/ti/syslink/lib/syslink.a_debug(RingIODrv.o)
 .ARM.extab     0x0005be3c       0x24 /src/flex/ti-dsp/syslink_2_21_00_03/packages/ti/syslink/lib/syslink.a_debug(RingIOShmDrv.o)
 .ARM.extab     0x0005be60       0x24 /src/flex/ti-dsp/syslink_2_21_00_03/packages/ti/syslink/lib/syslink.a_debug(HeapMemMPDrv.o)
 .ARM.extab     0x0005be84       0x24 /src/flex/ti-dsp/syslink_2_21_00_03/packages/ti/syslink/lib/syslink.a_debug(GateMPDrv.o)
 .ARM.extab     0x0005bea8       0x18 /src/flex/ti-dsp/syslink_2_21_00_03/packages/ti/syslink/lib/syslink.a_debug(OsalProcess.o)
 .ARM.extab     0x0005bec0       0x48 /src/flex/ti-dsp/syslink_2_21_00_03/packages/ti/syslink/lib/syslink.a_debug(GateMutex.o)
 .ARM.extab     0x0005bf08       0x84 /src/flex/ti-dsp/syslink_2_21_00_03/packages/ti/syslink/lib/syslink.a_debug(Memory.o)
 .ARM.extab     0x0005bf8c       0xcc /src/flex/ti-dsp/syslink_2_21_00_03/packages/ti/syslink/lib/syslink.a_debug(List.o)
 .ARM.extab     0x0005c058       0x18 /src/flex/ti-dsp/syslink_2_21_00_03/packages/ti/syslink/lib/syslink.a_debug(String.o)
 .ARM.extab     0x0005c070       0x6c /src/flex/ti-dsp/syslink_2_21_00_03/packages/ti/syslink/lib/syslink.a_debug(Trace.o)
 .ARM.extab     0x0005c0dc       0xe4 /src/flex/ti-dsp/syslink_2_21_00_03/packages/ti/syslink/lib/syslink.a_debug(NameServer.o)
 .ARM.extab     0x0005c1c0       0x6c /src/flex/ti-dsp/syslink_2_21_00_03/packages/ti/syslink/lib/syslink.a_debug(MultiProc.o)
 .ARM.extab     0x0005c22c       0x30 /src/flex/ti-dsp/syslink_2_21_00_03/packages/ti/syslink/lib/syslink.a_debug(Gate.o)
 .ARM.extab     0x0005c25c       0x18 /src/flex/ti-dsp/syslink_2_21_00_03/packages/ti/syslink/lib/syslink.a_debug(SysLink.o)
 .ARM.extab     0x0005c274       0x3c /src/flex/ti-dsp/syslink_2_21_00_03/packages/ti/syslink/lib/syslink.a_debug(Cache.o)
 .ARM.extab     0x0005c2b0       0x24 /src/flex/ti-dsp/syslink_2_21_00_03/packages/ti/syslink/lib/syslink.a_debug(NameServerDrv.o)
 .ARM.extab     0x0005c2d4       0x24 /src/flex/ti-dsp/syslink_2_21_00_03/packages/ti/syslink/lib/syslink.a_debug(MultiProcDrv.o)
 .ARM.extab     0x0005c2f8        0xc /src/flex/ti-dsp/syslink_2_21_00_03/packages/ti/syslink/lib/syslink.a_debug(TraceDrv.o)
 .ARM.extab     0x0005c304        0xc /src/flex/ti-dsp/syslink_2_21_00_03/packages/ti/syslink/lib/syslink.a_debug(CacheDrv.o)
 .ARM.extab     0x0005c310        0xc /src/flex/ti-dsp/syslink_2_21_00_03/packages/ti/syslink/lib/syslink.a_debug(Dev.o)
 .ARM.extab     0x0005c31c       0xcc /src/flex/ti-dsp/syslink_2_21_00_03/packages/ti/syslink/lib/syslink.a_debug(MemoryOS.o)
 .ARM.extab     0x0005c3e8       0x3c /src/flex/ti-dsp/syslink_2_21_00_03/packages/ti/syslink/lib/syslink.a_debug(OsalDrv.o)
 .ARM.extab     0x0005c424       0x30 /src/flex/ti-dsp/syslink_2_21_00_03/packages/ti/syslink/lib/syslink.a_debug(OsalMutex.o)
 .ARM.extab     0x0005c454        0xc /src/flex/ti-dsp/syslink_2_21_00_03/packages/ti/syslink/lib/syslink.a_debug(OsalPrint.o)
 .ARM.extab     0x0005c460      0x15c /src/flex/ti-dsp/syslink_2_21_00_03/packages/ti/syslink/lib/syslink.a_debug(ProcMgr.o)
 .ARM.extab     0x0005c5bc       0x24 /src/flex/ti-dsp/syslink_2_21_00_03/packages/ti/syslink/lib/syslink.a_debug(ProcMgrDrvUsr.o)
 .ARM.extab     0x0005c5e0       0x60 /src/flex/ti-dsp/syslink_2_21_00_03/packages/ti/syslink/lib/syslink.a_debug(FrameQ_common.o)
 .ARM.extab     0x0005c640      0x144 /src/flex/ti-dsp/syslink_2_21_00_03/packages/ti/syslink/lib/syslink.a_debug(SharedRegion.o)
 .ARM.extab     0x0005c784       0xf0 /src/flex/ti-dsp/syslink_2_21_00_03/packages/ti/syslink/lib/syslink.a_debug(ListMP.o)
 .ARM.extab     0x0005c874       0x24 /src/flex/ti-dsp/syslink_2_21_00_03/packages/ti/syslink/lib/syslink.a_debug(SharedRegionDrv.o)
 .ARM.extab     0x0005c898       0x24 /src/flex/ti-dsp/syslink_2_21_00_03/packages/ti/syslink/lib/syslink.a_debug(ListMPDrv.o)
 .ARM.extab     0x0005c8bc        0x0 /home/jreese/CodeSourcery/Sourcery_G++_Lite/bin/../arm-none-linux-gnueabi/libc/usr/lib/libc_nonshared.a(elf-init.oS)
 .ARM.extab.init
                0x0005c8bc        0x0 /home/jreese/CodeSourcery/Sourcery_G++_Lite/bin/../arm-none-linux-gnueabi/libc/usr/lib/crtn.o
 .ARM.extab.fini
                0x0005c8bc        0x0 /home/jreese/CodeSourcery/Sourcery_G++_Lite/bin/../arm-none-linux-gnueabi/libc/usr/lib/crtn.o
                0x0005c8bc                __exidx_start = .

.ARM.exidx      0x0005c8bc      0xf88
 *(.ARM.exidx* .gnu.linkonce.armexidx.*)
 .ARM.exidx     0x0005c8cc        0x0 /home/jreese/CodeSourcery/Sourcery_G++_Lite/bin/../arm-none-linux-gnueabi/libc/usr/lib/crt1.o
                                  0x8 (size before relaxing)
 .ARM.exidx     0x0005c8cc        0x8 /home/jreese/CodeSourcery/Sourcery_G++_Lite/bin/../arm-none-linux-gnueabi/libc/usr/lib/crti.o
 .ARM.exidx     0x0005c8d4        0x8 /home/jreese/CodeSourcery/Sourcery_G++_Lite/bin/../lib/gcc/arm-none-linux-gnueabi/4.3.3/crtbegin.o
                                 0x10 (size before relaxing)
 .ARM.exidx     0x0005c8dc       0x18 bin/debug/obj/main_host.ov5T
 .ARM.exidx     0x0005c8f4       0x28 bin/debug/obj/App.ov5T
 .ARM.exidx     0x0005c91c       0x88 /src/flex/ti-dsp/syslink_2_21_00_03/packages/ti/syslink/lib/syslink.a_debug(Notify.o)
 .ARM.exidx     0x0005c9a4       0xc0 /src/flex/ti-dsp/syslink_2_21_00_03/packages/ti/syslink/lib/syslink.a_debug(MessageQ.o)
 .ARM.exidx     0x0005ca64       0x48 /src/flex/ti-dsp/syslink_2_21_00_03/packages/ti/syslink/lib/syslink.a_debug(Ipc.o)
 .ARM.exidx     0x0005caac       0xf0 /src/flex/ti-dsp/syslink_2_21_00_03/packages/ti/syslink/lib/syslink.a_debug(RingIO.o)
 .ARM.exidx     0x0005cb9c       0x20 /src/flex/ti-dsp/syslink_2_21_00_03/packages/ti/syslink/lib/syslink.a_debug(RingIOShm.o)
 .ARM.exidx     0x0005cbbc       0xf0 /src/flex/ti-dsp/syslink_2_21_00_03/packages/ti/syslink/lib/syslink.a_debug(FrameQ.o)
 .ARM.exidx     0x0005ccac      0x120 /src/flex/ti-dsp/syslink_2_21_00_03/packages/ti/syslink/lib/syslink.a_debug(FrameQBufMgr.o)
                                0x128 (size before relaxing)
 .ARM.exidx     0x0005cdcc       0x98 /src/flex/ti-dsp/syslink_2_21_00_03/packages/ti/syslink/lib/syslink.a_debug(ClientNotifyMgr.o)
 .ARM.exidx     0x0005ce64       0x90 /src/flex/ti-dsp/syslink_2_21_00_03/packages/ti/syslink/lib/syslink.a_debug(HeapMemMP.o)
 .ARM.exidx     0x0005cef4       0x88 /src/flex/ti-dsp/syslink_2_21_00_03/packages/ti/syslink/lib/syslink.a_debug(HeapBufMP.o)
 .ARM.exidx     0x0005cf7c       0xa8 /src/flex/ti-dsp/syslink_2_21_00_03/packages/ti/syslink/lib/syslink.a_debug(GateMP.o)
 .ARM.exidx     0x0005d024       0x20 /src/flex/ti-dsp/syslink_2_21_00_03/packages/ti/syslink/lib/syslink.a_debug(NotifyDrvUsr.o)
 .ARM.exidx     0x0005d044       0x18 /src/flex/ti-dsp/syslink_2_21_00_03/packages/ti/syslink/lib/syslink.a_debug(HeapBufMPDrv.o)
 .ARM.exidx     0x0005d05c       0x18 /src/flex/ti-dsp/syslink_2_21_00_03/packages/ti/syslink/lib/syslink.a_debug(MessageQDrv.o)
 .ARM.exidx     0x0005d074       0x18 /src/flex/ti-dsp/syslink_2_21_00_03/packages/ti/syslink/lib/syslink.a_debug(IpcDrv.o)
 .ARM.exidx     0x0005d08c       0x18 /src/flex/ti-dsp/syslink_2_21_00_03/packages/ti/syslink/lib/syslink.a_debug(FrameQDrv.o)
 .ARM.exidx     0x0005d0a4       0x18 /src/flex/ti-dsp/syslink_2_21_00_03/packages/ti/syslink/lib/syslink.a_debug(FrameQBufMgrDrv.o)
 .ARM.exidx     0x0005d0bc       0x18 /src/flex/ti-dsp/syslink_2_21_00_03/packages/ti/syslink/lib/syslink.a_debug(ClientNotifyMgrDrv.o)
 .ARM.exidx     0x0005d0d4       0x18 /src/flex/ti-dsp/syslink_2_21_00_03/packages/ti/syslink/lib/syslink.a_debug(RingIODrv.o)
 .ARM.exidx     0x0005d0ec       0x18 /src/flex/ti-dsp/syslink_2_21_00_03/packages/ti/syslink/lib/syslink.a_debug(RingIOShmDrv.o)
 .ARM.exidx     0x0005d104       0x18 /src/flex/ti-dsp/syslink_2_21_00_03/packages/ti/syslink/lib/syslink.a_debug(HeapMemMPDrv.o)
 .ARM.exidx     0x0005d11c       0x18 /src/flex/ti-dsp/syslink_2_21_00_03/packages/ti/syslink/lib/syslink.a_debug(GateMPDrv.o)
 .ARM.exidx     0x0005d134       0x10 /src/flex/ti-dsp/syslink_2_21_00_03/packages/ti/syslink/lib/syslink.a_debug(OsalProcess.o)
 .ARM.exidx     0x0005d144       0x30 /src/flex/ti-dsp/syslink_2_21_00_03/packages/ti/syslink/lib/syslink.a_debug(GateMutex.o)
 .ARM.exidx     0x0005d174       0x60 /src/flex/ti-dsp/syslink_2_21_00_03/packages/ti/syslink/lib/syslink.a_debug(Memory.o)
 .ARM.exidx     0x0005d1d4       0x88 /src/flex/ti-dsp/syslink_2_21_00_03/packages/ti/syslink/lib/syslink.a_debug(List.o)
 .ARM.exidx     0x0005d25c       0x20 /src/flex/ti-dsp/syslink_2_21_00_03/packages/ti/syslink/lib/syslink.a_debug(String.o)
                                 0x40 (size before relaxing)
 .ARM.exidx     0x0005d27c       0x48 /src/flex/ti-dsp/syslink_2_21_00_03/packages/ti/syslink/lib/syslink.a_debug(Trace.o)
 .ARM.exidx     0x0005d2c4       0x98 /src/flex/ti-dsp/syslink_2_21_00_03/packages/ti/syslink/lib/syslink.a_debug(NameServer.o)
 .ARM.exidx     0x0005d35c       0x48 /src/flex/ti-dsp/syslink_2_21_00_03/packages/ti/syslink/lib/syslink.a_debug(MultiProc.o)
 .ARM.exidx     0x0005d3a4       0x20 /src/flex/ti-dsp/syslink_2_21_00_03/packages/ti/syslink/lib/syslink.a_debug(Gate.o)
 .ARM.exidx     0x0005d3c4       0x10 /src/flex/ti-dsp/syslink_2_21_00_03/packages/ti/syslink/lib/syslink.a_debug(SysLink.o)
 .ARM.exidx     0x0005d3d4       0x28 /src/flex/ti-dsp/syslink_2_21_00_03/packages/ti/syslink/lib/syslink.a_debug(Cache.o)
 .ARM.exidx     0x0005d3fc       0x18 /src/flex/ti-dsp/syslink_2_21_00_03/packages/ti/syslink/lib/syslink.a_debug(NameServerDrv.o)
 .ARM.exidx     0x0005d414       0x18 /src/flex/ti-dsp/syslink_2_21_00_03/packages/ti/syslink/lib/syslink.a_debug(MultiProcDrv.o)
 .ARM.exidx     0x0005d42c        0x8 /src/flex/ti-dsp/syslink_2_21_00_03/packages/ti/syslink/lib/syslink.a_debug(TraceDrv.o)
 .ARM.exidx     0x0005d434        0x8 /src/flex/ti-dsp/syslink_2_21_00_03/packages/ti/syslink/lib/syslink.a_debug(CacheDrv.o)
 .ARM.exidx     0x0005d43c        0x8 /src/flex/ti-dsp/syslink_2_21_00_03/packages/ti/syslink/lib/syslink.a_debug(Dev.o)
 .ARM.exidx     0x0005d444       0x88 /src/flex/ti-dsp/syslink_2_21_00_03/packages/ti/syslink/lib/syslink.a_debug(MemoryOS.o)
 .ARM.exidx     0x0005d4cc       0x28 /src/flex/ti-dsp/syslink_2_21_00_03/packages/ti/syslink/lib/syslink.a_debug(OsalDrv.o)
 .ARM.exidx     0x0005d4f4       0x20 /src/flex/ti-dsp/syslink_2_21_00_03/packages/ti/syslink/lib/syslink.a_debug(OsalMutex.o)
 .ARM.exidx     0x0005d514        0x8 /src/flex/ti-dsp/syslink_2_21_00_03/packages/ti/syslink/lib/syslink.a_debug(OsalPrint.o)
 .ARM.exidx     0x0005d51c       0xe8 /src/flex/ti-dsp/syslink_2_21_00_03/packages/ti/syslink/lib/syslink.a_debug(ProcMgr.o)
 .ARM.exidx     0x0005d604       0x18 /src/flex/ti-dsp/syslink_2_21_00_03/packages/ti/syslink/lib/syslink.a_debug(ProcMgrDrvUsr.o)
 .ARM.exidx     0x0005d61c       0x48 /src/flex/ti-dsp/syslink_2_21_00_03/packages/ti/syslink/lib/syslink.a_debug(FrameQ_common.o)
 .ARM.exidx     0x0005d664       0xe0 /src/flex/ti-dsp/syslink_2_21_00_03/packages/ti/syslink/lib/syslink.a_debug(SharedRegion.o)
 .ARM.exidx     0x0005d744       0xa8 /src/flex/ti-dsp/syslink_2_21_00_03/packages/ti/syslink/lib/syslink.a_debug(ListMP.o)
 .ARM.exidx     0x0005d7ec       0x18 /src/flex/ti-dsp/syslink_2_21_00_03/packages/ti/syslink/lib/syslink.a_debug(SharedRegionDrv.o)
 .ARM.exidx     0x0005d804       0x18 /src/flex/ti-dsp/syslink_2_21_00_03/packages/ti/syslink/lib/syslink.a_debug(ListMPDrv.o)
 .ARM.exidx     0x0005d81c       0x18 /home/jreese/CodeSourcery/Sourcery_G++_Lite/bin/../arm-none-linux-gnueabi/libc/usr/lib/libc_nonshared.a(elf-init.oS)
                                 0x10 (size before relaxing)
 .ARM.exidx.init
                0x0005c8bc       0x10 /home/jreese/CodeSourcery/Sourcery_G++_Lite/bin/../arm-none-linux-gnueabi/libc/usr/lib/crtn.o
                                  0x8 (size before relaxing)
 .ARM.exidx.fini
                0x0005d834       0x10 /home/jreese/CodeSourcery/Sourcery_G++_Lite/bin/../arm-none-linux-gnueabi/libc/usr/lib/crtn.o
                                  0x8 (size before relaxing)
                0x0005d844                __exidx_end = .

.eh_frame_hdr
 *(.eh_frame_hdr)

.eh_frame       0x0005d844        0x4
 *(.eh_frame)
 .eh_frame      0x0005d844        0x4 /home/jreese/CodeSourcery/Sourcery_G++_Lite/bin/../lib/gcc/arm-none-linux-gnueabi/4.3.3/crtend.o

.gcc_except_table
 *(.gcc_except_table .gcc_except_table.*)
                0x0005d848                . = (ALIGN (0x8000) - ((0x8000 - .) & 0x7fff))
                0x00066000                . = (0x8000 DATA_SEGMENT_ALIGN 0x1000)

.eh_frame
 *(.eh_frame)

.gcc_except_table
 *(.gcc_except_table .gcc_except_table.*)

.tdata
 *(.tdata .tdata.* .gnu.linkonce.td.*)

.tbss
 *(.tbss .tbss.* .gnu.linkonce.tb.*)
 *(.tcommon)

.preinit_array  0x00066000        0x0
                0x00066000                PROVIDE (__preinit_array_start, .)
 *(.preinit_array)
                0x00066000                PROVIDE (__preinit_array_end, .)

.init_array     0x00066000        0x4
                0x00066000                PROVIDE (__init_array_start, .)
 *(SORT(.init_array.*))
 *(.init_array)
 .init_array    0x00066000        0x4 /home/jreese/CodeSourcery/Sourcery_G++_Lite/bin/../lib/gcc/arm-none-linux-gnueabi/4.3.3/crtbegin.o
                0x00066004                PROVIDE (__init_array_end, .)

.fini_array     0x00066004        0x4
                0x00066004                PROVIDE (__fini_array_start, .)
 *(.fini_array)
 .fini_array    0x00066004        0x4 /home/jreese/CodeSourcery/Sourcery_G++_Lite/bin/../lib/gcc/arm-none-linux-gnueabi/4.3.3/crtbegin.o
 *(SORT(.fini_array.*))
                0x00066008                PROVIDE (__fini_array_end, .)

.ctors
 *crtbegin.o(.ctors)
 *crtbegin?.o(.ctors)
 *(EXCLUDE_FILE(*crtend?.o *crtend.o) .ctors)
 *(SORT(.ctors.*))
 *(.ctors)

.dtors
 *crtbegin.o(.dtors)
 *crtbegin?.o(.dtors)
 *(EXCLUDE_FILE(*crtend?.o *crtend.o) .dtors)
 *(SORT(.dtors.*))
 *(.dtors)

.jcr            0x00066008        0x4
 *(.jcr)
 .jcr           0x00066008        0x0 /home/jreese/CodeSourcery/Sourcery_G++_Lite/bin/../lib/gcc/arm-none-linux-gnueabi/4.3.3/crtbegin.o
 .jcr           0x00066008        0x4 /home/jreese/CodeSourcery/Sourcery_G++_Lite/bin/../lib/gcc/arm-none-linux-gnueabi/4.3.3/crtend.o

.data.rel.ro
 *(.data.rel.ro.local* .gnu.linkonce.d.rel.ro.local.*)
 *(.data.rel.ro* .gnu.linkonce.d.rel.ro.*)

.dynamic        0x0006600c      0x100
 *(.dynamic)
 .dynamic       0x0006600c      0x100 /home/jreese/CodeSourcery/Sourcery_G++_Lite/bin/../arm-none-linux-gnueabi/libc/usr/lib/crti.o
                0x0006600c                _DYNAMIC
                0x0006610c                . = (. DATA_SEGMENT_RELRO_END 0x0)

.got            0x0006610c       0xb0
 *(.got.plt)
 .got.plt       0x0006610c       0xac /home/jreese/CodeSourcery/Sourcery_G++_Lite/bin/../arm-none-linux-gnueabi/libc/usr/lib/crti.o
                0x0006610c                _GLOBAL_OFFSET_TABLE_
 *(.got)
 .got           0x000661b8        0x4 /home/jreese/CodeSourcery/Sourcery_G++_Lite/bin/../arm-none-linux-gnueabi/libc/usr/lib/crti.o

.data           0x000661bc       0x48
                0x000661bc                __data_start = .
 *(.data .data.* .gnu.linkonce.d.*)
 .data          0x000661bc        0x4 /home/jreese/CodeSourcery/Sourcery_G++_Lite/bin/../arm-none-linux-gnueabi/libc/usr/lib/crt1.o
                0x000661bc                data_start
 .data          0x000661c0        0x0 /home/jreese/CodeSourcery/Sourcery_G++_Lite/bin/../arm-none-linux-gnueabi/libc/usr/lib/crti.o
 .data          0x000661c0        0x4 /home/jreese/CodeSourcery/Sourcery_G++_Lite/bin/../lib/gcc/arm-none-linux-gnueabi/4.3.3/crtbegin.o
                0x000661c0                __dso_handle
 .data          0x000661c4        0x0 bin/debug/obj/main_host.ov5T
 .data          0x000661c4        0x0 bin/debug/obj/App.ov5T
 .data          0x000661c4        0x0 /src/flex/ti-dsp/syslink_2_21_00_03/packages/ti/syslink/lib/syslink.a_debug(Notify.o)
 .data          0x000661c4        0x4 /src/flex/ti-dsp/syslink_2_21_00_03/packages/ti/syslink/lib/syslink.a_debug(MessageQ.o)
                0x000661c4                MessageQ_module
 .data          0x000661c8        0x0 /src/flex/ti-dsp/syslink_2_21_00_03/packages/ti/syslink/lib/syslink.a_debug(Ipc.o)
 .data          0x000661c8        0x0 /src/flex/ti-dsp/syslink_2_21_00_03/packages/ti/syslink/lib/syslink.a_debug(RingIO.o)
 .data          0x000661c8        0x0 /src/flex/ti-dsp/syslink_2_21_00_03/packages/ti/syslink/lib/syslink.a_debug(RingIOShm.o)
 .data          0x000661c8        0x4 /src/flex/ti-dsp/syslink_2_21_00_03/packages/ti/syslink/lib/syslink.a_debug(FrameQ.o)
                0x000661c8                FrameQ_module
 .data          0x000661cc        0x4 /src/flex/ti-dsp/syslink_2_21_00_03/packages/ti/syslink/lib/syslink.a_debug(FrameQBufMgr.o)
                0x000661cc                FrameQBufMgr_module
 .data          0x000661d0        0x4 /src/flex/ti-dsp/syslink_2_21_00_03/packages/ti/syslink/lib/syslink.a_debug(ClientNotifyMgr.o)
                0x000661d0                ClientNotifyMgr_module
 .data          0x000661d4        0x0 /src/flex/ti-dsp/syslink_2_21_00_03/packages/ti/syslink/lib/syslink.a_debug(HeapMemMP.o)
 .data          0x000661d4        0x4 /src/flex/ti-dsp/syslink_2_21_00_03/packages/ti/syslink/lib/syslink.a_debug(HeapBufMP.o)
                0x000661d4                HeapBufMP_module
 .data          0x000661d8        0x4 /src/flex/ti-dsp/syslink_2_21_00_03/packages/ti/syslink/lib/syslink.a_debug(GateMP.o)
 .data          0x000661dc        0x4 /src/flex/ti-dsp/syslink_2_21_00_03/packages/ti/syslink/lib/syslink.a_debug(NotifyDrvUsr.o)
 .data          0x000661e0        0x0 /src/flex/ti-dsp/syslink_2_21_00_03/packages/ti/syslink/lib/syslink.a_debug(HeapBufMPDrv.o)
 .data          0x000661e0        0x0 /src/flex/ti-dsp/syslink_2_21_00_03/packages/ti/syslink/lib/syslink.a_debug(MessageQDrv.o)
 .data          0x000661e0        0x0 /src/flex/ti-dsp/syslink_2_21_00_03/packages/ti/syslink/lib/syslink.a_debug(IpcDrv.o)
 .data          0x000661e0        0x0 /src/flex/ti-dsp/syslink_2_21_00_03/packages/ti/syslink/lib/syslink.a_debug(FrameQDrv.o)
 .data          0x000661e0        0x0 /src/flex/ti-dsp/syslink_2_21_00_03/packages/ti/syslink/lib/syslink.a_debug(FrameQBufMgrDrv.o)
 .data          0x000661e0        0x0 /src/flex/ti-dsp/syslink_2_21_00_03/packages/ti/syslink/lib/syslink.a_debug(ClientNotifyMgrDrv.o)
 .data          0x000661e0        0x0 /src/flex/ti-dsp/syslink_2_21_00_03/packages/ti/syslink/lib/syslink.a_debug(RingIODrv.o)
 .data          0x000661e0        0x0 /src/flex/ti-dsp/syslink_2_21_00_03/packages/ti/syslink/lib/syslink.a_debug(RingIOShmDrv.o)
 .data          0x000661e0        0x0 /src/flex/ti-dsp/syslink_2_21_00_03/packages/ti/syslink/lib/syslink.a_debug(HeapMemMPDrv.o)
 .data          0x000661e0        0x0 /src/flex/ti-dsp/syslink_2_21_00_03/packages/ti/syslink/lib/syslink.a_debug(GateMPDrv.o)
 .data          0x000661e0        0x0 /src/flex/ti-dsp/syslink_2_21_00_03/packages/ti/syslink/lib/syslink.a_debug(OsalProcess.o)
 .data          0x000661e0        0x0 /src/flex/ti-dsp/syslink_2_21_00_03/packages/ti/syslink/lib/syslink.a_debug(GateMutex.o)
 .data          0x000661e0        0x0 /src/flex/ti-dsp/syslink_2_21_00_03/packages/ti/syslink/lib/syslink.a_debug(Memory.o)
 .data          0x000661e0        0x0 /src/flex/ti-dsp/syslink_2_21_00_03/packages/ti/syslink/lib/syslink.a_debug(List.o)
 .data          0x000661e0        0x0 /src/flex/ti-dsp/syslink_2_21_00_03/packages/ti/syslink/lib/syslink.a_debug(String.o)
 .data          0x000661e0        0x0 /src/flex/ti-dsp/syslink_2_21_00_03/packages/ti/syslink/lib/syslink.a_debug(Trace.o)
 .data          0x000661e0        0x4 /src/flex/ti-dsp/syslink_2_21_00_03/packages/ti/syslink/lib/syslink.a_debug(NameServer.o)
                0x000661e0                NameServer_module
 .data          0x000661e4        0x4 /src/flex/ti-dsp/syslink_2_21_00_03/packages/ti/syslink/lib/syslink.a_debug(MultiProc.o)
                0x000661e4                MultiProc_module
 .data          0x000661e8        0xc /src/flex/ti-dsp/syslink_2_21_00_03/packages/ti/syslink/lib/syslink.a_debug(Gate.o)
                0x000661f0                Gate_systemHandle
                0x000661e8                Gate_systemObject
 .data          0x000661f4        0x0 /src/flex/ti-dsp/syslink_2_21_00_03/packages/ti/syslink/lib/syslink.a_debug(SysLink.o)
 .data          0x000661f4        0x0 /src/flex/ti-dsp/syslink_2_21_00_03/packages/ti/syslink/lib/syslink.a_debug(Cache.o)
 .data          0x000661f4        0x0 /src/flex/ti-dsp/syslink_2_21_00_03/packages/ti/syslink/lib/syslink.a_debug(NameServerDrv.o)
 .data          0x000661f4        0x0 /src/flex/ti-dsp/syslink_2_21_00_03/packages/ti/syslink/lib/syslink.a_debug(MultiProcDrv.o)
 .data          0x000661f4        0x0 /src/flex/ti-dsp/syslink_2_21_00_03/packages/ti/syslink/lib/syslink.a_debug(TraceDrv.o)
 .data          0x000661f4        0x0 /src/flex/ti-dsp/syslink_2_21_00_03/packages/ti/syslink/lib/syslink.a_debug(CacheDrv.o)
 .data          0x000661f4        0x0 /src/flex/ti-dsp/syslink_2_21_00_03/packages/ti/syslink/lib/syslink.a_debug(Dev.o)
 .data          0x000661f4        0x0 /src/flex/ti-dsp/syslink_2_21_00_03/packages/ti/syslink/lib/syslink.a_debug(MemoryOS.o)
 .data          0x000661f4        0x4 /src/flex/ti-dsp/syslink_2_21_00_03/packages/ti/syslink/lib/syslink.a_debug(OsalDrv.o)
 .data          0x000661f8        0x0 /src/flex/ti-dsp/syslink_2_21_00_03/packages/ti/syslink/lib/syslink.a_debug(OsalMutex.o)
 .data          0x000661f8        0x0 /src/flex/ti-dsp/syslink_2_21_00_03/packages/ti/syslink/lib/syslink.a_debug(OsalPrint.o)
 .data          0x000661f8        0x0 /src/flex/ti-dsp/syslink_2_21_00_03/packages/ti/syslink/lib/syslink.a_debug(ProcMgr.o)
 .data          0x000661f8        0x4 /src/flex/ti-dsp/syslink_2_21_00_03/packages/ti/syslink/lib/syslink.a_debug(ProcMgrDrvUsr.o)
 .data          0x000661fc        0x0 /src/flex/ti-dsp/syslink_2_21_00_03/packages/ti/syslink/lib/syslink.a_debug(FrameQ_common.o)
 .data          0x000661fc        0x4 /src/flex/ti-dsp/syslink_2_21_00_03/packages/ti/syslink/lib/syslink.a_debug(SharedRegion.o)
                0x000661fc                SharedRegion_module
 .data          0x00066200        0x4 /src/flex/ti-dsp/syslink_2_21_00_03/packages/ti/syslink/lib/syslink.a_debug(ListMP.o)
                0x00066200                ListMP_module
 .data          0x00066204        0x0 /src/flex/ti-dsp/syslink_2_21_00_03/packages/ti/syslink/lib/syslink.a_debug(SharedRegionDrv.o)
 .data          0x00066204        0x0 /src/flex/ti-dsp/syslink_2_21_00_03/packages/ti/syslink/lib/syslink.a_debug(ListMPDrv.o)
 .data          0x00066204        0x0 /home/jreese/CodeSourcery/Sourcery_G++_Lite/bin/../arm-none-linux-gnueabi/libc/usr/lib/libc_nonshared.a(elf-init.oS)
 .data          0x00066204        0x0 /home/jreese/CodeSourcery/Sourcery_G++_Lite/bin/../lib/gcc/arm-none-linux-gnueabi/4.3.3/libgcc.a(_udivsi3.o)
 .data          0x00066204        0x0 /home/jreese/CodeSourcery/Sourcery_G++_Lite/bin/../lib/gcc/arm-none-linux-gnueabi/4.3.3/libgcc.a(_dvmd_lnx.o)
 .data          0x00066204        0x0 /home/jreese/CodeSourcery/Sourcery_G++_Lite/bin/../lib/gcc/arm-none-linux-gnueabi/4.3.3/crtend.o
 .data          0x00066204        0x0 /home/jreese/CodeSourcery/Sourcery_G++_Lite/bin/../arm-none-linux-gnueabi/libc/usr/lib/crtn.o

.data1
 *(.data1)
                0x00066204                _edata = .
                0x00066204                PROVIDE (edata, .)
                0x00066204                __bss_start = .
                0x00066204                __bss_start__ = .

.bss            0x00066208    0x2d650
 *(.dynbss)
 *fill*         0x00066208        0x0 00
 .dynbss        0x00066208        0x4 /home/jreese/CodeSourcery/Sourcery_G++_Lite/bin/../arm-none-linux-gnueabi/libc/usr/lib/crti.o
                0x00066208                stderr@@GLIBC_2.4
 *(.bss .bss.* .gnu.linkonce.b.*)
 .bss           0x0006620c        0x0 /home/jreese/CodeSourcery/Sourcery_G++_Lite/bin/../arm-none-linux-gnueabi/libc/usr/lib/crt1.o
 .bss           0x0006620c        0x0 /home/jreese/CodeSourcery/Sourcery_G++_Lite/bin/../arm-none-linux-gnueabi/libc/usr/lib/crti.o
 .bss           0x0006620c        0x1 /home/jreese/CodeSourcery/Sourcery_G++_Lite/bin/../lib/gcc/arm-none-linux-gnueabi/4.3.3/crtbegin.o
 *fill*         0x0006620d        0x3 00
 .bss           0x00066210        0x4 bin/debug/obj/main_host.ov5T
 .bss           0x00066214       0x58 bin/debug/obj/App.ov5T
 .bss           0x0006626c       0x14 /src/flex/ti-dsp/syslink_2_21_00_03/packages/ti/syslink/lib/syslink.a_debug(Notify.o)
                0x0006626c                Notify_state
 .bss           0x00066280        0x4 /src/flex/ti-dsp/syslink_2_21_00_03/packages/ti/syslink/lib/syslink.a_debug(MessageQ.o)
                0x00066280                MessageQ_state
 .bss           0x00066284       0x5c /src/flex/ti-dsp/syslink_2_21_00_03/packages/ti/syslink/lib/syslink.a_debug(Ipc.o)
                0x000662d4                SysLinkCfg_sysMemMap
                0x00066284                Ipc_state
                0x000662dc                SysLink_params
 .bss           0x000662e0        0xc /src/flex/ti-dsp/syslink_2_21_00_03/packages/ti/syslink/lib/syslink.a_debug(RingIO.o)
                0x000662e0                RingIO_state
 .bss           0x000662ec        0x8 /src/flex/ti-dsp/syslink_2_21_00_03/packages/ti/syslink/lib/syslink.a_debug(RingIOShm.o)
                0x000662ec                RingIOShm_state
 .bss           0x000662f4       0x20 /src/flex/ti-dsp/syslink_2_21_00_03/packages/ti/syslink/lib/syslink.a_debug(FrameQ.o)
                0x000662f4                FrameQ_module_obj
 .bss           0x00066314       0x20 /src/flex/ti-dsp/syslink_2_21_00_03/packages/ti/syslink/lib/syslink.a_debug(FrameQBufMgr.o)
                0x00066314                FrameQBufMgr_module_obj
 .bss           0x00066334    0x2d024 /src/flex/ti-dsp/syslink_2_21_00_03/packages/ti/syslink/lib/syslink.a_debug(ClientNotifyMgr.o)
                0x00066334                ClientNotifyMgr_module_obj
 .bss           0x00093358        0x4 /src/flex/ti-dsp/syslink_2_21_00_03/packages/ti/syslink/lib/syslink.a_debug(HeapMemMP.o)
                0x00093358                HeapMemMP_state
 .bss           0x0009335c        0x4 /src/flex/ti-dsp/syslink_2_21_00_03/packages/ti/syslink/lib/syslink.a_debug(HeapBufMP.o)
                0x0009335c                HeapBufMP_state
 .bss           0x00093360       0x1c /src/flex/ti-dsp/syslink_2_21_00_03/packages/ti/syslink/lib/syslink.a_debug(GateMP.o)
 .bss           0x0009337c        0xc /src/flex/ti-dsp/syslink_2_21_00_03/packages/ti/syslink/lib/syslink.a_debug(NotifyDrvUsr.o)
 .bss           0x00093388        0x8 /src/flex/ti-dsp/syslink_2_21_00_03/packages/ti/syslink/lib/syslink.a_debug(HeapBufMPDrv.o)
 .bss           0x00093390        0x8 /src/flex/ti-dsp/syslink_2_21_00_03/packages/ti/syslink/lib/syslink.a_debug(MessageQDrv.o)
 .bss           0x00093398        0x8 /src/flex/ti-dsp/syslink_2_21_00_03/packages/ti/syslink/lib/syslink.a_debug(IpcDrv.o)
 .bss           0x000933a0        0x8 /src/flex/ti-dsp/syslink_2_21_00_03/packages/ti/syslink/lib/syslink.a_debug(FrameQDrv.o)
 .bss           0x000933a8        0x8 /src/flex/ti-dsp/syslink_2_21_00_03/packages/ti/syslink/lib/syslink.a_debug(FrameQBufMgrDrv.o)
 .bss           0x000933b0        0x8 /src/flex/ti-dsp/syslink_2_21_00_03/packages/ti/syslink/lib/syslink.a_debug(ClientNotifyMgrDrv.o)
 .bss           0x000933b8        0x8 /src/flex/ti-dsp/syslink_2_21_00_03/packages/ti/syslink/lib/syslink.a_debug(RingIODrv.o)
 .bss           0x000933c0        0x8 /src/flex/ti-dsp/syslink_2_21_00_03/packages/ti/syslink/lib/syslink.a_debug(RingIOShmDrv.o)
 .bss           0x000933c8        0x8 /src/flex/ti-dsp/syslink_2_21_00_03/packages/ti/syslink/lib/syslink.a_debug(HeapMemMPDrv.o)
 .bss           0x000933d0        0x8 /src/flex/ti-dsp/syslink_2_21_00_03/packages/ti/syslink/lib/syslink.a_debug(GateMPDrv.o)
 .bss           0x000933d8        0x0 /src/flex/ti-dsp/syslink_2_21_00_03/packages/ti/syslink/lib/syslink.a_debug(OsalProcess.o)
 .bss           0x000933d8        0x4 /src/flex/ti-dsp/syslink_2_21_00_03/packages/ti/syslink/lib/syslink.a_debug(GateMutex.o)
 .bss           0x000933dc        0x0 /src/flex/ti-dsp/syslink_2_21_00_03/packages/ti/syslink/lib/syslink.a_debug(Memory.o)
 .bss           0x000933dc        0x0 /src/flex/ti-dsp/syslink_2_21_00_03/packages/ti/syslink/lib/syslink.a_debug(List.o)
 .bss           0x000933dc        0x0 /src/flex/ti-dsp/syslink_2_21_00_03/packages/ti/syslink/lib/syslink.a_debug(String.o)
 .bss           0x000933dc        0x4 /src/flex/ti-dsp/syslink_2_21_00_03/packages/ti/syslink/lib/syslink.a_debug(Trace.o)
                0x000933dc                curTrace
 .bss           0x000933e0        0xc /src/flex/ti-dsp/syslink_2_21_00_03/packages/ti/syslink/lib/syslink.a_debug(NameServer.o)
                0x000933e0                NameServer_state
 .bss           0x000933ec      0x298 /src/flex/ti-dsp/syslink_2_21_00_03/packages/ti/syslink/lib/syslink.a_debug(MultiProc.o)
                0x000933ec                MultiProc_state
 .bss           0x00093684       0x18 /src/flex/ti-dsp/syslink_2_21_00_03/packages/ti/syslink/lib/syslink.a_debug(Gate.o)
                0x00093684                staticMutex
 .bss           0x0009369c        0x0 /src/flex/ti-dsp/syslink_2_21_00_03/packages/ti/syslink/lib/syslink.a_debug(SysLink.o)
 .bss           0x0009369c        0x0 /src/flex/ti-dsp/syslink_2_21_00_03/packages/ti/syslink/lib/syslink.a_debug(Cache.o)
 .bss           0x0009369c        0x8 /src/flex/ti-dsp/syslink_2_21_00_03/packages/ti/syslink/lib/syslink.a_debug(NameServerDrv.o)
 .bss           0x000936a4        0x8 /src/flex/ti-dsp/syslink_2_21_00_03/packages/ti/syslink/lib/syslink.a_debug(MultiProcDrv.o)
 .bss           0x000936ac        0x0 /src/flex/ti-dsp/syslink_2_21_00_03/packages/ti/syslink/lib/syslink.a_debug(TraceDrv.o)
 .bss           0x000936ac        0x0 /src/flex/ti-dsp/syslink_2_21_00_03/packages/ti/syslink/lib/syslink.a_debug(CacheDrv.o)
 .bss           0x000936ac        0x0 /src/flex/ti-dsp/syslink_2_21_00_03/packages/ti/syslink/lib/syslink.a_debug(Dev.o)
 .bss           0x000936ac       0x18 /src/flex/ti-dsp/syslink_2_21_00_03/packages/ti/syslink/lib/syslink.a_debug(MemoryOS.o)
 .bss           0x000936c4        0x4 /src/flex/ti-dsp/syslink_2_21_00_03/packages/ti/syslink/lib/syslink.a_debug(OsalDrv.o)
 .bss           0x000936c8        0x0 /src/flex/ti-dsp/syslink_2_21_00_03/packages/ti/syslink/lib/syslink.a_debug(OsalMutex.o)
 .bss           0x000936c8        0x0 /src/flex/ti-dsp/syslink_2_21_00_03/packages/ti/syslink/lib/syslink.a_debug(OsalPrint.o)
 .bss           0x000936c8       0x2c /src/flex/ti-dsp/syslink_2_21_00_03/packages/ti/syslink/lib/syslink.a_debug(ProcMgr.o)
                0x000936c8                ProcMgr_state
 .bss           0x000936f4        0x4 /src/flex/ti-dsp/syslink_2_21_00_03/packages/ti/syslink/lib/syslink.a_debug(ProcMgrDrvUsr.o)
 .bss           0x000936f8        0x0 /src/flex/ti-dsp/syslink_2_21_00_03/packages/ti/syslink/lib/syslink.a_debug(FrameQ_common.o)
 .bss           0x000936f8      0x138 /src/flex/ti-dsp/syslink_2_21_00_03/packages/ti/syslink/lib/syslink.a_debug(SharedRegion.o)
                0x000936f8                SharedRegion_state
 .bss           0x00093830        0x4 /src/flex/ti-dsp/syslink_2_21_00_03/packages/ti/syslink/lib/syslink.a_debug(ListMP.o)
                0x00093830                ListMP_state
 .bss           0x00093834        0x8 /src/flex/ti-dsp/syslink_2_21_00_03/packages/ti/syslink/lib/syslink.a_debug(SharedRegionDrv.o)
 .bss           0x0009383c        0x8 /src/flex/ti-dsp/syslink_2_21_00_03/packages/ti/syslink/lib/syslink.a_debug(ListMPDrv.o)
 .bss           0x00093844        0x0 /home/jreese/CodeSourcery/Sourcery_G++_Lite/bin/../arm-none-linux-gnueabi/libc/usr/lib/libc_nonshared.a(elf-init.oS)
 .bss           0x00093844        0x0 /home/jreese/CodeSourcery/Sourcery_G++_Lite/bin/../lib/gcc/arm-none-linux-gnueabi/4.3.3/libgcc.a(_udivsi3.o)
 .bss           0x00093844        0x0 /home/jreese/CodeSourcery/Sourcery_G++_Lite/bin/../lib/gcc/arm-none-linux-gnueabi/4.3.3/libgcc.a(_dvmd_lnx.o)
 .bss           0x00093844        0x0 /home/jreese/CodeSourcery/Sourcery_G++_Lite/bin/../lib/gcc/arm-none-linux-gnueabi/4.3.3/crtend.o
 .bss           0x00093844        0x0 /home/jreese/CodeSourcery/Sourcery_G++_Lite/bin/../arm-none-linux-gnueabi/libc/usr/lib/crtn.o
 *(COMMON)
 COMMON         0x00093844        0x4 /src/flex/ti-dsp/syslink_2_21_00_03/packages/ti/syslink/lib/syslink.a_debug(NameServer.o)
                0x00093844                NameServer_Object
 COMMON         0x00093848       0x10 /src/flex/ti-dsp/syslink_2_21_00_03/packages/ti/syslink/lib/syslink.a_debug(MemoryOS.o)
                0x00093848                MemoryOS_state
                0x00093858                . = ALIGN ((. != 0x0)?0x4:0x1)
                0x00093858                _bss_end__ = .
                0x00093858                __bss_end__ = .
                0x00093858                . = ALIGN (0x4)
                0x00093858                . = ALIGN (0x4)
                0x00093858                __end__ = .
                0x00093858                _end = .
                0x00093858                PROVIDE (end, .)
                0x00093858                . = DATA_SEGMENT_END (.)

.stab
 *(.stab)

.stabstr
 *(.stabstr)

.stab.excl
 *(.stab.excl)

.stab.exclstr
 *(.stab.exclstr)

.stab.index
 *(.stab.index)

.stab.indexstr
 *(.stab.indexstr)

.ARM.attributes
                0x00000000       0x2d
 .ARM.attributes
                0x00000000       0x2d /home/jreese/CodeSourcery/Sourcery_G++_Lite/bin/../arm-none-linux-gnueabi/libc/usr/lib/crt1.o
 .ARM.attributes
                0x0000002d       0x31 /home/jreese/CodeSourcery/Sourcery_G++_Lite/bin/../arm-none-linux-gnueabi/libc/usr/lib/crti.o
 .ARM.attributes
                0x0000005e       0x31 /home/jreese/CodeSourcery/Sourcery_G++_Lite/bin/../lib/gcc/arm-none-linux-gnueabi/4.3.3/crtbegin.o
 .ARM.attributes
                0x0000008f       0x2a bin/debug/obj/main_host.ov5T
 .ARM.attributes
                0x000000b9       0x2a bin/debug/obj/App.ov5T
 .ARM.attributes
                0x000000e3       0x31 /src/flex/ti-dsp/syslink_2_21_00_03/packages/ti/syslink/lib/syslink.a_debug(Notify.o)
 .ARM.attributes
                0x00000114       0x31 /src/flex/ti-dsp/syslink_2_21_00_03/packages/ti/syslink/lib/syslink.a_debug(MessageQ.o)
 .ARM.attributes
                0x00000145       0x31 /src/flex/ti-dsp/syslink_2_21_00_03/packages/ti/syslink/lib/syslink.a_debug(Ipc.o)
 .ARM.attributes
                0x00000176       0x31 /src/flex/ti-dsp/syslink_2_21_00_03/packages/ti/syslink/lib/syslink.a_debug(RingIO.o)
 .ARM.attributes
                0x000001a7       0x31 /src/flex/ti-dsp/syslink_2_21_00_03/packages/ti/syslink/lib/syslink.a_debug(RingIOShm.o)
 .ARM.attributes
                0x000001d8       0x31 /src/flex/ti-dsp/syslink_2_21_00_03/packages/ti/syslink/lib/syslink.a_debug(FrameQ.o)
 .ARM.attributes
                0x00000209       0x31 /src/flex/ti-dsp/syslink_2_21_00_03/packages/ti/syslink/lib/syslink.a_debug(FrameQBufMgr.o)
 .ARM.attributes
                0x0000023a       0x31 /src/flex/ti-dsp/syslink_2_21_00_03/packages/ti/syslink/lib/syslink.a_debug(ClientNotifyMgr.o)
 .ARM.attributes
                0x0000026b       0x31 /src/flex/ti-dsp/syslink_2_21_00_03/packages/ti/syslink/lib/syslink.a_debug(HeapMemMP.o)
 .ARM.attributes
                0x0000029c       0x31 /src/flex/ti-dsp/syslink_2_21_00_03/packages/ti/syslink/lib/syslink.a_debug(HeapBufMP.o)
 .ARM.attributes
                0x000002cd       0x31 /src/flex/ti-dsp/syslink_2_21_00_03/packages/ti/syslink/lib/syslink.a_debug(GateMP.o)
 .ARM.attributes
                0x000002fe       0x31 /src/flex/ti-dsp/syslink_2_21_00_03/packages/ti/syslink/lib/syslink.a_debug(NotifyDrvUsr.o)
 .ARM.attributes
                0x0000032f       0x31 /src/flex/ti-dsp/syslink_2_21_00_03/packages/ti/syslink/lib/syslink.a_debug(HeapBufMPDrv.o)
 .ARM.attributes
                0x00000360       0x31 /src/flex/ti-dsp/syslink_2_21_00_03/packages/ti/syslink/lib/syslink.a_debug(MessageQDrv.o)
 .ARM.attributes
                0x00000391       0x31 /src/flex/ti-dsp/syslink_2_21_00_03/packages/ti/syslink/lib/syslink.a_debug(IpcDrv.o)
 .ARM.attributes
                0x000003c2       0x31 /src/flex/ti-dsp/syslink_2_21_00_03/packages/ti/syslink/lib/syslink.a_debug(FrameQDrv.o)
 .ARM.attributes
                0x000003f3       0x31 /src/flex/ti-dsp/syslink_2_21_00_03/packages/ti/syslink/lib/syslink.a_debug(FrameQBufMgrDrv.o)
 .ARM.attributes
                0x00000424       0x31 /src/flex/ti-dsp/syslink_2_21_00_03/packages/ti/syslink/lib/syslink.a_debug(ClientNotifyMgrDrv.o)
 .ARM.attributes
                0x00000455       0x31 /src/flex/ti-dsp/syslink_2_21_00_03/packages/ti/syslink/lib/syslink.a_debug(RingIODrv.o)
 .ARM.attributes
                0x00000486       0x31 /src/flex/ti-dsp/syslink_2_21_00_03/packages/ti/syslink/lib/syslink.a_debug(RingIOShmDrv.o)
 .ARM.attributes
                0x000004b7       0x31 /src/flex/ti-dsp/syslink_2_21_00_03/packages/ti/syslink/lib/syslink.a_debug(HeapMemMPDrv.o)
 .ARM.attributes
                0x000004e8       0x31 /src/flex/ti-dsp/syslink_2_21_00_03/packages/ti/syslink/lib/syslink.a_debug(GateMPDrv.o)
 .ARM.attributes
                0x00000519       0x31 /src/flex/ti-dsp/syslink_2_21_00_03/packages/ti/syslink/lib/syslink.a_debug(OsalProcess.o)
 .ARM.attributes
                0x0000054a       0x31 /src/flex/ti-dsp/syslink_2_21_00_03/packages/ti/syslink/lib/syslink.a_debug(GateMutex.o)
 .ARM.attributes
                0x0000057b       0x31 /src/flex/ti-dsp/syslink_2_21_00_03/packages/ti/syslink/lib/syslink.a_debug(Memory.o)
 .ARM.attributes
                0x000005ac       0x31 /src/flex/ti-dsp/syslink_2_21_00_03/packages/ti/syslink/lib/syslink.a_debug(List.o)
 .ARM.attributes
                0x000005dd       0x31 /src/flex/ti-dsp/syslink_2_21_00_03/packages/ti/syslink/lib/syslink.a_debug(String.o)
 .ARM.attributes
                0x0000060e       0x31 /src/flex/ti-dsp/syslink_2_21_00_03/packages/ti/syslink/lib/syslink.a_debug(Trace.o)
 .ARM.attributes
                0x0000063f       0x31 /src/flex/ti-dsp/syslink_2_21_00_03/packages/ti/syslink/lib/syslink.a_debug(NameServer.o)
 .ARM.attributes
                0x00000670       0x31 /src/flex/ti-dsp/syslink_2_21_00_03/packages/ti/syslink/lib/syslink.a_debug(MultiProc.o)
 .ARM.attributes
                0x000006a1       0x31 /src/flex/ti-dsp/syslink_2_21_00_03/packages/ti/syslink/lib/syslink.a_debug(Gate.o)
 .ARM.attributes
                0x000006d2       0x31 /src/flex/ti-dsp/syslink_2_21_00_03/packages/ti/syslink/lib/syslink.a_debug(SysLink.o)
 .ARM.attributes
                0x00000703       0x31 /src/flex/ti-dsp/syslink_2_21_00_03/packages/ti/syslink/lib/syslink.a_debug(Cache.o)
 .ARM.attributes
                0x00000734       0x31 /src/flex/ti-dsp/syslink_2_21_00_03/packages/ti/syslink/lib/syslink.a_debug(NameServerDrv.o)
 .ARM.attributes
                0x00000765       0x31 /src/flex/ti-dsp/syslink_2_21_00_03/packages/ti/syslink/lib/syslink.a_debug(MultiProcDrv.o)
 .ARM.attributes
                0x00000796       0x31 /src/flex/ti-dsp/syslink_2_21_00_03/packages/ti/syslink/lib/syslink.a_debug(TraceDrv.o)
 .ARM.attributes
                0x000007c7       0x31 /src/flex/ti-dsp/syslink_2_21_00_03/packages/ti/syslink/lib/syslink.a_debug(CacheDrv.o)
 .ARM.attributes
                0x000007f8       0x31 /src/flex/ti-dsp/syslink_2_21_00_03/packages/ti/syslink/lib/syslink.a_debug(Dev.o)
 .ARM.attributes