Archive member included because of file (symbol)

/src/flex/microburst-linux/ti-dsp/syslink_2_21_00_03/packages/ti/syslink/lib/syslink.a_release(Notify.o)
                              bin/release/obj/App.ov5T (Notify_sendEvent)
/src/flex/microburst-linux/ti-dsp/syslink_2_21_00_03/packages/ti/syslink/lib/syslink.a_release(Ipc.o)
                              bin/release/obj/main_host.ov5T (Ipc_control)
/src/flex/microburst-linux/ti-dsp/syslink_2_21_00_03/packages/ti/syslink/lib/syslink.a_release(RingIO.o)
                              /src/flex/microburst-linux/ti-dsp/syslink_2_21_00_03/packages/ti/syslink/lib/syslink.a_release(Ipc.o) (RingIO_destroy)
/src/flex/microburst-linux/ti-dsp/syslink_2_21_00_03/packages/ti/syslink/lib/syslink.a_release(RingIOShm.o)
                              /src/flex/microburst-linux/ti-dsp/syslink_2_21_00_03/packages/ti/syslink/lib/syslink.a_release(Ipc.o) (RingIOShm_destroy)
/src/flex/microburst-linux/ti-dsp/syslink_2_21_00_03/packages/ti/syslink/lib/syslink.a_release(FrameQ.o)
                              /src/flex/microburst-linux/ti-dsp/syslink_2_21_00_03/packages/ti/syslink/lib/syslink.a_release(Ipc.o) (FrameQ_destroy)
/src/flex/microburst-linux/ti-dsp/syslink_2_21_00_03/packages/ti/syslink/lib/syslink.a_release(FrameQBufMgr.o)
                              /src/flex/microburst-linux/ti-dsp/syslink_2_21_00_03/packages/ti/syslink/lib/syslink.a_release(FrameQ.o) (FrameQBufMgr_getHandle)
/src/flex/microburst-linux/ti-dsp/syslink_2_21_00_03/packages/ti/syslink/lib/syslink.a_release(ClientNotifyMgr.o)
                              /src/flex/microburst-linux/ti-dsp/syslink_2_21_00_03/packages/ti/syslink/lib/syslink.a_release(RingIO.o) (ClientNotifyMgr_sendForceNotificationMulti)
/src/flex/microburst-linux/ti-dsp/syslink_2_21_00_03/packages/ti/syslink/lib/syslink.a_release(HeapMemMP.o)
                              /src/flex/microburst-linux/ti-dsp/syslink_2_21_00_03/packages/ti/syslink/lib/syslink.a_release(Ipc.o) (HeapMemMP_destroy)
/src/flex/microburst-linux/ti-dsp/syslink_2_21_00_03/packages/ti/syslink/lib/syslink.a_release(HeapBufMP.o)
                              /src/flex/microburst-linux/ti-dsp/syslink_2_21_00_03/packages/ti/syslink/lib/syslink.a_release(Ipc.o) (HeapBufMP_destroy)
/src/flex/microburst-linux/ti-dsp/syslink_2_21_00_03/packages/ti/syslink/lib/syslink.a_release(GateMP.o)
                              /src/flex/microburst-linux/ti-dsp/syslink_2_21_00_03/packages/ti/syslink/lib/syslink.a_release(RingIO.o) (GateMP_getKnlHandle)
/src/flex/microburst-linux/ti-dsp/syslink_2_21_00_03/packages/ti/syslink/lib/syslink.a_release(NotifyDrvUsr.o)
                              /src/flex/microburst-linux/ti-dsp/syslink_2_21_00_03/packages/ti/syslink/lib/syslink.a_release(Notify.o) (NotifyDrvUsr_ioctl)
/src/flex/microburst-linux/ti-dsp/syslink_2_21_00_03/packages/ti/syslink/lib/syslink.a_release(HeapBufMPDrv.o)
                              /src/flex/microburst-linux/ti-dsp/syslink_2_21_00_03/packages/ti/syslink/lib/syslink.a_release(HeapBufMP.o) (HeapBufMPDrv_ioctl)
/src/flex/microburst-linux/ti-dsp/syslink_2_21_00_03/packages/ti/syslink/lib/syslink.a_release(IpcDrv.o)
                              /src/flex/microburst-linux/ti-dsp/syslink_2_21_00_03/packages/ti/syslink/lib/syslink.a_release(Ipc.o) (IpcDrv_ioctl)
/src/flex/microburst-linux/ti-dsp/syslink_2_21_00_03/packages/ti/syslink/lib/syslink.a_release(FrameQDrv.o)
                              /src/flex/microburst-linux/ti-dsp/syslink_2_21_00_03/packages/ti/syslink/lib/syslink.a_release(FrameQ.o) (FrameQDrv_ioctl)
/src/flex/microburst-linux/ti-dsp/syslink_2_21_00_03/packages/ti/syslink/lib/syslink.a_release(FrameQBufMgrDrv.o)
                              /src/flex/microburst-linux/ti-dsp/syslink_2_21_00_03/packages/ti/syslink/lib/syslink.a_release(FrameQBufMgr.o) (FrameQBufMgrDrv_ioctl)
/src/flex/microburst-linux/ti-dsp/syslink_2_21_00_03/packages/ti/syslink/lib/syslink.a_release(ClientNotifyMgrDrv.o)
                              /src/flex/microburst-linux/ti-dsp/syslink_2_21_00_03/packages/ti/syslink/lib/syslink.a_release(ClientNotifyMgr.o) (ClientNotifyMgrDrv_ioctl)
/src/flex/microburst-linux/ti-dsp/syslink_2_21_00_03/packages/ti/syslink/lib/syslink.a_release(RingIODrv.o)
                              /src/flex/microburst-linux/ti-dsp/syslink_2_21_00_03/packages/ti/syslink/lib/syslink.a_release(RingIO.o) (RingIODrv_ioctl)
/src/flex/microburst-linux/ti-dsp/syslink_2_21_00_03/packages/ti/syslink/lib/syslink.a_release(RingIOShmDrv.o)
                              /src/flex/microburst-linux/ti-dsp/syslink_2_21_00_03/packages/ti/syslink/lib/syslink.a_release(RingIOShm.o) (RingIOShmDrv_ioctl)
/src/flex/microburst-linux/ti-dsp/syslink_2_21_00_03/packages/ti/syslink/lib/syslink.a_release(HeapMemMPDrv.o)
                              /src/flex/microburst-linux/ti-dsp/syslink_2_21_00_03/packages/ti/syslink/lib/syslink.a_release(HeapMemMP.o) (HeapMemMPDrv_ioctl)
[...]
Memory Configuration

Name             Origin             Length             Attributes
*default*        0x00000000         0xffffffff

Linker script and memory map

LOAD /home/jreese/CodeSourcery/Sourcery_G++_Lite/bin/../arm-none-linux-gnueabi/libc/usr/lib/crt1.o
LOAD /home/jreese/CodeSourcery/Sourcery_G++_Lite/bin/../arm-none-linux-gnueabi/libc/usr/lib/crti.o
LOAD /home/jreese/CodeSourcery/Sourcery_G++_Lite/bin/../lib/gcc/arm-none-linux-gnueabi/4.3.3/crtbegin.o
LOAD bin/release/obj/main_host.ov5T
LOAD bin/release/obj/App.ov5T
LOAD /src/flex/microburst-linux/ti-dsp/syslink_2_21_00_03/packages/ti/syslink/lib/syslink.a_release
LOAD /home/jreese/CodeSourcery/Sourcery_G++_Lite/bin/../arm-none-linux-gnueabi/libc/usr/lib/libpthread.so
START GROUP
LOAD /home/jreese/CodeSourcery/Sourcery_G++_Lite/bin/../arm-none-linux-gnueabi/libc/lib/libpthread.so.0
LOAD /home/jreese/CodeSourcery/Sourcery_G++_Lite/bin/../arm-none-linux-gnueabi/libc/usr/lib/libpthread_nonshared.a
END GROUP
LOAD /home/jreese/CodeSourcery/Sourcery_G++_Lite/bin/../arm-none-linux-gnueabi/libc/usr/lib/libc.so
START GROUP
LOAD /home/jreese/CodeSourcery/Sourcery_G++_Lite/bin/../arm-none-linux-gnueabi/libc/lib/libc.so.6
LOAD /home/jreese/CodeSourcery/Sourcery_G++_Lite/bin/../arm-none-linux-gnueabi/libc/usr/lib/libc_nonshared.a
LOAD /home/jreese/CodeSourcery/Sourcery_G++_Lite/bin/../arm-none-linux-gnueabi/libc/lib/ld-linux.so.3
END GROUP
LOAD /home/jreese/CodeSourcery/Sourcery_G++_Lite/bin/../arm-none-linux-gnueabi/libc/usr/lib/librt.so
LOAD /home/jreese/CodeSourcery/Sourcery_G++_Lite/bin/../lib/gcc/arm-none-linux-gnueabi/4.3.3/libgcc.a
LOAD /home/jreese/CodeSourcery/Sourcery_G++_Lite/bin/../arm-none-linux-gnueabi/libc/lib/libgcc_s.so
LOAD /home/jreese/CodeSourcery/Sourcery_G++_Lite/bin/../arm-none-linux-gnueabi/libc/usr/lib/libc.so
START GROUP
LOAD /home/jreese/CodeSourcery/Sourcery_G++_Lite/bin/../arm-none-linux-gnueabi/libc/lib/libc.so.6
LOAD /home/jreese/CodeSourcery/Sourcery_G++_Lite/bin/../arm-none-linux-gnueabi/libc/usr/lib/libc_nonshared.a
LOAD /home/jreese/CodeSourcery/Sourcery_G++_Lite/bin/../arm-none-linux-gnueabi/libc/lib/ld-linux.so.3
END GROUP
LOAD /home/jreese/CodeSourcery/Sourcery_G++_Lite/bin/../lib/gcc/arm-none-linux-gnueabi/4.3.3/libgcc.a
LOAD /home/jreese/CodeSourcery/Sourcery_G++_Lite/bin/../arm-none-linux-gnueabi/libc/lib/libgcc_s.so
LOAD /home/jreese/CodeSourcery/Sourcery_G++_Lite/bin/../lib/gcc/arm-none-linux-gnueabi/4.3.3/crtend.o
LOAD /home/jreese/CodeSourcery/Sourcery_G++_Lite/bin/../arm-none-linux-gnueabi/libc/usr/lib/crtn.o
                0x00008000                PROVIDE (__executable_start, 0x8000)
                0x00008134                . = (0x8000 + SIZEOF_HEADERS)

.interp         0x00008134       0x13
 *(.interp)
 .interp        0x00008134       0x13 /home/jreese/CodeSourcery/Sourcery_G++_Lite/bin/../arm-none-linux-gnueabi/libc/usr/lib/crti.o

.note.ABI-tag   0x00008148       0x20
 .note.ABI-tag  0x00008148       0x20 /home/jreese/CodeSourcery/Sourcery_G++_Lite/bin/../arm-none-linux-gnueabi/libc/usr/lib/crt1.o

.note.gnu.build-id
 *(.note.gnu.build-id)

.hash           0x00008168      0x150
 *(.hash)
 .hash          0x00008168      0x150 /home/jreese/CodeSourcery/Sourcery_G++_Lite/bin/../arm-none-linux-gnueabi/libc/usr/lib/crti.o

.gnu.hash
 *(.gnu.hash)

.dynsym         0x000082b8      0x2d0
 *(.dynsym)
 .dynsym        0x000082b8      0x2d0 /home/jreese/CodeSourcery/Sourcery_G++_Lite/bin/../arm-none-linux-gnueabi/libc/usr/lib/crti.o

.dynstr         0x00008588      0x1f6
 *(.dynstr)
 .dynstr        0x00008588      0x1f6 /home/jreese/CodeSourcery/Sourcery_G++_Lite/bin/../arm-none-linux-gnueabi/libc/usr/lib/crti.o

.gnu.version    0x0000877e       0x5a
 *(.gnu.version)
 .gnu.version   0x0000877e       0x5a /home/jreese/CodeSourcery/Sourcery_G++_Lite/bin/../arm-none-linux-gnueabi/libc/usr/lib/crti.o

.gnu.version_d  0x000087d8        0x0
 *(.gnu.version_d)
 .gnu.version_d
                0x00000000        0x0 /home/jreese/CodeSourcery/Sourcery_G++_Lite/bin/../arm-none-linux-gnueabi/libc/usr/lib/crti.o

.gnu.version_r  0x000087d8       0x60
 *(.gnu.version_r)
 .gnu.version_r
                0x000087d8       0x60 /home/jreese/CodeSourcery/Sourcery_G++_Lite/bin/../arm-none-linux-gnueabi/libc/usr/lib/crti.o

.rel.dyn        0x00008838       0x10
 *(.rel.init)
 *(.rel.text .rel.text.* .rel.gnu.linkonce.t.*)
 *(.rel.fini)
 *(.rel.rodata .rel.rodata.* .rel.gnu.linkonce.r.*)
 *(.rel.data.rel.ro* .rel.gnu.linkonce.d.rel.ro.*)
 *(.rel.data .rel.data.* .rel.gnu.linkonce.d.*)
 *(.rel.tdata .rel.tdata.* .rel.gnu.linkonce.td.*)
 *(.rel.tbss .rel.tbss.* .rel.gnu.linkonce.tb.*)
 *(.rel.ctors)
 *(.rel.dtors)
 *(.rel.got)
 .rel.got       0x00008838        0x8 /home/jreese/CodeSourcery/Sourcery_G++_Lite/bin/../arm-none-linux-gnueabi/libc/usr/lib/crti.o
 *(.rel.bss .rel.bss.* .rel.gnu.linkonce.b.*)
 .rel.bss       0x00008840        0x8 /home/jreese/CodeSourcery/Sourcery_G++_Lite/bin/../arm-none-linux-gnueabi/libc/usr/lib/crti.o

.rel.ifunc.dyn
 *(.rel.ifunc.*)

.rela.dyn
 *(.rela.init)
 *(.rela.text .rela.text.* .rela.gnu.linkonce.t.*)
 *(.rela.fini)
 *(.rela.rodata .rela.rodata.* .rela.gnu.linkonce.r.*)
 *(.rela.data .rela.data.* .rela.gnu.linkonce.d.*)
 *(.rela.tdata .rela.tdata.* .rela.gnu.linkonce.td.*)
 *(.rela.tbss .rela.tbss.* .rela.gnu.linkonce.tb.*)
 *(.rela.ctors)
 *(.rela.dtors)
 *(.rela.got)
 *(.rela.bss .rela.bss.* .rela.gnu.linkonce.b.*)

.rela.ifunc.dyn
 *(.rela.ifunc.*)

.rel.plt        0x00008848      0x148
 *(.rel.plt)
 .rel.plt       0x00008848      0x148 /home/jreese/CodeSourcery/Sourcery_G++_Lite/bin/../arm-none-linux-gnueabi/libc/usr/lib/crti.o

.rela.plt
 *(.rela.plt)

.init           0x00008990        0xc
 *(.init)
 .init          0x00008990        0x8 /home/jreese/CodeSourcery/Sourcery_G++_Lite/bin/../arm-none-linux-gnueabi/libc/usr/lib/crti.o
                0x00008990                _init
 .init          0x00008998        0x4 /home/jreese/CodeSourcery/Sourcery_G++_Lite/bin/../arm-none-linux-gnueabi/libc/usr/lib/crtn.o

.plt            0x0000899c      0x200
 *(.plt)
 .plt           0x0000899c      0x200 /home/jreese/CodeSourcery/Sourcery_G++_Lite/bin/../arm-none-linux-gnueabi/libc/usr/lib/crti.o
                0x000089b0                open@@GLIBC_2.4
                0x000089bc                mmap@@GLIBC_2.4
                0x000089c8                abort@@GLIBC_2.4
                0x000089d4                srand@@GLIBC_2.4
                0x000089e0                pthread_exit@@GLIBC_2.4
                0x000089ec                __libc_start_main@@GLIBC_2.4
                0x00008a04                getenv@@GLIBC_2.4
                0x00008a10                sem_init@@GLIBC_2.4
                0x00008a1c                memset@@GLIBC_2.4
                0x00008a28                sem_destroy@@GLIBC_2.4
                0x00008a34                perror@@GLIBC_2.4
                0x00008a40                usleep@@GLIBC_2.4
                0x00008a4c                free@@GLIBC_2.4
                0x00008a58                read@@GLIBC_2.4
                0x00008a64                pthread_mutex_unlock@@GLIBC_2.4
                0x00008a70                ioctl@@GLIBC_2.4
                0x00008a7c                pthread_mutex_lock@@GLIBC_2.4
                0x00008a88                pthread_create@@GLIBC_2.4
                0x00008a94                memcpy@@GLIBC_2.4
                0x00008aa0                sem_post@@GLIBC_2.4
                0x00008aac                pthread_sigmask@@GLIBC_2.4
                0x00008ab8                printf@@GLIBC_2.4
                0x00008ac4                raise@@GLIBC_2.4
                0x00008ad0                pthread_mutex_init@@GLIBC_2.4
                0x00008adc                close@@GLIBC_2.4
                0x00008ae8                fwrite@@GLIBC_2.4
                0x00008af4                malloc@@GLIBC_2.4
                0x00008b00                sigfillset@@GLIBC_2.4
                0x00008b0c                puts@@GLIBC_2.4
                0x00008b18                getpid@@GLIBC_2.4
                0x00008b24                fcntl@@GLIBC_2.4
                0x00008b30                rand@@GLIBC_2.4
                0x00008b3c                munmap@@GLIBC_2.4
                0x00008b48                nanosleep@@GLIBC_2.4
                0x00008b54                sem_wait@@GLIBC_2.4
                0x00008b60                exit@@GLIBC_2.4
                0x00008b6c                __errno_location@@GLIBC_2.4
                0x00008b78                pthread_self@@GLIBC_2.4
                0x00008b84                pthread_join@@GLIBC_2.4
                0x00008b90                getpagesize@@GLIBC_2.4

.text           0x00008b9c     0xfdb4
 *(.text .stub .text.* .gnu.linkonce.t.*)
 .text          0x00008b9c       0x38 /home/jreese/CodeSourcery/Sourcery_G++_Lite/bin/../arm-none-linux-gnueabi/libc/usr/lib/crt1.o
                0x00008b9c                _start
 .text          0x00008bd4       0x24 /home/jreese/CodeSourcery/Sourcery_G++_Lite/bin/../arm-none-linux-gnueabi/libc/usr/lib/crti.o
 .text          0x00008bf8       0x4c /home/jreese/CodeSourcery/Sourcery_G++_Lite/bin/../lib/gcc/arm-none-linux-gnueabi/4.3.3/crtbegin.o
 .text          0x00008c44      0x2b0 bin/release/obj/main_host.ov5T
                0x00008c44                main
 .text          0x00008ef4      0x65c bin/release/obj/App.ov5T
                0x00008ef4                App_delete
                0x00009078                App_exec
                0x00009404                App_create
 .text          0x00009550      0x7a4 /src/flex/microburst-linux/ti-dsp/syslink_2_21_00_03/packages/ti/syslink/lib/syslink.a_release(Notify.o)
                0x00009c9c                Notify_getConfig
                0x00009ab0                Notify_registerEventSingle
                0x00009660                Notify_restore
                0x00009708                Notify_sendEvent
                0x000095d8                Notify_disableEvent
                0x000097b0                Notify_intLineRegistered
                0x00009b68                Notify_sharedMemReq
                0x000098a8                Notify_unregisterEvent
                0x00009c24                Notify_setup
                0x00009958                Notify_unregisterEventSingle
                0x00009808                Notify_eventAvailable
                0x00009bd4                Notify_destroy
                0x00009884                Notify_detach
                0x00009ba0                Notify_attach
                0x000099f8                Notify_registerEvent
                0x000096b0                Notify_disable
                0x00009550                Notify_enableEvent
 .text          0x00009cf4      0x724 /src/flex/microburst-linux/ti-dsp/syslink_2_21_00_03/packages/ti/syslink/lib/syslink.a_release(Ipc.o)
                0x00009d2c                Ipc_writeConfig
                0x00009cf4                Ipc_runtimeId
                0x00009d8c                Ipc_control
                0x00009eb8                Ipc_destroy
                0x0000a1f0                Ipc_setup
                0x0000a144                Ipc_getConfig
                0x00009d5c                Ipc_readConfig
 .text          0x0000a418     0x102c /src/flex/microburst-linux/ti-dsp/syslink_2_21_00_03/packages/ti/syslink/lib/syslink.a_release(RingIO.o)
                0x0000a9f0                RingIO_unregisterNotifier
                0x0000afb8                RingIO_destroy
                0x0000ab18                RingIO_close
                0x0000b004                RingIO_getConfig
                0x0000a474                RingIO_flush
                0x0000b0bc                RingIO_setAttribute
                0x0000a860                RingIO_getValidSize
                0x0000a93c                RingIO_sendNotify
                0x0000a418                RingIO_sharedMemReq
                0x0000abe4                RingIO_delete
                0x0000aca4                RingIO_openByAddr
                0x0000a668                RingIO_getWaterMark
                0x0000a8f8                RingIO_Params_init
                0x0000a764                RingIO_getEmptyAttrSize
                0x0000a5e0                RingIO_release
                0x0000a710                RingIO_getAcquiredOffset
                0x0000aa5c                RingIO_registerNotifier
                0x0000a8b4                RingIO_setNotifyType
                0x0000ae44                RingIO_open
                0x0000a53c                RingIO_getvAttribute
                0x0000a96c                RingIO_acquire
                0x0000a80c                RingIO_getEmptySize
                0x0000a624                RingIO_setWaterMark
                0x0000a59c                RingIO_cancel
                0x0000b124                RingIO_getAttribute
                0x0000b180                RingIO_create
                0x0000a7b8                RingIO_getValidAttrSize
                0x0000b044                RingIO_setup
                0x0000a4d4                RingIO_setvAttribute
                0x0000a6bc                RingIO_getAcquiredSize
 .text          0x0000b444      0x148 /src/flex/microburst-linux/ti-dsp/syslink_2_21_00_03/packages/ti/syslink/lib/syslink.a_release(RingIOShm.o)
                0x0000b514                RingIOShm_setup
                0x0000b444                RingIOShm_Params_init
                0x0000b488                RingIOShm_destroy
                0x0000b4d4                RingIOShm_getConfig
 .text          0x0000b58c     0x16a8 /src/flex/microburst-linux/ti-dsp/syslink_2_21_00_03/packages/ti/syslink/lib/syslink.a_release(FrameQ.o)
                0x0000bfb4                FrameQ_freev
                0x0000b8a0                FrameQ_sendNotify
                0x0000c030                FrameQ_free
                0x0000c160                FrameQ_close
                0x0000be3c                FrameQ_getv
                0x0000ba48                FrameQ_registerNotifier
                0x0000c3ac                FrameQ_open
                0x0000c07c                FrameQ_allocv
                0x0000b978                FrameQ_unregisterNotifier
                0x0000c744                FrameQ_create
                0x0000c110                FrameQ_alloc
                0x0000b62c                FrameQ_ShMem_Params_init
                0x0000b6c4                FrameQ_getvNumFreeFrames
                0x0000b67c                FrameQ_control
                0x0000b900                FrameQ_dup
                0x0000b58c                FrameQ_ShMem_sharedMemReq
                0x0000b7a8                FrameQ_getvNumFrames
                0x0000b5e0                FrameQ_Params_init
                0x0000bd70                FrameQ_put
                0x0000cb38                FrameQ_getConfig
                0x0000b754                FrameQ_getNumFreeFrames
                0x0000bb74                FrameQ_get
                0x0000cab0                FrameQ_destroy
                0x0000b838                FrameQ_getNumFrames
                0x0000cb78                FrameQ_setup
                0x0000c27c                FrameQ_delete
                0x0000bc58                FrameQ_putv
 .text          0x0000cc34     0x16a4 /src/flex/microburst-linux/ti-dsp/syslink_2_21_00_03/packages/ti/syslink/lib/syslink.a_release(FrameQBufMgr.o)
                0x0000cc6c                FrameQBufMgr_getKnlHandle
                0x0000d8d8                FrameQBufMgr_freev
                0x0000cc34                FrameQBufMgr_add
                0x0000de14                FrameQBufMgr_close
                0x0000d50c                FrameQBufMgr_writeBackFrameBuf
                0x0000cc64                FrameQBufMgr_getId
                0x0000ce9c                FrameQBufMgr_translateAddr
                0x0000dd0c                FrameQBufMgr_delete
                0x0000cd48                FrameQBufMgr_getvNumFreeFrames
                0x0000d7a4                FrameQBufMgr_dupv
                0x0000cc90                FrameQBufMgr_isSupportedBufInterface
                0x0000d0f4                FrameQBufMgr_allocv
                0x0000e134                FrameQBufMgr_destroy
                0x0000e1cc                FrameQBufMgr_getConfig
                0x0000d04c                FrameQBufMgr_free
                0x0000d2ec                FrameQBufMgr_invalidate
                0x0000ce2c                FrameQBufMgr_getHandle
                0x0000cddc                FrameQBufMgr_getNumFreeFrames
                0x0000d440                FrameQBufMgr_writeBack
                0x0000cc84                FrameQBufMgr_isSupportedInterface
                0x0000ccfc                FrameQBufMgr_ShMem_Params_init
                0x0000de50                FrameQBufMgr_create
                0x0000d5fc                FrameQBufMgr_writeBackHeaderBuf
                0x0000cc78                FrameQBufMgr_getBaseHeaderSize
                0x0000cf64                FrameQBufMgr_dup
                0x0000d22c                FrameQBufMgr_alloc
                0x0000d6e4                FrameQBufMgr_registerNotifier
                0x0000d3c8                FrameQBufMgr_invalidateFrameBuf
                0x0000e218                FrameQBufMgr_setup
                0x0000cc3c                FrameQBufMgr_remove
                0x0000ccac                FrameQBufMgr_Params_init
                0x0000d658                FrameQBufMgr_unregisterNotifier
                0x0000d584                FrameQBufMgr_invalidateHeaderBuf
                0x0000d9f4                FrameQBufMgr_open
 .text          0x0000e2d8     0x1ba8 /src/flex/microburst-linux/ti-dsp/syslink_2_21_00_03/packages/ti/syslink/lib/syslink.a_release(ClientNotifyMgr.o)
                0x0000ebec                ClientNotifyMgr_sendNotification
                0x0000e45c                ClientNotifyMgr_sendForceNotificationMulti
                0x0000f4ec                ClientNotifyMgr_close
                0x0000e2e0                ClientNotifyMgr_disableNotification
                0x0000f4f8                ClientNotifyMgr_sharedMemReq
                0x0000fa44                ClientNotifyMgr_create
                0x0000f55c                ClientNotifyMgr_destroy
                0x0000f744                ClientNotifyMgr_callBack
                0x0000f624                ClientNotifyMgr_setup
                0x0000e2d8                ClientNotifyMgr_sharedMemModReq
                0x0000e6c0                ClientNotifyMgr_sendNotificationMulti
                0x0000eea0                ClientNotifyMgr_unregisterClient
                0x0000f5e4                ClientNotifyMgr_getConfig
                0x0000e39c                ClientNotifyMgr_enableNotification
                0x0000ea24                ClientNotifyMgr_sendForceNotification
                0x0000f2c0                ClientNotifyMgr_Params_init
                0x0000f304                ClientNotifyMgr_delete
                0x0000f07c                ClientNotifyMgr_registerClient
                0x0000fe20                ClientNotifyMgr_open
 .text          0x0000fe80      0x8e4 /src/flex/microburst-linux/ti-dsp/syslink_2_21_00_03/packages/ti/syslink/lib/syslink.a_release(HeapMemMP.o)
                0x000104dc                HeapMemMP_getConfig
                0x0000ff80                HeapMemMP_getStats
                0x00010604                HeapMemMP_create
                0x0000ff2c                HeapMemMP_getExtendedStats
                0x00010014                _HeapMemMP_create
                0x0000fe80                HeapMemMP_getKnlHandle
                0x00010484                HeapMemMP_setup
                0x00010438                HeapMemMP_destroy
                0x0000ffd4                HeapMemMP_Params_init
                0x00010518                HeapMemMP_getUsrHandle
                0x000100d4                HeapMemMP_close
                0x0000fedc                HeapMemMP_sharedMemReq
                0x0000feb0                HeapMemMP_restore
                0x00010170                HeapMemMP_delete
                0x0001020c                HeapMemMP_free
                0x00010324                HeapMemMP_alloc
                0x00010284                HeapMemMP_openByAddr
                0x0001039c                HeapMemMP_open
 .text          0x00010764      0x7ec /src/flex/microburst-linux/ti-dsp/syslink_2_21_00_03/packages/ti/syslink/lib/syslink.a_release(HeapBufMP.o)
                0x00010df8                HeapBufMP_create
                0x00010960                HeapBufMP_close
                0x00010b5c                HeapBufMP_openByAddr
                0x00010864                HeapBufMP_sharedMemReq
                0x00010764                HeapBufMP_isBlocking
                0x0001090c                HeapBufMP_getStats
                0x00010d10                HeapBufMP_destroy
                0x00010d5c                HeapBufMP_setup
                0x000107a0                _HeapBufMP_create
                0x00010bfc                HeapBufMP_alloc
                0x00010db8                HeapBufMP_getConfig
                0x00010aa0                HeapBufMP_Params_init
                0x00010a00                HeapBufMP_delete
                0x00010770                HeapBufMP_getKnlHandle
                0x00010ae4                HeapBufMP_free
                0x00010c74                HeapBufMP_open
                0x000108b8                HeapBufMP_getExtendedStats
 .text          0x00010f50      0xa7c /src/flex/microburst-linux/ti-dsp/syslink_2_21_00_03/packages/ti/syslink/lib/syslink.a_release(GateMP.o)
                0x000116e8                GateMP_getConfig
                0x00011000                GateMP_getDefaultRemote
                0x000110d0                GateMP_enter
                0x0001113c                GateMP_Instance_finalize
                0x0001161c                GateMP_setup
                0x00011734                GateMP_delete
                0x000112cc                GateMP_openByAddr
                0x00011500                GateMP_Instance_init
                0x00010fcc                GateMP_getSharedAddr
                0x000111c0                GateMP_close
                0x0001116c                GateMP_Params_init
                0x000113e8                GateMP_open
                0x00010f50                GateMP_getLocalProtect
                0x00011840                _GateMP_create
                0x0001103c                GateMP_sharedMemReq
                0x0001106c                GateMP_leave
                0x00010f58                GateMP_getRemoteProtect
                0x00011940                GateMP_create
                0x00010f60                GateMP_getKnlHandle
                0x0001159c                GateMP_destroy
                0x00010fa0                GateMP_setReserved
 .text          0x000119cc      0x384 /src/flex/microburst-linux/ti-dsp/syslink_2_21_00_03/packages/ti/syslink/lib/syslink.a_release(NotifyDrvUsr.o)
                0x000119cc                _NotifyDrvUsr_eventWorker
                0x00011b2c                NotifyDrvUsr_close
                0x00011af8                NotifyDrvUsr_ioctl
                0x00011bf0                NotifyDrvUsr_open
 .text          0x00011d50      0x130 /src/flex/microburst-linux/ti-dsp/syslink_2_21_00_03/packages/ti/syslink/lib/syslink.a_release(HeapBufMPDrv.o)
                0x00011dd4                HeapBufMPDrv_open
                0x00011d50                HeapBufMPDrv_ioctl
                0x00011d84                HeapBufMPDrv_close
 .text          0x00011e80      0x114 /src/flex/microburst-linux/ti-dsp/syslink_2_21_00_03/packages/ti/syslink/lib/syslink.a_release(IpcDrv.o)
                0x00011f04                IpcDrv_open
                0x00011e80                IpcDrv_ioctl
                0x00011eb4                IpcDrv_close
 .text          0x00011f94       0xfc /src/flex/microburst-linux/ti-dsp/syslink_2_21_00_03/packages/ti/syslink/lib/syslink.a_release(FrameQDrv.o)
                0x00011f94                FrameQDrv_ioctl
                0x00012018                FrameQDrv_open
                0x00011fc8                FrameQDrv_close
 .text          0x00012090       0xfc /src/flex/microburst-linux/ti-dsp/syslink_2_21_00_03/packages/ti/syslink/lib/syslink.a_release(FrameQBufMgrDrv.o)
                0x00012114                FrameQBufMgrDrv_open
                0x000120c4                FrameQBufMgrDrv_close
                0x00012090                FrameQBufMgrDrv_ioctl
 .text          0x0001218c       0xfc /src/flex/microburst-linux/ti-dsp/syslink_2_21_00_03/packages/ti/syslink/lib/syslink.a_release(ClientNotifyMgrDrv.o)
                0x00012210                ClientNotifyMgrDrv_open
                0x0001218c                ClientNotifyMgrDrv_ioctl
                0x000121c0                ClientNotifyMgrDrv_close
 .text          0x00012288       0xfc /src/flex/microburst-linux/ti-dsp/syslink_2_21_00_03/packages/ti/syslink/lib/syslink.a_release(RingIODrv.o)
                0x000122bc                RingIODrv_close
                0x00012288                RingIODrv_ioctl
                0x0001230c                RingIODrv_open
 .text          0x00012384       0xfc /src/flex/microburst-linux/ti-dsp/syslink_2_21_00_03/packages/ti/syslink/lib/syslink.a_release(RingIOShmDrv.o)
                0x00012384                RingIOShmDrv_ioctl
                0x000123b8                RingIOShmDrv_close
                0x00012408                RingIOShmDrv_open
 .text          0x00012480      0x100 /src/flex/microburst-linux/ti-dsp/syslink_2_21_00_03/packages/ti/syslink/lib/syslink.a_release(HeapMemMPDrv.o)
                0x000124b4                HeapMemMPDrv_close
                0x00012480                HeapMemMPDrv_ioctl
                0x00012504                HeapMemMPDrv_open
 .text          0x00012580      0x100 /src/flex/microburst-linux/ti-dsp/syslink_2_21_00_03/packages/ti/syslink/lib/syslink.a_release(GateMPDrv.o)
                0x00012604                GateMPDrv_open
                0x000125b4                GateMPDrv_close
                0x00012580                GateMPDrv_ioctl
 .text          0x00012680        0x8 /src/flex/microburst-linux/ti-dsp/syslink_2_21_00_03/packages/ti/syslink/lib/syslink.a_release(OsalProcess.o)
                0x00012680                OsalProcess_getTid
                0x00012684                OsalProcess_getPid
 .text          0x00012688      0x1fc /src/flex/microburst-linux/ti-dsp/syslink_2_21_00_03/packages/ti/syslink/lib/syslink.a_release(GateMutex.o)
                0x00012688                GateMutex_leave
                0x000127b0                GateMutex_delete
                0x000126fc                GateMutex_create
                0x00012698                GateMutex_enter
                0x000126c4                GateMutex_Instance_init
                0x000126a8                GateMutex_Instance_finalize
 .text          0x00012884      0x144 /src/flex/microburst-linux/ti-dsp/syslink_2_21_00_03/packages/ti/syslink/lib/syslink.a_release(Memory.o)
                0x000128c8                Memory_getMaxDefaultTypeAlign
                0x00012884                Memory_getStats
                0x000128d0                Memory_translate
                0x00012908                Memory_valloc
                0x00012984                Memory_calloc
                0x000128d4                Memory_alloc
                0x0001289c                Memory_query
                0x00012958                Memory_free
 .text          0x000129c8      0x2a0 /src/flex/microburst-linux/ti-dsp/syslink_2_21_00_03/packages/ti/syslink/lib/syslink.a_release(List.o)
                0x00012b84                List_get
                0x000129cc                List_construct
                0x00012b48                List_put
                0x00012a34                List_insert
                0x000129c8                List_Params_init
                0x00012bec                List_destruct
                0x00012c40                List_create
                0x00012c10                List_delete
                0x00012a60                List_remove
                0x00012a84                List_dequeue
                0x00012bc0                List_empty
                0x000129ec                List_next
                0x00012abc                List_enqueue
                0x000129dc                List_elemClear
                0x00012ae4                List_enqueueHead
                0x00012a10                List_prev
                0x00012b10                List_putHead
 .text          0x00012c68      0x34c /src/flex/microburst-linux/ti-dsp/syslink_2_21_00_03/packages/ti/syslink/lib/syslink.a_release(String.o)
                0x00012f28                String_hash
                0x00012de8                String_cpy
                0x00012c9c                String_cmp
                0x00012d80                String_ncmp
                0x00012e98                String_hexToStr
                0x00012e04                String_ncpy
                0x00012c68                String_cat
                0x00012e64                String_len
 .text          0x00012fb4      0x8e0 /src/flex/microburst-linux/ti-dsp/syslink_2_21_00_03/packages/ti/syslink/lib/syslink.a_release(NameServer.o)
                0x00013680                NameServer_create
                0x0001311c                NameServer_match
                0x000131a0                NameServer_getLocal
                0x00013524                NameServer_addUInt32
                0x00013074                NameServer_delete
                0x00013494                NameServer_add
                0x00013798                NameServer_destroy
                0x00013570                NameServer_getHandle
                0x00013250                NameServer_getLocalUInt32
                0x000137e4                NameServer_setup
                0x000130d8                NameServer_Params_init
                0x00013014                NameServer_removeEntry
                0x000135ec                NameServer_open
                0x000132b0                NameServer_get
                0x0001370c                NameServer_close
                0x00013424                NameServer_remove
                0x00012fb4                NameServer_isRegistered
                0x000133b8                NameServer_getUInt32
                0x00013834                NameServer_getConfig
 .text          0x00013894      0x344 /src/flex/microburst-linux/ti-dsp/syslink_2_21_00_03/packages/ti/syslink/lib/syslink.a_release(MultiProc.o)
                0x00013a98                MultiProc_destroy
                0x000138d8                MultiProc_self
                0x000138c8                MultiProc_getNumProcessors
                0x00013ae4                MultiProc_setup
                0x00013a1c                MultiProc_setLocalId
                0x00013894                MultiProc_getName
                0x000139a0                MultiProc_getId
                0x000138ec                MultiProc_getSlot
                0x00013b78                MultiProc_getConfig
 .text          0x00013bd8       0x48 /src/flex/microburst-linux/ti-dsp/syslink_2_21_00_03/packages/ti/syslink/lib/syslink.a_release(Gate.o)
                0x00013bd8                Gate_leaveSystem
                0x00013bf0                Gate_enterSystem
 .text          0x00013c20       0x38 /src/flex/microburst-linux/ti-dsp/syslink_2_21_00_03/packages/ti/syslink/lib/syslink.a_release(SysLink.o)
                0x00013c20                SysLink_destroy
                0x00013c30                SysLink_setup
 .text          0x00013c58       0xd0 /src/flex/microburst-linux/ti-dsp/syslink_2_21_00_03/packages/ti/syslink/lib/syslink.a_release(Cache.o)
                0x00013c58                Cache_setMode
                0x00013c84                Cache_wait
                0x00013cfc                Cache_inv
                0x00013cd0                Cache_wb
                0x00013ca4                Cache_wbInv
 .text          0x00013d28      0x130 /src/flex/microburst-linux/ti-dsp/syslink_2_21_00_03/packages/ti/syslink/lib/syslink.a_release(NameServerDrv.o)
                0x00013dac                NameServerDrv_open
                0x00013d5c                NameServerDrv_close
                0x00013d28                NameServerDrv_ioctl
 .text          0x00013e58       0xfc /src/flex/microburst-linux/ti-dsp/syslink_2_21_00_03/packages/ti/syslink/lib/syslink.a_release(MultiProcDrv.o)
                0x00013e58                MultiProcDrv_ioctl
                0x00013e8c                MultiProcDrv_close
                0x00013edc                MultiProcDrv_open
 .text          0x00013f54       0x1c /src/flex/microburst-linux/ti-dsp/syslink_2_21_00_03/packages/ti/syslink/lib/syslink.a_release(CacheDrv.o)
                0x00013f54                CacheDrv_ioctl
 .text          0x00013f70       0xd0 /src/flex/microburst-linux/ti-dsp/syslink_2_21_00_03/packages/ti/syslink/lib/syslink.a_release(Dev.o)
                0x00013f70                Dev_pollOpen
 .text          0x00014040      0x708 /src/flex/microburst-linux/ti-dsp/syslink_2_21_00_03/packages/ti/syslink/lib/syslink.a_release(MemoryOS.o)
                0x000144ec                MemoryOS_set
                0x00014564                MemoryOS_copy
                0x00014050                MemoryOS_map
                0x000142dc                MemoryOS_setup
                0x000143bc                MemoryOS_translate
                0x0001404c                MemoryOS_alloc
                0x00014224                MemoryOS_destroy
                0x000145e0                MemoryOS_unmap
                0x00014200                MemoryOS_calloc
                0x00014040                MemoryOS_free
 .text          0x00014748      0x234 /src/flex/microburst-linux/ti-dsp/syslink_2_21_00_03/packages/ti/syslink/lib/syslink.a_release(OsalDrv.o)
                0x00014880                OsalDrv_close
                0x000148e4                OsalDrv_open
                0x00014780                OsalDrv_unmap
                0x00014748                OsalDrv_ioctl
                0x000147c4                OsalDrv_map
 .text          0x0001497c       0xb4 /src/flex/microburst-linux/ti-dsp/syslink_2_21_00_03/packages/ti/syslink/lib/syslink.a_release(OsalMutex.o)
                0x000149a0                OsalMutex_delete
                0x000149e8                OsalMutex_create
                0x00014988                OsalMutex_enter
                0x0001497c                OsalMutex_leave
 .text          0x00014a30     0x151c /src/flex/microburst-linux/ti-dsp/syslink_2_21_00_03/packages/ti/syslink/lib/syslink.a_release(ProcMgr.o)
                0x00014c50                ProcMgr_getSymbolAddress
                0x000159d4                ProcMgr_destroy
                0x00015000                ProcMgr_unmap
                0x00014f50                ProcMgr_delete
                0x0001542c                ProcMgr_load
                0x00014ea4                ProcMgr_getStartParams
                0x00015b50                ProcMgr_detach
                0x00014b50                ProcMgr_getSectionData
                0x00015998                ProcMgr_getConfig
                0x00014e68                ProcMgr_start
                0x00014b10                ProcMgr_getMaxMemoryRegions
                0x00014e34                ProcMgr_stop
                0x00015620                ProcMgr_open
                0x000152c8                ProcMgr_map
                0x00014fc4                ProcMgr_Params_init
                0x00014ed8                ProcMgr_unload
                0x00015d18                ProcMgr_attach
                0x00014d78                ProcMgr_read
                0x00014a30                ProcMgr_translateAddr
                0x00015820                ProcMgr_create
                0x00014df0                ProcMgr_getState
                0x00014b1c                ProcMgr_getLoadedFileId
                0x00014f14                ProcMgr_getAttachParams
                0x000154ec                ProcMgr_close
                0x00014d00                ProcMgr_write
                0x00014cc4                ProcMgr_control
                0x00014c00                ProcMgr_getProcInfo
                0x00014ba8                ProcMgr_getSectionInfo
                0x00015920                ProcMgr_setup
 .text          0x00015f4c      0x1f8 /src/flex/microburst-linux/ti-dsp/syslink_2_21_00_03/packages/ti/syslink/lib/syslink.a_release(ProcMgrDrvUsr.o)
                0x00015fa4                ProcMgrDrvUsr_open
                0x00015f4c                ProcMgrDrvUsr_close
                0x00016028                ProcMgrDrvUsr_ioctl
 .text          0x00016144       0xf8 /src/flex/microburst-linux/ti-dsp/syslink_2_21_00_03/packages/ti/syslink/lib/syslink.a_release(FrameQ_common.o)
                0x00016160                FrameQ_getNumFrameBuffers
                0x0001619c                FrameQ_getFrameBufValidSize
                0x00016204                FrameQ_setFrameBufDataStartOffset
                0x000161cc                FrameQ_setFrameBufValidSize
                0x0001616c                FrameQ_getFrameBuffer
                0x00016184                FrameQ_getFrameBufSize
                0x00016144                FrameQ_isSupportedInterface
                0x000161b4                FrameQ_getFrameBufDataStartOffset
                0x00016150                FrameQ_getExtendedHeaderPtr
 .text          0x0001623c      0xe98 /src/flex/microburst-linux/ti-dsp/syslink_2_21_00_03/packages/ti/syslink/lib/syslink.a_release(SharedRegion.o)
                0x0001627c                SharedRegion_getPtr
                0x00016ccc                SharedRegion_setup
                0x000163f8                SharedRegion_isCacheEnabled
                0x00016760                SharedRegion_getRegionInfo
                0x00016460                SharedRegion_getNumRegions
                0x000167a4                SharedRegion_getEntry
                0x000162ec                SharedRegion_getSRPtr
                0x000165b4                SharedRegion_clearEntry
                0x00016b88                SharedRegion_getConfig
                0x000166f0                SharedRegion_stop
                0x00016bc4                SharedRegion_destroy
                0x00016800                _SharedRegion_setRegions
                0x00016fe4                SharedRegion_getIdByName
                0x00016980                SharedRegion_reserveMemory
                0x00016a48                SharedRegion_getHeap
                0x000164c0                SharedRegion_invalidSRPtr
                0x00016728                SharedRegion_start
                0x000166b4                SharedRegion_attach
                0x00016ef4                SharedRegion_getId
                0x00016678                SharedRegion_detach
                0x000163a0                SharedRegion_getCacheLineSize
                0x00016ac0                SharedRegion_setEntry
                0x00016450                SharedRegion_translateEnabled
                0x000164c8                _SharedRegion_clearRegions
                0x00016470                SharedRegion_entryInit
 .text          0x000170d4      0x92c /src/flex/microburst-linux/ti-dsp/syslink_2_21_00_03/packages/ti/syslink/lib/syslink.a_release(ListMP.o)
                0x000178c8                ListMP_getConfig
                0x00017904                ListMP_create
                0x000170dc                _ListMP_create
                0x00017460                ListMP_prev
                0x00017130                ListMP_remove
                0x00017608                ListMP_close
                0x00017870                ListMP_setup
                0x00017710                ListMP_open
                0x0001738c                ListMP_openByAddr
                0x0001768c                ListMP_delete
                0x000170d4                ListMP_getGate
                0x00017550                ListMP_getTail
                0x00017824                ListMP_destroy
                0x000171a8                ListMP_insert
                0x00017420                ListMP_Params_init
                0x000175ac                ListMP_getHead
                0x00017248                ListMP_putTail
                0x000174d8                ListMP_next
                0x000177ac                ListMP_sharedMemReq
                0x000172c0                ListMP_putHead
                0x00017338                ListMP_empty
 .text          0x00017a00      0x81c /src/flex/microburst-linux/ti-dsp/syslink_2_21_00_03/packages/ti/syslink/lib/syslink.a_release(MessageQ.o)
                0x00017bc8                MessageQ_close
                0x00017a00                MessageQ_setReplyQueue
                0x00017f28                MessageQ_staticMsgInit
                0x00017a20                MessageQ_getQueueId
                0x00017a4c                MessageQ_detach
                0x00017a34                MessageQ_setMsgTrace
                0x00017ad0                MessageQ_unregisterHeap
                0x000181dc                MessageQ_getConfig
                0x00017e80                MessageQ_get
                0x00017d24                MessageQ_free
                0x00018180                MessageQ_setup
                0x00017f78                MessageQ_open
                0x00017d9c                MessageQ_put
                0x00017e1c                MessageQ_alloc
                0x00018090                MessageQ_create
                0x00017c2c                MessageQ_Params_init
                0x00017a88                MessageQ_unblock
                0x00017b70                MessageQ_count
                0x00018134                MessageQ_destroy
                0x00018004                MessageQ_delete
                0x00017c70                MessageQ_attach
                0x00017b10                MessageQ_registerHeap
                0x00017cc4                MessageQ_sharedMemReq
 .text          0x0001821c      0x270 /src/flex/microburst-linux/ti-dsp/syslink_2_21_00_03/packages/ti/syslink/lib/syslink.a_release(SharedRegionDrv.o)
                0x0001821c                SharedRegionDrv_ioctl
                0x000183c0                SharedRegionDrv_close
                0x00018410                SharedRegionDrv_open
 .text          0x0001848c      0x100 /src/flex/microburst-linux/ti-dsp/syslink_2_21_00_03/packages/ti/syslink/lib/syslink.a_release(ListMPDrv.o)
                0x000184c0                ListMPDrv_close
                0x0001848c                ListMPDrv_ioctl
                0x00018510                ListMPDrv_open
 .text          0x0001858c      0x138 /src/flex/microburst-linux/ti-dsp/syslink_2_21_00_03/packages/ti/syslink/lib/syslink.a_release(MessageQDrv.o)
                0x0001858c                MessageQDrv_ioctl
                0x00018610                MessageQDrv_open
                0x000185c0                MessageQDrv_close
 .text          0x000186c4       0x70 /home/jreese/CodeSourcery/Sourcery_G++_Lite/bin/../arm-none-linux-gnueabi/libc/usr/lib/libc_nonshared.a(elf-init.oS)
                0x000186c4                __libc_csu_fini
                0x000186c8                __libc_csu_init
 .text          0x00018734      0x20c /home/jreese/CodeSourcery/Sourcery_G++_Lite/bin/../lib/gcc/arm-none-linux-gnueabi/4.3.3/libgcc.a(_udivsi3.o)
                0x00018734                __udivsi3
                0x00018734                __aeabi_uidiv
                0x00018920                __aeabi_uidivmod
 .text          0x00018940       0x10 /home/jreese/CodeSourcery/Sourcery_G++_Lite/bin/../lib/gcc/arm-none-linux-gnueabi/4.3.3/libgcc.a(_dvmd_lnx.o)
                0x00018940                __aeabi_idiv0
                0x00018940                __aeabi_ldiv0
 .text          0x00018950        0x0 /home/jreese/CodeSourcery/Sourcery_G++_Lite/bin/../lib/gcc/arm-none-linux-gnueabi/4.3.3/crtend.o
 .text          0x00018950        0x0 /home/jreese/CodeSourcery/Sourcery_G++_Lite/bin/../arm-none-linux-gnueabi/libc/usr/lib/crtn.o
 *(.gnu.warning)
 *(.glue_7t)
 .glue_7t       0x00000000        0x0 linker stubs
 *(.glue_7)
 .glue_7        0x00000000        0x0 linker stubs
 *(.vfp11_veneer)
 .vfp11_veneer  0x00000000        0x0 linker stubs
 *(.v4_bx)
 .v4_bx         0x00000000        0x0 linker stubs

.fini           0x00018950        0x8
 *(.fini)
 .fini          0x00018950        0x4 /home/jreese/CodeSourcery/Sourcery_G++_Lite/bin/../arm-none-linux-gnueabi/libc/usr/lib/crti.o
                0x00018950                _fini
 .fini          0x00018954        0x4 /home/jreese/CodeSourcery/Sourcery_G++_Lite/bin/../arm-none-linux-gnueabi/libc/usr/lib/crtn.o
                0x00018958                PROVIDE (__etext, .)
                0x00018958                PROVIDE (_etext, .)
                0x00018958                PROVIDE (etext, .)

.rodata         0x00018958      0xe40
 *(.rodata .rodata.* .gnu.linkonce.r.*)
 .rodata.cst4   0x00018958        0x4 /home/jreese/CodeSourcery/Sourcery_G++_Lite/bin/../arm-none-linux-gnueabi/libc/usr/lib/crt1.o
                0x00018958                _IO_stdin_used
 .rodata.str1.4
                0x0001895c      0x243 bin/release/obj/main_host.ov5T
                                0x244 (size before relaxing)
 *fill*         0x00018b9f        0x1 00
 .rodata.str1.4
                0x00018ba0      0x2f4 bin/release/obj/App.ov5T
 .rodata.str1.4
                0x00018e94        0xa /src/flex/microburst-linux/ti-dsp/syslink_2_21_00_03/packages/ti/syslink/lib/syslink.a_release(Ipc.o)
                                  0xc (size before relaxing)
 .rodata.str1.4
                0x00000000        0xa /src/flex/microburst-linux/ti-dsp/syslink_2_21_00_03/packages/ti/syslink/lib/syslink.a_release(FrameQ.o)
                                  0x8 (size before relaxing)
 .rodata.str1.4
                0x00000000        0xa /src/flex/microburst-linux/ti-dsp/syslink_2_21_00_03/packages/ti/syslink/lib/syslink.a_release(FrameQBufMgr.o)
                                 0x10 (size before relaxing)
 *fill*         0x00018e9e        0x2 00
 .rodata.str1.4
                0x00018ea0       0x9b /src/flex/microburst-linux/ti-dsp/syslink_2_21_00_03/packages/ti/syslink/lib/syslink.a_release(NotifyDrvUsr.o)
                                 0x9c (size before relaxing)
 *fill*         0x00018f3b        0x1 00
 .rodata.str1.4
                0x00018f3c       0x36 /src/flex/microburst-linux/ti-dsp/syslink_2_21_00_03/packages/ti/syslink/lib/syslink.a_release(HeapBufMPDrv.o)
                                 0x38 (size before relaxing)
 *fill*         0x00018f72        0x2 00
 .rodata.str1.4
                0x00018f74       0x28 /src/flex/microburst-linux/ti-dsp/syslink_2_21_00_03/packages/ti/syslink/lib/syslink.a_release(IpcDrv.o)
 .rodata.str1.4
                0x00018f9c       0x2f /src/flex/microburst-linux/ti-dsp/syslink_2_21_00_03/packages/ti/syslink/lib/syslink.a_release(FrameQDrv.o)
                                 0x30 (size before relaxing)
 *fill*         0x00018fcb        0x1 00
 .rodata.str1.4
                0x00018fcc       0x39 /src/flex/microburst-linux/ti-dsp/syslink_2_21_00_03/packages/ti/syslink/lib/syslink.a_release(FrameQBufMgrDrv.o)
                                 0x3c (size before relaxing)
 *fill*         0x00019005        0x3 00
 .rodata.str1.4
                0x00019008       0x40 /src/flex/microburst-linux/ti-dsp/syslink_2_21_00_03/packages/ti/syslink/lib/syslink.a_release(ClientNotifyMgrDrv.o)
 .rodata.str1.4
                0x00019048       0x2f /src/flex/microburst-linux/ti-dsp/syslink_2_21_00_03/packages/ti/syslink/lib/syslink.a_release(RingIODrv.o)
                                 0x30 (size before relaxing)
 *fill*         0x00019077        0x1 00
 .rodata.str1.4
                0x00019078       0x1a /src/flex/microburst-linux/ti-dsp/syslink_2_21_00_03/packages/ti/syslink/lib/syslink.a_release(RingIOShmDrv.o)
                                 0x34 (size before relaxing)
 *fill*         0x00019092        0x2 00
 .rodata.str1.4
                0x00019094       0x36 /src/flex/microburst-linux/ti-dsp/syslink_2_21_00_03/packages/ti/syslink/lib/syslink.a_release(HeapMemMPDrv.o)
                                 0x38 (size before relaxing)
 *fill*         0x000190ca        0x2 00
 .rodata.str1.4
                0x000190cc       0x2f /src/flex/microburst-linux/ti-dsp/syslink_2_21_00_03/packages/ti/syslink/lib/syslink.a_release(GateMPDrv.o)
                                 0x30 (size before relaxing)
 *fill*         0x000190fb        0x1 00
 .rodata        0x000190fc      0x400 /src/flex/microburst-linux/ti-dsp/syslink_2_21_00_03/packages/ti/syslink/lib/syslink.a_release(String.o)
 .rodata.str1.4
                0x000194fc       0x11 /src/flex/microburst-linux/ti-dsp/syslink_2_21_00_03/packages/ti/syslink/lib/syslink.a_release(String.o)
                                 0x14 (size before relaxing)
 *fill*         0x0001950d        0x3 00
 .rodata.str1.4
                0x00019510       0x37 /src/flex/microburst-linux/ti-dsp/syslink_2_21_00_03/packages/ti/syslink/lib/syslink.a_release(NameServerDrv.o)
                                 0x38 (size before relaxing)
 *fill*         0x00019547        0x1 00
 .rodata.str1.4
                0x00019548       0x36 /src/flex/microburst-linux/ti-dsp/syslink_2_21_00_03/packages/ti/syslink/lib/syslink.a_release(MultiProcDrv.o)
                                 0x38 (size before relaxing)
 *fill*         0x0001957e        0x2 00
 .rodata.str1.4
                0x00019580       0x71 /src/flex/microburst-linux/ti-dsp/syslink_2_21_00_03/packages/ti/syslink/lib/syslink.a_release(Dev.o)
                                 0x74 (size before relaxing)
 *fill*         0x000195f1        0x3 00
 .rodata.str1.4
                0x000195f4       0x6e /src/flex/microburst-linux/ti-dsp/syslink_2_21_00_03/packages/ti/syslink/lib/syslink.a_release(OsalDrv.o)
                                 0x70 (size before relaxing)
 *fill*         0x00019662        0x2 00
 .rodata.str1.4
                0x00019664       0x75 /src/flex/microburst-linux/ti-dsp/syslink_2_21_00_03/packages/ti/syslink/lib/syslink.a_release(ProcMgrDrvUsr.o)
                                 0x78 (size before relaxing)
 *fill*         0x000196d9        0x3 00
 .rodata.str1.4
                0x000196dc       0x57 /src/flex/microburst-linux/ti-dsp/syslink_2_21_00_03/packages/ti/syslink/lib/syslink.a_release(SharedRegionDrv.o)
                                 0x58 (size before relaxing)
 *fill*         0x00019733        0x1 00
 .rodata.str1.4
                0x00019734       0x2f /src/flex/microburst-linux/ti-dsp/syslink_2_21_00_03/packages/ti/syslink/lib/syslink.a_release(ListMPDrv.o)
                                 0x30 (size before relaxing)
 *fill*         0x00019763        0x1 00
 .rodata.str1.4
                0x00019764       0x34 /src/flex/microburst-linux/ti-dsp/syslink_2_21_00_03/packages/ti/syslink/lib/syslink.a_release(MessageQDrv.o)

.rodata1
 *(.rodata1)

.ARM.extab      0x00019798        0x0
 *(.ARM.extab* .gnu.linkonce.armextab.*)
 .ARM.extab     0x00019798        0x0 /home/jreese/CodeSourcery/Sourcery_G++_Lite/bin/../arm-none-linux-gnueabi/libc/usr/lib/crt1.o
 .ARM.extab     0x00019798        0x0 /home/jreese/CodeSourcery/Sourcery_G++_Lite/bin/../arm-none-linux-gnueabi/libc/usr/lib/crti.o
 .ARM.extab     0x00019798        0x0 /home/jreese/CodeSourcery/Sourcery_G++_Lite/bin/../lib/gcc/arm-none-linux-gnueabi/4.3.3/crtbegin.o
 .ARM.extab     0x00019798        0x0 bin/release/obj/main_host.ov5T
 .ARM.extab     0x00019798        0x0 bin/release/obj/App.ov5T
 .ARM.extab     0x00019798        0x0 /src/flex/microburst-linux/ti-dsp/syslink_2_21_00_03/packages/ti/syslink/lib/syslink.a_release(Notify.o)
 .ARM.extab     0x00019798        0x0 /src/flex/microburst-linux/ti-dsp/syslink_2_21_00_03/packages/ti/syslink/lib/syslink.a_release(Ipc.o)
 .ARM.extab     0x00019798        0x0 /src/flex/microburst-linux/ti-dsp/syslink_2_21_00_03/packages/ti/syslink/lib/syslink.a_release(RingIO.o)
 .ARM.extab     0x00019798        0x0 /src/flex/microburst-linux/ti-dsp/syslink_2_21_00_03/packages/ti/syslink/lib/syslink.a_release(RingIOShm.o)
 .ARM.extab     0x00019798        0x0 /src/flex/microburst-linux/ti-dsp/syslink_2_21_00_03/packages/ti/syslink/lib/syslink.a_release(FrameQ.o)
 .ARM.extab     0x00019798        0x0 /src/flex/microburst-linux/ti-dsp/syslink_2_21_00_03/packages/ti/syslink/lib/syslink.a_release(FrameQBufMgr.o)
 .ARM.extab     0x00019798        0x0 /src/flex/microburst-linux/ti-dsp/syslink_2_21_00_03/packages/ti/syslink/lib/syslink.a_release(ClientNotifyMgr.o)
 .ARM.extab     0x00019798        0x0 /src/flex/microburst-linux/ti-dsp/syslink_2_21_00_03/packages/ti/syslink/lib/syslink.a_release(HeapMemMP.o)
 .ARM.extab     0x00019798        0x0 /src/flex/microburst-linux/ti-dsp/syslink_2_21_00_03/packages/ti/syslink/lib/syslink.a_release(HeapBufMP.o)
 .ARM.extab     0x00019798        0x0 /src/flex/microburst-linux/ti-dsp/syslink_2_21_00_03/packages/ti/syslink/lib/syslink.a_release(GateMP.o)
 .ARM.extab     0x00019798        0x0 /src/flex/microburst-linux/ti-dsp/syslink_2_21_00_03/packages/ti/syslink/lib/syslink.a_release(NotifyDrvUsr.o)
 .ARM.extab     0x00019798        0x0 /src/flex/microburst-linux/ti-dsp/syslink_2_21_00_03/packages/ti/syslink/lib/syslink.a_release(HeapBufMPDrv.o)
 .ARM.extab     0x00019798        0x0 /src/flex/microburst-linux/ti-dsp/syslink_2_21_00_03/packages/ti/syslink/lib/syslink.a_release(IpcDrv.o)
 .ARM.extab     0x00019798        0x0 /src/flex/microburst-linux/ti-dsp/syslink_2_21_00_03/packages/ti/syslink/lib/syslink.a_release(FrameQDrv.o)
 .ARM.extab     0x00019798        0x0 /src/flex/microburst-linux/ti-dsp/syslink_2_21_00_03/packages/ti/syslink/lib/syslink.a_release(FrameQBufMgrDrv.o)
 .ARM.extab     0x00019798        0x0 /src/flex/microburst-linux/ti-dsp/syslink_2_21_00_03/packages/ti/syslink/lib/syslink.a_release(ClientNotifyMgrDrv.o)
 .ARM.extab     0x00019798        0x0 /src/flex/microburst-linux/ti-dsp/syslink_2_21_00_03/packages/ti/syslink/lib/syslink.a_release(RingIODrv.o)
 .ARM.extab     0x00019798        0x0 /src/flex/microburst-linux/ti-dsp/syslink_2_21_00_03/packages/ti/syslink/lib/syslink.a_release(RingIOShmDrv.o)
 .ARM.extab     0x00019798        0x0 /src/flex/microburst-linux/ti-dsp/syslink_2_21_00_03/packages/ti/syslink/lib/syslink.a_release(HeapMemMPDrv.o)
 .ARM.extab     0x00019798        0x0 /src/flex/microburst-linux/ti-dsp/syslink_2_21_00_03/packages/ti/syslink/lib/syslink.a_release(GateMPDrv.o)
 .ARM.extab     0x00019798        0x0 /src/flex/microburst-linux/ti-dsp/syslink_2_21_00_03/packages/ti/syslink/lib/syslink.a_release(OsalProcess.o)
 .ARM.extab     0x00019798        0x0 /src/flex/microburst-linux/ti-dsp/syslink_2_21_00_03/packages/ti/syslink/lib/syslink.a_release(GateMutex.o)
 .ARM.extab     0x00019798        0x0 /src/flex/microburst-linux/ti-dsp/syslink_2_21_00_03/packages/ti/syslink/lib/syslink.a_release(Memory.o)
 .ARM.extab     0x00019798        0x0 /src/flex/microburst-linux/ti-dsp/syslink_2_21_00_03/packages/ti/syslink/lib/syslink.a_release(List.o)
 .ARM.extab     0x00019798        0x0 /src/flex/microburst-linux/ti-dsp/syslink_2_21_00_03/packages/ti/syslink/lib/syslink.a_release(String.o)
 .ARM.extab     0x00019798        0x0 /src/flex/microburst-linux/ti-dsp/syslink_2_21_00_03/packages/ti/syslink/lib/syslink.a_release(NameServer.o)
 .ARM.extab     0x00019798        0x0 /src/flex/microburst-linux/ti-dsp/syslink_2_21_00_03/packages/ti/syslink/lib/syslink.a_release(MultiProc.o)
 .ARM.extab     0x00019798        0x0 /src/flex/microburst-linux/ti-dsp/syslink_2_21_00_03/packages/ti/syslink/lib/syslink.a_release(Gate.o)
 .ARM.extab     0x00019798        0x0 /src/flex/microburst-linux/ti-dsp/syslink_2_21_00_03/packages/ti/syslink/lib/syslink.a_release(SysLink.o)
 .ARM.extab     0x00019798        0x0 /src/flex/microburst-linux/ti-dsp/syslink_2_21_00_03/packages/ti/syslink/lib/syslink.a_release(Cache.o)
 .ARM.extab     0x00019798        0x0 /src/flex/microburst-linux/ti-dsp/syslink_2_21_00_03/packages/ti/syslink/lib/syslink.a_release(NameServerDrv.o)
 .ARM.extab     0x00019798        0x0 /src/flex/microburst-linux/ti-dsp/syslink_2_21_00_03/packages/ti/syslink/lib/syslink.a_release(MultiProcDrv.o)
 .ARM.extab     0x00019798        0x0 /src/flex/microburst-linux/ti-dsp/syslink_2_21_00_03/packages/ti/syslink/lib/syslink.a_release(CacheDrv.o)
 .ARM.extab     0x00019798        0x0 /src/flex/microburst-linux/ti-dsp/syslink_2_21_00_03/packages/ti/syslink/lib/syslink.a_release(Dev.o)
 .ARM.extab     0x00019798        0x0 /src/flex/microburst-linux/ti-dsp/syslink_2_21_00_03/packages/ti/syslink/lib/syslink.a_release(MemoryOS.o)
 .ARM.extab     0x00019798        0x0 /src/flex/microburst-linux/ti-dsp/syslink_2_21_00_03/packages/ti/syslink/lib/syslink.a_release(OsalDrv.o)
 .ARM.extab     0x00019798        0x0 /src/flex/microburst-linux/ti-dsp/syslink_2_21_00_03/packages/ti/syslink/lib/syslink.a_release(OsalMutex.o)
 .ARM.extab     0x00019798        0x0 /src/flex/microburst-linux/ti-dsp/syslink_2_21_00_03/packages/ti/syslink/lib/syslink.a_release(ProcMgr.o)
 .ARM.extab     0x00019798        0x0 /src/flex/microburst-linux/ti-dsp/syslink_2_21_00_03/packages/ti/syslink/lib/syslink.a_release(ProcMgrDrvUsr.o)
 .ARM.extab     0x00019798        0x0 /src/flex/microburst-linux/ti-dsp/syslink_2_21_00_03/packages/ti/syslink/lib/syslink.a_release(FrameQ_common.o)
 .ARM.extab     0x00019798        0x0 /src/flex/microburst-linux/ti-dsp/syslink_2_21_00_03/packages/ti/syslink/lib/syslink.a_release(SharedRegion.o)
 .ARM.extab     0x00019798        0x0 /src/flex/microburst-linux/ti-dsp/syslink_2_21_00_03/packages/ti/syslink/lib/syslink.a_release(ListMP.o)
 .ARM.extab     0x00019798        0x0 /src/flex/microburst-linux/ti-dsp/syslink_2_21_00_03/packages/ti/syslink/lib/syslink.a_release(MessageQ.o)
 .ARM.extab     0x00019798        0x0 /src/flex/microburst-linux/ti-dsp/syslink_2_21_00_03/packages/ti/syslink/lib/syslink.a_release(SharedRegionDrv.o)
 .ARM.extab     0x00019798        0x0 /src/flex/microburst-linux/ti-dsp/syslink_2_21_00_03/packages/ti/syslink/lib/syslink.a_release(ListMPDrv.o)
 .ARM.extab     0x00019798        0x0 /src/flex/microburst-linux/ti-dsp/syslink_2_21_00_03/packages/ti/syslink/lib/syslink.a_release(MessageQDrv.o)
 .ARM.extab     0x00019798        0x0 /home/jreese/CodeSourcery/Sourcery_G++_Lite/bin/../arm-none-linux-gnueabi/libc/usr/lib/libc_nonshared.a(elf-init.oS)
 .ARM.extab.init
                0x00019798        0x0 /home/jreese/CodeSourcery/Sourcery_G++_Lite/bin/../arm-none-linux-gnueabi/libc/usr/lib/crtn.o
 .ARM.extab.fini
                0x00019798        0x0 /home/jreese/CodeSourcery/Sourcery_G++_Lite/bin/../arm-none-linux-gnueabi/libc/usr/lib/crtn.o
                0x00019798                __exidx_start = .

.ARM.exidx      0x00019798      0x9f8
 *(.ARM.exidx* .gnu.linkonce.armexidx.*)
 .ARM.exidx     0x000197a8        0x0 /home/jreese/CodeSourcery/Sourcery_G++_Lite/bin/../arm-none-linux-gnueabi/libc/usr/lib/crt1.o
                                  0x8 (size before relaxing)
 .ARM.exidx     0x000197a8        0x8 /home/jreese/CodeSourcery/Sourcery_G++_Lite/bin/../arm-none-linux-gnueabi/libc/usr/lib/crti.o
 .ARM.exidx     0x000197b0        0x8 /home/jreese/CodeSourcery/Sourcery_G++_Lite/bin/../lib/gcc/arm-none-linux-gnueabi/4.3.3/crtbegin.o
                                 0x10 (size before relaxing)
 .ARM.exidx     0x000197b8        0x8 bin/release/obj/main_host.ov5T
 .ARM.exidx     0x000197c0       0x20 bin/release/obj/App.ov5T
 .ARM.exidx     0x000197e0       0x68 /src/flex/microburst-linux/ti-dsp/syslink_2_21_00_03/packages/ti/syslink/lib/syslink.a_release(Notify.o)
                                 0x88 (size before relaxing)
 .ARM.exidx     0x00019848       0x30 /src/flex/microburst-linux/ti-dsp/syslink_2_21_00_03/packages/ti/syslink/lib/syslink.a_release(Ipc.o)
                                 0x38 (size before relaxing)
 .ARM.exidx     0x00019878       0x88 /src/flex/microburst-linux/ti-dsp/syslink_2_21_00_03/packages/ti/syslink/lib/syslink.a_release(RingIO.o)
                                 0xf0 (size before relaxing)
 .ARM.exidx     0x00019900       0x18 /src/flex/microburst-linux/ti-dsp/syslink_2_21_00_03/packages/ti/syslink/lib/syslink.a_release(RingIOShm.o)
                                 0x20 (size before relaxing)
 .ARM.exidx     0x00019918       0xb8 /src/flex/microburst-linux/ti-dsp/syslink_2_21_00_03/packages/ti/syslink/lib/syslink.a_release(FrameQ.o)
                                 0xd8 (size before relaxing)
 .ARM.exidx     0x000199d0       0xd8 /src/flex/microburst-linux/ti-dsp/syslink_2_21_00_03/packages/ti/syslink/lib/syslink.a_release(FrameQBufMgr.o)
                                0x110 (size before relaxing)
 .ARM.exidx     0x00019aa8       0x88 /src/flex/microburst-linux/ti-dsp/syslink_2_21_00_03/packages/ti/syslink/lib/syslink.a_release(ClientNotifyMgr.o)
                                 0x98 (size before relaxing)
 .ARM.exidx     0x00019b30       0x58 /src/flex/microburst-linux/ti-dsp/syslink_2_21_00_03/packages/ti/syslink/lib/syslink.a_release(HeapMemMP.o)
                                 0x90 (size before relaxing)
 .ARM.exidx     0x00019b88       0x58 /src/flex/microburst-linux/ti-dsp/syslink_2_21_00_03/packages/ti/syslink/lib/syslink.a_release(HeapBufMP.o)
                                 0x88 (size before relaxing)
 .ARM.exidx     0x00019be0       0x78 /src/flex/microburst-linux/ti-dsp/syslink_2_21_00_03/packages/ti/syslink/lib/syslink.a_release(GateMP.o)
                                 0xa8 (size before relaxing)
 .ARM.exidx     0x00019c58       0x20 /src/flex/microburst-linux/ti-dsp/syslink_2_21_00_03/packages/ti/syslink/lib/syslink.a_release(NotifyDrvUsr.o)
 .ARM.exidx     0x00019c78       0x10 /src/flex/microburst-linux/ti-dsp/syslink_2_21_00_03/packages/ti/syslink/lib/syslink.a_release(HeapBufMPDrv.o)
                                 0x18 (size before relaxing)
 .ARM.exidx     0x00019c88       0x10 /src/flex/microburst-linux/ti-dsp/syslink_2_21_00_03/packages/ti/syslink/lib/syslink.a_release(IpcDrv.o)
                                 0x18 (size before relaxing)
 .ARM.exidx     0x00019c98       0x10 /src/flex/microburst-linux/ti-dsp/syslink_2_21_00_03/packages/ti/syslink/lib/syslink.a_release(FrameQDrv.o)
                                 0x18 (size before relaxing)
 .ARM.exidx     0x00019ca8       0x10 /src/flex/microburst-linux/ti-dsp/syslink_2_21_00_03/packages/ti/syslink/lib/syslink.a_release(FrameQBufMgrDrv.o)
                                 0x18 (size before relaxing)
 .ARM.exidx     0x00019cb8       0x10 /src/flex/microburst-linux/ti-dsp/syslink_2_21_00_03/packages/ti/syslink/lib/syslink.a_release(ClientNotifyMgrDrv.o)
                                 0x18 (size before relaxing)
 .ARM.exidx     0x00019cc8       0x10 /src/flex/microburst-linux/ti-dsp/syslink_2_21_00_03/packages/ti/syslink/lib/syslink.a_release(RingIODrv.o)
                                 0x18 (size before relaxing)
 .ARM.exidx     0x00019cd8       0x10 /src/flex/microburst-linux/ti-dsp/syslink_2_21_00_03/packages/ti/syslink/lib/syslink.a_release(RingIOShmDrv.o)
                                 0x18 (size before relaxing)
 .ARM.exidx     0x00019ce8        0x8 /src/flex/microburst-linux/ti-dsp/syslink_2_21_00_03/packages/ti/syslink/lib/syslink.a_release(HeapMemMPDrv.o)
                                 0x18 (size before relaxing)
 .ARM.exidx     0x00019cf0        0x0 /src/flex/microburst-linux/ti-dsp/syslink_2_21_00_03/packages/ti/syslink/lib/syslink.a_release(GateMPDrv.o)
                                 0x18 (size before relaxing)
 .ARM.exidx     0x00019cf0        0x8 /src/flex/microburst-linux/ti-dsp/syslink_2_21_00_03/packages/ti/syslink/lib/syslink.a_release(OsalProcess.o)
                                 0x10 (size before relaxing)
 .ARM.exidx     0x00019cf8       0x18 /src/flex/microburst-linux/ti-dsp/syslink_2_21_00_03/packages/ti/syslink/lib/syslink.a_release(GateMutex.o)
                                 0x30 (size before relaxing)
 .ARM.exidx     0x00019d10       0x20 /src/flex/microburst-linux/ti-dsp/syslink_2_21_00_03/packages/ti/syslink/lib/syslink.a_release(Memory.o)
                                 0x40 (size before relaxing)
 .ARM.exidx     0x00019d30       0x18 /src/flex/microburst-linux/ti-dsp/syslink_2_21_00_03/packages/ti/syslink/lib/syslink.a_release(List.o)
                                 0x88 (size before relaxing)
 .ARM.exidx     0x00019d48       0x38 /src/flex/microburst-linux/ti-dsp/syslink_2_21_00_03/packages/ti/syslink/lib/syslink.a_release(String.o)
                                 0x40 (size before relaxing)
 .ARM.exidx     0x00019d80       0x88 /src/flex/microburst-linux/ti-dsp/syslink_2_21_00_03/packages/ti/syslink/lib/syslink.a_release(NameServer.o)
                                 0x98 (size before relaxing)
 .ARM.exidx     0x00019e08       0x38 /src/flex/microburst-linux/ti-dsp/syslink_2_21_00_03/packages/ti/syslink/lib/syslink.a_release(MultiProc.o)
                                 0x48 (size before relaxing)
 .ARM.exidx     0x00019e40       0x10 /src/flex/microburst-linux/ti-dsp/syslink_2_21_00_03/packages/ti/syslink/lib/syslink.a_release(Gate.o)
                                 0x20 (size before relaxing)
 .ARM.exidx     0x00019e50        0x8 /src/flex/microburst-linux/ti-dsp/syslink_2_21_00_03/packages/ti/syslink/lib/syslink.a_release(SysLink.o)
                                 0x10 (size before relaxing)
 .ARM.exidx     0x00019e58        0x8 /src/flex/microburst-linux/ti-dsp/syslink_2_21_00_03/packages/ti/syslink/lib/syslink.a_release(Cache.o)
                                 0x28 (size before relaxing)
 .ARM.exidx     0x00019e60       0x10 /src/flex/microburst-linux/ti-dsp/syslink_2_21_00_03/packages/ti/syslink/lib/syslink.a_release(NameServerDrv.o)
                                 0x18 (size before relaxing)
 .ARM.exidx     0x00019e70       0x10 /src/flex/microburst-linux/ti-dsp/syslink_2_21_00_03/packages/ti/syslink/lib/syslink.a_release(MultiProcDrv.o)
                                 0x18 (size before relaxing)
 .ARM.exidx     0x00019e80        0x8 /src/flex/microburst-linux/ti-dsp/syslink_2_21_00_03/packages/ti/syslink/lib/syslink.a_release(CacheDrv.o)
 .ARM.exidx     0x00019e88        0x8 /src/flex/microburst-linux/ti-dsp/syslink_2_21_00_03/packages/ti/syslink/lib/syslink.a_release(Dev.o)
 .ARM.exidx     0x00019e90       0x30 /src/flex/microburst-linux/ti-dsp/syslink_2_21_00_03/packages/ti/syslink/lib/syslink.a_release(MemoryOS.o)
                                 0x50 (size before relaxing)
 .ARM.exidx     0x00019ec0       0x20 /src/flex/microburst-linux/ti-dsp/syslink_2_21_00_03/packages/ti/syslink/lib/syslink.a_release(OsalDrv.o)
                                 0x28 (size before relaxing)
 .ARM.exidx     0x00019ee0       0x18 /src/flex/microburst-linux/ti-dsp/syslink_2_21_00_03/packages/ti/syslink/lib/syslink.a_release(OsalMutex.o)
                                 0x20 (size before relaxing)
 .ARM.exidx     0x00019ef8       0xb8 /src/flex/microburst-linux/ti-dsp/syslink_2_21_00_03/packages/ti/syslink/lib/syslink.a_release(ProcMgr.o)
                                 0xe8 (size before relaxing)
 .ARM.exidx     0x00019fb0       0x10 /src/flex/microburst-linux/ti-dsp/syslink_2_21_00_03/packages/ti/syslink/lib/syslink.a_release(ProcMgrDrvUsr.o)
                                 0x18 (size before relaxing)
 .ARM.exidx     0x00019fc0       0x10 /src/flex/microburst-linux/ti-dsp/syslink_2_21_00_03/packages/ti/syslink/lib/syslink.a_release(FrameQ_common.o)
                                 0x48 (size before relaxing)
 .ARM.exidx     0x00019fd0       0x80 /src/flex/microburst-linux/ti-dsp/syslink_2_21_00_03/packages/ti/syslink/lib/syslink.a_release(SharedRegion.o)
                                 0xd8 (size before relaxing)
 .ARM.exidx     0x0001a050       0x70 /src/flex/microburst-linux/ti-dsp/syslink_2_21_00_03/packages/ti/syslink/lib/syslink.a_release(ListMP.o)
                                 0xa8 (size before relaxing)
 .ARM.exidx     0x0001a0c0       0x80 /src/flex/microburst-linux/ti-dsp/syslink_2_21_00_03/packages/ti/syslink/lib/syslink.a_release(MessageQ.o)
                                 0xb8 (size before relaxing)
 .ARM.exidx     0x0001a140       0x18 /src/flex/microburst-linux/ti-dsp/syslink_2_21_00_03/packages/ti/syslink/lib/syslink.a_release(SharedRegionDrv.o)
 .ARM.exidx     0x0001a158        0x8 /src/flex/microburst-linux/ti-dsp/syslink_2_21_00_03/packages/ti/syslink/lib/syslink.a_release(ListMPDrv.o)
                                 0x18 (size before relaxing)
 .ARM.exidx     0x0001a160        0x8 /src/flex/microburst-linux/ti-dsp/syslink_2_21_00_03/packages/ti/syslink/lib/syslink.a_release(MessageQDrv.o)
                                 0x18 (size before relaxing)
 .ARM.exidx     0x0001a168       0x18 /home/jreese/CodeSourcery/Sourcery_G++_Lite/bin/../arm-none-linux-gnueabi/libc/usr/lib/libc_nonshared.a(elf-init.oS)
                                 0x10 (size before relaxing)
 .ARM.exidx.init
                0x00019798       0x10 /home/jreese/CodeSourcery/Sourcery_G++_Lite/bin/../arm-none-linux-gnueabi/libc/usr/lib/crtn.o
                                  0x8 (size before relaxing)
 .ARM.exidx.fini
                0x0001a180       0x10 /home/jreese/CodeSourcery/Sourcery_G++_Lite/bin/../arm-none-linux-gnueabi/libc/usr/lib/crtn.o
                                  0x8 (size before relaxing)
                0x0001a190                __exidx_end = .

.eh_frame_hdr
 *(.eh_frame_hdr)

.eh_frame       0x0001a190        0x4
 *(.eh_frame)
 .eh_frame      0x0001a190        0x4 /home/jreese/CodeSourcery/Sourcery_G++_Lite/bin/../lib/gcc/arm-none-linux-gnueabi/4.3.3/crtend.o

.gcc_except_table
 *(.gcc_except_table .gcc_except_table.*)
                0x0001a194                . = (ALIGN (0x8000) - ((0x8000 - .) & 0x7fff))
                0x00022194                . = (0x8000 DATA_SEGMENT_ALIGN 0x1000)

.eh_frame
 *(.eh_frame)

.gcc_except_table
 *(.gcc_except_table .gcc_except_table.*)

.tdata
 *(.tdata .tdata.* .gnu.linkonce.td.*)

.tbss
 *(.tbss .tbss.* .gnu.linkonce.tb.*)
 *(.tcommon)

.preinit_array  0x00022194        0x0
                0x00022194                PROVIDE (__preinit_array_start, .)
 *(.preinit_array)
                0x00022194                PROVIDE (__preinit_array_end, .)

.init_array     0x00022194        0x4
                0x00022194                PROVIDE (__init_array_start, .)
 *(SORT(.init_array.*))
 *(.init_array)
 .init_array    0x00022194        0x4 /home/jreese/CodeSourcery/Sourcery_G++_Lite/bin/../lib/gcc/arm-none-linux-gnueabi/4.3.3/crtbegin.o
                0x00022198                PROVIDE (__init_array_end, .)

.fini_array     0x00022198        0x4
                0x00022198                PROVIDE (__fini_array_start, .)
 *(.fini_array)
 .fini_array    0x00022198        0x4 /home/jreese/CodeSourcery/Sourcery_G++_Lite/bin/../lib/gcc/arm-none-linux-gnueabi/4.3.3/crtbegin.o
 *(SORT(.fini_array.*))
                0x0002219c                PROVIDE (__fini_array_end, .)

.ctors
 *crtbegin.o(.ctors)
 *crtbegin?.o(.ctors)
 *(EXCLUDE_FILE(*crtend?.o *crtend.o) .ctors)
 *(SORT(.ctors.*))
 *(.ctors)

.dtors
 *crtbegin.o(.dtors)
 *crtbegin?.o(.dtors)
 *(EXCLUDE_FILE(*crtend?.o *crtend.o) .dtors)
 *(SORT(.dtors.*))
 *(.dtors)

.jcr            0x0002219c        0x4
 *(.jcr)
 .jcr           0x0002219c        0x0 /home/jreese/CodeSourcery/Sourcery_G++_Lite/bin/../lib/gcc/arm-none-linux-gnueabi/4.3.3/crtbegin.o
 .jcr           0x0002219c        0x4 /home/jreese/CodeSourcery/Sourcery_G++_Lite/bin/../lib/gcc/arm-none-linux-gnueabi/4.3.3/crtend.o

.data.rel.ro
 *(.data.rel.ro.local* .gnu.linkonce.d.rel.ro.local.*)
 *(.data.rel.ro* .gnu.linkonce.d.rel.ro.*)

.dynamic        0x000221a0      0x100
 *(.dynamic)
 .dynamic       0x000221a0      0x100 /home/jreese/CodeSourcery/Sourcery_G++_Lite/bin/../arm-none-linux-gnueabi/libc/usr/lib/crti.o
                0x000221a0                _DYNAMIC
                0x000222a0                . = (. DATA_SEGMENT_RELRO_END 0x0)

.got            0x000222a0       0xb4
 *(.got.plt)
 .got.plt       0x000222a0       0xb0 /home/jreese/CodeSourcery/Sourcery_G++_Lite/bin/../arm-none-linux-gnueabi/libc/usr/lib/crti.o
                0x000222a0                _GLOBAL_OFFSET_TABLE_
 *(.got)
 .got           0x00022350        0x4 /home/jreese/CodeSourcery/Sourcery_G++_Lite/bin/../arm-none-linux-gnueabi/libc/usr/lib/crti.o

.data           0x00022354       0x20
                0x00022354                __data_start = .
 *(.data .data.* .gnu.linkonce.d.*)
 .data          0x00022354        0x4 /home/jreese/CodeSourcery/Sourcery_G++_Lite/bin/../arm-none-linux-gnueabi/libc/usr/lib/crt1.o
                0x00022354                data_start
 .data          0x00022358        0x0 /home/jreese/CodeSourcery/Sourcery_G++_Lite/bin/../arm-none-linux-gnueabi/libc/usr/lib/crti.o
 .data          0x00022358        0x4 /home/jreese/CodeSourcery/Sourcery_G++_Lite/bin/../lib/gcc/arm-none-linux-gnueabi/4.3.3/crtbegin.o
                0x00022358                __dso_handle
 .data          0x0002235c        0x0 bin/release/obj/main_host.ov5T
 .data          0x0002235c        0x0 bin/release/obj/App.ov5T
 .data          0x0002235c        0x0 /src/flex/microburst-linux/ti-dsp/syslink_2_21_00_03/packages/ti/syslink/lib/syslink.a_release(Notify.o)
 .data          0x0002235c        0x0 /src/flex/microburst-linux/ti-dsp/syslink_2_21_00_03/packages/ti/syslink/lib/syslink.a_release(Ipc.o)
 .data          0x0002235c        0x0 /src/flex/microburst-linux/ti-dsp/syslink_2_21_00_03/packages/ti/syslink/lib/syslink.a_release(RingIO.o)
 .data          0x0002235c        0x0 /src/flex/microburst-linux/ti-dsp/syslink_2_21_00_03/packages/ti/syslink/lib/syslink.a_release(RingIOShm.o)
 .data          0x0002235c        0x0 /src/flex/microburst-linux/ti-dsp/syslink_2_21_00_03/packages/ti/syslink/lib/syslink.a_release(FrameQ.o)
 .data          0x0002235c        0x0 /src/flex/microburst-linux/ti-dsp/syslink_2_21_00_03/packages/ti/syslink/lib/syslink.a_release(FrameQBufMgr.o)
 .data          0x0002235c        0x0 /src/flex/microburst-linux/ti-dsp/syslink_2_21_00_03/packages/ti/syslink/lib/syslink.a_release(ClientNotifyMgr.o)
 .data          0x0002235c        0x0 /src/flex/microburst-linux/ti-dsp/syslink_2_21_00_03/packages/ti/syslink/lib/syslink.a_release(HeapMemMP.o)
 .data          0x0002235c        0x0 /src/flex/microburst-linux/ti-dsp/syslink_2_21_00_03/packages/ti/syslink/lib/syslink.a_release(HeapBufMP.o)
 .data          0x0002235c        0x0 /src/flex/microburst-linux/ti-dsp/syslink_2_21_00_03/packages/ti/syslink/lib/syslink.a_release(GateMP.o)
 .data          0x0002235c        0x4 /src/flex/microburst-linux/ti-dsp/syslink_2_21_00_03/packages/ti/syslink/lib/syslink.a_release(NotifyDrvUsr.o)
 .data          0x00022360        0x0 /src/flex/microburst-linux/ti-dsp/syslink_2_21_00_03/packages/ti/syslink/lib/syslink.a_release(HeapBufMPDrv.o)
 .data          0x00022360        0x0 /src/flex/microburst-linux/ti-dsp/syslink_2_21_00_03/packages/ti/syslink/lib/syslink.a_release(IpcDrv.o)
 .data          0x00022360        0x0 /src/flex/microburst-linux/ti-dsp/syslink_2_21_00_03/packages/ti/syslink/lib/syslink.a_release(FrameQDrv.o)
 .data          0x00022360        0x0 /src/flex/microburst-linux/ti-dsp/syslink_2_21_00_03/packages/ti/syslink/lib/syslink.a_release(FrameQBufMgrDrv.o)
 .data          0x00022360        0x0 /src/flex/microburst-linux/ti-dsp/syslink_2_21_00_03/packages/ti/syslink/lib/syslink.a_release(ClientNotifyMgrDrv.o)
 .data          0x00022360        0x0 /src/flex/microburst-linux/ti-dsp/syslink_2_21_00_03/packages/ti/syslink/lib/syslink.a_release(RingIODrv.o)
 .data          0x00022360        0x0 /src/flex/microburst-linux/ti-dsp/syslink_2_21_00_03/packages/ti/syslink/lib/syslink.a_release(RingIOShmDrv.o)
 .data          0x00022360        0x0 /src/flex/microburst-linux/ti-dsp/syslink_2_21_00_03/packages/ti/syslink/lib/syslink.a_release(HeapMemMPDrv.o)
 .data          0x00022360        0x0 /src/flex/microburst-linux/ti-dsp/syslink_2_21_00_03/packages/ti/syslink/lib/syslink.a_release(GateMPDrv.o)
 .data          0x00022360        0x0 /src/flex/microburst-linux/ti-dsp/syslink_2_21_00_03/packages/ti/syslink/lib/syslink.a_release(OsalProcess.o)
 .data          0x00022360        0x0 /src/flex/microburst-linux/ti-dsp/syslink_2_21_00_03/packages/ti/syslink/lib/syslink.a_release(GateMutex.o)
 .data          0x00022360        0x0 /src/flex/microburst-linux/ti-dsp/syslink_2_21_00_03/packages/ti/syslink/lib/syslink.a_release(Memory.o)
 .data          0x00022360        0x0 /src/flex/microburst-linux/ti-dsp/syslink_2_21_00_03/packages/ti/syslink/lib/syslink.a_release(List.o)
 .data          0x00022360        0x0 /src/flex/microburst-linux/ti-dsp/syslink_2_21_00_03/packages/ti/syslink/lib/syslink.a_release(String.o)
 .data          0x00022360        0x0 /src/flex/microburst-linux/ti-dsp/syslink_2_21_00_03/packages/ti/syslink/lib/syslink.a_release(NameServer.o)
 .data          0x00022360        0x0 /src/flex/microburst-linux/ti-dsp/syslink_2_21_00_03/packages/ti/syslink/lib/syslink.a_release(MultiProc.o)
 .data          0x00022360        0xc /src/flex/microburst-linux/ti-dsp/syslink_2_21_00_03/packages/ti/syslink/lib/syslink.a_release(Gate.o)
                0x00022368                Gate_systemHandle
                0x00022360                Gate_systemObject
 .data          0x0002236c        0x0 /src/flex/microburst-linux/ti-dsp/syslink_2_21_00_03/packages/ti/syslink/lib/syslink.a_release(SysLink.o)
 .data          0x0002236c        0x0 /src/flex/microburst-linux/ti-dsp/syslink_2_21_00_03/packages/ti/syslink/lib/syslink.a_release(Cache.o)
 .data          0x0002236c        0x0 /src/flex/microburst-linux/ti-dsp/syslink_2_21_00_03/packages/ti/syslink/lib/syslink.a_release(NameServerDrv.o)
 .data          0x0002236c        0x0 /src/flex/microburst-linux/ti-dsp/syslink_2_21_00_03/packages/ti/syslink/lib/syslink.a_release(MultiProcDrv.o)
 .data          0x0002236c        0x0 /src/flex/microburst-linux/ti-dsp/syslink_2_21_00_03/packages/ti/syslink/lib/syslink.a_release(CacheDrv.o)
 .data          0x0002236c        0x0 /src/flex/microburst-linux/ti-dsp/syslink_2_21_00_03/packages/ti/syslink/lib/syslink.a_release(Dev.o)
 .data          0x0002236c        0x0 /src/flex/microburst-linux/ti-dsp/syslink_2_21_00_03/packages/ti/syslink/lib/syslink.a_release(MemoryOS.o)
 .data          0x0002236c        0x4 /src/flex/microburst-linux/ti-dsp/syslink_2_21_00_03/packages/ti/syslink/lib/syslink.a_release(OsalDrv.o)
 .data          0x00022370        0x0 /src/flex/microburst-linux/ti-dsp/syslink_2_21_00_03/packages/ti/syslink/lib/syslink.a_release(OsalMutex.o)
 .data          0x00022370        0x0 /src/flex/microburst-linux/ti-dsp/syslink_2_21_00_03/packages/ti/syslink/lib/syslink.a_release(ProcMgr.o)
 .data          0x00022370        0x4 /src/flex/microburst-linux/ti-dsp/syslink_2_21_00_03/packages/ti/syslink/lib/syslink.a_release(ProcMgrDrvUsr.o)
 .data          0x00022374        0x0 /src/flex/microburst-linux/ti-dsp/syslink_2_21_00_03/packages/ti/syslink/lib/syslink.a_release(FrameQ_common.o)
 .data          0x00022374        0x0 /src/flex/microburst-linux/ti-dsp/syslink_2_21_00_03/packages/ti/syslink/lib/syslink.a_release(SharedRegion.o)
 .data          0x00022374        0x0 /src/flex/microburst-linux/ti-dsp/syslink_2_21_00_03/packages/ti/syslink/lib/syslink.a_release(ListMP.o)
 .data          0x00022374        0x0 /src/flex/microburst-linux/ti-dsp/syslink_2_21_00_03/packages/ti/syslink/lib/syslink.a_release(MessageQ.o)
 .data          0x00022374        0x0 /src/flex/microburst-linux/ti-dsp/syslink_2_21_00_03/packages/ti/syslink/lib/syslink.a_release(SharedRegionDrv.o)
 .data          0x00022374        0x0 /src/flex/microburst-linux/ti-dsp/syslink_2_21_00_03/packages/ti/syslink/lib/syslink.a_release(ListMPDrv.o)
 .data          0x00022374        0x0 /src/flex/microburst-linux/ti-dsp/syslink_2_21_00_03/packages/ti/syslink/lib/syslink.a_release(MessageQDrv.o)
 .data          0x00022374        0x0 /home/jreese/CodeSourcery/Sourcery_G++_Lite/bin/../arm-none-linux-gnueabi/libc/usr/lib/libc_nonshared.a(elf-init.oS)
 .data          0x00022374        0x0 /home/jreese/CodeSourcery/Sourcery_G++_Lite/bin/../lib/gcc/arm-none-linux-gnueabi/4.3.3/libgcc.a(_udivsi3.o)
 .data          0x00022374        0x0 /home/jreese/CodeSourcery/Sourcery_G++_Lite/bin/../lib/gcc/arm-none-linux-gnueabi/4.3.3/libgcc.a(_dvmd_lnx.o)
 .data          0x00022374        0x0 /home/jreese/CodeSourcery/Sourcery_G++_Lite/bin/../lib/gcc/arm-none-linux-gnueabi/4.3.3/crtend.o
 .data          0x00022374        0x0 /home/jreese/CodeSourcery/Sourcery_G++_Lite/bin/../arm-none-linux-gnueabi/libc/usr/lib/crtn.o

.data1
 *(.data1)
                0x00022374                _edata = .
                0x00022374                PROVIDE (edata, .)
                0x00022374                __bss_start = .
                0x00022374                __bss_start__ = .

.bss            0x00022378    0x2d620
 *(.dynbss)
 .dynbss        0x00022378        0x4 /home/jreese/CodeSourcery/Sourcery_G++_Lite/bin/../arm-none-linux-gnueabi/libc/usr/lib/crti.o
                0x00022378                stderr@@GLIBC_2.4
 *(.bss .bss.* .gnu.linkonce.b.*)
 .bss           0x0002237c        0x0 /home/jreese/CodeSourcery/Sourcery_G++_Lite/bin/../arm-none-linux-gnueabi/libc/usr/lib/crt1.o
 .bss           0x0002237c        0x0 /home/jreese/CodeSourcery/Sourcery_G++_Lite/bin/../arm-none-linux-gnueabi/libc/usr/lib/crti.o
 .bss           0x0002237c        0x1 /home/jreese/CodeSourcery/Sourcery_G++_Lite/bin/../lib/gcc/arm-none-linux-gnueabi/4.3.3/crtbegin.o
 *fill*         0x0002237d        0x3 00
 .bss           0x00022380        0x4 bin/release/obj/main_host.ov5T
 .bss           0x00022384       0x44 bin/release/obj/App.ov5T
 .bss           0x000223c8       0x14 /src/flex/microburst-linux/ti-dsp/syslink_2_21_00_03/packages/ti/syslink/lib/syslink.a_release(Notify.o)
 .bss           0x000223dc       0x5c /src/flex/microburst-linux/ti-dsp/syslink_2_21_00_03/packages/ti/syslink/lib/syslink.a_release(Ipc.o)
                0x0002242c                SysLinkCfg_sysMemMap
                0x00022434                SysLink_params
 .bss           0x00022438        0xc /src/flex/microburst-linux/ti-dsp/syslink_2_21_00_03/packages/ti/syslink/lib/syslink.a_release(RingIO.o)
 .bss           0x00022444        0x8 /src/flex/microburst-linux/ti-dsp/syslink_2_21_00_03/packages/ti/syslink/lib/syslink.a_release(RingIOShm.o)
 .bss           0x0002244c       0x20 /src/flex/microburst-linux/ti-dsp/syslink_2_21_00_03/packages/ti/syslink/lib/syslink.a_release(FrameQ.o)
 .bss           0x0002246c       0x20 /src/flex/microburst-linux/ti-dsp/syslink_2_21_00_03/packages/ti/syslink/lib/syslink.a_release(FrameQBufMgr.o)
 .bss           0x0002248c    0x2d024 /src/flex/microburst-linux/ti-dsp/syslink_2_21_00_03/packages/ti/syslink/lib/syslink.a_release(ClientNotifyMgr.o)
 .bss           0x0004f4b0        0x4 /src/flex/microburst-linux/ti-dsp/syslink_2_21_00_03/packages/ti/syslink/lib/syslink.a_release(HeapMemMP.o)
 .bss           0x0004f4b4        0x4 /src/flex/microburst-linux/ti-dsp/syslink_2_21_00_03/packages/ti/syslink/lib/syslink.a_release(HeapBufMP.o)
 .bss           0x0004f4b8       0x1c /src/flex/microburst-linux/ti-dsp/syslink_2_21_00_03/packages/ti/syslink/lib/syslink.a_release(GateMP.o)
 .bss           0x0004f4d4        0xc /src/flex/microburst-linux/ti-dsp/syslink_2_21_00_03/packages/ti/syslink/lib/syslink.a_release(NotifyDrvUsr.o)
 .bss           0x0004f4e0        0x8 /src/flex/microburst-linux/ti-dsp/syslink_2_21_00_03/packages/ti/syslink/lib/syslink.a_release(HeapBufMPDrv.o)
 .bss           0x0004f4e8        0x8 /src/flex/microburst-linux/ti-dsp/syslink_2_21_00_03/packages/ti/syslink/lib/syslink.a_release(IpcDrv.o)
 .bss           0x0004f4f0        0x8 /src/flex/microburst-linux/ti-dsp/syslink_2_21_00_03/packages/ti/syslink/lib/syslink.a_release(FrameQDrv.o)
 .bss           0x0004f4f8        0x8 /src/flex/microburst-linux/ti-dsp/syslink_2_21_00_03/packages/ti/syslink/lib/syslink.a_release(FrameQBufMgrDrv.o)
 .bss           0x0004f500        0x8 /src/flex/microburst-linux/ti-dsp/syslink_2_21_00_03/packages/ti/syslink/lib/syslink.a_release(ClientNotifyMgrDrv.o)
 .bss           0x0004f508        0x8 /src/flex/microburst-linux/ti-dsp/syslink_2_21_00_03/packages/ti/syslink/lib/syslink.a_release(RingIODrv.o)
 .bss           0x0004f510        0x8 /src/flex/microburst-linux/ti-dsp/syslink_2_21_00_03/packages/ti/syslink/lib/syslink.a_release(RingIOShmDrv.o)
 .bss           0x0004f518        0x8 /src/flex/microburst-linux/ti-dsp/syslink_2_21_00_03/packages/ti/syslink/lib/syslink.a_release(HeapMemMPDrv.o)
 .bss           0x0004f520        0x8 /src/flex/microburst-linux/ti-dsp/syslink_2_21_00_03/packages/ti/syslink/lib/syslink.a_release(GateMPDrv.o)
 .bss           0x0004f528        0x0 /src/flex/microburst-linux/ti-dsp/syslink_2_21_00_03/packages/ti/syslink/lib/syslink.a_release(OsalProcess.o)
 .bss           0x0004f528        0x4 /src/flex/microburst-linux/ti-dsp/syslink_2_21_00_03/packages/ti/syslink/lib/syslink.a_release(GateMutex.o)
 .bss           0x0004f52c        0x0 /src/flex/microburst-linux/ti-dsp/syslink_2_21_00_03/packages/ti/syslink/lib/syslink.a_release(Memory.o)
 .bss           0x0004f52c        0x0 /src/flex/microburst-linux/ti-dsp/syslink_2_21_00_03/packages/ti/syslink/lib/syslink.a_release(List.o)
 .bss           0x0004f52c        0x0 /src/flex/microburst-linux/ti-dsp/syslink_2_21_00_03/packages/ti/syslink/lib/syslink.a_release(String.o)
 .bss           0x0004f52c        0xc /src/flex/microburst-linux/ti-dsp/syslink_2_21_00_03/packages/ti/syslink/lib/syslink.a_release(NameServer.o)
 .bss           0x0004f538      0x298 /src/flex/microburst-linux/ti-dsp/syslink_2_21_00_03/packages/ti/syslink/lib/syslink.a_release(MultiProc.o)
 .bss           0x0004f7d0       0x18 /src/flex/microburst-linux/ti-dsp/syslink_2_21_00_03/packages/ti/syslink/lib/syslink.a_release(Gate.o)
                0x0004f7d0                staticMutex
 .bss           0x0004f7e8        0x0 /src/flex/microburst-linux/ti-dsp/syslink_2_21_00_03/packages/ti/syslink/lib/syslink.a_release(SysLink.o)
 .bss           0x0004f7e8        0x0 /src/flex/microburst-linux/ti-dsp/syslink_2_21_00_03/packages/ti/syslink/lib/syslink.a_release(Cache.o)
 .bss           0x0004f7e8        0x8 /src/flex/microburst-linux/ti-dsp/syslink_2_21_00_03/packages/ti/syslink/lib/syslink.a_release(NameServerDrv.o)
 .bss           0x0004f7f0        0x8 /src/flex/microburst-linux/ti-dsp/syslink_2_21_00_03/packages/ti/syslink/lib/syslink.a_release(MultiProcDrv.o)
 .bss           0x0004f7f8        0x0 /src/flex/microburst-linux/ti-dsp/syslink_2_21_00_03/packages/ti/syslink/lib/syslink.a_release(CacheDrv.o)
 .bss           0x0004f7f8        0x0 /src/flex/microburst-linux/ti-dsp/syslink_2_21_00_03/packages/ti/syslink/lib/syslink.a_release(Dev.o)
 .bss           0x0004f7f8       0x28 /src/flex/microburst-linux/ti-dsp/syslink_2_21_00_03/packages/ti/syslink/lib/syslink.a_release(MemoryOS.o)
 .bss           0x0004f820        0x4 /src/flex/microburst-linux/ti-dsp/syslink_2_21_00_03/packages/ti/syslink/lib/syslink.a_release(OsalDrv.o)
 .bss           0x0004f824        0x0 /src/flex/microburst-linux/ti-dsp/syslink_2_21_00_03/packages/ti/syslink/lib/syslink.a_release(OsalMutex.o)
 .bss           0x0004f824       0x2c /src/flex/microburst-linux/ti-dsp/syslink_2_21_00_03/packages/ti/syslink/lib/syslink.a_release(ProcMgr.o)
 .bss           0x0004f850        0x4 /src/flex/microburst-linux/ti-dsp/syslink_2_21_00_03/packages/ti/syslink/lib/syslink.a_release(ProcMgrDrvUsr.o)
 .bss           0x0004f854        0x0 /src/flex/microburst-linux/ti-dsp/syslink_2_21_00_03/packages/ti/syslink/lib/syslink.a_release(FrameQ_common.o)
 .bss           0x0004f854      0x120 /src/flex/microburst-linux/ti-dsp/syslink_2_21_00_03/packages/ti/syslink/lib/syslink.a_release(SharedRegion.o)
 .bss           0x0004f974        0x4 /src/flex/microburst-linux/ti-dsp/syslink_2_21_00_03/packages/ti/syslink/lib/syslink.a_release(ListMP.o)
 .bss           0x0004f978        0x4 /src/flex/microburst-linux/ti-dsp/syslink_2_21_00_03/packages/ti/syslink/lib/syslink.a_release(MessageQ.o)
 .bss           0x0004f97c        0x8 /src/flex/microburst-linux/ti-dsp/syslink_2_21_00_03/packages/ti/syslink/lib/syslink.a_release(SharedRegionDrv.o)
 .bss           0x0004f984        0x8 /src/flex/microburst-linux/ti-dsp/syslink_2_21_00_03/packages/ti/syslink/lib/syslink.a_release(ListMPDrv.o)
 .bss           0x0004f98c        0x8 /src/flex/microburst-linux/ti-dsp/syslink_2_21_00_03/packages/ti/syslink/lib/syslink.a_release(MessageQDrv.o)
 .bss           0x0004f994        0x0 /home/jreese/CodeSourcery/Sourcery_G++_Lite/bin/../arm-none-linux-gnueabi/libc/usr/lib/libc_nonshared.a(elf-init.oS)
 .bss           0x0004f994        0x0 /home/jreese/CodeSourcery/Sourcery_G++_Lite/bin/../lib/gcc/arm-none-linux-gnueabi/4.3.3/libgcc.a(_udivsi3.o)
 .bss           0x0004f994        0x0 /home/jreese/CodeSourcery/Sourcery_G++_Lite/bin/../lib/gcc/arm-none-linux-gnueabi/4.3.3/libgcc.a(_dvmd_lnx.o)
 .bss           0x0004f994        0x0 /home/jreese/CodeSourcery/Sourcery_G++_Lite/bin/../lib/gcc/arm-none-linux-gnueabi/4.3.3/crtend.o
 .bss           0x0004f994        0x0 /home/jreese/CodeSourcery/Sourcery_G++_Lite/bin/../arm-none-linux-gnueabi/libc/usr/lib/crtn.o
 *(COMMON)
 COMMON         0x0004f994        0x4 /src/flex/microburst-linux/ti-dsp/syslink_2_21_00_03/packages/ti/syslink/lib/syslink.a_release(NameServer.o)
                0x0004f994                NameServer_Object
                0x0004f998                . = ALIGN ((. != 0x0)?0x4:0x1)
                0x0004f998                _bss_end__ = .
                0x0004f998                __bss_end__ = .
                0x0004f998                . = ALIGN (0x4)
                0x0004f998                . = ALIGN (0x4)
                0x0004f998                __end__ = .
                0x0004f998                _end = .
                0x0004f998                PROVIDE (end, .)
                0x0004f998                . = DATA_SEGMENT_END (.)

.stab
 *(.stab)

.stabstr
 *(.stabstr)

.stab.excl
 *(.stab.excl)

.stab.exclstr
 *(.stab.exclstr)

.stab.index
 *(.stab.index)

.stab.indexstr
 *(.stab.indexstr)

.ARM.attributes
                0x00000000       0x2d
 .ARM.attributes
                0x00000000       0x2d /home/jreese/CodeSourcery/Sourcery_G++_Lite/bin/../arm-none-linux-gnueabi/libc/usr/lib/crt1.o
 .ARM.attributes
                0x0000002d       0x31 /home/jreese/CodeSourcery/Sourcery_G++_Lite/bin/../arm-none-linux-gnueabi/libc/usr/lib/crti.o
 .ARM.attributes
                0x0000005e       0x31 /home/jreese/CodeSourcery/Sourcery_G++_Lite/bin/../lib/gcc/arm-none-linux-gnueabi/4.3.3/crtbegin.o
 .ARM.attributes
                0x0000008f       0x2a bin/release/obj/main_host.ov5T
 .ARM.attributes
                0x000000b9       0x2a bin/release/obj/App.ov5T
 .ARM.attributes
                0x000000e3       0x31 /src/flex/microburst-linux/ti-dsp/syslink_2_21_00_03/packages/ti/syslink/lib/syslink.a_release(Notify.o)
 .ARM.attributes
                0x00000114       0x31 /src/flex/microburst-linux/ti-dsp/syslink_2_21_00_03/packages/ti/syslink/lib/syslink.a_release(Ipc.o)
 .ARM.attributes
                0x00000145       0x31 /src/flex/microburst-linux/ti-dsp/syslink_2_21_00_03/packages/ti/syslink/lib/syslink.a_release(RingIO.o)
 .ARM.attributes
                0x00000176       0x31 /src/flex/microburst-linux/ti-dsp/syslink_2_21_00_03/packages/ti/syslink/lib/syslink.a_release(RingIOShm.o)
 .ARM.attributes
                0x000001a7       0x31 /src/flex/microburst-linux/ti-dsp/syslink_2_21_00_03/packages/ti/syslink/lib/syslink.a_release(FrameQ.o)
 .ARM.attributes
                0x000001d8       0x31 /src/flex/microburst-linux/ti-dsp/syslink_2_21_00_03/packages/ti/syslink/lib/syslink.a_release(FrameQBufMgr.o)
 .ARM.attributes
                0x00000209       0x31 /src/flex/microburst-linux/ti-dsp/syslink_2_21_00_03/packages/ti/syslink/lib/syslink.a_release(ClientNotifyMgr.o)
 .ARM.attributes
                0x0000023a       0x31 /src/flex/microburst-linux/ti-dsp/syslink_2_21_00_03/packages/ti/syslink/lib/syslink.a_release(HeapMemMP.o)
 .ARM.attributes
                0x0000026b       0x31 /src/flex/microburst-linux/ti-dsp/syslink_2_21_00_03/packages/ti/syslink/lib/syslink.a_release(HeapBufMP.o)
 .ARM.attributes
                0x0000029c       0x31 /src/flex/microburst-linux/ti-dsp/syslink_2_21_00_03/packages/ti/syslink/lib/syslink.a_release(GateMP.o)
 .ARM.attributes
                0x000002cd       0x31 /src/flex/microburst-linux/ti-dsp/syslink_2_21_00_03/packages/ti/syslink/lib/syslink.a_release(NotifyDrvUsr.o)
 .ARM.attributes
                0x000002fe       0x31 /src/flex/microburst-linux/ti-dsp/syslink_2_21_00_03/packages/ti/syslink/lib/syslink.a_release(HeapBufMPDrv.o)
 .ARM.attributes
                0x0000032f       0x31 /src/flex/microburst-linux/ti-dsp/syslink_2_21_00_03/packages/ti/syslink/lib/syslink.a_release(IpcDrv.o)
 .ARM.attributes
                0x00000360       0x31 /src/flex/microburst-linux/ti-dsp/syslink_2_21_00_03/packages/ti/syslink/lib/syslink.a_release(FrameQDrv.o)
 .ARM.attributes
                0x00000391       0x31 /src/flex/microburst-linux/ti-dsp/syslink_2_21_00_03/packages/ti/syslink/lib/syslink.a_release(FrameQBufMgrDrv.o)
 .ARM.attributes
                0x000003c2       0x31 /src/flex/microburst-linux/ti-dsp/syslink_2_21_00_03/packages/ti/syslink/lib/syslink.a_release(ClientNotifyMgrDrv.o)
 .ARM.attributes
                0x000003f3       0x31 /src/flex/microburst-linux/ti-dsp/syslink_2_21_00_03/packages/ti/syslink/lib/syslink.a_release(RingIODrv.o)
 .ARM.attributes
                0x00000424       0x31 /src/flex/microburst-linux/ti-dsp/syslink_2_21_00_03/packages/ti/syslink/lib/syslink.a_release(RingIOShmDrv.o)
 .ARM.attributes
                0x00000455       0x31 /src/flex/microburst-linux/ti-dsp/syslink_2_21_00_03/packages/ti/syslink/lib/syslink.a_release(HeapMemMPDrv.o)