Archive member included because of file (symbol)

/src/flex/ti-dsp/syslink_2_21_00_03/packages/ti/syslink/lib/syslink.a_release(Notify.o)
                              bin/release/obj/App.ov5T (Notify_unregisterEventSingle)
/src/flex/ti-dsp/syslink_2_21_00_03/packages/ti/syslink/lib/syslink.a_release(Ipc.o)
                              bin/release/obj/main_host.ov5T (Ipc_control)
/src/flex/ti-dsp/syslink_2_21_00_03/packages/ti/syslink/lib/syslink.a_release(RingIO.o)
                              /src/flex/ti-dsp/syslink_2_21_00_03/packages/ti/syslink/lib/syslink.a_release(Ipc.o) (RingIO_destroy)
/src/flex/ti-dsp/syslink_2_21_00_03/packages/ti/syslink/lib/syslink.a_release(RingIOShm.o)
                              /src/flex/ti-dsp/syslink_2_21_00_03/packages/ti/syslink/lib/syslink.a_release(Ipc.o) (RingIOShm_destroy)
/src/flex/ti-dsp/syslink_2_21_00_03/packages/ti/syslink/lib/syslink.a_release(FrameQ.o)
                              /src/flex/ti-dsp/syslink_2_21_00_03/packages/ti/syslink/lib/syslink.a_release(Ipc.o) (FrameQ_destroy)
/src/flex/ti-dsp/syslink_2_21_00_03/packages/ti/syslink/lib/syslink.a_release(FrameQBufMgr.o)
                              /src/flex/ti-dsp/syslink_2_21_00_03/packages/ti/syslink/lib/syslink.a_release(FrameQ.o) (FrameQBufMgr_getHandle)
/src/flex/ti-dsp/syslink_2_21_00_03/packages/ti/syslink/lib/syslink.a_release(ClientNotifyMgr.o)
                              /src/flex/ti-dsp/syslink_2_21_00_03/packages/ti/syslink/lib/syslink.a_release(RingIO.o) (ClientNotifyMgr_sendForceNotificationMulti)
/src/flex/ti-dsp/syslink_2_21_00_03/packages/ti/syslink/lib/syslink.a_release(HeapMemMP.o)
                              /src/flex/ti-dsp/syslink_2_21_00_03/packages/ti/syslink/lib/syslink.a_release(Ipc.o) (HeapMemMP_destroy)
/src/flex/ti-dsp/syslink_2_21_00_03/packages/ti/syslink/lib/syslink.a_release(HeapBufMP.o)
                              /src/flex/ti-dsp/syslink_2_21_00_03/packages/ti/syslink/lib/syslink.a_release(Ipc.o) (HeapBufMP_destroy)
/src/flex/ti-dsp/syslink_2_21_00_03/packages/ti/syslink/lib/syslink.a_release(GateMP.o)
                              /src/flex/ti-dsp/syslink_2_21_00_03/packages/ti/syslink/lib/syslink.a_release(RingIO.o) (GateMP_getKnlHandle)
/src/flex/ti-dsp/syslink_2_21_00_03/packages/ti/syslink/lib/syslink.a_release(NotifyDrvUsr.o)
                              /src/flex/ti-dsp/syslink_2_21_00_03/packages/ti/syslink/lib/syslink.a_release(Notify.o) (NotifyDrvUsr_ioctl)
/src/flex/ti-dsp/syslink_2_21_00_03/packages/ti/syslink/lib/syslink.a_release(HeapBufMPDrv.o)
                              /src/flex/ti-dsp/syslink_2_21_00_03/packages/ti/syslink/lib/syslink.a_release(HeapBufMP.o) (HeapBufMPDrv_ioctl)
/src/flex/ti-dsp/syslink_2_21_00_03/packages/ti/syslink/lib/syslink.a_release(IpcDrv.o)
                              /src/flex/ti-dsp/syslink_2_21_00_03/packages/ti/syslink/lib/syslink.a_release(Ipc.o) (IpcDrv_ioctl)
/src/flex/ti-dsp/syslink_2_21_00_03/packages/ti/syslink/lib/syslink.a_release(FrameQDrv.o)
                              /src/flex/ti-dsp/syslink_2_21_00_03/packages/ti/syslink/lib/syslink.a_release(FrameQ.o) (FrameQDrv_ioctl)
/src/flex/ti-dsp/syslink_2_21_00_03/packages/ti/syslink/lib/syslink.a_release(FrameQBufMgrDrv.o)
                              /src/flex/ti-dsp/syslink_2_21_00_03/packages/ti/syslink/lib/syslink.a_release(FrameQBufMgr.o) (FrameQBufMgrDrv_ioctl)
/src/flex/ti-dsp/syslink_2_21_00_03/packages/ti/syslink/lib/syslink.a_release(ClientNotifyMgrDrv.o)
                              /src/flex/ti-dsp/syslink_2_21_00_03/packages/ti/syslink/lib/syslink.a_release(ClientNotifyMgr.o) (ClientNotifyMgrDrv_ioctl)
/src/flex/ti-dsp/syslink_2_21_00_03/packages/ti/syslink/lib/syslink.a_release(RingIODrv.o)
                              /src/flex/ti-dsp/syslink_2_21_00_03/packages/ti/syslink/lib/syslink.a_release(RingIO.o) (RingIODrv_ioctl)
/src/flex/ti-dsp/syslink_2_21_00_03/packages/ti/syslink/lib/syslink.a_release(RingIOShmDrv.o)
                              /src/flex/ti-dsp/syslink_2_21_00_03/packages/ti/syslink/lib/syslink.a_release(RingIOShm.o) (RingIOShmDrv_ioctl)
/src/flex/ti-dsp/syslink_2_21_00_03/packages/ti/syslink/lib/syslink.a_release(HeapMemMPDrv.o)
                              /src/flex/ti-dsp/syslink_2_21_00_03/packages/ti/syslink/lib/syslink.a_release(HeapMemMP.o) (HeapMemMPDrv_ioctl)
/src/flex/ti-dsp/syslink_2_21_00_03/packages/ti/syslink/lib/syslink.a_release(GateMPDrv.o)
                              /src/flex/ti-dsp/syslink_2_21_00_03/packages/ti/syslink/lib/syslink.a_release(GateMP.o) (GateMPDrv_ioctl)
/src/flex/ti-dsp/syslink_2_21_00_03/packages/ti/syslink/lib/syslink.a_release(OsalProcess.o)
                              /src/flex/ti-dsp/syslink_2_21_00_03/packages/ti/syslink/lib/syslink.a_release(Ipc.o) (OsalProcess_getPid)
/src/flex/ti-dsp/syslink_2_21_00_03/packages/ti/syslink/lib/syslink.a_release(GateMutex.o)
[...]
Memory Configuration

Name             Origin             Length             Attributes
*default*        0x00000000         0xffffffff

Linker script and memory map

LOAD /home/jreese/CodeSourcery/Sourcery_G++_Lite/bin/../arm-none-linux-gnueabi/libc/usr/lib/crt1.o
LOAD /home/jreese/CodeSourcery/Sourcery_G++_Lite/bin/../arm-none-linux-gnueabi/libc/usr/lib/crti.o
LOAD /home/jreese/CodeSourcery/Sourcery_G++_Lite/bin/../lib/gcc/arm-none-linux-gnueabi/4.3.3/crtbegin.o
LOAD bin/release/obj/main_host.ov5T
LOAD bin/release/obj/App.ov5T
LOAD /src/flex/ti-dsp/syslink_2_21_00_03/packages/ti/syslink/lib/syslink.a_release
LOAD /home/jreese/CodeSourcery/Sourcery_G++_Lite/bin/../arm-none-linux-gnueabi/libc/usr/lib/libpthread.so
START GROUP
LOAD /home/jreese/CodeSourcery/Sourcery_G++_Lite/bin/../arm-none-linux-gnueabi/libc/lib/libpthread.so.0
LOAD /home/jreese/CodeSourcery/Sourcery_G++_Lite/bin/../arm-none-linux-gnueabi/libc/usr/lib/libpthread_nonshared.a
END GROUP
LOAD /home/jreese/CodeSourcery/Sourcery_G++_Lite/bin/../arm-none-linux-gnueabi/libc/usr/lib/libc.so
START GROUP
LOAD /home/jreese/CodeSourcery/Sourcery_G++_Lite/bin/../arm-none-linux-gnueabi/libc/lib/libc.so.6
LOAD /home/jreese/CodeSourcery/Sourcery_G++_Lite/bin/../arm-none-linux-gnueabi/libc/usr/lib/libc_nonshared.a
LOAD /home/jreese/CodeSourcery/Sourcery_G++_Lite/bin/../arm-none-linux-gnueabi/libc/lib/ld-linux.so.3
END GROUP
LOAD /home/jreese/CodeSourcery/Sourcery_G++_Lite/bin/../arm-none-linux-gnueabi/libc/usr/lib/librt.so
LOAD /home/jreese/CodeSourcery/Sourcery_G++_Lite/bin/../lib/gcc/arm-none-linux-gnueabi/4.3.3/libgcc.a
LOAD /home/jreese/CodeSourcery/Sourcery_G++_Lite/bin/../arm-none-linux-gnueabi/libc/lib/libgcc_s.so
LOAD /home/jreese/CodeSourcery/Sourcery_G++_Lite/bin/../arm-none-linux-gnueabi/libc/usr/lib/libc.so
START GROUP
LOAD /home/jreese/CodeSourcery/Sourcery_G++_Lite/bin/../arm-none-linux-gnueabi/libc/lib/libc.so.6
LOAD /home/jreese/CodeSourcery/Sourcery_G++_Lite/bin/../arm-none-linux-gnueabi/libc/usr/lib/libc_nonshared.a
LOAD /home/jreese/CodeSourcery/Sourcery_G++_Lite/bin/../arm-none-linux-gnueabi/libc/lib/ld-linux.so.3
END GROUP
LOAD /home/jreese/CodeSourcery/Sourcery_G++_Lite/bin/../lib/gcc/arm-none-linux-gnueabi/4.3.3/libgcc.a
LOAD /home/jreese/CodeSourcery/Sourcery_G++_Lite/bin/../arm-none-linux-gnueabi/libc/lib/libgcc_s.so
LOAD /home/jreese/CodeSourcery/Sourcery_G++_Lite/bin/../lib/gcc/arm-none-linux-gnueabi/4.3.3/crtend.o
LOAD /home/jreese/CodeSourcery/Sourcery_G++_Lite/bin/../arm-none-linux-gnueabi/libc/usr/lib/crtn.o
                0x00008000                PROVIDE (__executable_start, 0x8000)
                0x00008134                . = (0x8000 + SIZEOF_HEADERS)

.interp         0x00008134       0x13
 *(.interp)
 .interp        0x00008134       0x13 /home/jreese/CodeSourcery/Sourcery_G++_Lite/bin/../arm-none-linux-gnueabi/libc/usr/lib/crti.o

.note.ABI-tag   0x00008148       0x20
 .note.ABI-tag  0x00008148       0x20 /home/jreese/CodeSourcery/Sourcery_G++_Lite/bin/../arm-none-linux-gnueabi/libc/usr/lib/crt1.o

.note.gnu.build-id
 *(.note.gnu.build-id)

.hash           0x00008168      0x144
 *(.hash)
 .hash          0x00008168      0x144 /home/jreese/CodeSourcery/Sourcery_G++_Lite/bin/../arm-none-linux-gnueabi/libc/usr/lib/crti.o

.gnu.hash
 *(.gnu.hash)

.dynsym         0x000082ac      0x2a0
 *(.dynsym)
 .dynsym        0x000082ac      0x2a0 /home/jreese/CodeSourcery/Sourcery_G++_Lite/bin/../arm-none-linux-gnueabi/libc/usr/lib/crti.o

.dynstr         0x0000854c      0x1e9
 *(.dynstr)
 .dynstr        0x0000854c      0x1e9 /home/jreese/CodeSourcery/Sourcery_G++_Lite/bin/../arm-none-linux-gnueabi/libc/usr/lib/crti.o

.gnu.version    0x00008736       0x54
 *(.gnu.version)
 .gnu.version   0x00008736       0x54 /home/jreese/CodeSourcery/Sourcery_G++_Lite/bin/../arm-none-linux-gnueabi/libc/usr/lib/crti.o

.gnu.version_d  0x0000878c        0x0 load address 0x0000878a
 *(.gnu.version_d)
 .gnu.version_d
                0x00000000        0x0 /home/jreese/CodeSourcery/Sourcery_G++_Lite/bin/../arm-none-linux-gnueabi/libc/usr/lib/crti.o

.gnu.version_r  0x0000878c       0x60
 *(.gnu.version_r)
 .gnu.version_r
                0x0000878c       0x60 /home/jreese/CodeSourcery/Sourcery_G++_Lite/bin/../arm-none-linux-gnueabi/libc/usr/lib/crti.o

.rel.dyn        0x000087ec       0x10
 *(.rel.init)
 *(.rel.text .rel.text.* .rel.gnu.linkonce.t.*)
 *(.rel.fini)
 *(.rel.rodata .rel.rodata.* .rel.gnu.linkonce.r.*)
 *(.rel.data.rel.ro* .rel.gnu.linkonce.d.rel.ro.*)
 *(.rel.data .rel.data.* .rel.gnu.linkonce.d.*)
 *(.rel.tdata .rel.tdata.* .rel.gnu.linkonce.td.*)
 *(.rel.tbss .rel.tbss.* .rel.gnu.linkonce.tb.*)
 *(.rel.ctors)
 *(.rel.dtors)
 *(.rel.got)
 .rel.got       0x000087ec        0x8 /home/jreese/CodeSourcery/Sourcery_G++_Lite/bin/../arm-none-linux-gnueabi/libc/usr/lib/crti.o
 *(.rel.bss .rel.bss.* .rel.gnu.linkonce.b.*)
 .rel.bss       0x000087f4        0x8 /home/jreese/CodeSourcery/Sourcery_G++_Lite/bin/../arm-none-linux-gnueabi/libc/usr/lib/crti.o

.rel.ifunc.dyn
 *(.rel.ifunc.*)

.rela.dyn
 *(.rela.init)
 *(.rela.text .rela.text.* .rela.gnu.linkonce.t.*)
 *(.rela.fini)
 *(.rela.rodata .rela.rodata.* .rela.gnu.linkonce.r.*)
 *(.rela.data .rela.data.* .rela.gnu.linkonce.d.*)
 *(.rela.tdata .rela.tdata.* .rela.gnu.linkonce.td.*)
 *(.rela.tbss .rela.tbss.* .rela.gnu.linkonce.tb.*)
 *(.rela.ctors)
 *(.rela.dtors)
 *(.rela.got)
 *(.rela.bss .rela.bss.* .rela.gnu.linkonce.b.*)

.rela.ifunc.dyn
 *(.rela.ifunc.*)

.rel.plt        0x000087fc      0x130
 *(.rel.plt)
 .rel.plt       0x000087fc      0x130 /home/jreese/CodeSourcery/Sourcery_G++_Lite/bin/../arm-none-linux-gnueabi/libc/usr/lib/crti.o

.rela.plt
 *(.rela.plt)

.init           0x0000892c        0xc
 *(.init)
 .init          0x0000892c        0x8 /home/jreese/CodeSourcery/Sourcery_G++_Lite/bin/../arm-none-linux-gnueabi/libc/usr/lib/crti.o
                0x0000892c                _init
 .init          0x00008934        0x4 /home/jreese/CodeSourcery/Sourcery_G++_Lite/bin/../arm-none-linux-gnueabi/libc/usr/lib/crtn.o

.plt            0x00008938      0x1dc
 *(.plt)
 .plt           0x00008938      0x1dc /home/jreese/CodeSourcery/Sourcery_G++_Lite/bin/../arm-none-linux-gnueabi/libc/usr/lib/crti.o
                0x0000894c                open@@GLIBC_2.4
                0x00008958                mmap@@GLIBC_2.4
                0x00008964                abort@@GLIBC_2.4
                0x00008970                pthread_exit@@GLIBC_2.4
                0x0000897c                __libc_start_main@@GLIBC_2.4
                0x00008994                getenv@@GLIBC_2.4
                0x000089a0                sem_init@@GLIBC_2.4
                0x000089ac                memset@@GLIBC_2.4
                0x000089b8                sem_destroy@@GLIBC_2.4
                0x000089c4                perror@@GLIBC_2.4
                0x000089d0                free@@GLIBC_2.4
                0x000089dc                read@@GLIBC_2.4
                0x000089e8                pthread_mutex_unlock@@GLIBC_2.4
                0x000089f4                ioctl@@GLIBC_2.4
                0x00008a00                pthread_mutex_lock@@GLIBC_2.4
                0x00008a0c                pthread_create@@GLIBC_2.4
                0x00008a18                memcpy@@GLIBC_2.4
                0x00008a24                sem_post@@GLIBC_2.4
                0x00008a30                pthread_sigmask@@GLIBC_2.4
                0x00008a3c                printf@@GLIBC_2.4
                0x00008a48                raise@@GLIBC_2.4
                0x00008a54                pthread_mutex_init@@GLIBC_2.4
                0x00008a60                close@@GLIBC_2.4
                0x00008a6c                fwrite@@GLIBC_2.4
                0x00008a78                malloc@@GLIBC_2.4
                0x00008a84                sigfillset@@GLIBC_2.4
                0x00008a90                puts@@GLIBC_2.4
                0x00008a9c                getpid@@GLIBC_2.4
                0x00008aa8                fcntl@@GLIBC_2.4
                0x00008ab4                munmap@@GLIBC_2.4
                0x00008ac0                nanosleep@@GLIBC_2.4
                0x00008acc                sem_wait@@GLIBC_2.4
                0x00008ad8                exit@@GLIBC_2.4
                0x00008ae4                __errno_location@@GLIBC_2.4
                0x00008af0                pthread_self@@GLIBC_2.4
                0x00008afc                pthread_join@@GLIBC_2.4
                0x00008b08                getpagesize@@GLIBC_2.4

.text           0x00008b14     0xf8e4
 *(.text .stub .text.* .gnu.linkonce.t.*)
 .text          0x00008b14       0x38 /home/jreese/CodeSourcery/Sourcery_G++_Lite/bin/../arm-none-linux-gnueabi/libc/usr/lib/crt1.o
                0x00008b14                _start
 .text          0x00008b4c       0x24 /home/jreese/CodeSourcery/Sourcery_G++_Lite/bin/../arm-none-linux-gnueabi/libc/usr/lib/crti.o
 .text          0x00008b70       0x4c /home/jreese/CodeSourcery/Sourcery_G++_Lite/bin/../lib/gcc/arm-none-linux-gnueabi/4.3.3/crtbegin.o
 .text          0x00008bbc      0x204 bin/release/obj/main_host.ov5T
                0x00008bbc                main
 .text          0x00008dc0       0xf4 bin/release/obj/App.ov5T
                0x00008dc0                App_exec
 .text          0x00008eb4      0x7a4 /src/flex/ti-dsp/syslink_2_21_00_03/packages/ti/syslink/lib/syslink.a_release(Notify.o)
                0x00009600                Notify_getConfig
                0x00009414                Notify_registerEventSingle
                0x00008fc4                Notify_restore
                0x0000906c                Notify_sendEvent
                0x00008f3c                Notify_disableEvent
                0x00009114                Notify_intLineRegistered
                0x000094cc                Notify_sharedMemReq
                0x0000920c                Notify_unregisterEvent
                0x00009588                Notify_setup
                0x000092bc                Notify_unregisterEventSingle
                0x0000916c                Notify_eventAvailable
                0x00009538                Notify_destroy
                0x000091e8                Notify_detach
                0x00009504                Notify_attach
                0x0000935c                Notify_registerEvent
                0x00009014                Notify_disable
                0x00008eb4                Notify_enableEvent
 .text          0x00009658      0x724 /src/flex/ti-dsp/syslink_2_21_00_03/packages/ti/syslink/lib/syslink.a_release(Ipc.o)
                0x00009690                Ipc_writeConfig
                0x00009658                Ipc_runtimeId
                0x000096f0                Ipc_control
                0x0000981c                Ipc_destroy
                0x00009b54                Ipc_setup
                0x00009aa8                Ipc_getConfig
                0x000096c0                Ipc_readConfig
 .text          0x00009d7c     0x102c /src/flex/ti-dsp/syslink_2_21_00_03/packages/ti/syslink/lib/syslink.a_release(RingIO.o)
                0x0000a354                RingIO_unregisterNotifier
                0x0000a91c                RingIO_destroy
                0x0000a47c                RingIO_close
                0x0000a968                RingIO_getConfig
                0x00009dd8                RingIO_flush
                0x0000aa20                RingIO_setAttribute
                0x0000a1c4                RingIO_getValidSize
                0x0000a2a0                RingIO_sendNotify
                0x00009d7c                RingIO_sharedMemReq
                0x0000a548                RingIO_delete
                0x0000a608                RingIO_openByAddr
                0x00009fcc                RingIO_getWaterMark
                0x0000a25c                RingIO_Params_init
                0x0000a0c8                RingIO_getEmptyAttrSize
                0x00009f44                RingIO_release
                0x0000a074                RingIO_getAcquiredOffset
                0x0000a3c0                RingIO_registerNotifier
                0x0000a218                RingIO_setNotifyType
                0x0000a7a8                RingIO_open
                0x00009ea0                RingIO_getvAttribute
                0x0000a2d0                RingIO_acquire
                0x0000a170                RingIO_getEmptySize
                0x00009f88                RingIO_setWaterMark
                0x00009f00                RingIO_cancel
                0x0000aa88                RingIO_getAttribute
                0x0000aae4                RingIO_create
                0x0000a11c                RingIO_getValidAttrSize
                0x0000a9a8                RingIO_setup
                0x00009e38                RingIO_setvAttribute
                0x0000a020                RingIO_getAcquiredSize
 .text          0x0000ada8      0x148 /src/flex/ti-dsp/syslink_2_21_00_03/packages/ti/syslink/lib/syslink.a_release(RingIOShm.o)
                0x0000ae78                RingIOShm_setup
                0x0000ada8                RingIOShm_Params_init
                0x0000adec                RingIOShm_destroy
                0x0000ae38                RingIOShm_getConfig
 .text          0x0000aef0     0x16a8 /src/flex/ti-dsp/syslink_2_21_00_03/packages/ti/syslink/lib/syslink.a_release(FrameQ.o)
                0x0000b918                FrameQ_freev
                0x0000b204                FrameQ_sendNotify
                0x0000b994                FrameQ_free
                0x0000bac4                FrameQ_close
                0x0000b7a0                FrameQ_getv
                0x0000b3ac                FrameQ_registerNotifier
                0x0000bd10                FrameQ_open
                0x0000b9e0                FrameQ_allocv
                0x0000b2dc                FrameQ_unregisterNotifier
                0x0000c0a8                FrameQ_create
                0x0000ba74                FrameQ_alloc
                0x0000af90                FrameQ_ShMem_Params_init
                0x0000b028                FrameQ_getvNumFreeFrames
                0x0000afe0                FrameQ_control
                0x0000b264                FrameQ_dup
                0x0000aef0                FrameQ_ShMem_sharedMemReq
                0x0000b10c                FrameQ_getvNumFrames
                0x0000af44                FrameQ_Params_init
                0x0000b6d4                FrameQ_put
                0x0000c49c                FrameQ_getConfig
                0x0000b0b8                FrameQ_getNumFreeFrames
                0x0000b4d8                FrameQ_get
                0x0000c414                FrameQ_destroy
                0x0000b19c                FrameQ_getNumFrames
                0x0000c4dc                FrameQ_setup
                0x0000bbe0                FrameQ_delete
                0x0000b5bc                FrameQ_putv
 .text          0x0000c598     0x16a4 /src/flex/ti-dsp/syslink_2_21_00_03/packages/ti/syslink/lib/syslink.a_release(FrameQBufMgr.o)
                0x0000c5d0                FrameQBufMgr_getKnlHandle
                0x0000d23c                FrameQBufMgr_freev
                0x0000c598                FrameQBufMgr_add
                0x0000d778                FrameQBufMgr_close
                0x0000ce70                FrameQBufMgr_writeBackFrameBuf
                0x0000c5c8                FrameQBufMgr_getId
                0x0000c800                FrameQBufMgr_translateAddr
                0x0000d670                FrameQBufMgr_delete
                0x0000c6ac                FrameQBufMgr_getvNumFreeFrames
                0x0000d108                FrameQBufMgr_dupv
                0x0000c5f4                FrameQBufMgr_isSupportedBufInterface
                0x0000ca58                FrameQBufMgr_allocv
                0x0000da98                FrameQBufMgr_destroy
                0x0000db30                FrameQBufMgr_getConfig
                0x0000c9b0                FrameQBufMgr_free
                0x0000cc50                FrameQBufMgr_invalidate
                0x0000c790                FrameQBufMgr_getHandle
                0x0000c740                FrameQBufMgr_getNumFreeFrames
                0x0000cda4                FrameQBufMgr_writeBack
                0x0000c5e8                FrameQBufMgr_isSupportedInterface
                0x0000c660                FrameQBufMgr_ShMem_Params_init
                0x0000d7b4                FrameQBufMgr_create
                0x0000cf60                FrameQBufMgr_writeBackHeaderBuf
                0x0000c5dc                FrameQBufMgr_getBaseHeaderSize
                0x0000c8c8                FrameQBufMgr_dup
                0x0000cb90                FrameQBufMgr_alloc
                0x0000d048                FrameQBufMgr_registerNotifier
                0x0000cd2c                FrameQBufMgr_invalidateFrameBuf
                0x0000db7c                FrameQBufMgr_setup
                0x0000c5a0                FrameQBufMgr_remove
                0x0000c610                FrameQBufMgr_Params_init
                0x0000cfbc                FrameQBufMgr_unregisterNotifier
                0x0000cee8                FrameQBufMgr_invalidateHeaderBuf
                0x0000d358                FrameQBufMgr_open
 .text          0x0000dc3c     0x1ba8 /src/flex/ti-dsp/syslink_2_21_00_03/packages/ti/syslink/lib/syslink.a_release(ClientNotifyMgr.o)
                0x0000e550                ClientNotifyMgr_sendNotification
                0x0000ddc0                ClientNotifyMgr_sendForceNotificationMulti
                0x0000ee50                ClientNotifyMgr_close
                0x0000dc44                ClientNotifyMgr_disableNotification
                0x0000ee5c                ClientNotifyMgr_sharedMemReq
                0x0000f3a8                ClientNotifyMgr_create
                0x0000eec0                ClientNotifyMgr_destroy
                0x0000f0a8                ClientNotifyMgr_callBack
                0x0000ef88                ClientNotifyMgr_setup
                0x0000dc3c                ClientNotifyMgr_sharedMemModReq
                0x0000e024                ClientNotifyMgr_sendNotificationMulti
                0x0000e804                ClientNotifyMgr_unregisterClient
                0x0000ef48                ClientNotifyMgr_getConfig
                0x0000dd00                ClientNotifyMgr_enableNotification
                0x0000e388                ClientNotifyMgr_sendForceNotification
                0x0000ec24                ClientNotifyMgr_Params_init
                0x0000ec68                ClientNotifyMgr_delete
                0x0000e9e0                ClientNotifyMgr_registerClient
                0x0000f784                ClientNotifyMgr_open
 .text          0x0000f7e4      0x8e4 /src/flex/ti-dsp/syslink_2_21_00_03/packages/ti/syslink/lib/syslink.a_release(HeapMemMP.o)
                0x0000fe40                HeapMemMP_getConfig
                0x0000f8e4                HeapMemMP_getStats
                0x0000ff68                HeapMemMP_create
                0x0000f890                HeapMemMP_getExtendedStats
                0x0000f978                _HeapMemMP_create
                0x0000f7e4                HeapMemMP_getKnlHandle
                0x0000fde8                HeapMemMP_setup
                0x0000fd9c                HeapMemMP_destroy
                0x0000f938                HeapMemMP_Params_init
                0x0000fe7c                HeapMemMP_getUsrHandle
                0x0000fa38                HeapMemMP_close
                0x0000f840                HeapMemMP_sharedMemReq
                0x0000f814                HeapMemMP_restore
                0x0000fad4                HeapMemMP_delete
                0x0000fb70                HeapMemMP_free
                0x0000fc88                HeapMemMP_alloc
                0x0000fbe8                HeapMemMP_openByAddr
                0x0000fd00                HeapMemMP_open
 .text          0x000100c8      0x7ec /src/flex/ti-dsp/syslink_2_21_00_03/packages/ti/syslink/lib/syslink.a_release(HeapBufMP.o)
                0x0001075c                HeapBufMP_create
                0x000102c4                HeapBufMP_close
                0x000104c0                HeapBufMP_openByAddr
                0x000101c8                HeapBufMP_sharedMemReq
                0x000100c8                HeapBufMP_isBlocking
                0x00010270                HeapBufMP_getStats
                0x00010674                HeapBufMP_destroy
                0x000106c0                HeapBufMP_setup
                0x00010104                _HeapBufMP_create
                0x00010560                HeapBufMP_alloc
                0x0001071c                HeapBufMP_getConfig
                0x00010404                HeapBufMP_Params_init
                0x00010364                HeapBufMP_delete
                0x000100d4                HeapBufMP_getKnlHandle
                0x00010448                HeapBufMP_free
                0x000105d8                HeapBufMP_open
                0x0001021c                HeapBufMP_getExtendedStats
 .text          0x000108b4      0xa7c /src/flex/ti-dsp/syslink_2_21_00_03/packages/ti/syslink/lib/syslink.a_release(GateMP.o)
                0x0001104c                GateMP_getConfig
                0x00010964                GateMP_getDefaultRemote
                0x00010a34                GateMP_enter
                0x00010aa0                GateMP_Instance_finalize
                0x00010f80                GateMP_setup
                0x00011098                GateMP_delete
                0x00010c30                GateMP_openByAddr
                0x00010e64                GateMP_Instance_init
                0x00010930                GateMP_getSharedAddr
                0x00010b24                GateMP_close
                0x00010ad0                GateMP_Params_init
                0x00010d4c                GateMP_open
                0x000108b4                GateMP_getLocalProtect
                0x000111a4                _GateMP_create
                0x000109a0                GateMP_sharedMemReq
                0x000109d0                GateMP_leave
                0x000108bc                GateMP_getRemoteProtect
                0x000112a4                GateMP_create
                0x000108c4                GateMP_getKnlHandle
                0x00010f00                GateMP_destroy
                0x00010904                GateMP_setReserved
 .text          0x00011330      0x384 /src/flex/ti-dsp/syslink_2_21_00_03/packages/ti/syslink/lib/syslink.a_release(NotifyDrvUsr.o)
                0x00011330                _NotifyDrvUsr_eventWorker
                0x00011490                NotifyDrvUsr_close
                0x0001145c                NotifyDrvUsr_ioctl
                0x00011554                NotifyDrvUsr_open
 .text          0x000116b4      0x130 /src/flex/ti-dsp/syslink_2_21_00_03/packages/ti/syslink/lib/syslink.a_release(HeapBufMPDrv.o)
                0x00011738                HeapBufMPDrv_open
                0x000116b4                HeapBufMPDrv_ioctl
                0x000116e8                HeapBufMPDrv_close
 .text          0x000117e4      0x114 /src/flex/ti-dsp/syslink_2_21_00_03/packages/ti/syslink/lib/syslink.a_release(IpcDrv.o)
                0x00011868                IpcDrv_open
                0x000117e4                IpcDrv_ioctl
                0x00011818                IpcDrv_close
 .text          0x000118f8       0xfc /src/flex/ti-dsp/syslink_2_21_00_03/packages/ti/syslink/lib/syslink.a_release(FrameQDrv.o)
                0x000118f8                FrameQDrv_ioctl
                0x0001197c                FrameQDrv_open
                0x0001192c                FrameQDrv_close
 .text          0x000119f4       0xfc /src/flex/ti-dsp/syslink_2_21_00_03/packages/ti/syslink/lib/syslink.a_release(FrameQBufMgrDrv.o)
                0x00011a78                FrameQBufMgrDrv_open
                0x00011a28                FrameQBufMgrDrv_close
                0x000119f4                FrameQBufMgrDrv_ioctl
 .text          0x00011af0       0xfc /src/flex/ti-dsp/syslink_2_21_00_03/packages/ti/syslink/lib/syslink.a_release(ClientNotifyMgrDrv.o)
                0x00011b74                ClientNotifyMgrDrv_open
                0x00011af0                ClientNotifyMgrDrv_ioctl
                0x00011b24                ClientNotifyMgrDrv_close
 .text          0x00011bec       0xfc /src/flex/ti-dsp/syslink_2_21_00_03/packages/ti/syslink/lib/syslink.a_release(RingIODrv.o)
                0x00011c20                RingIODrv_close
                0x00011bec                RingIODrv_ioctl
                0x00011c70                RingIODrv_open
 .text          0x00011ce8       0xfc /src/flex/ti-dsp/syslink_2_21_00_03/packages/ti/syslink/lib/syslink.a_release(RingIOShmDrv.o)
                0x00011ce8                RingIOShmDrv_ioctl
                0x00011d1c                RingIOShmDrv_close
                0x00011d6c                RingIOShmDrv_open
 .text          0x00011de4      0x100 /src/flex/ti-dsp/syslink_2_21_00_03/packages/ti/syslink/lib/syslink.a_release(HeapMemMPDrv.o)
                0x00011e18                HeapMemMPDrv_close
                0x00011de4                HeapMemMPDrv_ioctl
                0x00011e68                HeapMemMPDrv_open
 .text          0x00011ee4      0x100 /src/flex/ti-dsp/syslink_2_21_00_03/packages/ti/syslink/lib/syslink.a_release(GateMPDrv.o)
                0x00011f68                GateMPDrv_open
                0x00011f18                GateMPDrv_close
                0x00011ee4                GateMPDrv_ioctl
 .text          0x00011fe4        0x8 /src/flex/ti-dsp/syslink_2_21_00_03/packages/ti/syslink/lib/syslink.a_release(OsalProcess.o)
                0x00011fe4                OsalProcess_getTid
                0x00011fe8                OsalProcess_getPid
 .text          0x00011fec      0x1fc /src/flex/ti-dsp/syslink_2_21_00_03/packages/ti/syslink/lib/syslink.a_release(GateMutex.o)
                0x00011fec                GateMutex_leave
                0x00012114                GateMutex_delete
                0x00012060                GateMutex_create
                0x00011ffc                GateMutex_enter
                0x00012028                GateMutex_Instance_init
                0x0001200c                GateMutex_Instance_finalize
 .text          0x000121e8      0x144 /src/flex/ti-dsp/syslink_2_21_00_03/packages/ti/syslink/lib/syslink.a_release(Memory.o)
                0x0001222c                Memory_getMaxDefaultTypeAlign
                0x000121e8                Memory_getStats
                0x00012234                Memory_translate
                0x0001226c                Memory_valloc
                0x000122e8                Memory_calloc
                0x00012238                Memory_alloc
                0x00012200                Memory_query
                0x000122bc                Memory_free
 .text          0x0001232c      0x2a0 /src/flex/ti-dsp/syslink_2_21_00_03/packages/ti/syslink/lib/syslink.a_release(List.o)
                0x000124e8                List_get
                0x00012330                List_construct
                0x000124ac                List_put
                0x00012398                List_insert
                0x0001232c                List_Params_init
                0x00012550                List_destruct
                0x000125a4                List_create
                0x00012574                List_delete
                0x000123c4                List_remove
                0x000123e8                List_dequeue
                0x00012524                List_empty
                0x00012350                List_next
                0x00012420                List_enqueue
                0x00012340                List_elemClear
                0x00012448                List_enqueueHead
                0x00012374                List_prev
                0x00012474                List_putHead
 .text          0x000125cc      0x34c /src/flex/ti-dsp/syslink_2_21_00_03/packages/ti/syslink/lib/syslink.a_release(String.o)
                0x0001288c                String_hash
                0x0001274c                String_cpy
                0x00012600                String_cmp
                0x000126e4                String_ncmp
                0x000127fc                String_hexToStr
                0x00012768                String_ncpy
                0x000125cc                String_cat
                0x000127c8                String_len
 .text          0x00012918      0x8e0 /src/flex/ti-dsp/syslink_2_21_00_03/packages/ti/syslink/lib/syslink.a_release(NameServer.o)
                0x00012fe4                NameServer_create
                0x00012a80                NameServer_match
                0x00012b04                NameServer_getLocal
                0x00012e88                NameServer_addUInt32
                0x000129d8                NameServer_delete
                0x00012df8                NameServer_add
                0x000130fc                NameServer_destroy
                0x00012ed4                NameServer_getHandle
                0x00012bb4                NameServer_getLocalUInt32
                0x00013148                NameServer_setup
                0x00012a3c                NameServer_Params_init
                0x00012978                NameServer_removeEntry
                0x00012f50                NameServer_open
                0x00012c14                NameServer_get
                0x00013070                NameServer_close
                0x00012d88                NameServer_remove
                0x00012918                NameServer_isRegistered
                0x00012d1c                NameServer_getUInt32
                0x00013198                NameServer_getConfig
 .text          0x000131f8      0x344 /src/flex/ti-dsp/syslink_2_21_00_03/packages/ti/syslink/lib/syslink.a_release(MultiProc.o)
                0x000133fc                MultiProc_destroy
                0x0001323c                MultiProc_self
                0x0001322c                MultiProc_getNumProcessors
                0x00013448                MultiProc_setup
                0x00013380                MultiProc_setLocalId
                0x000131f8                MultiProc_getName
                0x00013304                MultiProc_getId
                0x00013250                MultiProc_getSlot
                0x000134dc                MultiProc_getConfig
 .text          0x0001353c       0x48 /src/flex/ti-dsp/syslink_2_21_00_03/packages/ti/syslink/lib/syslink.a_release(Gate.o)
                0x0001353c                Gate_leaveSystem
                0x00013554                Gate_enterSystem
 .text          0x00013584       0x38 /src/flex/ti-dsp/syslink_2_21_00_03/packages/ti/syslink/lib/syslink.a_release(SysLink.o)
                0x00013584                SysLink_destroy
                0x00013594                SysLink_setup
 .text          0x000135bc       0xd0 /src/flex/ti-dsp/syslink_2_21_00_03/packages/ti/syslink/lib/syslink.a_release(Cache.o)
                0x000135bc                Cache_setMode
                0x000135e8                Cache_wait
                0x00013660                Cache_inv
                0x00013634                Cache_wb
                0x00013608                Cache_wbInv
 .text          0x0001368c      0x130 /src/flex/ti-dsp/syslink_2_21_00_03/packages/ti/syslink/lib/syslink.a_release(NameServerDrv.o)
                0x00013710                NameServerDrv_open
                0x000136c0                NameServerDrv_close
                0x0001368c                NameServerDrv_ioctl
 .text          0x000137bc       0xfc /src/flex/ti-dsp/syslink_2_21_00_03/packages/ti/syslink/lib/syslink.a_release(MultiProcDrv.o)
                0x000137bc                MultiProcDrv_ioctl
                0x000137f0                MultiProcDrv_close
                0x00013840                MultiProcDrv_open
 .text          0x000138b8       0x1c /src/flex/ti-dsp/syslink_2_21_00_03/packages/ti/syslink/lib/syslink.a_release(CacheDrv.o)
                0x000138b8                CacheDrv_ioctl
 .text          0x000138d4       0xd0 /src/flex/ti-dsp/syslink_2_21_00_03/packages/ti/syslink/lib/syslink.a_release(Dev.o)
                0x000138d4                Dev_pollOpen
 .text          0x000139a4      0x708 /src/flex/ti-dsp/syslink_2_21_00_03/packages/ti/syslink/lib/syslink.a_release(MemoryOS.o)
                0x00013e50                MemoryOS_set
                0x00013ec8                MemoryOS_copy
                0x000139b4                MemoryOS_map
                0x00013c40                MemoryOS_setup
                0x00013d20                MemoryOS_translate
                0x000139b0                MemoryOS_alloc
                0x00013b88                MemoryOS_destroy
                0x00013f44                MemoryOS_unmap
                0x00013b64                MemoryOS_calloc
                0x000139a4                MemoryOS_free
 .text          0x000140ac      0x234 /src/flex/ti-dsp/syslink_2_21_00_03/packages/ti/syslink/lib/syslink.a_release(OsalDrv.o)
                0x000141e4                OsalDrv_close
                0x00014248                OsalDrv_open
                0x000140e4                OsalDrv_unmap
                0x000140ac                OsalDrv_ioctl
                0x00014128                OsalDrv_map
 .text          0x000142e0       0xb4 /src/flex/ti-dsp/syslink_2_21_00_03/packages/ti/syslink/lib/syslink.a_release(OsalMutex.o)
                0x00014304                OsalMutex_delete
                0x0001434c                OsalMutex_create
                0x000142ec                OsalMutex_enter
                0x000142e0                OsalMutex_leave
 .text          0x00014394      0x144 /src/flex/ti-dsp/syslink_2_21_00_03/packages/ti/syslink/lib/syslink.a_release(OsalSemaphore.o)
                0x0001440c                OsalSemaphore_delete
                0x00014460                OsalSemaphore_create
                0x00014394                OsalSemaphore_post
                0x000143d0                OsalSemaphore_pend
 .text          0x000144d8     0x151c /src/flex/ti-dsp/syslink_2_21_00_03/packages/ti/syslink/lib/syslink.a_release(ProcMgr.o)
                0x000146f8                ProcMgr_getSymbolAddress
                0x0001547c                ProcMgr_destroy
                0x00014aa8                ProcMgr_unmap
                0x000149f8                ProcMgr_delete
                0x00014ed4                ProcMgr_load
                0x0001494c                ProcMgr_getStartParams
                0x000155f8                ProcMgr_detach
                0x000145f8                ProcMgr_getSectionData
                0x00015440                ProcMgr_getConfig
                0x00014910                ProcMgr_start
                0x000145b8                ProcMgr_getMaxMemoryRegions
                0x000148dc                ProcMgr_stop
                0x000150c8                ProcMgr_open
                0x00014d70                ProcMgr_map
                0x00014a6c                ProcMgr_Params_init
                0x00014980                ProcMgr_unload
                0x000157c0                ProcMgr_attach
                0x00014820                ProcMgr_read
                0x000144d8                ProcMgr_translateAddr
                0x000152c8                ProcMgr_create
                0x00014898                ProcMgr_getState
                0x000145c4                ProcMgr_getLoadedFileId
                0x000149bc                ProcMgr_getAttachParams
                0x00014f94                ProcMgr_close
                0x000147a8                ProcMgr_write
                0x0001476c                ProcMgr_control
                0x000146a8                ProcMgr_getProcInfo
                0x00014650                ProcMgr_getSectionInfo
                0x000153c8                ProcMgr_setup
 .text          0x000159f4      0x1f8 /src/flex/ti-dsp/syslink_2_21_00_03/packages/ti/syslink/lib/syslink.a_release(ProcMgrDrvUsr.o)
                0x00015a4c                ProcMgrDrvUsr_open
                0x000159f4                ProcMgrDrvUsr_close
                0x00015ad0                ProcMgrDrvUsr_ioctl
 .text          0x00015bec       0xf8 /src/flex/ti-dsp/syslink_2_21_00_03/packages/ti/syslink/lib/syslink.a_release(FrameQ_common.o)
                0x00015c08                FrameQ_getNumFrameBuffers
                0x00015c44                FrameQ_getFrameBufValidSize
                0x00015cac                FrameQ_setFrameBufDataStartOffset
                0x00015c74                FrameQ_setFrameBufValidSize
                0x00015c14                FrameQ_getFrameBuffer
                0x00015c2c                FrameQ_getFrameBufSize
                0x00015bec                FrameQ_isSupportedInterface
                0x00015c5c                FrameQ_getFrameBufDataStartOffset
                0x00015bf8                FrameQ_getExtendedHeaderPtr
 .text          0x00015ce4      0xe98 /src/flex/ti-dsp/syslink_2_21_00_03/packages/ti/syslink/lib/syslink.a_release(SharedRegion.o)
                0x00015d24                SharedRegion_getPtr
                0x00016774                SharedRegion_setup
                0x00015ea0                SharedRegion_isCacheEnabled
                0x00016208                SharedRegion_getRegionInfo
                0x00015f08                SharedRegion_getNumRegions
                0x0001624c                SharedRegion_getEntry
                0x00015d94                SharedRegion_getSRPtr
                0x0001605c                SharedRegion_clearEntry
                0x00016630                SharedRegion_getConfig
                0x00016198                SharedRegion_stop
                0x0001666c                SharedRegion_destroy
                0x000162a8                _SharedRegion_setRegions
                0x00016a8c                SharedRegion_getIdByName
                0x00016428                SharedRegion_reserveMemory
                0x000164f0                SharedRegion_getHeap
                0x00015f68                SharedRegion_invalidSRPtr
                0x000161d0                SharedRegion_start
                0x0001615c                SharedRegion_attach
                0x0001699c                SharedRegion_getId
                0x00016120                SharedRegion_detach
                0x00015e48                SharedRegion_getCacheLineSize
                0x00016568                SharedRegion_setEntry
                0x00015ef8                SharedRegion_translateEnabled
                0x00015f70                _SharedRegion_clearRegions
                0x00015f18                SharedRegion_entryInit
 .text          0x00016b7c      0x92c /src/flex/ti-dsp/syslink_2_21_00_03/packages/ti/syslink/lib/syslink.a_release(ListMP.o)
                0x00017370                ListMP_getConfig
                0x000173ac                ListMP_create
                0x00016b84                _ListMP_create
                0x00016f08                ListMP_prev
                0x00016bd8                ListMP_remove
                0x000170b0                ListMP_close
                0x00017318                ListMP_setup
                0x000171b8                ListMP_open
                0x00016e34                ListMP_openByAddr
                0x00017134                ListMP_delete
                0x00016b7c                ListMP_getGate
                0x00016ff8                ListMP_getTail
                0x000172cc                ListMP_destroy
                0x00016c50                ListMP_insert
                0x00016ec8                ListMP_Params_init
                0x00017054                ListMP_getHead
                0x00016cf0                ListMP_putTail
                0x00016f80                ListMP_next
                0x00017254                ListMP_sharedMemReq
                0x00016d68                ListMP_putHead
                0x00016de0                ListMP_empty
 .text          0x000174a8      0x81c /src/flex/ti-dsp/syslink_2_21_00_03/packages/ti/syslink/lib/syslink.a_release(MessageQ.o)
                0x00017670                MessageQ_close
                0x000174a8                MessageQ_setReplyQueue
                0x000179d0                MessageQ_staticMsgInit
                0x000174c8                MessageQ_getQueueId
                0x000174f4                MessageQ_detach
                0x000174dc                MessageQ_setMsgTrace
                0x00017578                MessageQ_unregisterHeap
                0x00017c84                MessageQ_getConfig
                0x00017928                MessageQ_get
                0x000177cc                MessageQ_free
                0x00017c28                MessageQ_setup
                0x00017a20                MessageQ_open
                0x00017844                MessageQ_put
                0x000178c4                MessageQ_alloc
                0x00017b38                MessageQ_create
                0x000176d4                MessageQ_Params_init
                0x00017530                MessageQ_unblock
                0x00017618                MessageQ_count
                0x00017bdc                MessageQ_destroy
                0x00017aac                MessageQ_delete
                0x00017718                MessageQ_attach
                0x000175b8                MessageQ_registerHeap
                0x0001776c                MessageQ_sharedMemReq
 .text          0x00017cc4      0x270 /src/flex/ti-dsp/syslink_2_21_00_03/packages/ti/syslink/lib/syslink.a_release(SharedRegionDrv.o)
                0x00017cc4                SharedRegionDrv_ioctl
                0x00017e68                SharedRegionDrv_close
                0x00017eb8                SharedRegionDrv_open
 .text          0x00017f34      0x100 /src/flex/ti-dsp/syslink_2_21_00_03/packages/ti/syslink/lib/syslink.a_release(ListMPDrv.o)
                0x00017f68                ListMPDrv_close
                0x00017f34                ListMPDrv_ioctl
                0x00017fb8                ListMPDrv_open
 .text          0x00018034      0x138 /src/flex/ti-dsp/syslink_2_21_00_03/packages/ti/syslink/lib/syslink.a_release(MessageQDrv.o)
                0x00018034                MessageQDrv_ioctl
                0x000180b8                MessageQDrv_open
                0x00018068                MessageQDrv_close
 .text          0x0001816c       0x70 /home/jreese/CodeSourcery/Sourcery_G++_Lite/bin/../arm-none-linux-gnueabi/libc/usr/lib/libc_nonshared.a(elf-init.oS)
                0x0001816c                __libc_csu_fini
                0x00018170                __libc_csu_init
 .text          0x000181dc      0x20c /home/jreese/CodeSourcery/Sourcery_G++_Lite/bin/../lib/gcc/arm-none-linux-gnueabi/4.3.3/libgcc.a(_udivsi3.o)
                0x000181dc                __udivsi3
                0x000181dc                __aeabi_uidiv
                0x000183c8                __aeabi_uidivmod
 .text          0x000183e8       0x10 /home/jreese/CodeSourcery/Sourcery_G++_Lite/bin/../lib/gcc/arm-none-linux-gnueabi/4.3.3/libgcc.a(_dvmd_lnx.o)
                0x000183e8                __aeabi_idiv0
                0x000183e8                __aeabi_ldiv0
 .text          0x000183f8        0x0 /home/jreese/CodeSourcery/Sourcery_G++_Lite/bin/../lib/gcc/arm-none-linux-gnueabi/4.3.3/crtend.o
 .text          0x000183f8        0x0 /home/jreese/CodeSourcery/Sourcery_G++_Lite/bin/../arm-none-linux-gnueabi/libc/usr/lib/crtn.o
 *(.gnu.warning)
 *(.glue_7t)
 .glue_7t       0x00000000        0x0 linker stubs
 *(.glue_7)
 .glue_7        0x00000000        0x0 linker stubs
 *(.vfp11_veneer)
 .vfp11_veneer  0x00000000        0x0 linker stubs
 *(.v4_bx)
 .v4_bx         0x00000000        0x0 linker stubs

.fini           0x000183f8        0x8
 *(.fini)
 .fini          0x000183f8        0x4 /home/jreese/CodeSourcery/Sourcery_G++_Lite/bin/../arm-none-linux-gnueabi/libc/usr/lib/crti.o
                0x000183f8                _fini
 .fini          0x000183fc        0x4 /home/jreese/CodeSourcery/Sourcery_G++_Lite/bin/../arm-none-linux-gnueabi/libc/usr/lib/crtn.o
                0x00018400                PROVIDE (__etext, .)
                0x00018400                PROVIDE (_etext, .)
                0x00018400                PROVIDE (etext, .)

.rodata         0x00018400      0xb00
 *(.rodata .rodata.* .gnu.linkonce.r.*)
 .rodata.cst4   0x00018400        0x4 /home/jreese/CodeSourcery/Sourcery_G++_Lite/bin/../arm-none-linux-gnueabi/libc/usr/lib/crt1.o
                0x00018400                _IO_stdin_used
 .rodata.str1.4
                0x00018404      0x1a8 bin/release/obj/main_host.ov5T
 .rodata.str1.4
                0x000185ac       0x4e bin/release/obj/App.ov5T
                                 0x50 (size before relaxing)
 *fill*         0x000185fa        0x2 00
 .rodata.str1.4
                0x000185fc        0xa /src/flex/ti-dsp/syslink_2_21_00_03/packages/ti/syslink/lib/syslink.a_release(Ipc.o)
                                  0xc (size before relaxing)
 .rodata.str1.4
                0x00000000        0xa /src/flex/ti-dsp/syslink_2_21_00_03/packages/ti/syslink/lib/syslink.a_release(FrameQ.o)
                                  0x8 (size before relaxing)
 .rodata.str1.4
                0x00000000        0xa /src/flex/ti-dsp/syslink_2_21_00_03/packages/ti/syslink/lib/syslink.a_release(FrameQBufMgr.o)
                                 0x10 (size before relaxing)
 *fill*         0x00018606        0x2 00
 .rodata.str1.4
                0x00018608       0x9b /src/flex/ti-dsp/syslink_2_21_00_03/packages/ti/syslink/lib/syslink.a_release(NotifyDrvUsr.o)
                                 0x9c (size before relaxing)
 *fill*         0x000186a3        0x1 00
 .rodata.str1.4
                0x000186a4       0x36 /src/flex/ti-dsp/syslink_2_21_00_03/packages/ti/syslink/lib/syslink.a_release(HeapBufMPDrv.o)
                                 0x38 (size before relaxing)
 *fill*         0x000186da        0x2 00
 .rodata.str1.4
                0x000186dc       0x28 /src/flex/ti-dsp/syslink_2_21_00_03/packages/ti/syslink/lib/syslink.a_release(IpcDrv.o)
 .rodata.str1.4
                0x00018704       0x2f /src/flex/ti-dsp/syslink_2_21_00_03/packages/ti/syslink/lib/syslink.a_release(FrameQDrv.o)
                                 0x30 (size before relaxing)
 *fill*         0x00018733        0x1 00
 .rodata.str1.4
                0x00018734       0x39 /src/flex/ti-dsp/syslink_2_21_00_03/packages/ti/syslink/lib/syslink.a_release(FrameQBufMgrDrv.o)
                                 0x3c (size before relaxing)
 *fill*         0x0001876d        0x3 00
 .rodata.str1.4
                0x00018770       0x40 /src/flex/ti-dsp/syslink_2_21_00_03/packages/ti/syslink/lib/syslink.a_release(ClientNotifyMgrDrv.o)
 .rodata.str1.4
                0x000187b0       0x2f /src/flex/ti-dsp/syslink_2_21_00_03/packages/ti/syslink/lib/syslink.a_release(RingIODrv.o)
                                 0x30 (size before relaxing)
 *fill*         0x000187df        0x1 00
 .rodata.str1.4
                0x000187e0       0x1a /src/flex/ti-dsp/syslink_2_21_00_03/packages/ti/syslink/lib/syslink.a_release(RingIOShmDrv.o)
                                 0x34 (size before relaxing)
 *fill*         0x000187fa        0x2 00
 .rodata.str1.4
                0x000187fc       0x36 /src/flex/ti-dsp/syslink_2_21_00_03/packages/ti/syslink/lib/syslink.a_release(HeapMemMPDrv.o)
                                 0x38 (size before relaxing)
 *fill*         0x00018832        0x2 00
 .rodata.str1.4
                0x00018834       0x2f /src/flex/ti-dsp/syslink_2_21_00_03/packages/ti/syslink/lib/syslink.a_release(GateMPDrv.o)
                                 0x30 (size before relaxing)
 *fill*         0x00018863        0x1 00
 .rodata        0x00018864      0x400 /src/flex/ti-dsp/syslink_2_21_00_03/packages/ti/syslink/lib/syslink.a_release(String.o)
 .rodata.str1.4
                0x00018c64       0x11 /src/flex/ti-dsp/syslink_2_21_00_03/packages/ti/syslink/lib/syslink.a_release(String.o)
                                 0x14 (size before relaxing)
 *fill*         0x00018c75        0x3 00
 .rodata.str1.4
                0x00018c78       0x37 /src/flex/ti-dsp/syslink_2_21_00_03/packages/ti/syslink/lib/syslink.a_release(NameServerDrv.o)
                                 0x38 (size before relaxing)
 *fill*         0x00018caf        0x1 00
 .rodata.str1.4
                0x00018cb0       0x36 /src/flex/ti-dsp/syslink_2_21_00_03/packages/ti/syslink/lib/syslink.a_release(MultiProcDrv.o)
                                 0x38 (size before relaxing)
 *fill*         0x00018ce6        0x2 00
 .rodata.str1.4
                0x00018ce8       0x71 /src/flex/ti-dsp/syslink_2_21_00_03/packages/ti/syslink/lib/syslink.a_release(Dev.o)
                                 0x74 (size before relaxing)
 *fill*         0x00018d59        0x3 00
 .rodata.str1.4
                0x00018d5c       0x6e /src/flex/ti-dsp/syslink_2_21_00_03/packages/ti/syslink/lib/syslink.a_release(OsalDrv.o)
                                 0x70 (size before relaxing)
 *fill*         0x00018dca        0x2 00
 .rodata.str1.4
                0x00018dcc       0x75 /src/flex/ti-dsp/syslink_2_21_00_03/packages/ti/syslink/lib/syslink.a_release(ProcMgrDrvUsr.o)
                                 0x78 (size before relaxing)
 *fill*         0x00018e41        0x3 00
 .rodata.str1.4
                0x00018e44       0x57 /src/flex/ti-dsp/syslink_2_21_00_03/packages/ti/syslink/lib/syslink.a_release(SharedRegionDrv.o)
                                 0x58 (size before relaxing)
 *fill*         0x00018e9b        0x1 00
 .rodata.str1.4
                0x00018e9c       0x2f /src/flex/ti-dsp/syslink_2_21_00_03/packages/ti/syslink/lib/syslink.a_release(ListMPDrv.o)
                                 0x30 (size before relaxing)
 *fill*         0x00018ecb        0x1 00
 .rodata.str1.4
                0x00018ecc       0x34 /src/flex/ti-dsp/syslink_2_21_00_03/packages/ti/syslink/lib/syslink.a_release(MessageQDrv.o)

.rodata1
 *(.rodata1)

.ARM.extab      0x00018f00        0x0
 *(.ARM.extab* .gnu.linkonce.armextab.*)
 .ARM.extab     0x00018f00        0x0 /home/jreese/CodeSourcery/Sourcery_G++_Lite/bin/../arm-none-linux-gnueabi/libc/usr/lib/crt1.o
 .ARM.extab     0x00018f00        0x0 /home/jreese/CodeSourcery/Sourcery_G++_Lite/bin/../arm-none-linux-gnueabi/libc/usr/lib/crti.o
 .ARM.extab     0x00018f00        0x0 /home/jreese/CodeSourcery/Sourcery_G++_Lite/bin/../lib/gcc/arm-none-linux-gnueabi/4.3.3/crtbegin.o
 .ARM.extab     0x00018f00        0x0 bin/release/obj/main_host.ov5T
 .ARM.extab     0x00018f00        0x0 bin/release/obj/App.ov5T
 .ARM.extab     0x00018f00        0x0 /src/flex/ti-dsp/syslink_2_21_00_03/packages/ti/syslink/lib/syslink.a_release(Notify.o)
 .ARM.extab     0x00018f00        0x0 /src/flex/ti-dsp/syslink_2_21_00_03/packages/ti/syslink/lib/syslink.a_release(Ipc.o)
 .ARM.extab     0x00018f00        0x0 /src/flex/ti-dsp/syslink_2_21_00_03/packages/ti/syslink/lib/syslink.a_release(RingIO.o)
 .ARM.extab     0x00018f00        0x0 /src/flex/ti-dsp/syslink_2_21_00_03/packages/ti/syslink/lib/syslink.a_release(RingIOShm.o)
 .ARM.extab     0x00018f00        0x0 /src/flex/ti-dsp/syslink_2_21_00_03/packages/ti/syslink/lib/syslink.a_release(FrameQ.o)
 .ARM.extab     0x00018f00        0x0 /src/flex/ti-dsp/syslink_2_21_00_03/packages/ti/syslink/lib/syslink.a_release(FrameQBufMgr.o)
 .ARM.extab     0x00018f00        0x0 /src/flex/ti-dsp/syslink_2_21_00_03/packages/ti/syslink/lib/syslink.a_release(ClientNotifyMgr.o)
 .ARM.extab     0x00018f00        0x0 /src/flex/ti-dsp/syslink_2_21_00_03/packages/ti/syslink/lib/syslink.a_release(HeapMemMP.o)
 .ARM.extab     0x00018f00        0x0 /src/flex/ti-dsp/syslink_2_21_00_03/packages/ti/syslink/lib/syslink.a_release(HeapBufMP.o)
 .ARM.extab     0x00018f00        0x0 /src/flex/ti-dsp/syslink_2_21_00_03/packages/ti/syslink/lib/syslink.a_release(GateMP.o)
 .ARM.extab     0x00018f00        0x0 /src/flex/ti-dsp/syslink_2_21_00_03/packages/ti/syslink/lib/syslink.a_release(NotifyDrvUsr.o)
 .ARM.extab     0x00018f00        0x0 /src/flex/ti-dsp/syslink_2_21_00_03/packages/ti/syslink/lib/syslink.a_release(HeapBufMPDrv.o)
 .ARM.extab     0x00018f00        0x0 /src/flex/ti-dsp/syslink_2_21_00_03/packages/ti/syslink/lib/syslink.a_release(IpcDrv.o)
 .ARM.extab     0x00018f00        0x0 /src/flex/ti-dsp/syslink_2_21_00_03/packages/ti/syslink/lib/syslink.a_release(FrameQDrv.o)
 .ARM.extab     0x00018f00        0x0 /src/flex/ti-dsp/syslink_2_21_00_03/packages/ti/syslink/lib/syslink.a_release(FrameQBufMgrDrv.o)
 .ARM.extab     0x00018f00        0x0 /src/flex/ti-dsp/syslink_2_21_00_03/packages/ti/syslink/lib/syslink.a_release(ClientNotifyMgrDrv.o)
 .ARM.extab     0x00018f00        0x0 /src/flex/ti-dsp/syslink_2_21_00_03/packages/ti/syslink/lib/syslink.a_release(RingIODrv.o)
 .ARM.extab     0x00018f00        0x0 /src/flex/ti-dsp/syslink_2_21_00_03/packages/ti/syslink/lib/syslink.a_release(RingIOShmDrv.o)
 .ARM.extab     0x00018f00        0x0 /src/flex/ti-dsp/syslink_2_21_00_03/packages/ti/syslink/lib/syslink.a_release(HeapMemMPDrv.o)
 .ARM.extab     0x00018f00        0x0 /src/flex/ti-dsp/syslink_2_21_00_03/packages/ti/syslink/lib/syslink.a_release(GateMPDrv.o)
 .ARM.extab     0x00018f00        0x0 /src/flex/ti-dsp/syslink_2_21_00_03/packages/ti/syslink/lib/syslink.a_release(OsalProcess.o)
 .ARM.extab     0x00018f00        0x0 /src/flex/ti-dsp/syslink_2_21_00_03/packages/ti/syslink/lib/syslink.a_release(GateMutex.o)
 .ARM.extab     0x00018f00        0x0 /src/flex/ti-dsp/syslink_2_21_00_03/packages/ti/syslink/lib/syslink.a_release(Memory.o)
 .ARM.extab     0x00018f00        0x0 /src/flex/ti-dsp/syslink_2_21_00_03/packages/ti/syslink/lib/syslink.a_release(List.o)
 .ARM.extab     0x00018f00        0x0 /src/flex/ti-dsp/syslink_2_21_00_03/packages/ti/syslink/lib/syslink.a_release(String.o)
 .ARM.extab     0x00018f00        0x0 /src/flex/ti-dsp/syslink_2_21_00_03/packages/ti/syslink/lib/syslink.a_release(NameServer.o)
 .ARM.extab     0x00018f00        0x0 /src/flex/ti-dsp/syslink_2_21_00_03/packages/ti/syslink/lib/syslink.a_release(MultiProc.o)
 .ARM.extab     0x00018f00        0x0 /src/flex/ti-dsp/syslink_2_21_00_03/packages/ti/syslink/lib/syslink.a_release(Gate.o)
 .ARM.extab     0x00018f00        0x0 /src/flex/ti-dsp/syslink_2_21_00_03/packages/ti/syslink/lib/syslink.a_release(SysLink.o)
 .ARM.extab     0x00018f00        0x0 /src/flex/ti-dsp/syslink_2_21_00_03/packages/ti/syslink/lib/syslink.a_release(Cache.o)
 .ARM.extab     0x00018f00        0x0 /src/flex/ti-dsp/syslink_2_21_00_03/packages/ti/syslink/lib/syslink.a_release(NameServerDrv.o)
 .ARM.extab     0x00018f00        0x0 /src/flex/ti-dsp/syslink_2_21_00_03/packages/ti/syslink/lib/syslink.a_release(MultiProcDrv.o)
 .ARM.extab     0x00018f00        0x0 /src/flex/ti-dsp/syslink_2_21_00_03/packages/ti/syslink/lib/syslink.a_release(CacheDrv.o)
 .ARM.extab     0x00018f00        0x0 /src/flex/ti-dsp/syslink_2_21_00_03/packages/ti/syslink/lib/syslink.a_release(Dev.o)
 .ARM.extab     0x00018f00        0x0 /src/flex/ti-dsp/syslink_2_21_00_03/packages/ti/syslink/lib/syslink.a_release(MemoryOS.o)
 .ARM.extab     0x00018f00        0x0 /src/flex/ti-dsp/syslink_2_21_00_03/packages/ti/syslink/lib/syslink.a_release(OsalDrv.o)
 .ARM.extab     0x00018f00        0x0 /src/flex/ti-dsp/syslink_2_21_00_03/packages/ti/syslink/lib/syslink.a_release(OsalMutex.o)
 .ARM.extab     0x00018f00        0x0 /src/flex/ti-dsp/syslink_2_21_00_03/packages/ti/syslink/lib/syslink.a_release(OsalSemaphore.o)
 .ARM.extab     0x00018f00        0x0 /src/flex/ti-dsp/syslink_2_21_00_03/packages/ti/syslink/lib/syslink.a_release(ProcMgr.o)
 .ARM.extab     0x00018f00        0x0 /src/flex/ti-dsp/syslink_2_21_00_03/packages/ti/syslink/lib/syslink.a_release(ProcMgrDrvUsr.o)
 .ARM.extab     0x00018f00        0x0 /src/flex/ti-dsp/syslink_2_21_00_03/packages/ti/syslink/lib/syslink.a_release(FrameQ_common.o)
 .ARM.extab     0x00018f00        0x0 /src/flex/ti-dsp/syslink_2_21_00_03/packages/ti/syslink/lib/syslink.a_release(SharedRegion.o)
 .ARM.extab     0x00018f00        0x0 /src/flex/ti-dsp/syslink_2_21_00_03/packages/ti/syslink/lib/syslink.a_release(ListMP.o)
 .ARM.extab     0x00018f00        0x0 /src/flex/ti-dsp/syslink_2_21_00_03/packages/ti/syslink/lib/syslink.a_release(MessageQ.o)
 .ARM.extab     0x00018f00        0x0 /src/flex/ti-dsp/syslink_2_21_00_03/packages/ti/syslink/lib/syslink.a_release(SharedRegionDrv.o)
 .ARM.extab     0x00018f00        0x0 /src/flex/ti-dsp/syslink_2_21_00_03/packages/ti/syslink/lib/syslink.a_release(ListMPDrv.o)
 .ARM.extab     0x00018f00        0x0 /src/flex/ti-dsp/syslink_2_21_00_03/packages/ti/syslink/lib/syslink.a_release(MessageQDrv.o)
 .ARM.extab     0x00018f00        0x0 /home/jreese/CodeSourcery/Sourcery_G++_Lite/bin/../arm-none-linux-gnueabi/libc/usr/lib/libc_nonshared.a(elf-init.oS)
 .ARM.extab.init
                0x00018f00        0x0 /home/jreese/CodeSourcery/Sourcery_G++_Lite/bin/../arm-none-linux-gnueabi/libc/usr/lib/crtn.o
 .ARM.extab.fini
                0x00018f00        0x0 /home/jreese/CodeSourcery/Sourcery_G++_Lite/bin/../arm-none-linux-gnueabi/libc/usr/lib/crtn.o
                0x00018f00                __exidx_start = .

.ARM.exidx      0x00018f00      0x9f8
 *(.ARM.exidx* .gnu.linkonce.armexidx.*)
 .ARM.exidx     0x00018f10        0x0 /home/jreese/CodeSourcery/Sourcery_G++_Lite/bin/../arm-none-linux-gnueabi/libc/usr/lib/crt1.o
                                  0x8 (size before relaxing)
 .ARM.exidx     0x00018f10        0x8 /home/jreese/CodeSourcery/Sourcery_G++_Lite/bin/../arm-none-linux-gnueabi/libc/usr/lib/crti.o
 .ARM.exidx     0x00018f18        0x8 /home/jreese/CodeSourcery/Sourcery_G++_Lite/bin/../lib/gcc/arm-none-linux-gnueabi/4.3.3/crtbegin.o
                                 0x10 (size before relaxing)
 .ARM.exidx     0x00018f20        0x8 bin/release/obj/main_host.ov5T
 .ARM.exidx     0x00018f28       0x10 bin/release/obj/App.ov5T
 .ARM.exidx     0x00018f38       0x68 /src/flex/ti-dsp/syslink_2_21_00_03/packages/ti/syslink/lib/syslink.a_release(Notify.o)
                                 0x88 (size before relaxing)
 .ARM.exidx     0x00018fa0       0x30 /src/flex/ti-dsp/syslink_2_21_00_03/packages/ti/syslink/lib/syslink.a_release(Ipc.o)
                                 0x38 (size before relaxing)
 .ARM.exidx     0x00018fd0       0x88 /src/flex/ti-dsp/syslink_2_21_00_03/packages/ti/syslink/lib/syslink.a_release(RingIO.o)
                                 0xf0 (size before relaxing)
 .ARM.exidx     0x00019058       0x18 /src/flex/ti-dsp/syslink_2_21_00_03/packages/ti/syslink/lib/syslink.a_release(RingIOShm.o)
                                 0x20 (size before relaxing)
 .ARM.exidx     0x00019070       0xb8 /src/flex/ti-dsp/syslink_2_21_00_03/packages/ti/syslink/lib/syslink.a_release(FrameQ.o)
                                 0xd8 (size before relaxing)
 .ARM.exidx     0x00019128       0xd8 /src/flex/ti-dsp/syslink_2_21_00_03/packages/ti/syslink/lib/syslink.a_release(FrameQBufMgr.o)
                                0x110 (size before relaxing)
 .ARM.exidx     0x00019200       0x88 /src/flex/ti-dsp/syslink_2_21_00_03/packages/ti/syslink/lib/syslink.a_release(ClientNotifyMgr.o)
                                 0x98 (size before relaxing)
 .ARM.exidx     0x00019288       0x58 /src/flex/ti-dsp/syslink_2_21_00_03/packages/ti/syslink/lib/syslink.a_release(HeapMemMP.o)
                                 0x90 (size before relaxing)
 .ARM.exidx     0x000192e0       0x58 /src/flex/ti-dsp/syslink_2_21_00_03/packages/ti/syslink/lib/syslink.a_release(HeapBufMP.o)
                                 0x88 (size before relaxing)
 .ARM.exidx     0x00019338       0x78 /src/flex/ti-dsp/syslink_2_21_00_03/packages/ti/syslink/lib/syslink.a_release(GateMP.o)
                                 0xa8 (size before relaxing)
 .ARM.exidx     0x000193b0       0x20 /src/flex/ti-dsp/syslink_2_21_00_03/packages/ti/syslink/lib/syslink.a_release(NotifyDrvUsr.o)
 .ARM.exidx     0x000193d0       0x10 /src/flex/ti-dsp/syslink_2_21_00_03/packages/ti/syslink/lib/syslink.a_release(HeapBufMPDrv.o)
                                 0x18 (size before relaxing)
 .ARM.exidx     0x000193e0       0x10 /src/flex/ti-dsp/syslink_2_21_00_03/packages/ti/syslink/lib/syslink.a_release(IpcDrv.o)
                                 0x18 (size before relaxing)
 .ARM.exidx     0x000193f0       0x10 /src/flex/ti-dsp/syslink_2_21_00_03/packages/ti/syslink/lib/syslink.a_release(FrameQDrv.o)
                                 0x18 (size before relaxing)
 .ARM.exidx     0x00019400       0x10 /src/flex/ti-dsp/syslink_2_21_00_03/packages/ti/syslink/lib/syslink.a_release(FrameQBufMgrDrv.o)
                                 0x18 (size before relaxing)
 .ARM.exidx     0x00019410       0x10 /src/flex/ti-dsp/syslink_2_21_00_03/packages/ti/syslink/lib/syslink.a_release(ClientNotifyMgrDrv.o)
                                 0x18 (size before relaxing)
 .ARM.exidx     0x00019420       0x10 /src/flex/ti-dsp/syslink_2_21_00_03/packages/ti/syslink/lib/syslink.a_release(RingIODrv.o)
                                 0x18 (size before relaxing)
 .ARM.exidx     0x00019430       0x10 /src/flex/ti-dsp/syslink_2_21_00_03/packages/ti/syslink/lib/syslink.a_release(RingIOShmDrv.o)
                                 0x18 (size before relaxing)
 .ARM.exidx     0x00019440        0x8 /src/flex/ti-dsp/syslink_2_21_00_03/packages/ti/syslink/lib/syslink.a_release(HeapMemMPDrv.o)
                                 0x18 (size before relaxing)
 .ARM.exidx     0x00019448        0x0 /src/flex/ti-dsp/syslink_2_21_00_03/packages/ti/syslink/lib/syslink.a_release(GateMPDrv.o)
                                 0x18 (size before relaxing)
 .ARM.exidx     0x00019448        0x8 /src/flex/ti-dsp/syslink_2_21_00_03/packages/ti/syslink/lib/syslink.a_release(OsalProcess.o)
                                 0x10 (size before relaxing)
 .ARM.exidx     0x00019450       0x18 /src/flex/ti-dsp/syslink_2_21_00_03/packages/ti/syslink/lib/syslink.a_release(GateMutex.o)
                                 0x30 (size before relaxing)
 .ARM.exidx     0x00019468       0x20 /src/flex/ti-dsp/syslink_2_21_00_03/packages/ti/syslink/lib/syslink.a_release(Memory.o)
                                 0x40 (size before relaxing)
 .ARM.exidx     0x00019488       0x18 /src/flex/ti-dsp/syslink_2_21_00_03/packages/ti/syslink/lib/syslink.a_release(List.o)
                                 0x88 (size before relaxing)
 .ARM.exidx     0x000194a0       0x38 /src/flex/ti-dsp/syslink_2_21_00_03/packages/ti/syslink/lib/syslink.a_release(String.o)
                                 0x40 (size before relaxing)
 .ARM.exidx     0x000194d8       0x88 /src/flex/ti-dsp/syslink_2_21_00_03/packages/ti/syslink/lib/syslink.a_release(NameServer.o)
                                 0x98 (size before relaxing)
 .ARM.exidx     0x00019560       0x38 /src/flex/ti-dsp/syslink_2_21_00_03/packages/ti/syslink/lib/syslink.a_release(MultiProc.o)
                                 0x48 (size before relaxing)
 .ARM.exidx     0x00019598       0x10 /src/flex/ti-dsp/syslink_2_21_00_03/packages/ti/syslink/lib/syslink.a_release(Gate.o)
                                 0x20 (size before relaxing)
 .ARM.exidx     0x000195a8        0x8 /src/flex/ti-dsp/syslink_2_21_00_03/packages/ti/syslink/lib/syslink.a_release(SysLink.o)
                                 0x10 (size before relaxing)
 .ARM.exidx     0x000195b0        0x8 /src/flex/ti-dsp/syslink_2_21_00_03/packages/ti/syslink/lib/syslink.a_release(Cache.o)
                                 0x28 (size before relaxing)
 .ARM.exidx     0x000195b8       0x10 /src/flex/ti-dsp/syslink_2_21_00_03/packages/ti/syslink/lib/syslink.a_release(NameServerDrv.o)
                                 0x18 (size before relaxing)
 .ARM.exidx     0x000195c8       0x10 /src/flex/ti-dsp/syslink_2_21_00_03/packages/ti/syslink/lib/syslink.a_release(MultiProcDrv.o)
                                 0x18 (size before relaxing)
 .ARM.exidx     0x000195d8        0x8 /src/flex/ti-dsp/syslink_2_21_00_03/packages/ti/syslink/lib/syslink.a_release(CacheDrv.o)
 .ARM.exidx     0x000195e0        0x8 /src/flex/ti-dsp/syslink_2_21_00_03/packages/ti/syslink/lib/syslink.a_release(Dev.o)
 .ARM.exidx     0x000195e8       0x30 /src/flex/ti-dsp/syslink_2_21_00_03/packages/ti/syslink/lib/syslink.a_release(MemoryOS.o)
                                 0x50 (size before relaxing)
 .ARM.exidx     0x00019618       0x20 /src/flex/ti-dsp/syslink_2_21_00_03/packages/ti/syslink/lib/syslink.a_release(OsalDrv.o)
                                 0x28 (size before relaxing)
 .ARM.exidx     0x00019638       0x18 /src/flex/ti-dsp/syslink_2_21_00_03/packages/ti/syslink/lib/syslink.a_release(OsalMutex.o)
                                 0x20 (size before relaxing)
 .ARM.exidx     0x00019650       0x10 /src/flex/ti-dsp/syslink_2_21_00_03/packages/ti/syslink/lib/syslink.a_release(OsalSemaphore.o)
                                 0x20 (size before relaxing)
 .ARM.exidx     0x00019660       0xb8 /src/flex/ti-dsp/syslink_2_21_00_03/packages/ti/syslink/lib/syslink.a_release(ProcMgr.o)
                                 0xe8 (size before relaxing)
 .ARM.exidx     0x00019718       0x10 /src/flex/ti-dsp/syslink_2_21_00_03/packages/ti/syslink/lib/syslink.a_release(ProcMgrDrvUsr.o)
                                 0x18 (size before relaxing)
 .ARM.exidx     0x00019728       0x10 /src/flex/ti-dsp/syslink_2_21_00_03/packages/ti/syslink/lib/syslink.a_release(FrameQ_common.o)
                                 0x48 (size before relaxing)
 .ARM.exidx     0x00019738       0x80 /src/flex/ti-dsp/syslink_2_21_00_03/packages/ti/syslink/lib/syslink.a_release(SharedRegion.o)
                                 0xd8 (size before relaxing)
 .ARM.exidx     0x000197b8       0x70 /src/flex/ti-dsp/syslink_2_21_00_03/packages/ti/syslink/lib/syslink.a_release(ListMP.o)
                                 0xa8 (size before relaxing)
 .ARM.exidx     0x00019828       0x80 /src/flex/ti-dsp/syslink_2_21_00_03/packages/ti/syslink/lib/syslink.a_release(MessageQ.o)
                                 0xb8 (size before relaxing)
 .ARM.exidx     0x000198a8       0x18 /src/flex/ti-dsp/syslink_2_21_00_03/packages/ti/syslink/lib/syslink.a_release(SharedRegionDrv.o)
 .ARM.exidx     0x000198c0        0x8 /src/flex/ti-dsp/syslink_2_21_00_03/packages/ti/syslink/lib/syslink.a_release(ListMPDrv.o)
                                 0x18 (size before relaxing)
 .ARM.exidx     0x000198c8        0x8 /src/flex/ti-dsp/syslink_2_21_00_03/packages/ti/syslink/lib/syslink.a_release(MessageQDrv.o)
                                 0x18 (size before relaxing)
 .ARM.exidx     0x000198d0       0x18 /home/jreese/CodeSourcery/Sourcery_G++_Lite/bin/../arm-none-linux-gnueabi/libc/usr/lib/libc_nonshared.a(elf-init.oS)
                                 0x10 (size before relaxing)
 .ARM.exidx.init
                0x00018f00       0x10 /home/jreese/CodeSourcery/Sourcery_G++_Lite/bin/../arm-none-linux-gnueabi/libc/usr/lib/crtn.o
                                  0x8 (size before relaxing)
 .ARM.exidx.fini
                0x000198e8       0x10 /home/jreese/CodeSourcery/Sourcery_G++_Lite/bin/../arm-none-linux-gnueabi/libc/usr/lib/crtn.o
                                  0x8 (size before relaxing)
                0x000198f8                __exidx_end = .

.eh_frame_hdr
 *(.eh_frame_hdr)

.eh_frame       0x000198f8        0x4
 *(.eh_frame)
 .eh_frame      0x000198f8        0x4 /home/jreese/CodeSourcery/Sourcery_G++_Lite/bin/../lib/gcc/arm-none-linux-gnueabi/4.3.3/crtend.o

.gcc_except_table
 *(.gcc_except_table .gcc_except_table.*)
                0x000198fc                . = (ALIGN (0x8000) - ((0x8000 - .) & 0x7fff))
                0x00022000                . = (0x8000 DATA_SEGMENT_ALIGN 0x1000)

.eh_frame
 *(.eh_frame)

.gcc_except_table
 *(.gcc_except_table .gcc_except_table.*)

.tdata
 *(.tdata .tdata.* .gnu.linkonce.td.*)

.tbss
 *(.tbss .tbss.* .gnu.linkonce.tb.*)
 *(.tcommon)

.preinit_array  0x00022000        0x0
                0x00022000                PROVIDE (__preinit_array_start, .)
 *(.preinit_array)
                0x00022000                PROVIDE (__preinit_array_end, .)

.init_array     0x00022000        0x4
                0x00022000                PROVIDE (__init_array_start, .)
 *(SORT(.init_array.*))
 *(.init_array)
 .init_array    0x00022000        0x4 /home/jreese/CodeSourcery/Sourcery_G++_Lite/bin/../lib/gcc/arm-none-linux-gnueabi/4.3.3/crtbegin.o
                0x00022004                PROVIDE (__init_array_end, .)

.fini_array     0x00022004        0x4
                0x00022004                PROVIDE (__fini_array_start, .)
 *(.fini_array)
 .fini_array    0x00022004        0x4 /home/jreese/CodeSourcery/Sourcery_G++_Lite/bin/../lib/gcc/arm-none-linux-gnueabi/4.3.3/crtbegin.o
 *(SORT(.fini_array.*))
                0x00022008                PROVIDE (__fini_array_end, .)

.ctors
 *crtbegin.o(.ctors)
 *crtbegin?.o(.ctors)
 *(EXCLUDE_FILE(*crtend?.o *crtend.o) .ctors)
 *(SORT(.ctors.*))
 *(.ctors)

.dtors
 *crtbegin.o(.dtors)
 *crtbegin?.o(.dtors)
 *(EXCLUDE_FILE(*crtend?.o *crtend.o) .dtors)
 *(SORT(.dtors.*))
 *(.dtors)

.jcr            0x00022008        0x4
 *(.jcr)
 .jcr           0x00022008        0x0 /home/jreese/CodeSourcery/Sourcery_G++_Lite/bin/../lib/gcc/arm-none-linux-gnueabi/4.3.3/crtbegin.o
 .jcr           0x00022008        0x4 /home/jreese/CodeSourcery/Sourcery_G++_Lite/bin/../lib/gcc/arm-none-linux-gnueabi/4.3.3/crtend.o

.data.rel.ro
 *(.data.rel.ro.local* .gnu.linkonce.d.rel.ro.local.*)
 *(.data.rel.ro* .gnu.linkonce.d.rel.ro.*)

.dynamic        0x0002200c      0x100
 *(.dynamic)
 .dynamic       0x0002200c      0x100 /home/jreese/CodeSourcery/Sourcery_G++_Lite/bin/../arm-none-linux-gnueabi/libc/usr/lib/crti.o
                0x0002200c                _DYNAMIC
                0x0002210c                . = (. DATA_SEGMENT_RELRO_END 0x0)

.got            0x0002210c       0xa8
 *(.got.plt)
 .got.plt       0x0002210c       0xa4 /home/jreese/CodeSourcery/Sourcery_G++_Lite/bin/../arm-none-linux-gnueabi/libc/usr/lib/crti.o
                0x0002210c                _GLOBAL_OFFSET_TABLE_
 *(.got)
 .got           0x000221b0        0x4 /home/jreese/CodeSourcery/Sourcery_G++_Lite/bin/../arm-none-linux-gnueabi/libc/usr/lib/crti.o

.data           0x000221b4       0x20
                0x000221b4                __data_start = .
 *(.data .data.* .gnu.linkonce.d.*)
 .data          0x000221b4        0x4 /home/jreese/CodeSourcery/Sourcery_G++_Lite/bin/../arm-none-linux-gnueabi/libc/usr/lib/crt1.o
                0x000221b4                data_start
 .data          0x000221b8        0x0 /home/jreese/CodeSourcery/Sourcery_G++_Lite/bin/../arm-none-linux-gnueabi/libc/usr/lib/crti.o
 .data          0x000221b8        0x4 /home/jreese/CodeSourcery/Sourcery_G++_Lite/bin/../lib/gcc/arm-none-linux-gnueabi/4.3.3/crtbegin.o
                0x000221b8                __dso_handle
 .data          0x000221bc        0x0 bin/release/obj/main_host.ov5T
 .data          0x000221bc        0x0 bin/release/obj/App.ov5T
 .data          0x000221bc        0x0 /src/flex/ti-dsp/syslink_2_21_00_03/packages/ti/syslink/lib/syslink.a_release(Notify.o)
 .data          0x000221bc        0x0 /src/flex/ti-dsp/syslink_2_21_00_03/packages/ti/syslink/lib/syslink.a_release(Ipc.o)
 .data          0x000221bc        0x0 /src/flex/ti-dsp/syslink_2_21_00_03/packages/ti/syslink/lib/syslink.a_release(RingIO.o)
 .data          0x000221bc        0x0 /src/flex/ti-dsp/syslink_2_21_00_03/packages/ti/syslink/lib/syslink.a_release(RingIOShm.o)
 .data          0x000221bc        0x0 /src/flex/ti-dsp/syslink_2_21_00_03/packages/ti/syslink/lib/syslink.a_release(FrameQ.o)
 .data          0x000221bc        0x0 /src/flex/ti-dsp/syslink_2_21_00_03/packages/ti/syslink/lib/syslink.a_release(FrameQBufMgr.o)
 .data          0x000221bc        0x0 /src/flex/ti-dsp/syslink_2_21_00_03/packages/ti/syslink/lib/syslink.a_release(ClientNotifyMgr.o)
 .data          0x000221bc        0x0 /src/flex/ti-dsp/syslink_2_21_00_03/packages/ti/syslink/lib/syslink.a_release(HeapMemMP.o)
 .data          0x000221bc        0x0 /src/flex/ti-dsp/syslink_2_21_00_03/packages/ti/syslink/lib/syslink.a_release(HeapBufMP.o)
 .data          0x000221bc        0x0 /src/flex/ti-dsp/syslink_2_21_00_03/packages/ti/syslink/lib/syslink.a_release(GateMP.o)
 .data          0x000221bc        0x4 /src/flex/ti-dsp/syslink_2_21_00_03/packages/ti/syslink/lib/syslink.a_release(NotifyDrvUsr.o)
 .data          0x000221c0        0x0 /src/flex/ti-dsp/syslink_2_21_00_03/packages/ti/syslink/lib/syslink.a_release(HeapBufMPDrv.o)
 .data          0x000221c0        0x0 /src/flex/ti-dsp/syslink_2_21_00_03/packages/ti/syslink/lib/syslink.a_release(IpcDrv.o)
 .data          0x000221c0        0x0 /src/flex/ti-dsp/syslink_2_21_00_03/packages/ti/syslink/lib/syslink.a_release(FrameQDrv.o)
 .data          0x000221c0        0x0 /src/flex/ti-dsp/syslink_2_21_00_03/packages/ti/syslink/lib/syslink.a_release(FrameQBufMgrDrv.o)
 .data          0x000221c0        0x0 /src/flex/ti-dsp/syslink_2_21_00_03/packages/ti/syslink/lib/syslink.a_release(ClientNotifyMgrDrv.o)
 .data          0x000221c0        0x0 /src/flex/ti-dsp/syslink_2_21_00_03/packages/ti/syslink/lib/syslink.a_release(RingIODrv.o)
 .data          0x000221c0        0x0 /src/flex/ti-dsp/syslink_2_21_00_03/packages/ti/syslink/lib/syslink.a_release(RingIOShmDrv.o)
 .data          0x000221c0        0x0 /src/flex/ti-dsp/syslink_2_21_00_03/packages/ti/syslink/lib/syslink.a_release(HeapMemMPDrv.o)
 .data          0x000221c0        0x0 /src/flex/ti-dsp/syslink_2_21_00_03/packages/ti/syslink/lib/syslink.a_release(GateMPDrv.o)
 .data          0x000221c0        0x0 /src/flex/ti-dsp/syslink_2_21_00_03/packages/ti/syslink/lib/syslink.a_release(OsalProcess.o)
 .data          0x000221c0        0x0 /src/flex/ti-dsp/syslink_2_21_00_03/packages/ti/syslink/lib/syslink.a_release(GateMutex.o)
 .data          0x000221c0        0x0 /src/flex/ti-dsp/syslink_2_21_00_03/packages/ti/syslink/lib/syslink.a_release(Memory.o)
 .data          0x000221c0        0x0 /src/flex/ti-dsp/syslink_2_21_00_03/packages/ti/syslink/lib/syslink.a_release(List.o)
 .data          0x000221c0        0x0 /src/flex/ti-dsp/syslink_2_21_00_03/packages/ti/syslink/lib/syslink.a_release(String.o)
 .data          0x000221c0        0x0 /src/flex/ti-dsp/syslink_2_21_00_03/packages/ti/syslink/lib/syslink.a_release(NameServer.o)
 .data          0x000221c0        0x0 /src/flex/ti-dsp/syslink_2_21_00_03/packages/ti/syslink/lib/syslink.a_release(MultiProc.o)
 .data          0x000221c0        0xc /src/flex/ti-dsp/syslink_2_21_00_03/packages/ti/syslink/lib/syslink.a_release(Gate.o)
                0x000221c8                Gate_systemHandle
                0x000221c0                Gate_systemObject
 .data          0x000221cc        0x0 /src/flex/ti-dsp/syslink_2_21_00_03/packages/ti/syslink/lib/syslink.a_release(SysLink.o)
 .data          0x000221cc        0x0 /src/flex/ti-dsp/syslink_2_21_00_03/packages/ti/syslink/lib/syslink.a_release(Cache.o)
 .data          0x000221cc        0x0 /src/flex/ti-dsp/syslink_2_21_00_03/packages/ti/syslink/lib/syslink.a_release(NameServerDrv.o)
 .data          0x000221cc        0x0 /src/flex/ti-dsp/syslink_2_21_00_03/packages/ti/syslink/lib/syslink.a_release(MultiProcDrv.o)
 .data          0x000221cc        0x0 /src/flex/ti-dsp/syslink_2_21_00_03/packages/ti/syslink/lib/syslink.a_release(CacheDrv.o)
 .data          0x000221cc        0x0 /src/flex/ti-dsp/syslink_2_21_00_03/packages/ti/syslink/lib/syslink.a_release(Dev.o)
 .data          0x000221cc        0x0 /src/flex/ti-dsp/syslink_2_21_00_03/packages/ti/syslink/lib/syslink.a_release(MemoryOS.o)
 .data          0x000221cc        0x4 /src/flex/ti-dsp/syslink_2_21_00_03/packages/ti/syslink/lib/syslink.a_release(OsalDrv.o)
 .data          0x000221d0        0x0 /src/flex/ti-dsp/syslink_2_21_00_03/packages/ti/syslink/lib/syslink.a_release(OsalMutex.o)
 .data          0x000221d0        0x0 /src/flex/ti-dsp/syslink_2_21_00_03/packages/ti/syslink/lib/syslink.a_release(OsalSemaphore.o)
 .data          0x000221d0        0x0 /src/flex/ti-dsp/syslink_2_21_00_03/packages/ti/syslink/lib/syslink.a_release(ProcMgr.o)
 .data          0x000221d0        0x4 /src/flex/ti-dsp/syslink_2_21_00_03/packages/ti/syslink/lib/syslink.a_release(ProcMgrDrvUsr.o)
 .data          0x000221d4        0x0 /src/flex/ti-dsp/syslink_2_21_00_03/packages/ti/syslink/lib/syslink.a_release(FrameQ_common.o)
 .data          0x000221d4        0x0 /src/flex/ti-dsp/syslink_2_21_00_03/packages/ti/syslink/lib/syslink.a_release(SharedRegion.o)
 .data          0x000221d4        0x0 /src/flex/ti-dsp/syslink_2_21_00_03/packages/ti/syslink/lib/syslink.a_release(ListMP.o)
 .data          0x000221d4        0x0 /src/flex/ti-dsp/syslink_2_21_00_03/packages/ti/syslink/lib/syslink.a_release(MessageQ.o)
 .data          0x000221d4        0x0 /src/flex/ti-dsp/syslink_2_21_00_03/packages/ti/syslink/lib/syslink.a_release(SharedRegionDrv.o)
 .data          0x000221d4        0x0 /src/flex/ti-dsp/syslink_2_21_00_03/packages/ti/syslink/lib/syslink.a_release(ListMPDrv.o)
 .data          0x000221d4        0x0 /src/flex/ti-dsp/syslink_2_21_00_03/packages/ti/syslink/lib/syslink.a_release(MessageQDrv.o)
 .data          0x000221d4        0x0 /home/jreese/CodeSourcery/Sourcery_G++_Lite/bin/../arm-none-linux-gnueabi/libc/usr/lib/libc_nonshared.a(elf-init.oS)
 .data          0x000221d4        0x0 /home/jreese/CodeSourcery/Sourcery_G++_Lite/bin/../lib/gcc/arm-none-linux-gnueabi/4.3.3/libgcc.a(_udivsi3.o)
 .data          0x000221d4        0x0 /home/jreese/CodeSourcery/Sourcery_G++_Lite/bin/../lib/gcc/arm-none-linux-gnueabi/4.3.3/libgcc.a(_dvmd_lnx.o)
 .data          0x000221d4        0x0 /home/jreese/CodeSourcery/Sourcery_G++_Lite/bin/../lib/gcc/arm-none-linux-gnueabi/4.3.3/crtend.o
 .data          0x000221d4        0x0 /home/jreese/CodeSourcery/Sourcery_G++_Lite/bin/../arm-none-linux-gnueabi/libc/usr/lib/crtn.o

.data1
 *(.data1)
                0x000221d4                _edata = .
                0x000221d4                PROVIDE (edata, .)
                0x000221d4                __bss_start = .
                0x000221d4                __bss_start__ = .

.bss            0x000221d8    0x2d5e0
 *(.dynbss)
 .dynbss        0x000221d8        0x4 /home/jreese/CodeSourcery/Sourcery_G++_Lite/bin/../arm-none-linux-gnueabi/libc/usr/lib/crti.o
                0x000221d8                stderr@@GLIBC_2.4
 *(.bss .bss.* .gnu.linkonce.b.*)
 .bss           0x000221dc        0x0 /home/jreese/CodeSourcery/Sourcery_G++_Lite/bin/../arm-none-linux-gnueabi/libc/usr/lib/crt1.o
 .bss           0x000221dc        0x0 /home/jreese/CodeSourcery/Sourcery_G++_Lite/bin/../arm-none-linux-gnueabi/libc/usr/lib/crti.o
 .bss           0x000221dc        0x1 /home/jreese/CodeSourcery/Sourcery_G++_Lite/bin/../lib/gcc/arm-none-linux-gnueabi/4.3.3/crtbegin.o
 *fill*         0x000221dd        0x3 00
 .bss           0x000221e0        0x4 bin/release/obj/main_host.ov5T
 .bss           0x000221e4        0x4 bin/release/obj/App.ov5T
 .bss           0x000221e8       0x14 /src/flex/ti-dsp/syslink_2_21_00_03/packages/ti/syslink/lib/syslink.a_release(Notify.o)
 .bss           0x000221fc       0x5c /src/flex/ti-dsp/syslink_2_21_00_03/packages/ti/syslink/lib/syslink.a_release(Ipc.o)
                0x0002224c                SysLinkCfg_sysMemMap
                0x00022254                SysLink_params
 .bss           0x00022258        0xc /src/flex/ti-dsp/syslink_2_21_00_03/packages/ti/syslink/lib/syslink.a_release(RingIO.o)
 .bss           0x00022264        0x8 /src/flex/ti-dsp/syslink_2_21_00_03/packages/ti/syslink/lib/syslink.a_release(RingIOShm.o)
 .bss           0x0002226c       0x20 /src/flex/ti-dsp/syslink_2_21_00_03/packages/ti/syslink/lib/syslink.a_release(FrameQ.o)
 .bss           0x0002228c       0x20 /src/flex/ti-dsp/syslink_2_21_00_03/packages/ti/syslink/lib/syslink.a_release(FrameQBufMgr.o)
 .bss           0x000222ac    0x2d024 /src/flex/ti-dsp/syslink_2_21_00_03/packages/ti/syslink/lib/syslink.a_release(ClientNotifyMgr.o)
 .bss           0x0004f2d0        0x4 /src/flex/ti-dsp/syslink_2_21_00_03/packages/ti/syslink/lib/syslink.a_release(HeapMemMP.o)
 .bss           0x0004f2d4        0x4 /src/flex/ti-dsp/syslink_2_21_00_03/packages/ti/syslink/lib/syslink.a_release(HeapBufMP.o)
 .bss           0x0004f2d8       0x1c /src/flex/ti-dsp/syslink_2_21_00_03/packages/ti/syslink/lib/syslink.a_release(GateMP.o)
 .bss           0x0004f2f4        0xc /src/flex/ti-dsp/syslink_2_21_00_03/packages/ti/syslink/lib/syslink.a_release(NotifyDrvUsr.o)
 .bss           0x0004f300        0x8 /src/flex/ti-dsp/syslink_2_21_00_03/packages/ti/syslink/lib/syslink.a_release(HeapBufMPDrv.o)
 .bss           0x0004f308        0x8 /src/flex/ti-dsp/syslink_2_21_00_03/packages/ti/syslink/lib/syslink.a_release(IpcDrv.o)
 .bss           0x0004f310        0x8 /src/flex/ti-dsp/syslink_2_21_00_03/packages/ti/syslink/lib/syslink.a_release(FrameQDrv.o)
 .bss           0x0004f318        0x8 /src/flex/ti-dsp/syslink_2_21_00_03/packages/ti/syslink/lib/syslink.a_release(FrameQBufMgrDrv.o)
 .bss           0x0004f320        0x8 /src/flex/ti-dsp/syslink_2_21_00_03/packages/ti/syslink/lib/syslink.a_release(ClientNotifyMgrDrv.o)
 .bss           0x0004f328        0x8 /src/flex/ti-dsp/syslink_2_21_00_03/packages/ti/syslink/lib/syslink.a_release(RingIODrv.o)
 .bss           0x0004f330        0x8 /src/flex/ti-dsp/syslink_2_21_00_03/packages/ti/syslink/lib/syslink.a_release(RingIOShmDrv.o)
 .bss           0x0004f338        0x8 /src/flex/ti-dsp/syslink_2_21_00_03/packages/ti/syslink/lib/syslink.a_release(HeapMemMPDrv.o)
 .bss           0x0004f340        0x8 /src/flex/ti-dsp/syslink_2_21_00_03/packages/ti/syslink/lib/syslink.a_release(GateMPDrv.o)
 .bss           0x0004f348        0x0 /src/flex/ti-dsp/syslink_2_21_00_03/packages/ti/syslink/lib/syslink.a_release(OsalProcess.o)
 .bss           0x0004f348        0x4 /src/flex/ti-dsp/syslink_2_21_00_03/packages/ti/syslink/lib/syslink.a_release(GateMutex.o)
 .bss           0x0004f34c        0x0 /src/flex/ti-dsp/syslink_2_21_00_03/packages/ti/syslink/lib/syslink.a_release(Memory.o)
 .bss           0x0004f34c        0x0 /src/flex/ti-dsp/syslink_2_21_00_03/packages/ti/syslink/lib/syslink.a_release(List.o)
 .bss           0x0004f34c        0x0 /src/flex/ti-dsp/syslink_2_21_00_03/packages/ti/syslink/lib/syslink.a_release(String.o)
 .bss           0x0004f34c        0xc /src/flex/ti-dsp/syslink_2_21_00_03/packages/ti/syslink/lib/syslink.a_release(NameServer.o)
 .bss           0x0004f358      0x298 /src/flex/ti-dsp/syslink_2_21_00_03/packages/ti/syslink/lib/syslink.a_release(MultiProc.o)
 .bss           0x0004f5f0       0x18 /src/flex/ti-dsp/syslink_2_21_00_03/packages/ti/syslink/lib/syslink.a_release(Gate.o)
                0x0004f5f0                staticMutex
 .bss           0x0004f608        0x0 /src/flex/ti-dsp/syslink_2_21_00_03/packages/ti/syslink/lib/syslink.a_release(SysLink.o)
 .bss           0x0004f608        0x0 /src/flex/ti-dsp/syslink_2_21_00_03/packages/ti/syslink/lib/syslink.a_release(Cache.o)
 .bss           0x0004f608        0x8 /src/flex/ti-dsp/syslink_2_21_00_03/packages/ti/syslink/lib/syslink.a_release(NameServerDrv.o)
 .bss           0x0004f610        0x8 /src/flex/ti-dsp/syslink_2_21_00_03/packages/ti/syslink/lib/syslink.a_release(MultiProcDrv.o)
 .bss           0x0004f618        0x0 /src/flex/ti-dsp/syslink_2_21_00_03/packages/ti/syslink/lib/syslink.a_release(CacheDrv.o)
 .bss           0x0004f618        0x0 /src/flex/ti-dsp/syslink_2_21_00_03/packages/ti/syslink/lib/syslink.a_release(Dev.o)
 .bss           0x0004f618       0x28 /src/flex/ti-dsp/syslink_2_21_00_03/packages/ti/syslink/lib/syslink.a_release(MemoryOS.o)
 .bss           0x0004f640        0x4 /src/flex/ti-dsp/syslink_2_21_00_03/packages/ti/syslink/lib/syslink.a_release(OsalDrv.o)
 .bss           0x0004f644        0x0 /src/flex/ti-dsp/syslink_2_21_00_03/packages/ti/syslink/lib/syslink.a_release(OsalMutex.o)
 .bss           0x0004f644        0x0 /src/flex/ti-dsp/syslink_2_21_00_03/packages/ti/syslink/lib/syslink.a_release(OsalSemaphore.o)
 .bss           0x0004f644       0x2c /src/flex/ti-dsp/syslink_2_21_00_03/packages/ti/syslink/lib/syslink.a_release(ProcMgr.o)
 .bss           0x0004f670        0x4 /src/flex/ti-dsp/syslink_2_21_00_03/packages/ti/syslink/lib/syslink.a_release(ProcMgrDrvUsr.o)
 .bss           0x0004f674        0x0 /src/flex/ti-dsp/syslink_2_21_00_03/packages/ti/syslink/lib/syslink.a_release(FrameQ_common.o)
 .bss           0x0004f674      0x120 /src/flex/ti-dsp/syslink_2_21_00_03/packages/ti/syslink/lib/syslink.a_release(SharedRegion.o)
 .bss           0x0004f794        0x4 /src/flex/ti-dsp/syslink_2_21_00_03/packages/ti/syslink/lib/syslink.a_release(ListMP.o)
 .bss           0x0004f798        0x4 /src/flex/ti-dsp/syslink_2_21_00_03/packages/ti/syslink/lib/syslink.a_release(MessageQ.o)
 .bss           0x0004f79c        0x8 /src/flex/ti-dsp/syslink_2_21_00_03/packages/ti/syslink/lib/syslink.a_release(SharedRegionDrv.o)
 .bss           0x0004f7a4        0x8 /src/flex/ti-dsp/syslink_2_21_00_03/packages/ti/syslink/lib/syslink.a_release(ListMPDrv.o)
 .bss           0x0004f7ac        0x8 /src/flex/ti-dsp/syslink_2_21_00_03/packages/ti/syslink/lib/syslink.a_release(MessageQDrv.o)
 .bss           0x0004f7b4        0x0 /home/jreese/CodeSourcery/Sourcery_G++_Lite/bin/../arm-none-linux-gnueabi/libc/usr/lib/libc_nonshared.a(elf-init.oS)
 .bss           0x0004f7b4        0x0 /home/jreese/CodeSourcery/Sourcery_G++_Lite/bin/../lib/gcc/arm-none-linux-gnueabi/4.3.3/libgcc.a(_udivsi3.o)
 .bss           0x0004f7b4        0x0 /home/jreese/CodeSourcery/Sourcery_G++_Lite/bin/../lib/gcc/arm-none-linux-gnueabi/4.3.3/libgcc.a(_dvmd_lnx.o)
 .bss           0x0004f7b4        0x0 /home/jreese/CodeSourcery/Sourcery_G++_Lite/bin/../lib/gcc/arm-none-linux-gnueabi/4.3.3/crtend.o
 .bss           0x0004f7b4        0x0 /home/jreese/CodeSourcery/Sourcery_G++_Lite/bin/../arm-none-linux-gnueabi/libc/usr/lib/crtn.o
 *(COMMON)
 COMMON         0x0004f7b4        0x4 /src/flex/ti-dsp/syslink_2_21_00_03/packages/ti/syslink/lib/syslink.a_release(NameServer.o)
                0x0004f7b4                NameServer_Object
                0x0004f7b8                . = ALIGN ((. != 0x0)?0x4:0x1)
                0x0004f7b8                _bss_end__ = .
                0x0004f7b8                __bss_end__ = .
                0x0004f7b8                . = ALIGN (0x4)
                0x0004f7b8                . = ALIGN (0x4)
                0x0004f7b8                __end__ = .
                0x0004f7b8                _end = .
                0x0004f7b8                PROVIDE (end, .)
                0x0004f7b8                . = DATA_SEGMENT_END (.)

.stab
 *(.stab)

.stabstr
 *(.stabstr)

.stab.excl
 *(.stab.excl)

.stab.exclstr
 *(.stab.exclstr)

.stab.index
 *(.stab.index)

.stab.indexstr
 *(.stab.indexstr)

.ARM.attributes
                0x00000000       0x2d
 .ARM.attributes
                0x00000000       0x2d /home/jreese/CodeSourcery/Sourcery_G++_Lite/bin/../arm-none-linux-gnueabi/libc/usr/lib/crt1.o
 .ARM.attributes
                0x0000002d       0x31 /home/jreese/CodeSourcery/Sourcery_G++_Lite/bin/../arm-none-linux-gnueabi/libc/usr/lib/crti.o
 .ARM.attributes
                0x0000005e       0x31 /home/jreese/CodeSourcery/Sourcery_G++_Lite/bin/../lib/gcc/arm-none-linux-gnueabi/4.3.3/crtbegin.o
 .ARM.attributes
                0x0000008f       0x2a bin/release/obj/main_host.ov5T
 .ARM.attributes
                0x000000b9       0x2a bin/release/obj/App.ov5T
 .ARM.attributes
                0x000000e3       0x31 /src/flex/ti-dsp/syslink_2_21_00_03/packages/ti/syslink/lib/syslink.a_release(Notify.o)
 .ARM.attributes
                0x00000114       0x31 /src/flex/ti-dsp/syslink_2_21_00_03/packages/ti/syslink/lib/syslink.a_release(Ipc.o)
 .ARM.attributes
                0x00000145       0x31 /src/flex/ti-dsp/syslink_2_21_00_03/packages/ti/syslink/lib/syslink.a_release(RingIO.o)
 .ARM.attributes
                0x00000176       0x31 /src/flex/ti-dsp/syslink_2_21_00_03/packages/ti/syslink/lib/syslink.a_release(RingIOShm.o)
 .ARM.attributes
                0x000001a7       0x31 /src/flex/ti-dsp/syslink_2_21_00_03/packages/ti/syslink/lib/syslink.a_release(FrameQ.o)
 .ARM.attributes
                0x000001d8       0x31 /src/flex/ti-dsp/syslink_2_21_00_03/packages/ti/syslink/lib/syslink.a_release(FrameQBufMgr.o)
 .ARM.attributes
                0x00000209       0x31 /src/flex/ti-dsp/syslink_2_21_00_03/packages/ti/syslink/lib/syslink.a_release(ClientNotifyMgr.o)
 .ARM.attributes
                0x0000023a       0x31 /src/flex/ti-dsp/syslink_2_21_00_03/packages/ti/syslink/lib/syslink.a_release(HeapMemMP.o)
 .ARM.attributes
                0x0000026b       0x31 /src/flex/ti-dsp/syslink_2_21_00_03/packages/ti/syslink/lib/syslink.a_release(HeapBufMP.o)
 .ARM.attributes
                0x0000029c       0x31 /src/flex/ti-dsp/syslink_2_21_00_03/packages/ti/syslink/lib/syslink.a_release(GateMP.o)
 .ARM.attributes
                0x000002cd       0x31 /src/flex/ti-dsp/syslink_2_21_00_03/packages/ti/syslink/lib/syslink.a_release(NotifyDrvUsr.o)
 .ARM.attributes
                0x000002fe       0x31 /src/flex/ti-dsp/syslink_2_21_00_03/packages/ti/syslink/lib/syslink.a_release(HeapBufMPDrv.o)
 .ARM.attributes
                0x0000032f       0x31 /src/flex/ti-dsp/syslink_2_21_00_03/packages/ti/syslink/lib/syslink.a_release(IpcDrv.o)
 .ARM.attributes
                0x00000360       0x31 /src/flex/ti-dsp/syslink_2_21_00_03/packages/ti/syslink/lib/syslink.a_release(FrameQDrv.o)
 .ARM.attributes
                0x00000391       0x31 /src/flex/ti-dsp/syslink_2_21_00_03/packages/ti/syslink/lib/syslink.a_release(FrameQBufMgrDrv.o)
 .ARM.attributes
                0x000003c2       0x31 /src/flex/ti-dsp/syslink_2_21_00_03/packages/ti/syslink/lib/syslink.a_release(ClientNotifyMgrDrv.o)
 .ARM.attributes
                0x000003f3       0x31 /src/flex/ti-dsp/syslink_2_21_00_03/packages/ti/syslink/lib/syslink.a_release(RingIODrv.o)
 .ARM.attributes
                0x00000424       0x31 /src/flex/ti-dsp/syslink_2_21_00_03/packages/ti/syslink/lib/syslink.a_release(RingIOShmDrv.o)
 .ARM.attributes
                0x00000455       0x31 /src/flex/ti-dsp/syslink_2_21_00_03/packages/ti/syslink/lib/syslink.a_release(HeapMemMPDrv.o)
 .ARM.attributes
                0x00000486       0x31 /src/flex/ti-dsp/syslink_2_21_00_03/packages/ti/syslink/lib/syslink.a_release(GateMPDrv.o)
 .ARM.attributes
                0x000004b7       0x31 /src/flex/ti-dsp/syslink_2_21_00_03/packages/ti/syslink/lib/syslink.a_release(OsalProcess.o)
 .ARM.attributes
                0x000004e8       0x31 /src/flex/ti-dsp/syslink_2_21_00_03/packages/ti/syslink/lib/syslink.a_release(GateMutex.o)
 .ARM.attributes
                0x00000519       0x31 /src/flex/ti-dsp/syslink_2_21_00_03/packages/ti/syslink/lib/syslink.a_release(Memory.o)
 .ARM.attributes
                0x0000054a       0x31 /src/flex/ti-dsp/syslink_2_21_00_03/packages/ti/syslink/lib/syslink.a_release(List.o)
 .ARM.attributes
                0x0000057b       0x31 /src/flex/ti-dsp/syslink_2_21_00_03/packages/ti/syslink/lib/syslink.a_release(String.o)
 .ARM.attributes
                0x000005ac       0x31 /src/flex/ti-dsp/syslink_2_21_00_03/packages/ti/syslink/lib/syslink.a_release(NameServer.o)
 .ARM.attributes
                0x000005dd       0x31 /src/flex/ti-dsp/syslink_2_21_00_03/packages/ti/syslink/lib/syslink.a_release(MultiProc.o)
 .ARM.attributes
                0x0000060e       0x31 /src/flex/ti-dsp/syslink_2_21_00_03/packages/ti/syslink/lib/syslink.a_release(Gate.o)
 .ARM.attributes
                0x0000063f       0x31 /src/flex/ti-dsp/syslink_2_21_00_03/packages/ti/syslink/lib/syslink.a_release(SysLink.o)
 .ARM.attributes
                0x00000670       0x31 /src/flex/ti-dsp/syslink_2_21_00_03/packages/ti/syslink/lib/syslink.a_release(Cache.o)
 .ARM.attributes
                0x000006a1       0x31 /src/flex/ti-dsp/syslink_2_21_00_03/packages/ti/syslink/lib/syslink.a_release(NameServerDrv.o)
 .ARM.attributes
                0x000006d2       0x31 /src/flex/ti-dsp/syslink_2_21_00_03/packages/ti/syslink/lib/syslink.a_release(MultiProcDrv.o)
 .ARM.attributes
                0x00000703       0x31 /src/flex/ti-dsp/syslink_2_21_00_03/packages/ti/syslink/lib/syslink.a_release(CacheDrv.o)
 .ARM.attributes
                0x00000734       0x31 /src/flex/ti-dsp/syslink_2_21_00_03/packages/ti/syslink/lib/syslink.a_release(Dev.o)
 .ARM.attributes
                0x00000765       0x31 /src/flex/ti-dsp/syslink_2_21_00_03/packages/ti/syslink/lib/syslink.a_release(MemoryOS.o)
 .ARM.attributes
                0x00000796       0x31 /src/flex/ti-dsp/syslink_2_21_00_03/packages/ti/syslink/lib/syslink.a_release(OsalDrv.o)
 .ARM.attributes
                0x000007c7       0x31 /src/flex/ti-dsp/syslink_2_21_00_03/packages/ti/syslink/lib/syslink.a_release(OsalMutex.o)
 .ARM.attributes
                0x000007f8       0x31 /src/flex/ti-dsp/syslink_2_21_00_03/packages/ti/syslink/lib/syslink.a_release(OsalSemaphore.o)
 .ARM.attributes
                0x00000829       0x31 /src/flex/ti-dsp/syslink_2_21_00_03/packages/ti/syslink/lib/syslink.a_release(ProcMgr.o)
 .ARM.attributes
                0x0000085a       0x31 /src/flex/ti-dsp/syslink_2_21_00_03/packages/ti/syslink/lib/syslink.a_release(ProcMgrDrvUsr.o)
 .ARM.attributes
                0x0000088b       0x31 /src/flex/ti-dsp/syslink_2_21_00_03/packages/ti/syslink/lib/syslink.a_release(FrameQ_common.o)
 .ARM.attributes
                0x000008bc       0x31 /src/flex/ti-dsp/syslink_2_21_00_03/packages/ti/syslink/lib/syslink.a_release(SharedRegion.o)
 .ARM.attributes
                0x000008ed       0x31 /src/flex/ti-dsp/syslink_2_21_00_03/packages/ti/syslink/lib/syslink.a_release(ListMP.o)
 .ARM.attributes
                0x0000091e       0x31 /src/flex/ti-dsp/syslink_2_21_00_03/packages/ti/syslink/lib/syslink.a_release(MessageQ.o)
 .ARM.attributes
                0x0000094f       0x31 /src/flex/ti-dsp/syslink_2_21_00_03/packages/ti/syslink/lib/syslink.a_release(SharedRegionDrv.o)
 .ARM.attributes
                0x00000980       0x31 /src/flex/ti-dsp/syslink_2_21_00_03/packages/ti/syslink/lib/syslink.a_release(ListMPDrv.o)
 .ARM.attributes