Archive member included because of file (symbol)

/src/flex/ti-dsp/syslink_2_21_00_03/packages/ti/syslink/lib/syslink.a_debug(Notify.o)
                              bin/debug/obj/App.ov5T (Notify_registerEvent)
/src/flex/ti-dsp/syslink_2_21_00_03/packages/ti/syslink/lib/syslink.a_debug(Ipc.o)
                              bin/debug/obj/main_host.ov5T (Ipc_control)
/src/flex/ti-dsp/syslink_2_21_00_03/packages/ti/syslink/lib/syslink.a_debug(RingIO.o)
                              /src/flex/ti-dsp/syslink_2_21_00_03/packages/ti/syslink/lib/syslink.a_debug(Ipc.o) (RingIO_getConfig)
/src/flex/ti-dsp/syslink_2_21_00_03/packages/ti/syslink/lib/syslink.a_debug(RingIOShm.o)
                              /src/flex/ti-dsp/syslink_2_21_00_03/packages/ti/syslink/lib/syslink.a_debug(Ipc.o) (RingIOShm_getConfig)
/src/flex/ti-dsp/syslink_2_21_00_03/packages/ti/syslink/lib/syslink.a_debug(FrameQ.o)
                              /src/flex/ti-dsp/syslink_2_21_00_03/packages/ti/syslink/lib/syslink.a_debug(Ipc.o) (FrameQ_getConfig)
/src/flex/ti-dsp/syslink_2_21_00_03/packages/ti/syslink/lib/syslink.a_debug(FrameQBufMgr.o)
                              /src/flex/ti-dsp/syslink_2_21_00_03/packages/ti/syslink/lib/syslink.a_debug(Ipc.o) (FrameQBufMgr_getConfig)
/src/flex/ti-dsp/syslink_2_21_00_03/packages/ti/syslink/lib/syslink.a_debug(ClientNotifyMgr.o)
                              /src/flex/ti-dsp/syslink_2_21_00_03/packages/ti/syslink/lib/syslink.a_debug(RingIO.o) (ClientNotifyMgr_sharedMemReq)
/src/flex/ti-dsp/syslink_2_21_00_03/packages/ti/syslink/lib/syslink.a_debug(HeapMemMP.o)
                              /src/flex/ti-dsp/syslink_2_21_00_03/packages/ti/syslink/lib/syslink.a_debug(Ipc.o) (HeapMemMP_getConfig)
/src/flex/ti-dsp/syslink_2_21_00_03/packages/ti/syslink/lib/syslink.a_debug(HeapBufMP.o)
                              /src/flex/ti-dsp/syslink_2_21_00_03/packages/ti/syslink/lib/syslink.a_debug(Ipc.o) (HeapBufMP_getConfig)
/src/flex/ti-dsp/syslink_2_21_00_03/packages/ti/syslink/lib/syslink.a_debug(GateMP.o)
                              /src/flex/ti-dsp/syslink_2_21_00_03/packages/ti/syslink/lib/syslink.a_debug(Ipc.o) (GateMP_getConfig)
/src/flex/ti-dsp/syslink_2_21_00_03/packages/ti/syslink/lib/syslink.a_debug(NotifyDrvUsr.o)
                              /src/flex/ti-dsp/syslink_2_21_00_03/packages/ti/syslink/lib/syslink.a_debug(Notify.o) (NotifyDrvUsr_open)
/src/flex/ti-dsp/syslink_2_21_00_03/packages/ti/syslink/lib/syslink.a_debug(HeapBufMPDrv.o)
                              /src/flex/ti-dsp/syslink_2_21_00_03/packages/ti/syslink/lib/syslink.a_debug(HeapBufMP.o) (HeapBufMPDrv_open)
/src/flex/ti-dsp/syslink_2_21_00_03/packages/ti/syslink/lib/syslink.a_debug(IpcDrv.o)
                              /src/flex/ti-dsp/syslink_2_21_00_03/packages/ti/syslink/lib/syslink.a_debug(Ipc.o) (IpcDrv_open)
/src/flex/ti-dsp/syslink_2_21_00_03/packages/ti/syslink/lib/syslink.a_debug(FrameQDrv.o)
                              /src/flex/ti-dsp/syslink_2_21_00_03/packages/ti/syslink/lib/syslink.a_debug(FrameQ.o) (FrameQDrv_open)
/src/flex/ti-dsp/syslink_2_21_00_03/packages/ti/syslink/lib/syslink.a_debug(FrameQBufMgrDrv.o)
                              /src/flex/ti-dsp/syslink_2_21_00_03/packages/ti/syslink/lib/syslink.a_debug(FrameQBufMgr.o) (FrameQBufMgrDrv_open)
/src/flex/ti-dsp/syslink_2_21_00_03/packages/ti/syslink/lib/syslink.a_debug(ClientNotifyMgrDrv.o)
                              /src/flex/ti-dsp/syslink_2_21_00_03/packages/ti/syslink/lib/syslink.a_debug(ClientNotifyMgr.o) (ClientNotifyMgrDrv_open)
/src/flex/ti-dsp/syslink_2_21_00_03/packages/ti/syslink/lib/syslink.a_debug(RingIODrv.o)
                              /src/flex/ti-dsp/syslink_2_21_00_03/packages/ti/syslink/lib/syslink.a_debug(RingIO.o) (RingIODrv_open)
/src/flex/ti-dsp/syslink_2_21_00_03/packages/ti/syslink/lib/syslink.a_debug(RingIOShmDrv.o)
                              /src/flex/ti-dsp/syslink_2_21_00_03/packages/ti/syslink/lib/syslink.a_debug(RingIOShm.o) (RingIOShmDrv_open)
/src/flex/ti-dsp/syslink_2_21_00_03/packages/ti/syslink/lib/syslink.a_debug(HeapMemMPDrv.o)
                              /src/flex/ti-dsp/syslink_2_21_00_03/packages/ti/syslink/lib/syslink.a_debug(HeapMemMP.o) (HeapMemMPDrv_open)
/src/flex/ti-dsp/syslink_2_21_00_03/packages/ti/syslink/lib/syslink.a_debug(GateMPDrv.o)
                              /src/flex/ti-dsp/syslink_2_21_00_03/packages/ti/syslink/lib/syslink.a_debug(GateMP.o) (GateMPDrv_open)
/src/flex/ti-dsp/syslink_2_21_00_03/packages/ti/syslink/lib/syslink.a_debug(OsalProcess.o)
                              /src/flex/ti-dsp/syslink_2_21_00_03/packages/ti/syslink/lib/syslink.a_debug(Ipc.o) (OsalProcess_getPid)
/src/flex/ti-dsp/syslink_2_21_00_03/packages/ti/syslink/lib/syslink.a_debug(GateMutex.o)
                              /src/flex/ti-dsp/syslink_2_21_00_03/packages/ti/syslink/lib/syslink.a_debug(FrameQ.o) (GateMutex_create)
/src/flex/ti-dsp/syslink_2_21_00_03/packages/ti/syslink/lib/syslink.a_debug(Memory.o)
[...]
Memory Configuration

Name             Origin             Length             Attributes
*default*        0x00000000         0xffffffff

Linker script and memory map

LOAD /home/jreese/CodeSourcery/Sourcery_G++_Lite/bin/../arm-none-linux-gnueabi/libc/usr/lib/crt1.o
LOAD /home/jreese/CodeSourcery/Sourcery_G++_Lite/bin/../arm-none-linux-gnueabi/libc/usr/lib/crti.o
LOAD /home/jreese/CodeSourcery/Sourcery_G++_Lite/bin/../lib/gcc/arm-none-linux-gnueabi/4.3.3/crtbegin.o
LOAD bin/debug/obj/main_host.ov5T
LOAD bin/debug/obj/App.ov5T
LOAD /src/flex/ti-dsp/syslink_2_21_00_03/packages/ti/syslink/lib/syslink.a_debug
LOAD /home/jreese/CodeSourcery/Sourcery_G++_Lite/bin/../arm-none-linux-gnueabi/libc/usr/lib/libpthread.so
START GROUP
LOAD /home/jreese/CodeSourcery/Sourcery_G++_Lite/bin/../arm-none-linux-gnueabi/libc/lib/libpthread.so.0
LOAD /home/jreese/CodeSourcery/Sourcery_G++_Lite/bin/../arm-none-linux-gnueabi/libc/usr/lib/libpthread_nonshared.a
END GROUP
LOAD /home/jreese/CodeSourcery/Sourcery_G++_Lite/bin/../arm-none-linux-gnueabi/libc/usr/lib/libc.so
START GROUP
LOAD /home/jreese/CodeSourcery/Sourcery_G++_Lite/bin/../arm-none-linux-gnueabi/libc/lib/libc.so.6
LOAD /home/jreese/CodeSourcery/Sourcery_G++_Lite/bin/../arm-none-linux-gnueabi/libc/usr/lib/libc_nonshared.a
LOAD /home/jreese/CodeSourcery/Sourcery_G++_Lite/bin/../arm-none-linux-gnueabi/libc/lib/ld-linux.so.3
END GROUP
LOAD /home/jreese/CodeSourcery/Sourcery_G++_Lite/bin/../arm-none-linux-gnueabi/libc/usr/lib/librt.so
LOAD /home/jreese/CodeSourcery/Sourcery_G++_Lite/bin/../lib/gcc/arm-none-linux-gnueabi/4.3.3/libgcc.a
LOAD /home/jreese/CodeSourcery/Sourcery_G++_Lite/bin/../arm-none-linux-gnueabi/libc/lib/libgcc_s.so
LOAD /home/jreese/CodeSourcery/Sourcery_G++_Lite/bin/../arm-none-linux-gnueabi/libc/usr/lib/libc.so
START GROUP
LOAD /home/jreese/CodeSourcery/Sourcery_G++_Lite/bin/../arm-none-linux-gnueabi/libc/lib/libc.so.6
LOAD /home/jreese/CodeSourcery/Sourcery_G++_Lite/bin/../arm-none-linux-gnueabi/libc/usr/lib/libc_nonshared.a
LOAD /home/jreese/CodeSourcery/Sourcery_G++_Lite/bin/../arm-none-linux-gnueabi/libc/lib/ld-linux.so.3
END GROUP
LOAD /home/jreese/CodeSourcery/Sourcery_G++_Lite/bin/../lib/gcc/arm-none-linux-gnueabi/4.3.3/libgcc.a
LOAD /home/jreese/CodeSourcery/Sourcery_G++_Lite/bin/../arm-none-linux-gnueabi/libc/lib/libgcc_s.so
LOAD /home/jreese/CodeSourcery/Sourcery_G++_Lite/bin/../lib/gcc/arm-none-linux-gnueabi/4.3.3/crtend.o
LOAD /home/jreese/CodeSourcery/Sourcery_G++_Lite/bin/../arm-none-linux-gnueabi/libc/usr/lib/crtn.o
                0x00008000                PROVIDE (__executable_start, 0x8000)
                0x00008134                . = (0x8000 + SIZEOF_HEADERS)

.interp         0x00008134       0x13
 *(.interp)
 .interp        0x00008134       0x13 /home/jreese/CodeSourcery/Sourcery_G++_Lite/bin/../arm-none-linux-gnueabi/libc/usr/lib/crti.o

.note.ABI-tag   0x00008148       0x20
 .note.ABI-tag  0x00008148       0x20 /home/jreese/CodeSourcery/Sourcery_G++_Lite/bin/../arm-none-linux-gnueabi/libc/usr/lib/crt1.o

.note.gnu.build-id
 *(.note.gnu.build-id)

.hash           0x00008168      0x158
 *(.hash)
 .hash          0x00008168      0x158 /home/jreese/CodeSourcery/Sourcery_G++_Lite/bin/../arm-none-linux-gnueabi/libc/usr/lib/crti.o

.gnu.hash
 *(.gnu.hash)

.dynsym         0x000082c0      0x2f0
 *(.dynsym)
 .dynsym        0x000082c0      0x2f0 /home/jreese/CodeSourcery/Sourcery_G++_Lite/bin/../arm-none-linux-gnueabi/libc/usr/lib/crti.o

.dynstr         0x000085b0      0x21c
 *(.dynstr)
 .dynstr        0x000085b0      0x21c /home/jreese/CodeSourcery/Sourcery_G++_Lite/bin/../arm-none-linux-gnueabi/libc/usr/lib/crti.o

.gnu.version    0x000087cc       0x5e
 *(.gnu.version)
 .gnu.version   0x000087cc       0x5e /home/jreese/CodeSourcery/Sourcery_G++_Lite/bin/../arm-none-linux-gnueabi/libc/usr/lib/crti.o

.gnu.version_d  0x0000882c        0x0 load address 0x0000882a
 *(.gnu.version_d)
 .gnu.version_d
                0x00000000        0x0 /home/jreese/CodeSourcery/Sourcery_G++_Lite/bin/../arm-none-linux-gnueabi/libc/usr/lib/crti.o

.gnu.version_r  0x0000882c       0x60
 *(.gnu.version_r)
 .gnu.version_r
                0x0000882c       0x60 /home/jreese/CodeSourcery/Sourcery_G++_Lite/bin/../arm-none-linux-gnueabi/libc/usr/lib/crti.o

.rel.dyn        0x0000888c       0x18
 *(.rel.init)
 *(.rel.text .rel.text.* .rel.gnu.linkonce.t.*)
 *(.rel.fini)
 *(.rel.rodata .rel.rodata.* .rel.gnu.linkonce.r.*)
 *(.rel.data.rel.ro* .rel.gnu.linkonce.d.rel.ro.*)
 *(.rel.data .rel.data.* .rel.gnu.linkonce.d.*)
 *(.rel.tdata .rel.tdata.* .rel.gnu.linkonce.td.*)
 *(.rel.tbss .rel.tbss.* .rel.gnu.linkonce.tb.*)
 *(.rel.ctors)
 *(.rel.dtors)
 *(.rel.got)
 .rel.got       0x0000888c       0x10 /home/jreese/CodeSourcery/Sourcery_G++_Lite/bin/../arm-none-linux-gnueabi/libc/usr/lib/crti.o
 *(.rel.bss .rel.bss.* .rel.gnu.linkonce.b.*)
 .rel.bss       0x0000889c        0x8 /home/jreese/CodeSourcery/Sourcery_G++_Lite/bin/../arm-none-linux-gnueabi/libc/usr/lib/crti.o

.rel.ifunc.dyn
 *(.rel.ifunc.*)

.rela.dyn
 *(.rela.init)
 *(.rela.text .rela.text.* .rela.gnu.linkonce.t.*)
 *(.rela.fini)
 *(.rela.rodata .rela.rodata.* .rela.gnu.linkonce.r.*)
 *(.rela.data .rela.data.* .rela.gnu.linkonce.d.*)
 *(.rela.tdata .rela.tdata.* .rela.gnu.linkonce.td.*)
 *(.rela.tbss .rela.tbss.* .rela.gnu.linkonce.tb.*)
 *(.rela.ctors)
 *(.rela.dtors)
 *(.rela.got)
 *(.rela.bss .rela.bss.* .rela.gnu.linkonce.b.*)

.rela.ifunc.dyn
 *(.rela.ifunc.*)

.rel.plt        0x000088a4      0x148
 *(.rel.plt)
 .rel.plt       0x000088a4      0x148 /home/jreese/CodeSourcery/Sourcery_G++_Lite/bin/../arm-none-linux-gnueabi/libc/usr/lib/crti.o

.rela.plt
 *(.rela.plt)

.init           0x000089ec        0xc
 *(.init)
 .init          0x000089ec        0x8 /home/jreese/CodeSourcery/Sourcery_G++_Lite/bin/../arm-none-linux-gnueabi/libc/usr/lib/crti.o
                0x000089ec                _init
 .init          0x000089f4        0x4 /home/jreese/CodeSourcery/Sourcery_G++_Lite/bin/../arm-none-linux-gnueabi/libc/usr/lib/crtn.o

.plt            0x000089f8      0x200
 *(.plt)
 .plt           0x000089f8      0x200 /home/jreese/CodeSourcery/Sourcery_G++_Lite/bin/../arm-none-linux-gnueabi/libc/usr/lib/crti.o
                0x00008a0c                open@@GLIBC_2.4
                0x00008a18                mmap@@GLIBC_2.4
                0x00008a24                abort@@GLIBC_2.4
                0x00008a30                pthread_exit@@GLIBC_2.4
                0x00008a3c                __libc_start_main@@GLIBC_2.4
                0x00008a54                vsprintf@@GLIBC_2.4
                0x00008a60                getenv@@GLIBC_2.4
                0x00008a6c                sem_init@@GLIBC_2.4
                0x00008a78                memset@@GLIBC_2.4
                0x00008a84                sem_destroy@@GLIBC_2.4
                0x00008a90                perror@@GLIBC_2.4
                0x00008a9c                usleep@@GLIBC_2.4
                0x00008aa8                free@@GLIBC_2.4
                0x00008ab4                read@@GLIBC_2.4
                0x00008ac0                pthread_mutex_unlock@@GLIBC_2.4
                0x00008acc                ioctl@@GLIBC_2.4
                0x00008ad8                pthread_mutex_lock@@GLIBC_2.4
                0x00008ae4                strlen@@GLIBC_2.4
                0x00008af0                pthread_create@@GLIBC_2.4
                0x00008afc                memcpy@@GLIBC_2.4
                0x00008b08                sem_post@@GLIBC_2.4
                0x00008b14                pthread_sigmask@@GLIBC_2.4
                0x00008b20                printf@@GLIBC_2.4
                0x00008b2c                raise@@GLIBC_2.4
                0x00008b38                pthread_mutex_init@@GLIBC_2.4
                0x00008b44                close@@GLIBC_2.4
                0x00008b50                fwrite@@GLIBC_2.4
                0x00008b5c                malloc@@GLIBC_2.4
                0x00008b68                sigfillset@@GLIBC_2.4
                0x00008b74                puts@@GLIBC_2.4
                0x00008b80                getpid@@GLIBC_2.4
                0x00008b8c                fcntl@@GLIBC_2.4
                0x00008b98                munmap@@GLIBC_2.4
                0x00008ba4                nanosleep@@GLIBC_2.4
                0x00008bb0                sem_wait@@GLIBC_2.4
                0x00008bbc                exit@@GLIBC_2.4
                0x00008bc8                __errno_location@@GLIBC_2.4
                0x00008bd4                pthread_self@@GLIBC_2.4
                0x00008be0                pthread_join@@GLIBC_2.4
                0x00008bec                getpagesize@@GLIBC_2.4

.text           0x00008bf8    0x3c698
 *(.text .stub .text.* .gnu.linkonce.t.*)
 .text          0x00008bf8       0x38 /home/jreese/CodeSourcery/Sourcery_G++_Lite/bin/../arm-none-linux-gnueabi/libc/usr/lib/crt1.o
                0x00008bf8                _start
 .text          0x00008c30       0x24 /home/jreese/CodeSourcery/Sourcery_G++_Lite/bin/../arm-none-linux-gnueabi/libc/usr/lib/crti.o
 .text          0x00008c54       0x4c /home/jreese/CodeSourcery/Sourcery_G++_Lite/bin/../lib/gcc/arm-none-linux-gnueabi/4.3.3/crtbegin.o
 .text          0x00008ca0      0x5d8 bin/debug/obj/main_host.ov5T
                0x00008ca0                main
 .text          0x00009278      0xbdc bin/debug/obj/App.ov5T
                0x00009a38                App_delete
                0x000096d8                App_exec
                0x00009278                App_create
 .text          0x00009e54     0x2af0 /src/flex/ti-dsp/syslink_2_21_00_03/packages/ti/syslink/lib/syslink.a_debug(Notify.o)
                0x00009e54                Notify_getConfig
                0x0000ac24                Notify_registerEventSingle
                0x0000c0d0                Notify_restore
                0x0000bb40                Notify_sendEvent
                0x0000c2c4                Notify_disableEvent
                0x0000a9f4                Notify_intLineRegistered
                0x0000a5bc                Notify_sharedMemReq
                0x0000b790                Notify_unregisterEvent
                0x00009ff4                Notify_setup
                0x0000b420                Notify_unregisterEventSingle
                0x0000a754                Notify_eventAvailable
                0x0000a1e4                Notify_destroy
                0x0000a4ac                Notify_detach
                0x0000a318                Notify_attach
                0x0000b020                Notify_registerEvent
                0x0000bed0                Notify_disable
                0x0000c604                Notify_enableEvent
 .text          0x0000c944     0x1aa0 /src/flex/ti-dsp/syslink_2_21_00_03/packages/ti/syslink/lib/syslink.a_debug(Ipc.o)
                0x0000e040                Ipc_writeConfig
                0x0000e330                Ipc_runtimeId
                0x0000dbcc                Ipc_control
                0x0000d428                Ipc_destroy
                0x0000cb7c                Ipc_setup
                0x0000c944                Ipc_getConfig
                0x0000df24                Ipc_readConfig
 .text          0x0000e3e4     0x3040 /src/flex/ti-dsp/syslink_2_21_00_03/packages/ti/syslink/lib/syslink.a_debug(RingIO.o)
                0x0000fff4                RingIO_unregisterNotifier
                0x0000e704                RingIO_destroy
                0x0000fa88                RingIO_close
                0x0000e3e4                RingIO_getConfig
                0x000110ec                RingIO_flush
                0x00010ef4                RingIO_setAttribute
                0x000102f0                RingIO_getValidSize
                0x00011210                RingIO_sendNotify
                0x000112f4                RingIO_sharedMemReq
                0x0000efc4                RingIO_delete
                0x0000f684                RingIO_openByAddr
                0x00010818                RingIO_getWaterMark
                0x0000e830                RingIO_Params_init
                0x00010584                RingIO_getEmptyAttrSize
                0x00010b64                RingIO_release
                0x00010660                RingIO_getAcquiredOffset
                0x0000fd64                RingIO_registerNotifier
                0x000101b4                RingIO_setNotifyType
                0x0000f284                RingIO_open
                0x00010dc8                RingIO_getvAttribute
                0x000109c8                RingIO_acquire
                0x000103cc                RingIO_getEmptySize
                0x000108f4                RingIO_setWaterMark
                0x00010c38                RingIO_cancel
                0x00010cf4                RingIO_getAttribute
                0x0000e9bc                RingIO_create
                0x000104a8                RingIO_getValidAttrSize
                0x0000e568                RingIO_setup
                0x00010fd8                RingIO_setvAttribute
                0x0001073c                RingIO_getAcquiredSize
 .text          0x00011424      0x5d4 /src/flex/ti-dsp/syslink_2_21_00_03/packages/ti/syslink/lib/syslink.a_debug(RingIOShm.o)
                0x000115a8                RingIOShm_setup
                0x0001186c                RingIOShm_Params_init
                0x00011744                RingIOShm_destroy
                0x00011424                RingIOShm_getConfig
 .text          0x000119f8     0x5bf8 /src/flex/ti-dsp/syslink_2_21_00_03/packages/ti/syslink/lib/syslink.a_debug(FrameQ.o)
                0x00013d48                FrameQ_freev
                0x00015b20                FrameQ_sendNotify
                0x00013ae0                FrameQ_free
                0x00013170                FrameQ_close
                0x00014bbc                FrameQ_getv
                0x00015078                FrameQ_registerNotifier
                0x000127e8                FrameQ_open
                0x000137e0                FrameQ_allocv
                0x00015508                FrameQ_unregisterNotifier
                0x00012054                FrameQ_create
                0x00013544                FrameQ_alloc
                0x000167ec                FrameQ_ShMem_Params_init
                0x000163dc                FrameQ_getvNumFreeFrames
                0x00016670                FrameQ_control
                0x0001585c                FrameQ_dup
                0x00017444                FrameQ_ShMem_sharedMemReq
                0x00015f9c                FrameQ_getvNumFrames
                0x00016984                FrameQ_Params_init
                0x0001405c                FrameQ_put
                0x000119f8                FrameQ_getConfig
                0x00016204                FrameQ_getNumFreeFrames
                0x0001485c                FrameQ_get
                0x00011e3c                FrameQ_destroy
                0x00015d3c                FrameQ_getNumFrames
                0x00011b94                FrameQ_setup
                0x000123f0                FrameQ_delete
                0x000143f8                FrameQ_putv
 .text          0x000175f0     0x5f20 /src/flex/ti-dsp/syslink_2_21_00_03/packages/ti/syslink/lib/syslink.a_debug(FrameQBufMgr.o)
                0x0001c3c0                FrameQBufMgr_getKnlHandle
                0x00019a00                FrameQBufMgr_freev
                0x0001ab5c                FrameQBufMgr_add
                0x00018d4c                FrameQBufMgr_close
                0x0001b2a0                FrameQBufMgr_writeBackFrameBuf
                0x0001c1d8                FrameQBufMgr_getId
                0x0001be88                FrameQBufMgr_translateAddr
                0x00017ffc                FrameQBufMgr_delete
                0x0001c660                FrameQBufMgr_getvNumFreeFrames
                0x0001a1b4                FrameQBufMgr_dupv
                0x0001c99c                FrameQBufMgr_isSupportedBufInterface
                0x0001920c                FrameQBufMgr_allocv
                0x00017a40                FrameQBufMgr_destroy
                0x000175f0                FrameQBufMgr_getConfig
                0x000196e0                FrameQBufMgr_free
                0x0001bb74                FrameQBufMgr_invalidate
                0x0001c27c                FrameQBufMgr_getHandle
                0x0001c48c                FrameQBufMgr_getNumFreeFrames
                0x0001b850                FrameQBufMgr_writeBack
                0x0001c95c                FrameQBufMgr_isSupportedInterface
                0x0001c9f8                FrameQBufMgr_ShMem_Params_init
                0x00017c74                FrameQBufMgr_create
                0x0001ae4c                FrameQBufMgr_writeBackHeaderBuf
                0x0001c8f4                FrameQBufMgr_getBaseHeaderSize
                0x00019e30                FrameQBufMgr_dup
                0x00018f1c                FrameQBufMgr_alloc
                0x0001a5a4                FrameQBufMgr_registerNotifier
                0x0001b578                FrameQBufMgr_invalidateFrameBuf
                0x00017794                FrameQBufMgr_setup
                0x0001acb8                FrameQBufMgr_remove
                0x0001cb90                FrameQBufMgr_Params_init
                0x0001a8c8                FrameQBufMgr_unregisterNotifier
                0x0001b06c                FrameQBufMgr_invalidateHeaderBuf
                0x00018430                FrameQBufMgr_open
 .text          0x0001d510     0x519c /src/flex/ti-dsp/syslink_2_21_00_03/packages/ti/syslink/lib/syslink.a_debug(ClientNotifyMgr.o)
                0x00020c00                ClientNotifyMgr_sendNotification
                0x0002216c                ClientNotifyMgr_sendForceNotificationMulti
                0x0001f854                ClientNotifyMgr_close
                0x00020930                ClientNotifyMgr_disableNotification
                0x0001d574                ClientNotifyMgr_sharedMemReq
                0x0001e74c                ClientNotifyMgr_create
                0x0001e400                ClientNotifyMgr_destroy
                0x0001d6ec                ClientNotifyMgr_callBack
                0x0001e064                ClientNotifyMgr_setup
                0x0001d510                ClientNotifyMgr_sharedMemModReq
                0x00021878                ClientNotifyMgr_sendNotificationMulti
                0x000200b4                ClientNotifyMgr_unregisterClient
                0x0001dec0                ClientNotifyMgr_getConfig
                0x00020658                ClientNotifyMgr_enableNotification
                0x000213d8                ClientNotifyMgr_sendForceNotification
                0x0001e5ac                ClientNotifyMgr_Params_init
                0x0001f138                ClientNotifyMgr_delete
                0x0001f97c                ClientNotifyMgr_registerClient
                0x0001f6d0                ClientNotifyMgr_open
 .text          0x000226ac     0x2440 /src/flex/ti-dsp/syslink_2_21_00_03/packages/ti/syslink/lib/syslink.a_debug(HeapMemMP.o)
                0x000226ac                HeapMemMP_getConfig
                0x00023eac                HeapMemMP_getStats
                0x00022c78                HeapMemMP_create
                0x000240d8                HeapMemMP_getExtendedStats
                0x000247b4                _HeapMemMP_create
                0x00024470                HeapMemMP_getKnlHandle
                0x00022838                HeapMemMP_setup
                0x000229c0                HeapMemMP_destroy
                0x00022af0                HeapMemMP_Params_init
                0x000245f8                HeapMemMP_getUsrHandle
                0x000237c4                HeapMemMP_close
                0x000242ec                HeapMemMP_sharedMemReq
                0x000249ac                HeapMemMP_restore
                0x00022f9c                HeapMemMP_delete
                0x00023c50                HeapMemMP_free
                0x00023a40                HeapMemMP_alloc
                0x00023220                HeapMemMP_openByAddr
                0x000234e8                HeapMemMP_open
 .text          0x00024aec     0x2268 /src/flex/ti-dsp/syslink_2_21_00_03/packages/ti/syslink/lib/syslink.a_debug(HeapBufMP.o)
                0x000250c8                HeapBufMP_create
                0x00025bf8                HeapBufMP_close
                0x00025650                HeapBufMP_openByAddr
                0x00026848                HeapBufMP_sharedMemReq
                0x00026520                HeapBufMP_isBlocking
                0x000262f0                HeapBufMP_getStats
                0x00024e08                HeapBufMP_destroy
                0x00024c78                HeapBufMP_setup
                0x00026b58                _HeapBufMP_create
                0x00025e78                HeapBufMP_alloc
                0x00024aec                HeapBufMP_getConfig
                0x00024f3c                HeapBufMP_Params_init
                0x000253d4                HeapBufMP_delete
                0x000269d0                HeapBufMP_getKnlHandle
                0x0002608c                HeapBufMP_free
                0x00025920                HeapBufMP_open
                0x00026614                HeapBufMP_getExtendedStats
 .text          0x00026d54     0x2224 /src/flex/ti-dsp/syslink_2_21_00_03/packages/ti/syslink/lib/syslink.a_debug(GateMP.o)
                0x00026d54                GateMP_getConfig
                0x00028ad4                GateMP_getDefaultRemote
                0x0002860c                GateMP_enter
                0x0002768c                GateMP_Instance_finalize
                0x00026eec                GateMP_setup
                0x00027a54                GateMP_delete
                0x00027fe0                GateMP_openByAddr
                0x000274d0                GateMP_Instance_init
                0x00028bd8                GateMP_getSharedAddr
                0x00028300                GateMP_close
                0x00027324                GateMP_Params_init
                0x00027cd4                GateMP_open
                0x00028d88                GateMP_getLocalProtect
                0x000276e8                _GateMP_create
                0x000289bc                GateMP_sharedMemReq
                0x000287dc                GateMP_leave
                0x00028dd8                GateMP_getRemoteProtect
                0x00027820                GateMP_create
                0x00028e28                GateMP_getKnlHandle
                0x00027164                GateMP_destroy
                0x00028cd0                GateMP_setReserved
 .text          0x00028f78      0x814 /src/flex/ti-dsp/syslink_2_21_00_03/packages/ti/syslink/lib/syslink.a_debug(NotifyDrvUsr.o)
                0x00029610                _NotifyDrvUsr_eventWorker
                0x000292f4                NotifyDrvUsr_close
                0x000294d0                NotifyDrvUsr_ioctl
                0x00028f78                NotifyDrvUsr_open
 .text          0x0002978c      0x484 /src/flex/ti-dsp/syslink_2_21_00_03/packages/ti/syslink/lib/syslink.a_debug(HeapBufMPDrv.o)
                0x0002978c                HeapBufMPDrv_open
                0x00029ad8                HeapBufMPDrv_ioctl
                0x000299bc                HeapBufMPDrv_close
 .text          0x00029c10      0x464 /src/flex/ti-dsp/syslink_2_21_00_03/packages/ti/syslink/lib/syslink.a_debug(IpcDrv.o)
                0x00029c10                IpcDrv_open
                0x00029f3c                IpcDrv_ioctl
                0x00029e20                IpcDrv_close
 .text          0x0002a074      0x3e8 /src/flex/ti-dsp/syslink_2_21_00_03/packages/ti/syslink/lib/syslink.a_debug(FrameQDrv.o)
                0x0002a324                FrameQDrv_ioctl
                0x0002a074                FrameQDrv_open
                0x0002a208                FrameQDrv_close
 .text          0x0002a45c      0x3e8 /src/flex/ti-dsp/syslink_2_21_00_03/packages/ti/syslink/lib/syslink.a_debug(FrameQBufMgrDrv.o)
                0x0002a45c                FrameQBufMgrDrv_open
                0x0002a5f0                FrameQBufMgrDrv_close
                0x0002a70c                FrameQBufMgrDrv_ioctl
 .text          0x0002a844      0x3e8 /src/flex/ti-dsp/syslink_2_21_00_03/packages/ti/syslink/lib/syslink.a_debug(ClientNotifyMgrDrv.o)
                0x0002a844                ClientNotifyMgrDrv_open
                0x0002aaf4                ClientNotifyMgrDrv_ioctl
                0x0002a9d8                ClientNotifyMgrDrv_close
 .text          0x0002ac2c      0x3e8 /src/flex/ti-dsp/syslink_2_21_00_03/packages/ti/syslink/lib/syslink.a_debug(RingIODrv.o)
                0x0002adc0                RingIODrv_close
                0x0002aedc                RingIODrv_ioctl
                0x0002ac2c                RingIODrv_open
 .text          0x0002b014      0x3e8 /src/flex/ti-dsp/syslink_2_21_00_03/packages/ti/syslink/lib/syslink.a_debug(RingIOShmDrv.o)
                0x0002b2c4                RingIOShmDrv_ioctl
                0x0002b1a8                RingIOShmDrv_close
                0x0002b014                RingIOShmDrv_open
 .text          0x0002b3fc      0x3ec /src/flex/ti-dsp/syslink_2_21_00_03/packages/ti/syslink/lib/syslink.a_debug(HeapMemMPDrv.o)
                0x0002b594                HeapMemMPDrv_close
                0x0002b6b0                HeapMemMPDrv_ioctl
                0x0002b3fc                HeapMemMPDrv_open
 .text          0x0002b7e8      0x3ec /src/flex/ti-dsp/syslink_2_21_00_03/packages/ti/syslink/lib/syslink.a_debug(GateMPDrv.o)
                0x0002b7e8                GateMPDrv_open
                0x0002b980                GateMPDrv_close
                0x0002ba9c                GateMPDrv_ioctl
 .text          0x0002bbd4       0x50 /src/flex/ti-dsp/syslink_2_21_00_03/packages/ti/syslink/lib/syslink.a_debug(OsalProcess.o)
                0x0002bbfc                OsalProcess_getTid
                0x0002bbd4                OsalProcess_getPid
 .text          0x0002bc24      0x5a8 /src/flex/ti-dsp/syslink_2_21_00_03/packages/ti/syslink/lib/syslink.a_debug(GateMutex.o)
                0x0002be98                GateMutex_leave
                0x0002c068                GateMutex_delete
                0x0002bf54                GateMutex_create
                0x0002bdc4                GateMutex_enter
                0x0002bc24                GateMutex_Instance_init
                0x0002bd2c                GateMutex_Instance_finalize
 .text          0x0002c1cc      0xa34 /src/flex/ti-dsp/syslink_2_21_00_03/packages/ti/syslink/lib/syslink.a_debug(Memory.o)
                0x0002c958                Memory_getMaxDefaultTypeAlign
                0x0002c6d0                Memory_getStats
                0x0002cb68                Memory_translate
                0x0002c974                Memory_valloc
                0x0002c3e4                Memory_calloc
                0x0002c1cc                Memory_alloc
                0x0002c804                Memory_query
                0x0002c570                Memory_free
 .text          0x0002cc00     0x15ec /src/flex/ti-dsp/syslink_2_21_00_03/packages/ti/syslink/lib/syslink.a_debug(List.o)
                0x0002d35c                List_get
                0x0002cf54                List_construct
                0x0002d47c                List_put
                0x0002d8ec                List_insert
                0x0002cc00                List_Params_init
                0x0002d048                List_destruct
                0x0002ccc8                List_create
                0x0002cde8                List_delete
                0x0002dabc                List_remove
                0x0002dd9c                List_dequeue
                0x0002d230                List_empty
                0x0002d5fc                List_next
                0x0002ded4                List_enqueue
                0x0002d144                List_elemClear
                0x0002e060                List_enqueueHead
                0x0002d740                List_prev
                0x0002dc2c                List_putHead
 .text          0x0002e1ec      0x600 /src/flex/ti-dsp/syslink_2_21_00_03/packages/ti/syslink/lib/syslink.a_debug(String.o)
                0x0002e750                String_hash
                0x0002e4f0                String_cpy
                0x0002e29c                String_cmp
                0x0002e3cc                String_ncmp
                0x0002e6bc                String_hexToStr
                0x0002e568                String_ncpy
                0x0002e1ec                String_cat
                0x0002e648                String_len
 .text          0x0002e7ec      0x53c /src/flex/ti-dsp/syslink_2_21_00_03/packages/ti/syslink/lib/syslink.a_debug(Trace.o)
                0x0002e7ec                _GT_0trace
                0x0002ead4                _GT_5trace
                0x0002ecbc                _GT_setTrace
                0x0002e86c                _GT_1trace
                0x0002ea28                _GT_4trace
                0x0002e98c                _GT_3trace
                0x0002e8f8                _GT_2trace
                0x0002eb90                _GT_6trace
                0x0002ec5c                _GT_setFailureReason
 .text          0x0002ed28     0x2de8 /src/flex/ti-dsp/syslink_2_21_00_03/packages/ti/syslink/lib/syslink.a_debug(NameServer.o)
                0x0002f2f0                NameServer_create
                0x00031448                NameServer_match
                0x00030af4                NameServer_getLocal
                0x00030048                NameServer_addUInt32
                0x0002f5a0                NameServer_delete
                0x0002fd04                NameServer_add
                0x0002f060                NameServer_destroy
                0x00031714                NameServer_getHandle
                0x0003118c                NameServer_getLocalUInt32
                0x0002eee0                NameServer_setup
                0x0002f15c                NameServer_Params_init
                0x00030474                NameServer_removeEntry
                0x0002f7e0                NameServer_open
                0x000306b0                NameServer_get
                0x0002fa9c                NameServer_close
                0x00030224                NameServer_remove
                0x00031940                NameServer_isRegistered
                0x00030eb8                NameServer_getUInt32
                0x0002ed28                NameServer_getConfig
 .text          0x00031b10      0xcd0 /src/flex/ti-dsp/syslink_2_21_00_03/packages/ti/syslink/lib/syslink.a_debug(MultiProc.o)
                0x00031e6c                MultiProc_destroy
                0x00032574                MultiProc_self
                0x00032500                MultiProc_getNumProcessors
                0x00031cc8                MultiProc_setup
                0x00031f68                MultiProc_setLocalId
                0x0003236c                MultiProc_getName
                0x0003216c                MultiProc_getId
                0x000325e8                MultiProc_getSlot
                0x00031b10                MultiProc_getConfig
 .text          0x000327e0      0x104 /src/flex/ti-dsp/syslink_2_21_00_03/packages/ti/syslink/lib/syslink.a_debug(Gate.o)
                0x00032844                Gate_leaveSystem
                0x000327e0                Gate_enterSystem
 .text          0x000328e4      0x178 /src/flex/ti-dsp/syslink_2_21_00_03/packages/ti/syslink/lib/syslink.a_debug(SysLink.o)
                0x00032a0c                SysLink_destroy
                0x000328e4                SysLink_setup
 .text          0x00032a5c      0x4c0 /src/flex/ti-dsp/syslink_2_21_00_03/packages/ti/syslink/lib/syslink.a_debug(Cache.o)
                0x00032e2c                Cache_setMode
                0x00032d74                Cache_wait
                0x00032a5c                Cache_inv
                0x00032b64                Cache_wb
                0x00032c6c                Cache_wbInv
 .text          0x00032f1c      0x484 /src/flex/ti-dsp/syslink_2_21_00_03/packages/ti/syslink/lib/syslink.a_debug(NameServerDrv.o)
                0x00032f1c                NameServerDrv_open
                0x0003314c                NameServerDrv_close
                0x00033268                NameServerDrv_ioctl
 .text          0x000333a0      0x3b8 /src/flex/ti-dsp/syslink_2_21_00_03/packages/ti/syslink/lib/syslink.a_debug(MultiProcDrv.o)
                0x00033650                MultiProcDrv_ioctl
                0x00033534                MultiProcDrv_close
                0x000333a0                MultiProcDrv_open
 .text          0x00033758      0x164 /src/flex/ti-dsp/syslink_2_21_00_03/packages/ti/syslink/lib/syslink.a_debug(TraceDrv.o)
                0x00033758                TraceDrv_ioctl
 .text          0x000338bc       0xf4 /src/flex/ti-dsp/syslink_2_21_00_03/packages/ti/syslink/lib/syslink.a_debug(CacheDrv.o)
                0x000338bc                CacheDrv_ioctl
 .text          0x000339b0      0x194 /src/flex/ti-dsp/syslink_2_21_00_03/packages/ti/syslink/lib/syslink.a_debug(Dev.o)
                0x000339b0                Dev_pollOpen
 .text          0x00033b44     0x163c /src/flex/ti-dsp/syslink_2_21_00_03/packages/ti/syslink/lib/syslink.a_debug(MemoryOS.o)
                0x00034de8                MemoryOS_set
                0x00034c50                MemoryOS_copy
                0x00034388                MemoryOS_map
                0x00033b44                MemoryOS_setup
                0x00034f74                MemoryOS_translate
                0x00034074                MemoryOS_alloc
                0x00033de4                MemoryOS_destroy
                0x000348f4                MemoryOS_unmap
                0x00034188                MemoryOS_calloc
                0x00034294                MemoryOS_free
 .text          0x00035180      0x6f0 /src/flex/ti-dsp/syslink_2_21_00_03/packages/ti/syslink/lib/syslink.a_debug(OsalDrv.o)
                0x00035320                OsalDrv_close
                0x00035180                OsalDrv_open
                0x00035654                OsalDrv_unmap
                0x00035734                OsalDrv_ioctl
                0x00035444                OsalDrv_map
 .text          0x00035870      0x52c /src/flex/ti-dsp/syslink_2_21_00_03/packages/ti/syslink/lib/syslink.a_debug(OsalMutex.o)
                0x000359d4                OsalMutex_delete
                0x00035870                OsalMutex_create
                0x00035b3c                OsalMutex_enter
                0x00035c6c                OsalMutex_leave
 .text          0x00035d9c       0x50 /src/flex/ti-dsp/syslink_2_21_00_03/packages/ti/syslink/lib/syslink.a_debug(OsalPrint.o)
                0x00035d9c                Osal_printf
 .text          0x00035dec     0x4d5c /src/flex/ti-dsp/syslink_2_21_00_03/packages/ti/syslink/lib/syslink.a_debug(ProcMgr.o)
                0x0003943c                ProcMgr_getSymbolAddress
                0x00036128                ProcMgr_destroy
                0x00039be4                ProcMgr_unmap
                0x000368c0                ProcMgr_delete
                0x00037ec0                ProcMgr_load
                0x00038354                ProcMgr_getStartParams
                0x00037c64                ProcMgr_detach
                0x0003a7ac                ProcMgr_getSectionData
                0x00035dec                ProcMgr_getConfig
                0x000384b8                ProcMgr_start
                0x0003a2dc                ProcMgr_getMaxMemoryRegions
                0x00038634                ProcMgr_stop
                0x00036b84                ProcMgr_open
                0x000396d4                ProcMgr_map
                0x000362fc                ProcMgr_Params_init
                0x000381d8                ProcMgr_unload
                0x000377dc                ProcMgr_attach
                0x00038904                ProcMgr_read
                0x00038fc8                ProcMgr_translateAddr
                0x00036480                ProcMgr_create
                0x00038798                ProcMgr_getState
                0x0003a9e8                ProcMgr_getLoadedFileId
                0x00037660                ProcMgr_getAttachParams
                0x0003722c                ProcMgr_close
                0x00038b9c                ProcMgr_write
                0x00038e38                ProcMgr_control
                0x0003a39c                ProcMgr_getProcInfo
                0x0003a598                ProcMgr_getSectionInfo
                0x00035f70                ProcMgr_setup
 .text          0x0003ab48      0x500 /src/flex/ti-dsp/syslink_2_21_00_03/packages/ti/syslink/lib/syslink.a_debug(ProcMgrDrvUsr.o)
                0x0003ab48                ProcMgrDrvUsr_open
                0x0003ace0                ProcMgrDrvUsr_close
                0x0003adfc                ProcMgrDrvUsr_ioctl
 .text          0x0003b048      0xa24 /src/flex/ti-dsp/syslink_2_21_00_03/packages/ti/syslink/lib/syslink.a_debug(FrameQ_common.o)
                0x0003b104                FrameQ_getNumFrameBuffers
                0x0003b494                FrameQ_getFrameBufValidSize
                0x0003b8d8                FrameQ_setFrameBufDataStartOffset
                0x0003b744                FrameQ_setFrameBufValidSize
                0x0003b1f0                FrameQ_getFrameBuffer
                0x0003b344                FrameQ_getFrameBufSize
                0x0003b048                FrameQ_isSupportedInterface
                0x0003b5ec                FrameQ_getFrameBufDataStartOffset
                0x0003b088                FrameQ_getExtendedHeaderPtr
 .text          0x0003ba6c     0x36f8 /src/flex/ti-dsp/syslink_2_21_00_03/packages/ti/syslink/lib/syslink.a_debug(SharedRegion.o)
                0x0003cff0                SharedRegion_getPtr
                0x0003bbf0                SharedRegion_setup
                0x0003e098                SharedRegion_isCacheEnabled
                0x0003e974                SharedRegion_getRegionInfo
                0x0003e314                SharedRegion_getNumRegions
                0x0003dc6c                SharedRegion_getEntry
                0x0003d19c                SharedRegion_getSRPtr
                0x0003d4bc                SharedRegion_clearEntry
                0x0003ba6c                SharedRegion_getConfig
                0x0003c774                SharedRegion_stop
                0x0003c2a4                SharedRegion_destroy
                0x0003eb74                _SharedRegion_setRegions
                0x0003da54                SharedRegion_getIdByName
                0x0003e52c                SharedRegion_reserveMemory
                0x0003d7e8                SharedRegion_getHeap
                0x0003e510                SharedRegion_invalidSRPtr
                0x0003c654                SharedRegion_start
                0x0003c894                SharedRegion_attach
                0x0003ce30                SharedRegion_getId
                0x0003c9f8                SharedRegion_detach
                0x0003de8c                SharedRegion_getCacheLineSize
                0x0003cb60                SharedRegion_setEntry
                0x0003e2a8                SharedRegion_translateEnabled
                0x0003ef18                _SharedRegion_clearRegions
                0x0003e380                SharedRegion_entryInit
 .text          0x0003f164     0x295c /src/flex/ti-dsp/syslink_2_21_00_03/packages/ti/syslink/lib/syslink.a_debug(ListMP.o)
                0x0003f164                ListMP_getConfig
                0x0003f738                ListMP_create
                0x0004197c                _ListMP_create
                0x00041778                ListMP_prev
                0x00041314                ListMP_remove
                0x000403d8                ListMP_close
                0x0003f2e8                ListMP_setup
                0x0003fefc                ListMP_open
                0x00040198                ListMP_openByAddr
                0x0003faac                ListMP_delete
                0x00041a9c                ListMP_getGate
                0x000409b8                ListMP_getTail
                0x0003f474                ListMP_destroy
                0x0004103c                ListMP_insert
                0x0003f5a8                ListMP_Params_init
                0x000407f4                ListMP_getHead
                0x00040de0                ListMP_putTail
                0x00041570                ListMP_next
                0x0003fd1c                ListMP_sharedMemReq
                0x00040b84                ListMP_putHead
                0x00040638                ListMP_empty
 .text          0x00041ac0     0x26ec /src/flex/ti-dsp/syslink_2_21_00_03/packages/ti/syslink/lib/syslink.a_debug(MessageQ.o)
                0x000427b4                MessageQ_close
                0x00043a68                MessageQ_setReplyQueue
                0x00043068                MessageQ_staticMsgInit
                0x00043bec                MessageQ_getQueueId
                0x000440b8                MessageQ_detach
                0x00043cec                MessageQ_setMsgTrace
                0x00043794                MessageQ_unregisterHeap
                0x00041ac0                MessageQ_getConfig
                0x00042bc0                MessageQ_get
                0x00043348                MessageQ_free
                0x00041c44                MessageQ_setup
                0x00042534                MessageQ_open
                0x00042964                MessageQ_put
                0x000431cc                MessageQ_alloc
                0x00042054                MessageQ_create
                0x00041ec8                MessageQ_Params_init
                0x000438d0                MessageQ_unblock
                0x00042e84                MessageQ_count
                0x00041dd0                MessageQ_destroy
                0x000422a8                MessageQ_delete
                0x00043f8c                MessageQ_attach
                0x00043528                MessageQ_registerHeap
                0x00043e64                MessageQ_sharedMemReq
 .text          0x000441ac      0x5d4 /src/flex/ti-dsp/syslink_2_21_00_03/packages/ti/syslink/lib/syslink.a_debug(SharedRegionDrv.o)
                0x00044460                SharedRegionDrv_ioctl
                0x00044344                SharedRegionDrv_close
                0x000441ac                SharedRegionDrv_open
 .text          0x00044780      0x3ec /src/flex/ti-dsp/syslink_2_21_00_03/packages/ti/syslink/lib/syslink.a_debug(ListMPDrv.o)
                0x00044918                ListMPDrv_close
                0x00044a34                ListMPDrv_ioctl
                0x00044780                ListMPDrv_open
 .text          0x00044b6c      0x498 /src/flex/ti-dsp/syslink_2_21_00_03/packages/ti/syslink/lib/syslink.a_debug(MessageQDrv.o)
                0x00044ecc                MessageQDrv_ioctl
                0x00044b6c                MessageQDrv_open
                0x00044db0                MessageQDrv_close
 .text          0x00045004       0x70 /home/jreese/CodeSourcery/Sourcery_G++_Lite/bin/../arm-none-linux-gnueabi/libc/usr/lib/libc_nonshared.a(elf-init.oS)
                0x00045004                __libc_csu_fini
                0x00045008                __libc_csu_init
 .text          0x00045074      0x20c /home/jreese/CodeSourcery/Sourcery_G++_Lite/bin/../lib/gcc/arm-none-linux-gnueabi/4.3.3/libgcc.a(_udivsi3.o)
                0x00045074                __udivsi3
                0x00045074                __aeabi_uidiv
                0x00045260                __aeabi_uidivmod
 .text          0x00045280       0x10 /home/jreese/CodeSourcery/Sourcery_G++_Lite/bin/../lib/gcc/arm-none-linux-gnueabi/4.3.3/libgcc.a(_dvmd_lnx.o)
                0x00045280                __aeabi_idiv0
                0x00045280                __aeabi_ldiv0
 .text          0x00045290        0x0 /home/jreese/CodeSourcery/Sourcery_G++_Lite/bin/../lib/gcc/arm-none-linux-gnueabi/4.3.3/crtend.o
 .text          0x00045290        0x0 /home/jreese/CodeSourcery/Sourcery_G++_Lite/bin/../arm-none-linux-gnueabi/libc/usr/lib/crtn.o
 *(.gnu.warning)
 *(.glue_7t)
 .glue_7t       0x00000000        0x0 linker stubs
 *(.glue_7)
 .glue_7        0x00000000        0x0 linker stubs
 *(.vfp11_veneer)
 .vfp11_veneer  0x00000000        0x0 linker stubs
 *(.v4_bx)
 .v4_bx         0x00000000        0x0 linker stubs

.fini           0x00045290        0x8
 *(.fini)
 .fini          0x00045290        0x4 /home/jreese/CodeSourcery/Sourcery_G++_Lite/bin/../arm-none-linux-gnueabi/libc/usr/lib/crti.o
                0x00045290                _fini
 .fini          0x00045294        0x4 /home/jreese/CodeSourcery/Sourcery_G++_Lite/bin/../arm-none-linux-gnueabi/libc/usr/lib/crtn.o
                0x00045298                PROVIDE (__etext, .)
                0x00045298                PROVIDE (_etext, .)
                0x00045298                PROVIDE (etext, .)

.rodata         0x00045298    0x160fc
 *(.rodata .rodata.* .gnu.linkonce.r.*)
 .rodata.cst4   0x00045298        0x4 /home/jreese/CodeSourcery/Sourcery_G++_Lite/bin/../arm-none-linux-gnueabi/libc/usr/lib/crt1.o
                0x00045298                _IO_stdin_used
 .rodata        0x0004529c      0x244 bin/debug/obj/main_host.ov5T
 .rodata        0x000454e0      0x508 bin/debug/obj/App.ov5T
                0x000454e0                file_string
 .rodata        0x000459e8      0xc44 /src/flex/ti-dsp/syslink_2_21_00_03/packages/ti/syslink/lib/syslink.a_debug(Notify.o)
 .rodata        0x0004662c      0x884 /src/flex/ti-dsp/syslink_2_21_00_03/packages/ti/syslink/lib/syslink.a_debug(Ipc.o)
 .rodata        0x00046eb0     0x11dc /src/flex/ti-dsp/syslink_2_21_00_03/packages/ti/syslink/lib/syslink.a_debug(RingIO.o)
 .rodata        0x0004808c      0x358 /src/flex/ti-dsp/syslink_2_21_00_03/packages/ti/syslink/lib/syslink.a_debug(RingIOShm.o)
 .rodata        0x000483e4     0x1c78 /src/flex/ti-dsp/syslink_2_21_00_03/packages/ti/syslink/lib/syslink.a_debug(FrameQ.o)
 .rodata        0x0004a05c     0x2020 /src/flex/ti-dsp/syslink_2_21_00_03/packages/ti/syslink/lib/syslink.a_debug(FrameQBufMgr.o)
 .rodata        0x0004c07c     0x13b4 /src/flex/ti-dsp/syslink_2_21_00_03/packages/ti/syslink/lib/syslink.a_debug(ClientNotifyMgr.o)
 .rodata        0x0004d430      0xd18 /src/flex/ti-dsp/syslink_2_21_00_03/packages/ti/syslink/lib/syslink.a_debug(HeapMemMP.o)
 .rodata        0x0004e148      0xcb8 /src/flex/ti-dsp/syslink_2_21_00_03/packages/ti/syslink/lib/syslink.a_debug(HeapBufMP.o)
 .rodata        0x0004ee00      0x9ec /src/flex/ti-dsp/syslink_2_21_00_03/packages/ti/syslink/lib/syslink.a_debug(GateMP.o)
 .rodata        0x0004f7ec      0x414 /src/flex/ti-dsp/syslink_2_21_00_03/packages/ti/syslink/lib/syslink.a_debug(NotifyDrvUsr.o)
 .rodata        0x0004fc00      0x2c4 /src/flex/ti-dsp/syslink_2_21_00_03/packages/ti/syslink/lib/syslink.a_debug(HeapBufMPDrv.o)
 .rodata        0x0004fec4      0x26c /src/flex/ti-dsp/syslink_2_21_00_03/packages/ti/syslink/lib/syslink.a_debug(IpcDrv.o)
 .rodata        0x00050130      0x274 /src/flex/ti-dsp/syslink_2_21_00_03/packages/ti/syslink/lib/syslink.a_debug(FrameQDrv.o)
 .rodata        0x000503a4      0x2dc /src/flex/ti-dsp/syslink_2_21_00_03/packages/ti/syslink/lib/syslink.a_debug(FrameQBufMgrDrv.o)
 .rodata        0x00050680      0x304 /src/flex/ti-dsp/syslink_2_21_00_03/packages/ti/syslink/lib/syslink.a_debug(ClientNotifyMgrDrv.o)
 .rodata        0x00050984      0x274 /src/flex/ti-dsp/syslink_2_21_00_03/packages/ti/syslink/lib/syslink.a_debug(RingIODrv.o)
 .rodata        0x00050bf8      0x29c /src/flex/ti-dsp/syslink_2_21_00_03/packages/ti/syslink/lib/syslink.a_debug(RingIOShmDrv.o)
 .rodata        0x00050e94      0x2a8 /src/flex/ti-dsp/syslink_2_21_00_03/packages/ti/syslink/lib/syslink.a_debug(HeapMemMPDrv.o)
 .rodata        0x0005113c      0x274 /src/flex/ti-dsp/syslink_2_21_00_03/packages/ti/syslink/lib/syslink.a_debug(GateMPDrv.o)
 .rodata        0x000513b0      0x234 /src/flex/ti-dsp/syslink_2_21_00_03/packages/ti/syslink/lib/syslink.a_debug(GateMutex.o)
 .rodata        0x000515e4      0x4e4 /src/flex/ti-dsp/syslink_2_21_00_03/packages/ti/syslink/lib/syslink.a_debug(Memory.o)
 .rodata        0x00051ac8      0x888 /src/flex/ti-dsp/syslink_2_21_00_03/packages/ti/syslink/lib/syslink.a_debug(List.o)
 .rodata        0x00052350      0x414 /src/flex/ti-dsp/syslink_2_21_00_03/packages/ti/syslink/lib/syslink.a_debug(String.o)
 .rodata        0x00052764       0x50 /src/flex/ti-dsp/syslink_2_21_00_03/packages/ti/syslink/lib/syslink.a_debug(Trace.o)
 .rodata        0x000527b4      0xe08 /src/flex/ti-dsp/syslink_2_21_00_03/packages/ti/syslink/lib/syslink.a_debug(NameServer.o)
 .rodata        0x000535bc      0x618 /src/flex/ti-dsp/syslink_2_21_00_03/packages/ti/syslink/lib/syslink.a_debug(MultiProc.o)
 .rodata        0x00053bd4       0x8c /src/flex/ti-dsp/syslink_2_21_00_03/packages/ti/syslink/lib/syslink.a_debug(Gate.o)
 .rodata        0x00053c60       0x74 /src/flex/ti-dsp/syslink_2_21_00_03/packages/ti/syslink/lib/syslink.a_debug(SysLink.o)
 .rodata        0x00053cd4      0x254 /src/flex/ti-dsp/syslink_2_21_00_03/packages/ti/syslink/lib/syslink.a_debug(Cache.o)
 .rodata        0x00053f28      0x2d0 /src/flex/ti-dsp/syslink_2_21_00_03/packages/ti/syslink/lib/syslink.a_debug(NameServerDrv.o)
 .rodata        0x000541f8      0x25c /src/flex/ti-dsp/syslink_2_21_00_03/packages/ti/syslink/lib/syslink.a_debug(MultiProcDrv.o)
 .rodata        0x00054454      0x10c /src/flex/ti-dsp/syslink_2_21_00_03/packages/ti/syslink/lib/syslink.a_debug(TraceDrv.o)
 .rodata        0x00054560       0xdc /src/flex/ti-dsp/syslink_2_21_00_03/packages/ti/syslink/lib/syslink.a_debug(CacheDrv.o)
 .rodata        0x0005463c       0xd8 /src/flex/ti-dsp/syslink_2_21_00_03/packages/ti/syslink/lib/syslink.a_debug(Dev.o)
 .rodata        0x00054714      0x8ec /src/flex/ti-dsp/syslink_2_21_00_03/packages/ti/syslink/lib/syslink.a_debug(MemoryOS.o)
 .rodata        0x00055000      0x380 /src/flex/ti-dsp/syslink_2_21_00_03/packages/ti/syslink/lib/syslink.a_debug(OsalDrv.o)
 .rodata        0x00055380      0x334 /src/flex/ti-dsp/syslink_2_21_00_03/packages/ti/syslink/lib/syslink.a_debug(OsalMutex.o)
 .rodata        0x000556b4        0x4 /src/flex/ti-dsp/syslink_2_21_00_03/packages/ti/syslink/lib/syslink.a_debug(OsalPrint.o)
 .rodata        0x000556b8     0x1e78 /src/flex/ti-dsp/syslink_2_21_00_03/packages/ti/syslink/lib/syslink.a_debug(ProcMgr.o)
 .rodata        0x00057530      0x360 /src/flex/ti-dsp/syslink_2_21_00_03/packages/ti/syslink/lib/syslink.a_debug(ProcMgrDrvUsr.o)
 .rodata        0x00057890      0x5f8 /src/flex/ti-dsp/syslink_2_21_00_03/packages/ti/syslink/lib/syslink.a_debug(FrameQ_common.o)
 .rodata        0x00057e88     0x1174 /src/flex/ti-dsp/syslink_2_21_00_03/packages/ti/syslink/lib/syslink.a_debug(SharedRegion.o)
 .rodata        0x00058ffc      0xbf4 /src/flex/ti-dsp/syslink_2_21_00_03/packages/ti/syslink/lib/syslink.a_debug(ListMP.o)
 .rodata        0x00059bf0      0xf6c /src/flex/ti-dsp/syslink_2_21_00_03/packages/ti/syslink/lib/syslink.a_debug(MessageQ.o)
 .rodata        0x0005ab5c      0x30c /src/flex/ti-dsp/syslink_2_21_00_03/packages/ti/syslink/lib/syslink.a_debug(SharedRegionDrv.o)
 .rodata        0x0005ae68      0x274 /src/flex/ti-dsp/syslink_2_21_00_03/packages/ti/syslink/lib/syslink.a_debug(ListMPDrv.o)
 .rodata        0x0005b0dc      0x2b8 /src/flex/ti-dsp/syslink_2_21_00_03/packages/ti/syslink/lib/syslink.a_debug(MessageQDrv.o)

.rodata1
 *(.rodata1)

.ARM.extab      0x0005b394     0x168c
 *(.ARM.extab* .gnu.linkonce.armextab.*)
 .ARM.extab     0x0005b394        0x0 /home/jreese/CodeSourcery/Sourcery_G++_Lite/bin/../arm-none-linux-gnueabi/libc/usr/lib/crt1.o
 .ARM.extab     0x0005b394        0x0 /home/jreese/CodeSourcery/Sourcery_G++_Lite/bin/../arm-none-linux-gnueabi/libc/usr/lib/crti.o
 .ARM.extab     0x0005b394        0x0 /home/jreese/CodeSourcery/Sourcery_G++_Lite/bin/../lib/gcc/arm-none-linux-gnueabi/4.3.3/crtbegin.o
 .ARM.extab     0x0005b394       0x24 bin/debug/obj/main_host.ov5T
 .ARM.extab     0x0005b3b8       0x3c bin/debug/obj/App.ov5T
 .ARM.extab     0x0005b3f4       0xcc /src/flex/ti-dsp/syslink_2_21_00_03/packages/ti/syslink/lib/syslink.a_debug(Notify.o)
 .ARM.extab     0x0005b4c0       0x6c /src/flex/ti-dsp/syslink_2_21_00_03/packages/ti/syslink/lib/syslink.a_debug(Ipc.o)
 .ARM.extab     0x0005b52c      0x168 /src/flex/ti-dsp/syslink_2_21_00_03/packages/ti/syslink/lib/syslink.a_debug(RingIO.o)
 .ARM.extab     0x0005b694       0x30 /src/flex/ti-dsp/syslink_2_21_00_03/packages/ti/syslink/lib/syslink.a_debug(RingIOShm.o)
 .ARM.extab     0x0005b6c4      0x168 /src/flex/ti-dsp/syslink_2_21_00_03/packages/ti/syslink/lib/syslink.a_debug(FrameQ.o)
 .ARM.extab     0x0005b82c      0x1a4 /src/flex/ti-dsp/syslink_2_21_00_03/packages/ti/syslink/lib/syslink.a_debug(FrameQBufMgr.o)
 .ARM.extab     0x0005b9d0       0xe4 /src/flex/ti-dsp/syslink_2_21_00_03/packages/ti/syslink/lib/syslink.a_debug(ClientNotifyMgr.o)
 .ARM.extab     0x0005bab4       0xd8 /src/flex/ti-dsp/syslink_2_21_00_03/packages/ti/syslink/lib/syslink.a_debug(HeapMemMP.o)
 .ARM.extab     0x0005bb8c       0xcc /src/flex/ti-dsp/syslink_2_21_00_03/packages/ti/syslink/lib/syslink.a_debug(HeapBufMP.o)
 .ARM.extab     0x0005bc58       0xfc /src/flex/ti-dsp/syslink_2_21_00_03/packages/ti/syslink/lib/syslink.a_debug(GateMP.o)
 .ARM.extab     0x0005bd54       0x30 /src/flex/ti-dsp/syslink_2_21_00_03/packages/ti/syslink/lib/syslink.a_debug(NotifyDrvUsr.o)
 .ARM.extab     0x0005bd84       0x24 /src/flex/ti-dsp/syslink_2_21_00_03/packages/ti/syslink/lib/syslink.a_debug(HeapBufMPDrv.o)
 .ARM.extab     0x0005bda8       0x24 /src/flex/ti-dsp/syslink_2_21_00_03/packages/ti/syslink/lib/syslink.a_debug(IpcDrv.o)
 .ARM.extab     0x0005bdcc       0x24 /src/flex/ti-dsp/syslink_2_21_00_03/packages/ti/syslink/lib/syslink.a_debug(FrameQDrv.o)
 .ARM.extab     0x0005bdf0       0x24 /src/flex/ti-dsp/syslink_2_21_00_03/packages/ti/syslink/lib/syslink.a_debug(FrameQBufMgrDrv.o)
 .ARM.extab     0x0005be14       0x24 /src/flex/ti-dsp/syslink_2_21_00_03/packages/ti/syslink/lib/syslink.a_debug(ClientNotifyMgrDrv.o)
 .ARM.extab     0x0005be38       0x24 /src/flex/ti-dsp/syslink_2_21_00_03/packages/ti/syslink/lib/syslink.a_debug(RingIODrv.o)
 .ARM.extab     0x0005be5c       0x24 /src/flex/ti-dsp/syslink_2_21_00_03/packages/ti/syslink/lib/syslink.a_debug(RingIOShmDrv.o)
 .ARM.extab     0x0005be80       0x24 /src/flex/ti-dsp/syslink_2_21_00_03/packages/ti/syslink/lib/syslink.a_debug(HeapMemMPDrv.o)
 .ARM.extab     0x0005bea4       0x24 /src/flex/ti-dsp/syslink_2_21_00_03/packages/ti/syslink/lib/syslink.a_debug(GateMPDrv.o)
 .ARM.extab     0x0005bec8       0x18 /src/flex/ti-dsp/syslink_2_21_00_03/packages/ti/syslink/lib/syslink.a_debug(OsalProcess.o)
 .ARM.extab     0x0005bee0       0x48 /src/flex/ti-dsp/syslink_2_21_00_03/packages/ti/syslink/lib/syslink.a_debug(GateMutex.o)
 .ARM.extab     0x0005bf28       0x84 /src/flex/ti-dsp/syslink_2_21_00_03/packages/ti/syslink/lib/syslink.a_debug(Memory.o)
 .ARM.extab     0x0005bfac       0xcc /src/flex/ti-dsp/syslink_2_21_00_03/packages/ti/syslink/lib/syslink.a_debug(List.o)
 .ARM.extab     0x0005c078       0x18 /src/flex/ti-dsp/syslink_2_21_00_03/packages/ti/syslink/lib/syslink.a_debug(String.o)
 .ARM.extab     0x0005c090       0x6c /src/flex/ti-dsp/syslink_2_21_00_03/packages/ti/syslink/lib/syslink.a_debug(Trace.o)
 .ARM.extab     0x0005c0fc       0xe4 /src/flex/ti-dsp/syslink_2_21_00_03/packages/ti/syslink/lib/syslink.a_debug(NameServer.o)
 .ARM.extab     0x0005c1e0       0x6c /src/flex/ti-dsp/syslink_2_21_00_03/packages/ti/syslink/lib/syslink.a_debug(MultiProc.o)
 .ARM.extab     0x0005c24c       0x30 /src/flex/ti-dsp/syslink_2_21_00_03/packages/ti/syslink/lib/syslink.a_debug(Gate.o)
 .ARM.extab     0x0005c27c       0x18 /src/flex/ti-dsp/syslink_2_21_00_03/packages/ti/syslink/lib/syslink.a_debug(SysLink.o)
 .ARM.extab     0x0005c294       0x3c /src/flex/ti-dsp/syslink_2_21_00_03/packages/ti/syslink/lib/syslink.a_debug(Cache.o)
 .ARM.extab     0x0005c2d0       0x24 /src/flex/ti-dsp/syslink_2_21_00_03/packages/ti/syslink/lib/syslink.a_debug(NameServerDrv.o)
 .ARM.extab     0x0005c2f4       0x24 /src/flex/ti-dsp/syslink_2_21_00_03/packages/ti/syslink/lib/syslink.a_debug(MultiProcDrv.o)
 .ARM.extab     0x0005c318        0xc /src/flex/ti-dsp/syslink_2_21_00_03/packages/ti/syslink/lib/syslink.a_debug(TraceDrv.o)
 .ARM.extab     0x0005c324        0xc /src/flex/ti-dsp/syslink_2_21_00_03/packages/ti/syslink/lib/syslink.a_debug(CacheDrv.o)
 .ARM.extab     0x0005c330        0xc /src/flex/ti-dsp/syslink_2_21_00_03/packages/ti/syslink/lib/syslink.a_debug(Dev.o)
 .ARM.extab     0x0005c33c       0xcc /src/flex/ti-dsp/syslink_2_21_00_03/packages/ti/syslink/lib/syslink.a_debug(MemoryOS.o)
 .ARM.extab     0x0005c408       0x3c /src/flex/ti-dsp/syslink_2_21_00_03/packages/ti/syslink/lib/syslink.a_debug(OsalDrv.o)
 .ARM.extab     0x0005c444       0x30 /src/flex/ti-dsp/syslink_2_21_00_03/packages/ti/syslink/lib/syslink.a_debug(OsalMutex.o)
 .ARM.extab     0x0005c474        0xc /src/flex/ti-dsp/syslink_2_21_00_03/packages/ti/syslink/lib/syslink.a_debug(OsalPrint.o)
 .ARM.extab     0x0005c480      0x15c /src/flex/ti-dsp/syslink_2_21_00_03/packages/ti/syslink/lib/syslink.a_debug(ProcMgr.o)
 .ARM.extab     0x0005c5dc       0x24 /src/flex/ti-dsp/syslink_2_21_00_03/packages/ti/syslink/lib/syslink.a_debug(ProcMgrDrvUsr.o)
 .ARM.extab     0x0005c600       0x60 /src/flex/ti-dsp/syslink_2_21_00_03/packages/ti/syslink/lib/syslink.a_debug(FrameQ_common.o)
 .ARM.extab     0x0005c660      0x144 /src/flex/ti-dsp/syslink_2_21_00_03/packages/ti/syslink/lib/syslink.a_debug(SharedRegion.o)
 .ARM.extab     0x0005c7a4       0xf0 /src/flex/ti-dsp/syslink_2_21_00_03/packages/ti/syslink/lib/syslink.a_debug(ListMP.o)
 .ARM.extab     0x0005c894      0x120 /src/flex/ti-dsp/syslink_2_21_00_03/packages/ti/syslink/lib/syslink.a_debug(MessageQ.o)
 .ARM.extab     0x0005c9b4       0x24 /src/flex/ti-dsp/syslink_2_21_00_03/packages/ti/syslink/lib/syslink.a_debug(SharedRegionDrv.o)
 .ARM.extab     0x0005c9d8       0x24 /src/flex/ti-dsp/syslink_2_21_00_03/packages/ti/syslink/lib/syslink.a_debug(ListMPDrv.o)
 .ARM.extab     0x0005c9fc       0x24 /src/flex/ti-dsp/syslink_2_21_00_03/packages/ti/syslink/lib/syslink.a_debug(MessageQDrv.o)
 .ARM.extab     0x0005ca20        0x0 /home/jreese/CodeSourcery/Sourcery_G++_Lite/bin/../arm-none-linux-gnueabi/libc/usr/lib/libc_nonshared.a(elf-init.oS)
 .ARM.extab.init
                0x0005ca20        0x0 /home/jreese/CodeSourcery/Sourcery_G++_Lite/bin/../arm-none-linux-gnueabi/libc/usr/lib/crtn.o
 .ARM.extab.fini
                0x0005ca20        0x0 /home/jreese/CodeSourcery/Sourcery_G++_Lite/bin/../arm-none-linux-gnueabi/libc/usr/lib/crtn.o
                0x0005ca20                __exidx_start = .

.ARM.exidx      0x0005ca20      0xf88
 *(.ARM.exidx* .gnu.linkonce.armexidx.*)
 .ARM.exidx     0x0005ca30        0x0 /home/jreese/CodeSourcery/Sourcery_G++_Lite/bin/../arm-none-linux-gnueabi/libc/usr/lib/crt1.o
                                  0x8 (size before relaxing)
 .ARM.exidx     0x0005ca30        0x8 /home/jreese/CodeSourcery/Sourcery_G++_Lite/bin/../arm-none-linux-gnueabi/libc/usr/lib/crti.o
 .ARM.exidx     0x0005ca38        0x8 /home/jreese/CodeSourcery/Sourcery_G++_Lite/bin/../lib/gcc/arm-none-linux-gnueabi/4.3.3/crtbegin.o
                                 0x10 (size before relaxing)
 .ARM.exidx     0x0005ca40       0x18 bin/debug/obj/main_host.ov5T
 .ARM.exidx     0x0005ca58       0x28 bin/debug/obj/App.ov5T
 .ARM.exidx     0x0005ca80       0x88 /src/flex/ti-dsp/syslink_2_21_00_03/packages/ti/syslink/lib/syslink.a_debug(Notify.o)
 .ARM.exidx     0x0005cb08       0x48 /src/flex/ti-dsp/syslink_2_21_00_03/packages/ti/syslink/lib/syslink.a_debug(Ipc.o)
 .ARM.exidx     0x0005cb50       0xf0 /src/flex/ti-dsp/syslink_2_21_00_03/packages/ti/syslink/lib/syslink.a_debug(RingIO.o)
 .ARM.exidx     0x0005cc40       0x20 /src/flex/ti-dsp/syslink_2_21_00_03/packages/ti/syslink/lib/syslink.a_debug(RingIOShm.o)
 .ARM.exidx     0x0005cc60       0xf0 /src/flex/ti-dsp/syslink_2_21_00_03/packages/ti/syslink/lib/syslink.a_debug(FrameQ.o)
 .ARM.exidx     0x0005cd50      0x120 /src/flex/ti-dsp/syslink_2_21_00_03/packages/ti/syslink/lib/syslink.a_debug(FrameQBufMgr.o)
                                0x128 (size before relaxing)
 .ARM.exidx     0x0005ce70       0x98 /src/flex/ti-dsp/syslink_2_21_00_03/packages/ti/syslink/lib/syslink.a_debug(ClientNotifyMgr.o)
 .ARM.exidx     0x0005cf08       0x90 /src/flex/ti-dsp/syslink_2_21_00_03/packages/ti/syslink/lib/syslink.a_debug(HeapMemMP.o)
 .ARM.exidx     0x0005cf98       0x88 /src/flex/ti-dsp/syslink_2_21_00_03/packages/ti/syslink/lib/syslink.a_debug(HeapBufMP.o)
 .ARM.exidx     0x0005d020       0xa8 /src/flex/ti-dsp/syslink_2_21_00_03/packages/ti/syslink/lib/syslink.a_debug(GateMP.o)
 .ARM.exidx     0x0005d0c8       0x20 /src/flex/ti-dsp/syslink_2_21_00_03/packages/ti/syslink/lib/syslink.a_debug(NotifyDrvUsr.o)
 .ARM.exidx     0x0005d0e8       0x18 /src/flex/ti-dsp/syslink_2_21_00_03/packages/ti/syslink/lib/syslink.a_debug(HeapBufMPDrv.o)
 .ARM.exidx     0x0005d100       0x18 /src/flex/ti-dsp/syslink_2_21_00_03/packages/ti/syslink/lib/syslink.a_debug(IpcDrv.o)
 .ARM.exidx     0x0005d118       0x18 /src/flex/ti-dsp/syslink_2_21_00_03/packages/ti/syslink/lib/syslink.a_debug(FrameQDrv.o)
 .ARM.exidx     0x0005d130       0x18 /src/flex/ti-dsp/syslink_2_21_00_03/packages/ti/syslink/lib/syslink.a_debug(FrameQBufMgrDrv.o)
 .ARM.exidx     0x0005d148       0x18 /src/flex/ti-dsp/syslink_2_21_00_03/packages/ti/syslink/lib/syslink.a_debug(ClientNotifyMgrDrv.o)
 .ARM.exidx     0x0005d160       0x18 /src/flex/ti-dsp/syslink_2_21_00_03/packages/ti/syslink/lib/syslink.a_debug(RingIODrv.o)
 .ARM.exidx     0x0005d178       0x18 /src/flex/ti-dsp/syslink_2_21_00_03/packages/ti/syslink/lib/syslink.a_debug(RingIOShmDrv.o)
 .ARM.exidx     0x0005d190       0x18 /src/flex/ti-dsp/syslink_2_21_00_03/packages/ti/syslink/lib/syslink.a_debug(HeapMemMPDrv.o)
 .ARM.exidx     0x0005d1a8       0x18 /src/flex/ti-dsp/syslink_2_21_00_03/packages/ti/syslink/lib/syslink.a_debug(GateMPDrv.o)
 .ARM.exidx     0x0005d1c0       0x10 /src/flex/ti-dsp/syslink_2_21_00_03/packages/ti/syslink/lib/syslink.a_debug(OsalProcess.o)
 .ARM.exidx     0x0005d1d0       0x30 /src/flex/ti-dsp/syslink_2_21_00_03/packages/ti/syslink/lib/syslink.a_debug(GateMutex.o)
 .ARM.exidx     0x0005d200       0x60 /src/flex/ti-dsp/syslink_2_21_00_03/packages/ti/syslink/lib/syslink.a_debug(Memory.o)
 .ARM.exidx     0x0005d260       0x88 /src/flex/ti-dsp/syslink_2_21_00_03/packages/ti/syslink/lib/syslink.a_debug(List.o)
 .ARM.exidx     0x0005d2e8       0x20 /src/flex/ti-dsp/syslink_2_21_00_03/packages/ti/syslink/lib/syslink.a_debug(String.o)
                                 0x40 (size before relaxing)
 .ARM.exidx     0x0005d308       0x48 /src/flex/ti-dsp/syslink_2_21_00_03/packages/ti/syslink/lib/syslink.a_debug(Trace.o)
 .ARM.exidx     0x0005d350       0x98 /src/flex/ti-dsp/syslink_2_21_00_03/packages/ti/syslink/lib/syslink.a_debug(NameServer.o)
 .ARM.exidx     0x0005d3e8       0x48 /src/flex/ti-dsp/syslink_2_21_00_03/packages/ti/syslink/lib/syslink.a_debug(MultiProc.o)
 .ARM.exidx     0x0005d430       0x20 /src/flex/ti-dsp/syslink_2_21_00_03/packages/ti/syslink/lib/syslink.a_debug(Gate.o)
 .ARM.exidx     0x0005d450       0x10 /src/flex/ti-dsp/syslink_2_21_00_03/packages/ti/syslink/lib/syslink.a_debug(SysLink.o)
 .ARM.exidx     0x0005d460       0x28 /src/flex/ti-dsp/syslink_2_21_00_03/packages/ti/syslink/lib/syslink.a_debug(Cache.o)
 .ARM.exidx     0x0005d488       0x18 /src/flex/ti-dsp/syslink_2_21_00_03/packages/ti/syslink/lib/syslink.a_debug(NameServerDrv.o)
 .ARM.exidx     0x0005d4a0       0x18 /src/flex/ti-dsp/syslink_2_21_00_03/packages/ti/syslink/lib/syslink.a_debug(MultiProcDrv.o)
 .ARM.exidx     0x0005d4b8        0x8 /src/flex/ti-dsp/syslink_2_21_00_03/packages/ti/syslink/lib/syslink.a_debug(TraceDrv.o)
 .ARM.exidx     0x0005d4c0        0x8 /src/flex/ti-dsp/syslink_2_21_00_03/packages/ti/syslink/lib/syslink.a_debug(CacheDrv.o)
 .ARM.exidx     0x0005d4c8        0x8 /src/flex/ti-dsp/syslink_2_21_00_03/packages/ti/syslink/lib/syslink.a_debug(Dev.o)
 .ARM.exidx     0x0005d4d0       0x88 /src/flex/ti-dsp/syslink_2_21_00_03/packages/ti/syslink/lib/syslink.a_debug(MemoryOS.o)
 .ARM.exidx     0x0005d558       0x28 /src/flex/ti-dsp/syslink_2_21_00_03/packages/ti/syslink/lib/syslink.a_debug(OsalDrv.o)
 .ARM.exidx     0x0005d580       0x20 /src/flex/ti-dsp/syslink_2_21_00_03/packages/ti/syslink/lib/syslink.a_debug(OsalMutex.o)
 .ARM.exidx     0x0005d5a0        0x8 /src/flex/ti-dsp/syslink_2_21_00_03/packages/ti/syslink/lib/syslink.a_debug(OsalPrint.o)
 .ARM.exidx     0x0005d5a8       0xe8 /src/flex/ti-dsp/syslink_2_21_00_03/packages/ti/syslink/lib/syslink.a_debug(ProcMgr.o)
 .ARM.exidx     0x0005d690       0x18 /src/flex/ti-dsp/syslink_2_21_00_03/packages/ti/syslink/lib/syslink.a_debug(ProcMgrDrvUsr.o)
 .ARM.exidx     0x0005d6a8       0x48 /src/flex/ti-dsp/syslink_2_21_00_03/packages/ti/syslink/lib/syslink.a_debug(FrameQ_common.o)
 .ARM.exidx     0x0005d6f0       0xe0 /src/flex/ti-dsp/syslink_2_21_00_03/packages/ti/syslink/lib/syslink.a_debug(SharedRegion.o)
 .ARM.exidx     0x0005d7d0       0xa8 /src/flex/ti-dsp/syslink_2_21_00_03/packages/ti/syslink/lib/syslink.a_debug(ListMP.o)
 .ARM.exidx     0x0005d878       0xc0 /src/flex/ti-dsp/syslink_2_21_00_03/packages/ti/syslink/lib/syslink.a_debug(MessageQ.o)
 .ARM.exidx     0x0005d938       0x18 /src/flex/ti-dsp/syslink_2_21_00_03/packages/ti/syslink/lib/syslink.a_debug(SharedRegionDrv.o)
 .ARM.exidx     0x0005d950       0x18 /src/flex/ti-dsp/syslink_2_21_00_03/packages/ti/syslink/lib/syslink.a_debug(ListMPDrv.o)
 .ARM.exidx     0x0005d968       0x18 /src/flex/ti-dsp/syslink_2_21_00_03/packages/ti/syslink/lib/syslink.a_debug(MessageQDrv.o)
 .ARM.exidx     0x0005d980       0x18 /home/jreese/CodeSourcery/Sourcery_G++_Lite/bin/../arm-none-linux-gnueabi/libc/usr/lib/libc_nonshared.a(elf-init.oS)
                                 0x10 (size before relaxing)
 .ARM.exidx.init
                0x0005ca20       0x10 /home/jreese/CodeSourcery/Sourcery_G++_Lite/bin/../arm-none-linux-gnueabi/libc/usr/lib/crtn.o
                                  0x8 (size before relaxing)
 .ARM.exidx.fini
                0x0005d998       0x10 /home/jreese/CodeSourcery/Sourcery_G++_Lite/bin/../arm-none-linux-gnueabi/libc/usr/lib/crtn.o
                                  0x8 (size before relaxing)
                0x0005d9a8                __exidx_end = .

.eh_frame_hdr
 *(.eh_frame_hdr)

.eh_frame       0x0005d9a8        0x4
 *(.eh_frame)
 .eh_frame      0x0005d9a8        0x4 /home/jreese/CodeSourcery/Sourcery_G++_Lite/bin/../lib/gcc/arm-none-linux-gnueabi/4.3.3/crtend.o

.gcc_except_table
 *(.gcc_except_table .gcc_except_table.*)
                0x0005d9ac                . = (ALIGN (0x8000) - ((0x8000 - .) & 0x7fff))
                0x00066000                . = (0x8000 DATA_SEGMENT_ALIGN 0x1000)

.eh_frame
 *(.eh_frame)

.gcc_except_table
 *(.gcc_except_table .gcc_except_table.*)

.tdata
 *(.tdata .tdata.* .gnu.linkonce.td.*)

.tbss
 *(.tbss .tbss.* .gnu.linkonce.tb.*)
 *(.tcommon)

.preinit_array  0x00066000        0x0
                0x00066000                PROVIDE (__preinit_array_start, .)
 *(.preinit_array)
                0x00066000                PROVIDE (__preinit_array_end, .)

.init_array     0x00066000        0x4
                0x00066000                PROVIDE (__init_array_start, .)
 *(SORT(.init_array.*))
 *(.init_array)
 .init_array    0x00066000        0x4 /home/jreese/CodeSourcery/Sourcery_G++_Lite/bin/../lib/gcc/arm-none-linux-gnueabi/4.3.3/crtbegin.o
                0x00066004                PROVIDE (__init_array_end, .)

.fini_array     0x00066004        0x4
                0x00066004                PROVIDE (__fini_array_start, .)
 *(.fini_array)
 .fini_array    0x00066004        0x4 /home/jreese/CodeSourcery/Sourcery_G++_Lite/bin/../lib/gcc/arm-none-linux-gnueabi/4.3.3/crtbegin.o
 *(SORT(.fini_array.*))
                0x00066008                PROVIDE (__fini_array_end, .)

.ctors
 *crtbegin.o(.ctors)
 *crtbegin?.o(.ctors)
 *(EXCLUDE_FILE(*crtend?.o *crtend.o) .ctors)
 *(SORT(.ctors.*))
 *(.ctors)

.dtors
 *crtbegin.o(.dtors)
 *crtbegin?.o(.dtors)
 *(EXCLUDE_FILE(*crtend?.o *crtend.o) .dtors)
 *(SORT(.dtors.*))
 *(.dtors)

.jcr            0x00066008        0x4
 *(.jcr)
 .jcr           0x00066008        0x0 /home/jreese/CodeSourcery/Sourcery_G++_Lite/bin/../lib/gcc/arm-none-linux-gnueabi/4.3.3/crtbegin.o
 .jcr           0x00066008        0x4 /home/jreese/CodeSourcery/Sourcery_G++_Lite/bin/../lib/gcc/arm-none-linux-gnueabi/4.3.3/crtend.o

.data.rel.ro
 *(.data.rel.ro.local* .gnu.linkonce.d.rel.ro.local.*)
 *(.data.rel.ro* .gnu.linkonce.d.rel.ro.*)

.dynamic        0x0006600c      0x100
 *(.dynamic)
 .dynamic       0x0006600c      0x100 /home/jreese/CodeSourcery/Sourcery_G++_Lite/bin/../arm-none-linux-gnueabi/libc/usr/lib/crti.o
                0x0006600c                _DYNAMIC
                0x0006610c                . = (. DATA_SEGMENT_RELRO_END 0x0)

.got            0x0006610c       0xb8
 *(.got.plt)
 .got.plt       0x0006610c       0xb0 /home/jreese/CodeSourcery/Sourcery_G++_Lite/bin/../arm-none-linux-gnueabi/libc/usr/lib/crti.o
                0x0006610c                _GLOBAL_OFFSET_TABLE_
 *(.got)
 .got           0x000661bc        0x8 /home/jreese/CodeSourcery/Sourcery_G++_Lite/bin/../arm-none-linux-gnueabi/libc/usr/lib/crti.o

.data           0x000661c4       0x48
                0x000661c4                __data_start = .
 *(.data .data.* .gnu.linkonce.d.*)
 .data          0x000661c4        0x4 /home/jreese/CodeSourcery/Sourcery_G++_Lite/bin/../arm-none-linux-gnueabi/libc/usr/lib/crt1.o
                0x000661c4                data_start
 .data          0x000661c8        0x0 /home/jreese/CodeSourcery/Sourcery_G++_Lite/bin/../arm-none-linux-gnueabi/libc/usr/lib/crti.o
 .data          0x000661c8        0x4 /home/jreese/CodeSourcery/Sourcery_G++_Lite/bin/../lib/gcc/arm-none-linux-gnueabi/4.3.3/crtbegin.o
                0x000661c8                __dso_handle
 .data          0x000661cc        0x0 bin/debug/obj/main_host.ov5T
 .data          0x000661cc        0x0 bin/debug/obj/App.ov5T
 .data          0x000661cc        0x0 /src/flex/ti-dsp/syslink_2_21_00_03/packages/ti/syslink/lib/syslink.a_debug(Notify.o)
 .data          0x000661cc        0x0 /src/flex/ti-dsp/syslink_2_21_00_03/packages/ti/syslink/lib/syslink.a_debug(Ipc.o)
 .data          0x000661cc        0x0 /src/flex/ti-dsp/syslink_2_21_00_03/packages/ti/syslink/lib/syslink.a_debug(RingIO.o)
 .data          0x000661cc        0x0 /src/flex/ti-dsp/syslink_2_21_00_03/packages/ti/syslink/lib/syslink.a_debug(RingIOShm.o)
 .data          0x000661cc        0x4 /src/flex/ti-dsp/syslink_2_21_00_03/packages/ti/syslink/lib/syslink.a_debug(FrameQ.o)
                0x000661cc                FrameQ_module
 .data          0x000661d0        0x4 /src/flex/ti-dsp/syslink_2_21_00_03/packages/ti/syslink/lib/syslink.a_debug(FrameQBufMgr.o)
                0x000661d0                FrameQBufMgr_module
 .data          0x000661d4        0x4 /src/flex/ti-dsp/syslink_2_21_00_03/packages/ti/syslink/lib/syslink.a_debug(ClientNotifyMgr.o)
                0x000661d4                ClientNotifyMgr_module
 .data          0x000661d8        0x0 /src/flex/ti-dsp/syslink_2_21_00_03/packages/ti/syslink/lib/syslink.a_debug(HeapMemMP.o)
 .data          0x000661d8        0x4 /src/flex/ti-dsp/syslink_2_21_00_03/packages/ti/syslink/lib/syslink.a_debug(HeapBufMP.o)
                0x000661d8                HeapBufMP_module
 .data          0x000661dc        0x4 /src/flex/ti-dsp/syslink_2_21_00_03/packages/ti/syslink/lib/syslink.a_debug(GateMP.o)
 .data          0x000661e0        0x4 /src/flex/ti-dsp/syslink_2_21_00_03/packages/ti/syslink/lib/syslink.a_debug(NotifyDrvUsr.o)
 .data          0x000661e4        0x0 /src/flex/ti-dsp/syslink_2_21_00_03/packages/ti/syslink/lib/syslink.a_debug(HeapBufMPDrv.o)
 .data          0x000661e4        0x0 /src/flex/ti-dsp/syslink_2_21_00_03/packages/ti/syslink/lib/syslink.a_debug(IpcDrv.o)
 .data          0x000661e4        0x0 /src/flex/ti-dsp/syslink_2_21_00_03/packages/ti/syslink/lib/syslink.a_debug(FrameQDrv.o)
 .data          0x000661e4        0x0 /src/flex/ti-dsp/syslink_2_21_00_03/packages/ti/syslink/lib/syslink.a_debug(FrameQBufMgrDrv.o)
 .data          0x000661e4        0x0 /src/flex/ti-dsp/syslink_2_21_00_03/packages/ti/syslink/lib/syslink.a_debug(ClientNotifyMgrDrv.o)
 .data          0x000661e4        0x0 /src/flex/ti-dsp/syslink_2_21_00_03/packages/ti/syslink/lib/syslink.a_debug(RingIODrv.o)
 .data          0x000661e4        0x0 /src/flex/ti-dsp/syslink_2_21_00_03/packages/ti/syslink/lib/syslink.a_debug(RingIOShmDrv.o)
 .data          0x000661e4        0x0 /src/flex/ti-dsp/syslink_2_21_00_03/packages/ti/syslink/lib/syslink.a_debug(HeapMemMPDrv.o)
 .data          0x000661e4        0x0 /src/flex/ti-dsp/syslink_2_21_00_03/packages/ti/syslink/lib/syslink.a_debug(GateMPDrv.o)
 .data          0x000661e4        0x0 /src/flex/ti-dsp/syslink_2_21_00_03/packages/ti/syslink/lib/syslink.a_debug(OsalProcess.o)
 .data          0x000661e4        0x0 /src/flex/ti-dsp/syslink_2_21_00_03/packages/ti/syslink/lib/syslink.a_debug(GateMutex.o)
 .data          0x000661e4        0x0 /src/flex/ti-dsp/syslink_2_21_00_03/packages/ti/syslink/lib/syslink.a_debug(Memory.o)
 .data          0x000661e4        0x0 /src/flex/ti-dsp/syslink_2_21_00_03/packages/ti/syslink/lib/syslink.a_debug(List.o)
 .data          0x000661e4        0x0 /src/flex/ti-dsp/syslink_2_21_00_03/packages/ti/syslink/lib/syslink.a_debug(String.o)
 .data          0x000661e4        0x0 /src/flex/ti-dsp/syslink_2_21_00_03/packages/ti/syslink/lib/syslink.a_debug(Trace.o)
 .data          0x000661e4        0x4 /src/flex/ti-dsp/syslink_2_21_00_03/packages/ti/syslink/lib/syslink.a_debug(NameServer.o)
                0x000661e4                NameServer_module
 .data          0x000661e8        0x4 /src/flex/ti-dsp/syslink_2_21_00_03/packages/ti/syslink/lib/syslink.a_debug(MultiProc.o)
                0x000661e8                MultiProc_module
 .data          0x000661ec        0xc /src/flex/ti-dsp/syslink_2_21_00_03/packages/ti/syslink/lib/syslink.a_debug(Gate.o)
                0x000661f4                Gate_systemHandle
                0x000661ec                Gate_systemObject
 .data          0x000661f8        0x0 /src/flex/ti-dsp/syslink_2_21_00_03/packages/ti/syslink/lib/syslink.a_debug(SysLink.o)
 .data          0x000661f8        0x0 /src/flex/ti-dsp/syslink_2_21_00_03/packages/ti/syslink/lib/syslink.a_debug(Cache.o)
 .data          0x000661f8        0x0 /src/flex/ti-dsp/syslink_2_21_00_03/packages/ti/syslink/lib/syslink.a_debug(NameServerDrv.o)
 .data          0x000661f8        0x0 /src/flex/ti-dsp/syslink_2_21_00_03/packages/ti/syslink/lib/syslink.a_debug(MultiProcDrv.o)
 .data          0x000661f8        0x0 /src/flex/ti-dsp/syslink_2_21_00_03/packages/ti/syslink/lib/syslink.a_debug(TraceDrv.o)
 .data          0x000661f8        0x0 /src/flex/ti-dsp/syslink_2_21_00_03/packages/ti/syslink/lib/syslink.a_debug(CacheDrv.o)
 .data          0x000661f8        0x0 /src/flex/ti-dsp/syslink_2_21_00_03/packages/ti/syslink/lib/syslink.a_debug(Dev.o)
 .data          0x000661f8        0x0 /src/flex/ti-dsp/syslink_2_21_00_03/packages/ti/syslink/lib/syslink.a_debug(MemoryOS.o)
 .data          0x000661f8        0x4 /src/flex/ti-dsp/syslink_2_21_00_03/packages/ti/syslink/lib/syslink.a_debug(OsalDrv.o)
 .data          0x000661fc        0x0 /src/flex/ti-dsp/syslink_2_21_00_03/packages/ti/syslink/lib/syslink.a_debug(OsalMutex.o)
 .data          0x000661fc        0x0 /src/flex/ti-dsp/syslink_2_21_00_03/packages/ti/syslink/lib/syslink.a_debug(OsalPrint.o)
 .data          0x000661fc        0x0 /src/flex/ti-dsp/syslink_2_21_00_03/packages/ti/syslink/lib/syslink.a_debug(ProcMgr.o)
 .data          0x000661fc        0x4 /src/flex/ti-dsp/syslink_2_21_00_03/packages/ti/syslink/lib/syslink.a_debug(ProcMgrDrvUsr.o)
 .data          0x00066200        0x0 /src/flex/ti-dsp/syslink_2_21_00_03/packages/ti/syslink/lib/syslink.a_debug(FrameQ_common.o)
 .data          0x00066200        0x4 /src/flex/ti-dsp/syslink_2_21_00_03/packages/ti/syslink/lib/syslink.a_debug(SharedRegion.o)
                0x00066200                SharedRegion_module
 .data          0x00066204        0x4 /src/flex/ti-dsp/syslink_2_21_00_03/packages/ti/syslink/lib/syslink.a_debug(ListMP.o)
                0x00066204                ListMP_module
 .data          0x00066208        0x4 /src/flex/ti-dsp/syslink_2_21_00_03/packages/ti/syslink/lib/syslink.a_debug(MessageQ.o)
                0x00066208                MessageQ_module
 .data          0x0006620c        0x0 /src/flex/ti-dsp/syslink_2_21_00_03/packages/ti/syslink/lib/syslink.a_debug(SharedRegionDrv.o)
 .data          0x0006620c        0x0 /src/flex/ti-dsp/syslink_2_21_00_03/packages/ti/syslink/lib/syslink.a_debug(ListMPDrv.o)
 .data          0x0006620c        0x0 /src/flex/ti-dsp/syslink_2_21_00_03/packages/ti/syslink/lib/syslink.a_debug(MessageQDrv.o)
 .data          0x0006620c        0x0 /home/jreese/CodeSourcery/Sourcery_G++_Lite/bin/../arm-none-linux-gnueabi/libc/usr/lib/libc_nonshared.a(elf-init.oS)
 .data          0x0006620c        0x0 /home/jreese/CodeSourcery/Sourcery_G++_Lite/bin/../lib/gcc/arm-none-linux-gnueabi/4.3.3/libgcc.a(_udivsi3.o)
 .data          0x0006620c        0x0 /home/jreese/CodeSourcery/Sourcery_G++_Lite/bin/../lib/gcc/arm-none-linux-gnueabi/4.3.3/libgcc.a(_dvmd_lnx.o)
 .data          0x0006620c        0x0 /home/jreese/CodeSourcery/Sourcery_G++_Lite/bin/../lib/gcc/arm-none-linux-gnueabi/4.3.3/crtend.o
 .data          0x0006620c        0x0 /home/jreese/CodeSourcery/Sourcery_G++_Lite/bin/../arm-none-linux-gnueabi/libc/usr/lib/crtn.o

.data1
 *(.data1)
                0x0006620c                _edata = .
                0x0006620c                PROVIDE (edata, .)
                0x0006620c                __bss_start = .
                0x0006620c                __bss_start__ = .

.bss            0x00066210    0x2d644
 *(.dynbss)
 .dynbss        0x00066210        0x4 /home/jreese/CodeSourcery/Sourcery_G++_Lite/bin/../arm-none-linux-gnueabi/libc/usr/lib/crti.o
                0x00066210                stderr@@GLIBC_2.4
 *(.bss .bss.* .gnu.linkonce.b.*)
 .bss           0x00066214        0x0 /home/jreese/CodeSourcery/Sourcery_G++_Lite/bin/../arm-none-linux-gnueabi/libc/usr/lib/crt1.o
 .bss           0x00066214        0x0 /home/jreese/CodeSourcery/Sourcery_G++_Lite/bin/../arm-none-linux-gnueabi/libc/usr/lib/crti.o
 .bss           0x00066214        0x1 /home/jreese/CodeSourcery/Sourcery_G++_Lite/bin/../lib/gcc/arm-none-linux-gnueabi/4.3.3/crtbegin.o
 *fill*         0x00066215        0x3 00
 .bss           0x00066218        0x4 bin/debug/obj/main_host.ov5T
 .bss           0x0006621c       0x4c bin/debug/obj/App.ov5T
 .bss           0x00066268       0x14 /src/flex/ti-dsp/syslink_2_21_00_03/packages/ti/syslink/lib/syslink.a_debug(Notify.o)
                0x00066268                Notify_state
 .bss           0x0006627c       0x5c /src/flex/ti-dsp/syslink_2_21_00_03/packages/ti/syslink/lib/syslink.a_debug(Ipc.o)
                0x000662cc                SysLinkCfg_sysMemMap
                0x0006627c                Ipc_state
                0x000662d4                SysLink_params
 .bss           0x000662d8        0xc /src/flex/ti-dsp/syslink_2_21_00_03/packages/ti/syslink/lib/syslink.a_debug(RingIO.o)
                0x000662d8                RingIO_state
 .bss           0x000662e4        0x8 /src/flex/ti-dsp/syslink_2_21_00_03/packages/ti/syslink/lib/syslink.a_debug(RingIOShm.o)
                0x000662e4                RingIOShm_state
 .bss           0x000662ec       0x20 /src/flex/ti-dsp/syslink_2_21_00_03/packages/ti/syslink/lib/syslink.a_debug(FrameQ.o)
                0x000662ec                FrameQ_module_obj
 .bss           0x0006630c       0x20 /src/flex/ti-dsp/syslink_2_21_00_03/packages/ti/syslink/lib/syslink.a_debug(FrameQBufMgr.o)
                0x0006630c                FrameQBufMgr_module_obj
 .bss           0x0006632c    0x2d024 /src/flex/ti-dsp/syslink_2_21_00_03/packages/ti/syslink/lib/syslink.a_debug(ClientNotifyMgr.o)
                0x0006632c                ClientNotifyMgr_module_obj
 .bss           0x00093350        0x4 /src/flex/ti-dsp/syslink_2_21_00_03/packages/ti/syslink/lib/syslink.a_debug(HeapMemMP.o)
                0x00093350                HeapMemMP_state
 .bss           0x00093354        0x4 /src/flex/ti-dsp/syslink_2_21_00_03/packages/ti/syslink/lib/syslink.a_debug(HeapBufMP.o)
                0x00093354                HeapBufMP_state
 .bss           0x00093358       0x1c /src/flex/ti-dsp/syslink_2_21_00_03/packages/ti/syslink/lib/syslink.a_debug(GateMP.o)
 .bss           0x00093374        0xc /src/flex/ti-dsp/syslink_2_21_00_03/packages/ti/syslink/lib/syslink.a_debug(NotifyDrvUsr.o)
 .bss           0x00093380        0x8 /src/flex/ti-dsp/syslink_2_21_00_03/packages/ti/syslink/lib/syslink.a_debug(HeapBufMPDrv.o)
 .bss           0x00093388        0x8 /src/flex/ti-dsp/syslink_2_21_00_03/packages/ti/syslink/lib/syslink.a_debug(IpcDrv.o)
 .bss           0x00093390        0x8 /src/flex/ti-dsp/syslink_2_21_00_03/packages/ti/syslink/lib/syslink.a_debug(FrameQDrv.o)
 .bss           0x00093398        0x8 /src/flex/ti-dsp/syslink_2_21_00_03/packages/ti/syslink/lib/syslink.a_debug(FrameQBufMgrDrv.o)
 .bss           0x000933a0        0x8 /src/flex/ti-dsp/syslink_2_21_00_03/packages/ti/syslink/lib/syslink.a_debug(ClientNotifyMgrDrv.o)
 .bss           0x000933a8        0x8 /src/flex/ti-dsp/syslink_2_21_00_03/packages/ti/syslink/lib/syslink.a_debug(RingIODrv.o)
 .bss           0x000933b0        0x8 /src/flex/ti-dsp/syslink_2_21_00_03/packages/ti/syslink/lib/syslink.a_debug(RingIOShmDrv.o)
 .bss           0x000933b8        0x8 /src/flex/ti-dsp/syslink_2_21_00_03/packages/ti/syslink/lib/syslink.a_debug(HeapMemMPDrv.o)
 .bss           0x000933c0        0x8 /src/flex/ti-dsp/syslink_2_21_00_03/packages/ti/syslink/lib/syslink.a_debug(GateMPDrv.o)
 .bss           0x000933c8        0x0 /src/flex/ti-dsp/syslink_2_21_00_03/packages/ti/syslink/lib/syslink.a_debug(OsalProcess.o)
 .bss           0x000933c8        0x4 /src/flex/ti-dsp/syslink_2_21_00_03/packages/ti/syslink/lib/syslink.a_debug(GateMutex.o)
 .bss           0x000933cc        0x0 /src/flex/ti-dsp/syslink_2_21_00_03/packages/ti/syslink/lib/syslink.a_debug(Memory.o)
 .bss           0x000933cc        0x0 /src/flex/ti-dsp/syslink_2_21_00_03/packages/ti/syslink/lib/syslink.a_debug(List.o)
 .bss           0x000933cc        0x0 /src/flex/ti-dsp/syslink_2_21_00_03/packages/ti/syslink/lib/syslink.a_debug(String.o)
 .bss           0x000933cc        0x4 /src/flex/ti-dsp/syslink_2_21_00_03/packages/ti/syslink/lib/syslink.a_debug(Trace.o)
                0x000933cc                curTrace
 .bss           0x000933d0        0xc /src/flex/ti-dsp/syslink_2_21_00_03/packages/ti/syslink/lib/syslink.a_debug(NameServer.o)
                0x000933d0                NameServer_state
 .bss           0x000933dc      0x298 /src/flex/ti-dsp/syslink_2_21_00_03/packages/ti/syslink/lib/syslink.a_debug(MultiProc.o)
                0x000933dc                MultiProc_state
 .bss           0x00093674       0x18 /src/flex/ti-dsp/syslink_2_21_00_03/packages/ti/syslink/lib/syslink.a_debug(Gate.o)
                0x00093674                staticMutex
 .bss           0x0009368c        0x0 /src/flex/ti-dsp/syslink_2_21_00_03/packages/ti/syslink/lib/syslink.a_debug(SysLink.o)
 .bss           0x0009368c        0x0 /src/flex/ti-dsp/syslink_2_21_00_03/packages/ti/syslink/lib/syslink.a_debug(Cache.o)
 .bss           0x0009368c        0x8 /src/flex/ti-dsp/syslink_2_21_00_03/packages/ti/syslink/lib/syslink.a_debug(NameServerDrv.o)
 .bss           0x00093694        0x8 /src/flex/ti-dsp/syslink_2_21_00_03/packages/ti/syslink/lib/syslink.a_debug(MultiProcDrv.o)
 .bss           0x0009369c        0x0 /src/flex/ti-dsp/syslink_2_21_00_03/packages/ti/syslink/lib/syslink.a_debug(TraceDrv.o)
 .bss           0x0009369c        0x0 /src/flex/ti-dsp/syslink_2_21_00_03/packages/ti/syslink/lib/syslink.a_debug(CacheDrv.o)
 .bss           0x0009369c        0x0 /src/flex/ti-dsp/syslink_2_21_00_03/packages/ti/syslink/lib/syslink.a_debug(Dev.o)
 .bss           0x0009369c       0x18 /src/flex/ti-dsp/syslink_2_21_00_03/packages/ti/syslink/lib/syslink.a_debug(MemoryOS.o)
 .bss           0x000936b4        0x4 /src/flex/ti-dsp/syslink_2_21_00_03/packages/ti/syslink/lib/syslink.a_debug(OsalDrv.o)
 .bss           0x000936b8        0x0 /src/flex/ti-dsp/syslink_2_21_00_03/packages/ti/syslink/lib/syslink.a_debug(OsalMutex.o)
 .bss           0x000936b8        0x0 /src/flex/ti-dsp/syslink_2_21_00_03/packages/ti/syslink/lib/syslink.a_debug(OsalPrint.o)
 .bss           0x000936b8       0x2c /src/flex/ti-dsp/syslink_2_21_00_03/packages/ti/syslink/lib/syslink.a_debug(ProcMgr.o)
                0x000936b8                ProcMgr_state
 .bss           0x000936e4        0x4 /src/flex/ti-dsp/syslink_2_21_00_03/packages/ti/syslink/lib/syslink.a_debug(ProcMgrDrvUsr.o)
 .bss           0x000936e8        0x0 /src/flex/ti-dsp/syslink_2_21_00_03/packages/ti/syslink/lib/syslink.a_debug(FrameQ_common.o)
 .bss           0x000936e8      0x138 /src/flex/ti-dsp/syslink_2_21_00_03/packages/ti/syslink/lib/syslink.a_debug(SharedRegion.o)
                0x000936e8                SharedRegion_state
 .bss           0x00093820        0x4 /src/flex/ti-dsp/syslink_2_21_00_03/packages/ti/syslink/lib/syslink.a_debug(ListMP.o)
                0x00093820                ListMP_state
 .bss           0x00093824        0x4 /src/flex/ti-dsp/syslink_2_21_00_03/packages/ti/syslink/lib/syslink.a_debug(MessageQ.o)
                0x00093824                MessageQ_state
 .bss           0x00093828        0x8 /src/flex/ti-dsp/syslink_2_21_00_03/packages/ti/syslink/lib/syslink.a_debug(SharedRegionDrv.o)
 .bss           0x00093830        0x8 /src/flex/ti-dsp/syslink_2_21_00_03/packages/ti/syslink/lib/syslink.a_debug(ListMPDrv.o)
 .bss           0x00093838        0x8 /src/flex/ti-dsp/syslink_2_21_00_03/packages/ti/syslink/lib/syslink.a_debug(MessageQDrv.o)
 .bss           0x00093840        0x0 /home/jreese/CodeSourcery/Sourcery_G++_Lite/bin/../arm-none-linux-gnueabi/libc/usr/lib/libc_nonshared.a(elf-init.oS)
 .bss           0x00093840        0x0 /home/jreese/CodeSourcery/Sourcery_G++_Lite/bin/../lib/gcc/arm-none-linux-gnueabi/4.3.3/libgcc.a(_udivsi3.o)
 .bss           0x00093840        0x0 /home/jreese/CodeSourcery/Sourcery_G++_Lite/bin/../lib/gcc/arm-none-linux-gnueabi/4.3.3/libgcc.a(_dvmd_lnx.o)
 .bss           0x00093840        0x0 /home/jreese/CodeSourcery/Sourcery_G++_Lite/bin/../lib/gcc/arm-none-linux-gnueabi/4.3.3/crtend.o
 .bss           0x00093840        0x0 /home/jreese/CodeSourcery/Sourcery_G++_Lite/bin/../arm-none-linux-gnueabi/libc/usr/lib/crtn.o
 *(COMMON)
 COMMON         0x00093840        0x4 /src/flex/ti-dsp/syslink_2_21_00_03/packages/ti/syslink/lib/syslink.a_debug(NameServer.o)
                0x00093840                NameServer_Object
 COMMON         0x00093844       0x10 /src/flex/ti-dsp/syslink_2_21_00_03/packages/ti/syslink/lib/syslink.a_debug(MemoryOS.o)
                0x00093844                MemoryOS_state
                0x00093854                . = ALIGN ((. != 0x0)?0x4:0x1)
                0x00093854                _bss_end__ = .
                0x00093854                __bss_end__ = .
                0x00093854                . = ALIGN (0x4)
                0x00093854                . = ALIGN (0x4)
                0x00093854                __end__ = .
                0x00093854                _end = .
                0x00093854                PROVIDE (end, .)
                0x00093854                . = DATA_SEGMENT_END (.)

.stab
 *(.stab)

.stabstr
 *(.stabstr)

.stab.excl
 *(.stab.excl)

.stab.exclstr
 *(.stab.exclstr)

.stab.index
 *(.stab.index)

.stab.indexstr
 *(.stab.indexstr)

.ARM.attributes
                0x00000000       0x2d
 .ARM.attributes
                0x00000000       0x2d /home/jreese/CodeSourcery/Sourcery_G++_Lite/bin/../arm-none-linux-gnueabi/libc/usr/lib/crt1.o
 .ARM.attributes
                0x0000002d       0x31 /home/jreese/CodeSourcery/Sourcery_G++_Lite/bin/../arm-none-linux-gnueabi/libc/usr/lib/crti.o
 .ARM.attributes
                0x0000005e       0x31 /home/jreese/CodeSourcery/Sourcery_G++_Lite/bin/../lib/gcc/arm-none-linux-gnueabi/4.3.3/crtbegin.o
 .ARM.attributes
                0x0000008f       0x2a bin/debug/obj/main_host.ov5T
 .ARM.attributes
                0x000000b9       0x2a bin/debug/obj/App.ov5T
 .ARM.attributes
                0x000000e3       0x31 /src/flex/ti-dsp/syslink_2_21_00_03/packages/ti/syslink/lib/syslink.a_debug(Notify.o)
 .ARM.attributes
                0x00000114       0x31 /src/flex/ti-dsp/syslink_2_21_00_03/packages/ti/syslink/lib/syslink.a_debug(Ipc.o)
 .ARM.attributes
                0x00000145       0x31 /src/flex/ti-dsp/syslink_2_21_00_03/packages/ti/syslink/lib/syslink.a_debug(RingIO.o)
 .ARM.attributes
                0x00000176       0x31 /src/flex/ti-dsp/syslink_2_21_00_03/packages/ti/syslink/lib/syslink.a_debug(RingIOShm.o)
 .ARM.attributes
                0x000001a7       0x31 /src/flex/ti-dsp/syslink_2_21_00_03/packages/ti/syslink/lib/syslink.a_debug(FrameQ.o)
 .ARM.attributes
                0x000001d8       0x31 /src/flex/ti-dsp/syslink_2_21_00_03/packages/ti/syslink/lib/syslink.a_debug(FrameQBufMgr.o)
 .ARM.attributes
                0x00000209       0x31 /src/flex/ti-dsp/syslink_2_21_00_03/packages/ti/syslink/lib/syslink.a_debug(ClientNotifyMgr.o)
 .ARM.attributes
                0x0000023a       0x31 /src/flex/ti-dsp/syslink_2_21_00_03/packages/ti/syslink/lib/syslink.a_debug(HeapMemMP.o)
 .ARM.attributes
                0x0000026b       0x31 /src/flex/ti-dsp/syslink_2_21_00_03/packages/ti/syslink/lib/syslink.a_debug(HeapBufMP.o)
 .ARM.attributes
                0x0000029c       0x31 /src/flex/ti-dsp/syslink_2_21_00_03/packages/ti/syslink/lib/syslink.a_debug(GateMP.o)
 .ARM.attributes
                0x000002cd       0x31 /src/flex/ti-dsp/syslink_2_21_00_03/packages/ti/syslink/lib/syslink.a_debug(NotifyDrvUsr.o)
 .ARM.attributes
                0x000002fe       0x31 /src/flex/ti-dsp/syslink_2_21_00_03/packages/ti/syslink/lib/syslink.a_debug(HeapBufMPDrv.o)
 .ARM.attributes
                0x0000032f       0x31 /src/flex/ti-dsp/syslink_2_21_00_03/packages/ti/syslink/lib/syslink.a_debug(IpcDrv.o)
 .ARM.attributes
                0x00000360       0x31 /src/flex/ti-dsp/syslink_2_21_00_03/packages/ti/syslink/lib/syslink.a_debug(FrameQDrv.o)
 .ARM.attributes
                0x00000391       0x31 /src/flex/ti-dsp/syslink_2_21_00_03/packages/ti/syslink/lib/syslink.a_debug(FrameQBufMgrDrv.o)
 .ARM.attributes
                0x000003c2       0x31 /src/flex/ti-dsp/syslink_2_21_00_03/packages/ti/syslink/lib/syslink.a_debug(ClientNotifyMgrDrv.o)
 .ARM.attributes
                0x000003f3       0x31 /src/flex/ti-dsp/syslink_2_21_00_03/packages/ti/syslink/lib/syslink.a_debug(RingIODrv.o)
 .ARM.attributes
                0x00000424       0x31 /src/flex/ti-dsp/syslink_2_21_00_03/packages/ti/syslink/lib/syslink.a_debug(RingIOShmDrv.o)
 .ARM.attributes
                0x00000455       0x31 /src/flex/ti-dsp/syslink_2_21_00_03/packages/ti/syslink/lib/syslink.a_debug(HeapMemMPDrv.o)
 .ARM.attributes
                0x00000486       0x31 /src/flex/ti-dsp/syslink_2_21_00_03/packages/ti/syslink/lib/syslink.a_debug(GateMPDrv.o)
 .ARM.attributes
                0x000004b7       0x31 /src/flex/ti-dsp/syslink_2_21_00_03/packages/ti/syslink/lib/syslink.a_debug(OsalProcess.o)
 .ARM.attributes
                0x000004e8       0x31 /src/flex/ti-dsp/syslink_2_21_00_03/packages/ti/syslink/lib/syslink.a_debug(GateMutex.o)
 .ARM.attributes
                0x00000519       0x31 /src/flex/ti-dsp/syslink_2_21_00_03/packages/ti/syslink/lib/syslink.a_debug(Memory.o)
 .ARM.attributes
                0x0000054a       0x31 /src/flex/ti-dsp/syslink_2_21_00_03/packages/ti/syslink/lib/syslink.a_debug(List.o)
 .ARM.attributes
                0x0000057b       0x31 /src/flex/ti-dsp/syslink_2_21_00_03/packages/ti/syslink/lib/syslink.a_debug(String.o)
 .ARM.attributes
                0x000005ac       0x31 /src/flex/ti-dsp/syslink_2_21_00_03/packages/ti/syslink/lib/syslink.a_debug(Trace.o)
 .ARM.attributes
                0x000005dd       0x31 /src/flex/ti-dsp/syslink_2_21_00_03/packages/ti/syslink/lib/syslink.a_debug(NameServer.o)
 .ARM.attributes
                0x0000060e       0x31 /src/flex/ti-dsp/syslink_2_21_00_03/packages/ti/syslink/lib/syslink.a_debug(MultiProc.o)
 .ARM.attributes
                0x0000063f       0x31 /src/flex/ti-dsp/syslink_2_21_00_03/packages/ti/syslink/lib/syslink.a_debug(Gate.o)
 .ARM.attributes
                0x00000670       0x31 /src/flex/ti-dsp/syslink_2_21_00_03/packages/ti/syslink/lib/syslink.a_debug(SysLink.o)
 .ARM.attributes
                0x000006a1       0x31 /src/flex/ti-dsp/syslink_2_21_00_03/packages/ti/syslink/lib/syslink.a_debug(Cache.o)
 .ARM.attributes
                0x000006d2       0x31 /src/flex/ti-dsp/syslink_2_21_00_03/packages/ti/syslink/lib/syslink.a_debug(NameServerDrv.o)
 .ARM.attributes
                0x00000703       0x31 /src/flex/ti-dsp/syslink_2_21_00_03/packages/ti/syslink/lib/syslink.a_debug(MultiProcDrv.o)
 .ARM.attributes
                0x00000734       0x31 /src/flex/ti-dsp/syslink_2_21_00_03/packages/ti/syslink/lib/syslink.a_debug(TraceDrv.o)
 .ARM.attributes
                0x00000765       0x31 /src/flex/ti-dsp/syslink_2_21_00_03/packages/ti/syslink/lib/syslink.a_debug(CacheDrv.o)
 .ARM.attributes
                0x00000796       0x31 /src/flex/ti-dsp/syslink_2_21_00_03/packages/ti/syslink/lib/syslink.a_debug(Dev.o)
 .ARM.attributes
                0x000007c7       0x31 /src/flex/ti-dsp/syslink_2_21_00_03/packages/ti/syslink/lib/syslink.a_debug(MemoryOS.o)
 .ARM.attributes