Archive member included because of file (symbol)

/src/flex/microburst-linux/ti-dsp/syslink_2_21_00_03/packages/ti/syslink/lib/syslink.a_debug(SharedRegion.o)
                              bin/debug/obj/App.ov5T (SharedRegion_getSRPtr)
/src/flex/microburst-linux/ti-dsp/syslink_2_21_00_03/packages/ti/syslink/lib/syslink.a_debug(Notify.o)
                              bin/debug/obj/App.ov5T (Notify_registerEvent)
/src/flex/microburst-linux/ti-dsp/syslink_2_21_00_03/packages/ti/syslink/lib/syslink.a_debug(Ipc.o)
                              bin/debug/obj/main_host.ov5T (Ipc_control)
/src/flex/microburst-linux/ti-dsp/syslink_2_21_00_03/packages/ti/syslink/lib/syslink.a_debug(RingIO.o)
                              /src/flex/microburst-linux/ti-dsp/syslink_2_21_00_03/packages/ti/syslink/lib/syslink.a_debug(Ipc.o) (RingIO_getConfig)
/src/flex/microburst-linux/ti-dsp/syslink_2_21_00_03/packages/ti/syslink/lib/syslink.a_debug(RingIOShm.o)
                              /src/flex/microburst-linux/ti-dsp/syslink_2_21_00_03/packages/ti/syslink/lib/syslink.a_debug(Ipc.o) (RingIOShm_getConfig)
/src/flex/microburst-linux/ti-dsp/syslink_2_21_00_03/packages/ti/syslink/lib/syslink.a_debug(FrameQ.o)
                              /src/flex/microburst-linux/ti-dsp/syslink_2_21_00_03/packages/ti/syslink/lib/syslink.a_debug(Ipc.o) (FrameQ_getConfig)
/src/flex/microburst-linux/ti-dsp/syslink_2_21_00_03/packages/ti/syslink/lib/syslink.a_debug(FrameQBufMgr.o)
                              /src/flex/microburst-linux/ti-dsp/syslink_2_21_00_03/packages/ti/syslink/lib/syslink.a_debug(Ipc.o) (FrameQBufMgr_getConfig)
/src/flex/microburst-linux/ti-dsp/syslink_2_21_00_03/packages/ti/syslink/lib/syslink.a_debug(ClientNotifyMgr.o)
                              /src/flex/microburst-linux/ti-dsp/syslink_2_21_00_03/packages/ti/syslink/lib/syslink.a_debug(RingIO.o) (ClientNotifyMgr_sharedMemReq)
/src/flex/microburst-linux/ti-dsp/syslink_2_21_00_03/packages/ti/syslink/lib/syslink.a_debug(HeapMemMP.o)
                              /src/flex/microburst-linux/ti-dsp/syslink_2_21_00_03/packages/ti/syslink/lib/syslink.a_debug(Ipc.o) (HeapMemMP_getConfig)
/src/flex/microburst-linux/ti-dsp/syslink_2_21_00_03/packages/ti/syslink/lib/syslink.a_debug(HeapBufMP.o)
                              /src/flex/microburst-linux/ti-dsp/syslink_2_21_00_03/packages/ti/syslink/lib/syslink.a_debug(Ipc.o) (HeapBufMP_getConfig)
/src/flex/microburst-linux/ti-dsp/syslink_2_21_00_03/packages/ti/syslink/lib/syslink.a_debug(GateMP.o)
                              /src/flex/microburst-linux/ti-dsp/syslink_2_21_00_03/packages/ti/syslink/lib/syslink.a_debug(Ipc.o) (GateMP_getConfig)
/src/flex/microburst-linux/ti-dsp/syslink_2_21_00_03/packages/ti/syslink/lib/syslink.a_debug(SharedRegionDrv.o)
                              /src/flex/microburst-linux/ti-dsp/syslink_2_21_00_03/packages/ti/syslink/lib/syslink.a_debug(SharedRegion.o) (SharedRegionDrv_open)
/src/flex/microburst-linux/ti-dsp/syslink_2_21_00_03/packages/ti/syslink/lib/syslink.a_debug(NotifyDrvUsr.o)
                              /src/flex/microburst-linux/ti-dsp/syslink_2_21_00_03/packages/ti/syslink/lib/syslink.a_debug(Notify.o) (NotifyDrvUsr_open)
/src/flex/microburst-linux/ti-dsp/syslink_2_21_00_03/packages/ti/syslink/lib/syslink.a_debug(HeapBufMPDrv.o)
                              /src/flex/microburst-linux/ti-dsp/syslink_2_21_00_03/packages/ti/syslink/lib/syslink.a_debug(HeapBufMP.o) (HeapBufMPDrv_open)
/src/flex/microburst-linux/ti-dsp/syslink_2_21_00_03/packages/ti/syslink/lib/syslink.a_debug(IpcDrv.o)
                              /src/flex/microburst-linux/ti-dsp/syslink_2_21_00_03/packages/ti/syslink/lib/syslink.a_debug(Ipc.o) (IpcDrv_open)
/src/flex/microburst-linux/ti-dsp/syslink_2_21_00_03/packages/ti/syslink/lib/syslink.a_debug(FrameQDrv.o)
                              /src/flex/microburst-linux/ti-dsp/syslink_2_21_00_03/packages/ti/syslink/lib/syslink.a_debug(FrameQ.o) (FrameQDrv_open)
/src/flex/microburst-linux/ti-dsp/syslink_2_21_00_03/packages/ti/syslink/lib/syslink.a_debug(FrameQBufMgrDrv.o)
                              /src/flex/microburst-linux/ti-dsp/syslink_2_21_00_03/packages/ti/syslink/lib/syslink.a_debug(FrameQBufMgr.o) (FrameQBufMgrDrv_open)
/src/flex/microburst-linux/ti-dsp/syslink_2_21_00_03/packages/ti/syslink/lib/syslink.a_debug(ClientNotifyMgrDrv.o)
                              /src/flex/microburst-linux/ti-dsp/syslink_2_21_00_03/packages/ti/syslink/lib/syslink.a_debug(ClientNotifyMgr.o) (ClientNotifyMgrDrv_open)
/src/flex/microburst-linux/ti-dsp/syslink_2_21_00_03/packages/ti/syslink/lib/syslink.a_debug(RingIODrv.o)
                              /src/flex/microburst-linux/ti-dsp/syslink_2_21_00_03/packages/ti/syslink/lib/syslink.a_debug(RingIO.o) (RingIODrv_open)
/src/flex/microburst-linux/ti-dsp/syslink_2_21_00_03/packages/ti/syslink/lib/syslink.a_debug(RingIOShmDrv.o)
[...]
Memory Configuration

Name             Origin             Length             Attributes
*default*        0x00000000         0xffffffff

Linker script and memory map

LOAD /home/jreese/CodeSourcery/Sourcery_G++_Lite/bin/../arm-none-linux-gnueabi/libc/usr/lib/crt1.o
LOAD /home/jreese/CodeSourcery/Sourcery_G++_Lite/bin/../arm-none-linux-gnueabi/libc/usr/lib/crti.o
LOAD /home/jreese/CodeSourcery/Sourcery_G++_Lite/bin/../lib/gcc/arm-none-linux-gnueabi/4.3.3/crtbegin.o
LOAD bin/debug/obj/main_host.ov5T
LOAD bin/debug/obj/App.ov5T
LOAD /src/flex/microburst-linux/ti-dsp/syslink_2_21_00_03/packages/ti/syslink/lib/syslink.a_debug
LOAD /home/jreese/CodeSourcery/Sourcery_G++_Lite/bin/../arm-none-linux-gnueabi/libc/usr/lib/libpthread.so
START GROUP
LOAD /home/jreese/CodeSourcery/Sourcery_G++_Lite/bin/../arm-none-linux-gnueabi/libc/lib/libpthread.so.0
LOAD /home/jreese/CodeSourcery/Sourcery_G++_Lite/bin/../arm-none-linux-gnueabi/libc/usr/lib/libpthread_nonshared.a
END GROUP
LOAD /home/jreese/CodeSourcery/Sourcery_G++_Lite/bin/../arm-none-linux-gnueabi/libc/usr/lib/libc.so
START GROUP
LOAD /home/jreese/CodeSourcery/Sourcery_G++_Lite/bin/../arm-none-linux-gnueabi/libc/lib/libc.so.6
LOAD /home/jreese/CodeSourcery/Sourcery_G++_Lite/bin/../arm-none-linux-gnueabi/libc/usr/lib/libc_nonshared.a
LOAD /home/jreese/CodeSourcery/Sourcery_G++_Lite/bin/../arm-none-linux-gnueabi/libc/lib/ld-linux.so.3
END GROUP
LOAD /home/jreese/CodeSourcery/Sourcery_G++_Lite/bin/../arm-none-linux-gnueabi/libc/usr/lib/librt.so
LOAD /home/jreese/CodeSourcery/Sourcery_G++_Lite/bin/../lib/gcc/arm-none-linux-gnueabi/4.3.3/libgcc.a
LOAD /home/jreese/CodeSourcery/Sourcery_G++_Lite/bin/../arm-none-linux-gnueabi/libc/lib/libgcc_s.so
LOAD /home/jreese/CodeSourcery/Sourcery_G++_Lite/bin/../arm-none-linux-gnueabi/libc/usr/lib/libc.so
START GROUP
LOAD /home/jreese/CodeSourcery/Sourcery_G++_Lite/bin/../arm-none-linux-gnueabi/libc/lib/libc.so.6
LOAD /home/jreese/CodeSourcery/Sourcery_G++_Lite/bin/../arm-none-linux-gnueabi/libc/usr/lib/libc_nonshared.a
LOAD /home/jreese/CodeSourcery/Sourcery_G++_Lite/bin/../arm-none-linux-gnueabi/libc/lib/ld-linux.so.3
END GROUP
LOAD /home/jreese/CodeSourcery/Sourcery_G++_Lite/bin/../lib/gcc/arm-none-linux-gnueabi/4.3.3/libgcc.a
LOAD /home/jreese/CodeSourcery/Sourcery_G++_Lite/bin/../arm-none-linux-gnueabi/libc/lib/libgcc_s.so
LOAD /home/jreese/CodeSourcery/Sourcery_G++_Lite/bin/../lib/gcc/arm-none-linux-gnueabi/4.3.3/crtend.o
LOAD /home/jreese/CodeSourcery/Sourcery_G++_Lite/bin/../arm-none-linux-gnueabi/libc/usr/lib/crtn.o
                0x00008000                PROVIDE (__executable_start, 0x8000)
                0x00008134                . = (0x8000 + SIZEOF_HEADERS)

.interp         0x00008134       0x13
 *(.interp)
 .interp        0x00008134       0x13 /home/jreese/CodeSourcery/Sourcery_G++_Lite/bin/../arm-none-linux-gnueabi/libc/usr/lib/crti.o

.note.ABI-tag   0x00008148       0x20
 .note.ABI-tag  0x00008148       0x20 /home/jreese/CodeSourcery/Sourcery_G++_Lite/bin/../arm-none-linux-gnueabi/libc/usr/lib/crt1.o

.note.gnu.build-id
 *(.note.gnu.build-id)

.hash           0x00008168      0x150
 *(.hash)
 .hash          0x00008168      0x150 /home/jreese/CodeSourcery/Sourcery_G++_Lite/bin/../arm-none-linux-gnueabi/libc/usr/lib/crti.o

.gnu.hash
 *(.gnu.hash)

.dynsym         0x000082b8      0x2d0
 *(.dynsym)
 .dynsym        0x000082b8      0x2d0 /home/jreese/CodeSourcery/Sourcery_G++_Lite/bin/../arm-none-linux-gnueabi/libc/usr/lib/crti.o

.dynstr         0x00008588      0x209
 *(.dynstr)
 .dynstr        0x00008588      0x209 /home/jreese/CodeSourcery/Sourcery_G++_Lite/bin/../arm-none-linux-gnueabi/libc/usr/lib/crti.o

.gnu.version    0x00008792       0x5a
 *(.gnu.version)
 .gnu.version   0x00008792       0x5a /home/jreese/CodeSourcery/Sourcery_G++_Lite/bin/../arm-none-linux-gnueabi/libc/usr/lib/crti.o

.gnu.version_d  0x000087ec        0x0
 *(.gnu.version_d)
 .gnu.version_d
                0x00000000        0x0 /home/jreese/CodeSourcery/Sourcery_G++_Lite/bin/../arm-none-linux-gnueabi/libc/usr/lib/crti.o

.gnu.version_r  0x000087ec       0x60
 *(.gnu.version_r)
 .gnu.version_r
                0x000087ec       0x60 /home/jreese/CodeSourcery/Sourcery_G++_Lite/bin/../arm-none-linux-gnueabi/libc/usr/lib/crti.o

.rel.dyn        0x0000884c       0x10
 *(.rel.init)
 *(.rel.text .rel.text.* .rel.gnu.linkonce.t.*)
 *(.rel.fini)
 *(.rel.rodata .rel.rodata.* .rel.gnu.linkonce.r.*)
 *(.rel.data.rel.ro* .rel.gnu.linkonce.d.rel.ro.*)
 *(.rel.data .rel.data.* .rel.gnu.linkonce.d.*)
 *(.rel.tdata .rel.tdata.* .rel.gnu.linkonce.td.*)
 *(.rel.tbss .rel.tbss.* .rel.gnu.linkonce.tb.*)
 *(.rel.ctors)
 *(.rel.dtors)
 *(.rel.got)
 .rel.got       0x0000884c        0x8 /home/jreese/CodeSourcery/Sourcery_G++_Lite/bin/../arm-none-linux-gnueabi/libc/usr/lib/crti.o
 *(.rel.bss .rel.bss.* .rel.gnu.linkonce.b.*)
 .rel.bss       0x00008854        0x8 /home/jreese/CodeSourcery/Sourcery_G++_Lite/bin/../arm-none-linux-gnueabi/libc/usr/lib/crti.o

.rel.ifunc.dyn
 *(.rel.ifunc.*)

.rela.dyn
 *(.rela.init)
 *(.rela.text .rela.text.* .rela.gnu.linkonce.t.*)
 *(.rela.fini)
 *(.rela.rodata .rela.rodata.* .rela.gnu.linkonce.r.*)
 *(.rela.data .rela.data.* .rela.gnu.linkonce.d.*)
 *(.rela.tdata .rela.tdata.* .rela.gnu.linkonce.td.*)
 *(.rela.tbss .rela.tbss.* .rela.gnu.linkonce.tb.*)
 *(.rela.ctors)
 *(.rela.dtors)
 *(.rela.got)
 *(.rela.bss .rela.bss.* .rela.gnu.linkonce.b.*)

.rela.ifunc.dyn
 *(.rela.ifunc.*)

.rel.plt        0x0000885c      0x140
 *(.rel.plt)
 .rel.plt       0x0000885c      0x140 /home/jreese/CodeSourcery/Sourcery_G++_Lite/bin/../arm-none-linux-gnueabi/libc/usr/lib/crti.o

.rela.plt
 *(.rela.plt)

.init           0x0000899c        0xc
 *(.init)
 .init          0x0000899c        0x8 /home/jreese/CodeSourcery/Sourcery_G++_Lite/bin/../arm-none-linux-gnueabi/libc/usr/lib/crti.o
                0x0000899c                _init
 .init          0x000089a4        0x4 /home/jreese/CodeSourcery/Sourcery_G++_Lite/bin/../arm-none-linux-gnueabi/libc/usr/lib/crtn.o

.plt            0x000089a8      0x1f4
 *(.plt)
 .plt           0x000089a8      0x1f4 /home/jreese/CodeSourcery/Sourcery_G++_Lite/bin/../arm-none-linux-gnueabi/libc/usr/lib/crti.o
                0x000089bc                open@@GLIBC_2.4
                0x000089c8                mmap@@GLIBC_2.4
                0x000089d4                abort@@GLIBC_2.4
                0x000089e0                pthread_exit@@GLIBC_2.4
                0x000089ec                __libc_start_main@@GLIBC_2.4
                0x00008a04                vsprintf@@GLIBC_2.4
                0x00008a10                getenv@@GLIBC_2.4
                0x00008a1c                sem_init@@GLIBC_2.4
                0x00008a28                memset@@GLIBC_2.4
                0x00008a34                sem_destroy@@GLIBC_2.4
                0x00008a40                perror@@GLIBC_2.4
                0x00008a4c                usleep@@GLIBC_2.4
                0x00008a58                free@@GLIBC_2.4
                0x00008a64                read@@GLIBC_2.4
                0x00008a70                pthread_mutex_unlock@@GLIBC_2.4
                0x00008a7c                ioctl@@GLIBC_2.4
                0x00008a88                pthread_mutex_lock@@GLIBC_2.4
                0x00008a94                pthread_create@@GLIBC_2.4
                0x00008aa0                memcpy@@GLIBC_2.4
                0x00008aac                sem_post@@GLIBC_2.4
                0x00008ab8                pthread_sigmask@@GLIBC_2.4
                0x00008ac4                printf@@GLIBC_2.4
                0x00008ad0                raise@@GLIBC_2.4
                0x00008adc                pthread_mutex_init@@GLIBC_2.4
                0x00008ae8                close@@GLIBC_2.4
                0x00008af4                fwrite@@GLIBC_2.4
                0x00008b00                malloc@@GLIBC_2.4
                0x00008b0c                sigfillset@@GLIBC_2.4
                0x00008b18                puts@@GLIBC_2.4
                0x00008b24                getpid@@GLIBC_2.4
                0x00008b30                fcntl@@GLIBC_2.4
                0x00008b3c                munmap@@GLIBC_2.4
                0x00008b48                nanosleep@@GLIBC_2.4
                0x00008b54                sem_wait@@GLIBC_2.4
                0x00008b60                exit@@GLIBC_2.4
                0x00008b6c                __errno_location@@GLIBC_2.4
                0x00008b78                pthread_self@@GLIBC_2.4
                0x00008b84                pthread_join@@GLIBC_2.4
                0x00008b90                getpagesize@@GLIBC_2.4

.text           0x00008b9c    0x3c660
 *(.text .stub .text.* .gnu.linkonce.t.*)
 .text          0x00008b9c       0x38 /home/jreese/CodeSourcery/Sourcery_G++_Lite/bin/../arm-none-linux-gnueabi/libc/usr/lib/crt1.o
                0x00008b9c                _start
 .text          0x00008bd4       0x24 /home/jreese/CodeSourcery/Sourcery_G++_Lite/bin/../arm-none-linux-gnueabi/libc/usr/lib/crti.o
 .text          0x00008bf8       0x4c /home/jreese/CodeSourcery/Sourcery_G++_Lite/bin/../lib/gcc/arm-none-linux-gnueabi/4.3.3/crtbegin.o
 .text          0x00008c44      0x5d8 bin/debug/obj/main_host.ov5T
                0x00008c44                main
 .text          0x0000921c      0xba4 bin/debug/obj/App.ov5T
                0x00009a18                App_delete
                0x000096b8                App_exec
                0x0000921c                App_create
 .text          0x00009dc0     0x36f8 /src/flex/microburst-linux/ti-dsp/syslink_2_21_00_03/packages/ti/syslink/lib/syslink.a_debug(SharedRegion.o)
                0x0000b344                SharedRegion_getPtr
                0x00009f44                SharedRegion_setup
                0x0000c3ec                SharedRegion_isCacheEnabled
                0x0000ccc8                SharedRegion_getRegionInfo
                0x0000c668                SharedRegion_getNumRegions
                0x0000bfc0                SharedRegion_getEntry
                0x0000b4f0                SharedRegion_getSRPtr
                0x0000b810                SharedRegion_clearEntry
                0x00009dc0                SharedRegion_getConfig
                0x0000aac8                SharedRegion_stop
                0x0000a5f8                SharedRegion_destroy
                0x0000cec8                _SharedRegion_setRegions
                0x0000bda8                SharedRegion_getIdByName
                0x0000c880                SharedRegion_reserveMemory
                0x0000bb3c                SharedRegion_getHeap
                0x0000c864                SharedRegion_invalidSRPtr
                0x0000a9a8                SharedRegion_start
                0x0000abe8                SharedRegion_attach
                0x0000b184                SharedRegion_getId
                0x0000ad4c                SharedRegion_detach
                0x0000c1e0                SharedRegion_getCacheLineSize
                0x0000aeb4                SharedRegion_setEntry
                0x0000c5fc                SharedRegion_translateEnabled
                0x0000d26c                _SharedRegion_clearRegions
                0x0000c6d4                SharedRegion_entryInit
 .text          0x0000d4b8     0x2af0 /src/flex/microburst-linux/ti-dsp/syslink_2_21_00_03/packages/ti/syslink/lib/syslink.a_debug(Notify.o)
                0x0000d4b8                Notify_getConfig
                0x0000e288                Notify_registerEventSingle
                0x0000f734                Notify_restore
                0x0000f1a4                Notify_sendEvent
                0x0000f928                Notify_disableEvent
                0x0000e058                Notify_intLineRegistered
                0x0000dc20                Notify_sharedMemReq
                0x0000edf4                Notify_unregisterEvent
                0x0000d658                Notify_setup
                0x0000ea84                Notify_unregisterEventSingle
                0x0000ddb8                Notify_eventAvailable
                0x0000d848                Notify_destroy
                0x0000db10                Notify_detach
                0x0000d97c                Notify_attach
                0x0000e684                Notify_registerEvent
                0x0000f534                Notify_disable
                0x0000fc68                Notify_enableEvent
 .text          0x0000ffa8     0x1aa0 /src/flex/microburst-linux/ti-dsp/syslink_2_21_00_03/packages/ti/syslink/lib/syslink.a_debug(Ipc.o)
                0x000116a4                Ipc_writeConfig
                0x00011994                Ipc_runtimeId
                0x00011230                Ipc_control
                0x00010a8c                Ipc_destroy
                0x000101e0                Ipc_setup
                0x0000ffa8                Ipc_getConfig
                0x00011588                Ipc_readConfig
 .text          0x00011a48     0x3040 /src/flex/microburst-linux/ti-dsp/syslink_2_21_00_03/packages/ti/syslink/lib/syslink.a_debug(RingIO.o)
                0x00013658                RingIO_unregisterNotifier
                0x00011d68                RingIO_destroy
                0x000130ec                RingIO_close
                0x00011a48                RingIO_getConfig
                0x00014750                RingIO_flush
                0x00014558                RingIO_setAttribute
                0x00013954                RingIO_getValidSize
                0x00014874                RingIO_sendNotify
                0x00014958                RingIO_sharedMemReq
                0x00012628                RingIO_delete
                0x00012ce8                RingIO_openByAddr
                0x00013e7c                RingIO_getWaterMark
                0x00011e94                RingIO_Params_init
                0x00013be8                RingIO_getEmptyAttrSize
                0x000141c8                RingIO_release
                0x00013cc4                RingIO_getAcquiredOffset
                0x000133c8                RingIO_registerNotifier
                0x00013818                RingIO_setNotifyType
                0x000128e8                RingIO_open
                0x0001442c                RingIO_getvAttribute
                0x0001402c                RingIO_acquire
                0x00013a30                RingIO_getEmptySize
                0x00013f58                RingIO_setWaterMark
                0x0001429c                RingIO_cancel
                0x00014358                RingIO_getAttribute
                0x00012020                RingIO_create
                0x00013b0c                RingIO_getValidAttrSize
                0x00011bcc                RingIO_setup
                0x0001463c                RingIO_setvAttribute
                0x00013da0                RingIO_getAcquiredSize
 .text          0x00014a88      0x5d4 /src/flex/microburst-linux/ti-dsp/syslink_2_21_00_03/packages/ti/syslink/lib/syslink.a_debug(RingIOShm.o)
                0x00014c0c                RingIOShm_setup
                0x00014ed0                RingIOShm_Params_init
                0x00014da8                RingIOShm_destroy
                0x00014a88                RingIOShm_getConfig
 .text          0x0001505c     0x5bf8 /src/flex/microburst-linux/ti-dsp/syslink_2_21_00_03/packages/ti/syslink/lib/syslink.a_debug(FrameQ.o)
                0x000173ac                FrameQ_freev
                0x00019184                FrameQ_sendNotify
                0x00017144                FrameQ_free
                0x000167d4                FrameQ_close
                0x00018220                FrameQ_getv
                0x000186dc                FrameQ_registerNotifier
                0x00015e4c                FrameQ_open
                0x00016e44                FrameQ_allocv
                0x00018b6c                FrameQ_unregisterNotifier
                0x000156b8                FrameQ_create
                0x00016ba8                FrameQ_alloc
                0x00019e50                FrameQ_ShMem_Params_init
                0x00019a40                FrameQ_getvNumFreeFrames
                0x00019cd4                FrameQ_control
                0x00018ec0                FrameQ_dup
                0x0001aaa8                FrameQ_ShMem_sharedMemReq
                0x00019600                FrameQ_getvNumFrames
                0x00019fe8                FrameQ_Params_init
                0x000176c0                FrameQ_put
                0x0001505c                FrameQ_getConfig
                0x00019868                FrameQ_getNumFreeFrames
                0x00017ec0                FrameQ_get
                0x000154a0                FrameQ_destroy
                0x000193a0                FrameQ_getNumFrames
                0x000151f8                FrameQ_setup
                0x00015a54                FrameQ_delete
                0x00017a5c                FrameQ_putv
 .text          0x0001ac54     0x5f20 /src/flex/microburst-linux/ti-dsp/syslink_2_21_00_03/packages/ti/syslink/lib/syslink.a_debug(FrameQBufMgr.o)
                0x0001fa24                FrameQBufMgr_getKnlHandle
                0x0001d064                FrameQBufMgr_freev
                0x0001e1c0                FrameQBufMgr_add
                0x0001c3b0                FrameQBufMgr_close
                0x0001e904                FrameQBufMgr_writeBackFrameBuf
                0x0001f83c                FrameQBufMgr_getId
                0x0001f4ec                FrameQBufMgr_translateAddr
                0x0001b660                FrameQBufMgr_delete
                0x0001fcc4                FrameQBufMgr_getvNumFreeFrames
                0x0001d818                FrameQBufMgr_dupv
                0x00020000                FrameQBufMgr_isSupportedBufInterface
                0x0001c870                FrameQBufMgr_allocv
                0x0001b0a4                FrameQBufMgr_destroy
                0x0001ac54                FrameQBufMgr_getConfig
                0x0001cd44                FrameQBufMgr_free
                0x0001f1d8                FrameQBufMgr_invalidate
                0x0001f8e0                FrameQBufMgr_getHandle
                0x0001faf0                FrameQBufMgr_getNumFreeFrames
                0x0001eeb4                FrameQBufMgr_writeBack
                0x0001ffc0                FrameQBufMgr_isSupportedInterface
                0x0002005c                FrameQBufMgr_ShMem_Params_init
                0x0001b2d8                FrameQBufMgr_create
                0x0001e4b0                FrameQBufMgr_writeBackHeaderBuf
                0x0001ff58                FrameQBufMgr_getBaseHeaderSize
                0x0001d494                FrameQBufMgr_dup
                0x0001c580                FrameQBufMgr_alloc
                0x0001dc08                FrameQBufMgr_registerNotifier
                0x0001ebdc                FrameQBufMgr_invalidateFrameBuf
                0x0001adf8                FrameQBufMgr_setup
                0x0001e31c                FrameQBufMgr_remove
                0x000201f4                FrameQBufMgr_Params_init
                0x0001df2c                FrameQBufMgr_unregisterNotifier
                0x0001e6d0                FrameQBufMgr_invalidateHeaderBuf
                0x0001ba94                FrameQBufMgr_open
 .text          0x00020b74     0x519c /src/flex/microburst-linux/ti-dsp/syslink_2_21_00_03/packages/ti/syslink/lib/syslink.a_debug(ClientNotifyMgr.o)
                0x00024264                ClientNotifyMgr_sendNotification
                0x000257d0                ClientNotifyMgr_sendForceNotificationMulti
                0x00022eb8                ClientNotifyMgr_close
                0x00023f94                ClientNotifyMgr_disableNotification
                0x00020bd8                ClientNotifyMgr_sharedMemReq
                0x00021db0                ClientNotifyMgr_create
                0x00021a64                ClientNotifyMgr_destroy
                0x00020d50                ClientNotifyMgr_callBack
                0x000216c8                ClientNotifyMgr_setup
                0x00020b74                ClientNotifyMgr_sharedMemModReq
                0x00024edc                ClientNotifyMgr_sendNotificationMulti
                0x00023718                ClientNotifyMgr_unregisterClient
                0x00021524                ClientNotifyMgr_getConfig
                0x00023cbc                ClientNotifyMgr_enableNotification
                0x00024a3c                ClientNotifyMgr_sendForceNotification
                0x00021c10                ClientNotifyMgr_Params_init
                0x0002279c                ClientNotifyMgr_delete
                0x00022fe0                ClientNotifyMgr_registerClient
                0x00022d34                ClientNotifyMgr_open
 .text          0x00025d10     0x2440 /src/flex/microburst-linux/ti-dsp/syslink_2_21_00_03/packages/ti/syslink/lib/syslink.a_debug(HeapMemMP.o)
                0x00025d10                HeapMemMP_getConfig
                0x00027510                HeapMemMP_getStats
                0x000262dc                HeapMemMP_create
                0x0002773c                HeapMemMP_getExtendedStats
                0x00027e18                _HeapMemMP_create
                0x00027ad4                HeapMemMP_getKnlHandle
                0x00025e9c                HeapMemMP_setup
                0x00026024                HeapMemMP_destroy
                0x00026154                HeapMemMP_Params_init
                0x00027c5c                HeapMemMP_getUsrHandle
                0x00026e28                HeapMemMP_close
                0x00027950                HeapMemMP_sharedMemReq
                0x00028010                HeapMemMP_restore
                0x00026600                HeapMemMP_delete
                0x000272b4                HeapMemMP_free
                0x000270a4                HeapMemMP_alloc
                0x00026884                HeapMemMP_openByAddr
                0x00026b4c                HeapMemMP_open
 .text          0x00028150     0x2268 /src/flex/microburst-linux/ti-dsp/syslink_2_21_00_03/packages/ti/syslink/lib/syslink.a_debug(HeapBufMP.o)
                0x0002872c                HeapBufMP_create
                0x0002925c                HeapBufMP_close
                0x00028cb4                HeapBufMP_openByAddr
                0x00029eac                HeapBufMP_sharedMemReq
                0x00029b84                HeapBufMP_isBlocking
                0x00029954                HeapBufMP_getStats
                0x0002846c                HeapBufMP_destroy
                0x000282dc                HeapBufMP_setup
                0x0002a1bc                _HeapBufMP_create
                0x000294dc                HeapBufMP_alloc
                0x00028150                HeapBufMP_getConfig
                0x000285a0                HeapBufMP_Params_init
                0x00028a38                HeapBufMP_delete
                0x0002a034                HeapBufMP_getKnlHandle
                0x000296f0                HeapBufMP_free
                0x00028f84                HeapBufMP_open
                0x00029c78                HeapBufMP_getExtendedStats
 .text          0x0002a3b8     0x2224 /src/flex/microburst-linux/ti-dsp/syslink_2_21_00_03/packages/ti/syslink/lib/syslink.a_debug(GateMP.o)
                0x0002a3b8                GateMP_getConfig
                0x0002c138                GateMP_getDefaultRemote
                0x0002bc70                GateMP_enter
                0x0002acf0                GateMP_Instance_finalize
                0x0002a550                GateMP_setup
                0x0002b0b8                GateMP_delete
                0x0002b644                GateMP_openByAddr
                0x0002ab34                GateMP_Instance_init
                0x0002c23c                GateMP_getSharedAddr
                0x0002b964                GateMP_close
                0x0002a988                GateMP_Params_init
                0x0002b338                GateMP_open
                0x0002c3ec                GateMP_getLocalProtect
                0x0002ad4c                _GateMP_create
                0x0002c020                GateMP_sharedMemReq
                0x0002be40                GateMP_leave
                0x0002c43c                GateMP_getRemoteProtect
                0x0002ae84                GateMP_create
                0x0002c48c                GateMP_getKnlHandle
                0x0002a7c8                GateMP_destroy
                0x0002c334                GateMP_setReserved
 .text          0x0002c5dc      0x5d4 /src/flex/microburst-linux/ti-dsp/syslink_2_21_00_03/packages/ti/syslink/lib/syslink.a_debug(SharedRegionDrv.o)
                0x0002c890                SharedRegionDrv_ioctl
                0x0002c774                SharedRegionDrv_close
                0x0002c5dc                SharedRegionDrv_open
 .text          0x0002cbb0      0x814 /src/flex/microburst-linux/ti-dsp/syslink_2_21_00_03/packages/ti/syslink/lib/syslink.a_debug(NotifyDrvUsr.o)
                0x0002d248                _NotifyDrvUsr_eventWorker
                0x0002cf2c                NotifyDrvUsr_close
                0x0002d108                NotifyDrvUsr_ioctl
                0x0002cbb0                NotifyDrvUsr_open
 .text          0x0002d3c4      0x484 /src/flex/microburst-linux/ti-dsp/syslink_2_21_00_03/packages/ti/syslink/lib/syslink.a_debug(HeapBufMPDrv.o)
                0x0002d3c4                HeapBufMPDrv_open
                0x0002d710                HeapBufMPDrv_ioctl
                0x0002d5f4                HeapBufMPDrv_close
 .text          0x0002d848      0x464 /src/flex/microburst-linux/ti-dsp/syslink_2_21_00_03/packages/ti/syslink/lib/syslink.a_debug(IpcDrv.o)
                0x0002d848                IpcDrv_open
                0x0002db74                IpcDrv_ioctl
                0x0002da58                IpcDrv_close
 .text          0x0002dcac      0x3e8 /src/flex/microburst-linux/ti-dsp/syslink_2_21_00_03/packages/ti/syslink/lib/syslink.a_debug(FrameQDrv.o)
                0x0002df5c                FrameQDrv_ioctl
                0x0002dcac                FrameQDrv_open
                0x0002de40                FrameQDrv_close
 .text          0x0002e094      0x3e8 /src/flex/microburst-linux/ti-dsp/syslink_2_21_00_03/packages/ti/syslink/lib/syslink.a_debug(FrameQBufMgrDrv.o)
                0x0002e094                FrameQBufMgrDrv_open
                0x0002e228                FrameQBufMgrDrv_close
                0x0002e344                FrameQBufMgrDrv_ioctl
 .text          0x0002e47c      0x3e8 /src/flex/microburst-linux/ti-dsp/syslink_2_21_00_03/packages/ti/syslink/lib/syslink.a_debug(ClientNotifyMgrDrv.o)
                0x0002e47c                ClientNotifyMgrDrv_open
                0x0002e72c                ClientNotifyMgrDrv_ioctl
                0x0002e610                ClientNotifyMgrDrv_close
 .text          0x0002e864      0x3e8 /src/flex/microburst-linux/ti-dsp/syslink_2_21_00_03/packages/ti/syslink/lib/syslink.a_debug(RingIODrv.o)
                0x0002e9f8                RingIODrv_close
                0x0002eb14                RingIODrv_ioctl
                0x0002e864                RingIODrv_open
 .text          0x0002ec4c      0x3e8 /src/flex/microburst-linux/ti-dsp/syslink_2_21_00_03/packages/ti/syslink/lib/syslink.a_debug(RingIOShmDrv.o)
                0x0002eefc                RingIOShmDrv_ioctl
                0x0002ede0                RingIOShmDrv_close
                0x0002ec4c                RingIOShmDrv_open
 .text          0x0002f034      0x3ec /src/flex/microburst-linux/ti-dsp/syslink_2_21_00_03/packages/ti/syslink/lib/syslink.a_debug(HeapMemMPDrv.o)
                0x0002f1cc                HeapMemMPDrv_close
                0x0002f2e8                HeapMemMPDrv_ioctl
                0x0002f034                HeapMemMPDrv_open
 .text          0x0002f420      0x3ec /src/flex/microburst-linux/ti-dsp/syslink_2_21_00_03/packages/ti/syslink/lib/syslink.a_debug(GateMPDrv.o)
                0x0002f420                GateMPDrv_open
                0x0002f5b8                GateMPDrv_close
                0x0002f6d4                GateMPDrv_ioctl
 .text          0x0002f80c       0x50 /src/flex/microburst-linux/ti-dsp/syslink_2_21_00_03/packages/ti/syslink/lib/syslink.a_debug(OsalProcess.o)
                0x0002f834                OsalProcess_getTid
                0x0002f80c                OsalProcess_getPid
 .text          0x0002f85c      0x5a8 /src/flex/microburst-linux/ti-dsp/syslink_2_21_00_03/packages/ti/syslink/lib/syslink.a_debug(GateMutex.o)
                0x0002fad0                GateMutex_leave
                0x0002fca0                GateMutex_delete
                0x0002fb8c                GateMutex_create
                0x0002f9fc                GateMutex_enter
                0x0002f85c                GateMutex_Instance_init
                0x0002f964                GateMutex_Instance_finalize
 .text          0x0002fe04      0xa34 /src/flex/microburst-linux/ti-dsp/syslink_2_21_00_03/packages/ti/syslink/lib/syslink.a_debug(Memory.o)
                0x00030590                Memory_getMaxDefaultTypeAlign
                0x00030308                Memory_getStats
                0x000307a0                Memory_translate
                0x000305ac                Memory_valloc
                0x0003001c                Memory_calloc
                0x0002fe04                Memory_alloc
                0x0003043c                Memory_query
                0x000301a8                Memory_free
 .text          0x00030838     0x15ec /src/flex/microburst-linux/ti-dsp/syslink_2_21_00_03/packages/ti/syslink/lib/syslink.a_debug(List.o)
                0x00030f94                List_get
                0x00030b8c                List_construct
                0x000310b4                List_put
                0x00031524                List_insert
                0x00030838                List_Params_init
                0x00030c80                List_destruct
                0x00030900                List_create
                0x00030a20                List_delete
                0x000316f4                List_remove
                0x000319d4                List_dequeue
                0x00030e68                List_empty
                0x00031234                List_next
                0x00031b0c                List_enqueue
                0x00030d7c                List_elemClear
                0x00031c98                List_enqueueHead
                0x00031378                List_prev
                0x00031864                List_putHead
 .text          0x00031e24      0x600 /src/flex/microburst-linux/ti-dsp/syslink_2_21_00_03/packages/ti/syslink/lib/syslink.a_debug(String.o)
                0x00032388                String_hash
                0x00032128                String_cpy
                0x00031ed4                String_cmp
                0x00032004                String_ncmp
                0x000322f4                String_hexToStr
                0x000321a0                String_ncpy
                0x00031e24                String_cat
                0x00032280                String_len
 .text          0x00032424      0x53c /src/flex/microburst-linux/ti-dsp/syslink_2_21_00_03/packages/ti/syslink/lib/syslink.a_debug(Trace.o)
                0x00032424                _GT_0trace
                0x0003270c                _GT_5trace
                0x000328f4                _GT_setTrace
                0x000324a4                _GT_1trace
                0x00032660                _GT_4trace
                0x000325c4                _GT_3trace
                0x00032530                _GT_2trace
                0x000327c8                _GT_6trace
                0x00032894                _GT_setFailureReason
 .text          0x00032960     0x2de8 /src/flex/microburst-linux/ti-dsp/syslink_2_21_00_03/packages/ti/syslink/lib/syslink.a_debug(NameServer.o)
                0x00032f28                NameServer_create
                0x00035080                NameServer_match
                0x0003472c                NameServer_getLocal
                0x00033c80                NameServer_addUInt32
                0x000331d8                NameServer_delete
                0x0003393c                NameServer_add
                0x00032c98                NameServer_destroy
                0x0003534c                NameServer_getHandle
                0x00034dc4                NameServer_getLocalUInt32
                0x00032b18                NameServer_setup
                0x00032d94                NameServer_Params_init
                0x000340ac                NameServer_removeEntry
                0x00033418                NameServer_open
                0x000342e8                NameServer_get
                0x000336d4                NameServer_close
                0x00033e5c                NameServer_remove
                0x00035578                NameServer_isRegistered
                0x00034af0                NameServer_getUInt32
                0x00032960                NameServer_getConfig
 .text          0x00035748      0xcd0 /src/flex/microburst-linux/ti-dsp/syslink_2_21_00_03/packages/ti/syslink/lib/syslink.a_debug(MultiProc.o)
                0x00035aa4                MultiProc_destroy
                0x000361ac                MultiProc_self
                0x00036138                MultiProc_getNumProcessors
                0x00035900                MultiProc_setup
                0x00035ba0                MultiProc_setLocalId
                0x00035fa4                MultiProc_getName
                0x00035da4                MultiProc_getId
                0x00036220                MultiProc_getSlot
                0x00035748                MultiProc_getConfig
 .text          0x00036418      0x104 /src/flex/microburst-linux/ti-dsp/syslink_2_21_00_03/packages/ti/syslink/lib/syslink.a_debug(Gate.o)
                0x0003647c                Gate_leaveSystem
                0x00036418                Gate_enterSystem
 .text          0x0003651c      0x178 /src/flex/microburst-linux/ti-dsp/syslink_2_21_00_03/packages/ti/syslink/lib/syslink.a_debug(SysLink.o)
                0x00036644                SysLink_destroy
                0x0003651c                SysLink_setup
 .text          0x00036694      0x4c0 /src/flex/microburst-linux/ti-dsp/syslink_2_21_00_03/packages/ti/syslink/lib/syslink.a_debug(Cache.o)
                0x00036a64                Cache_setMode
                0x000369ac                Cache_wait
                0x00036694                Cache_inv
                0x0003679c                Cache_wb
                0x000368a4                Cache_wbInv
 .text          0x00036b54      0x484 /src/flex/microburst-linux/ti-dsp/syslink_2_21_00_03/packages/ti/syslink/lib/syslink.a_debug(NameServerDrv.o)
                0x00036b54                NameServerDrv_open
                0x00036d84                NameServerDrv_close
                0x00036ea0                NameServerDrv_ioctl
 .text          0x00036fd8      0x3b8 /src/flex/microburst-linux/ti-dsp/syslink_2_21_00_03/packages/ti/syslink/lib/syslink.a_debug(MultiProcDrv.o)
                0x00037288                MultiProcDrv_ioctl
                0x0003716c                MultiProcDrv_close
                0x00036fd8                MultiProcDrv_open
 .text          0x00037390      0x164 /src/flex/microburst-linux/ti-dsp/syslink_2_21_00_03/packages/ti/syslink/lib/syslink.a_debug(TraceDrv.o)
                0x00037390                TraceDrv_ioctl
 .text          0x000374f4       0xf4 /src/flex/microburst-linux/ti-dsp/syslink_2_21_00_03/packages/ti/syslink/lib/syslink.a_debug(CacheDrv.o)
                0x000374f4                CacheDrv_ioctl
 .text          0x000375e8      0x194 /src/flex/microburst-linux/ti-dsp/syslink_2_21_00_03/packages/ti/syslink/lib/syslink.a_debug(Dev.o)
                0x000375e8                Dev_pollOpen
 .text          0x0003777c     0x163c /src/flex/microburst-linux/ti-dsp/syslink_2_21_00_03/packages/ti/syslink/lib/syslink.a_debug(MemoryOS.o)
                0x00038a20                MemoryOS_set
                0x00038888                MemoryOS_copy
                0x00037fc0                MemoryOS_map
                0x0003777c                MemoryOS_setup
                0x00038bac                MemoryOS_translate
                0x00037cac                MemoryOS_alloc
                0x00037a1c                MemoryOS_destroy
                0x0003852c                MemoryOS_unmap
                0x00037dc0                MemoryOS_calloc
                0x00037ecc                MemoryOS_free
 .text          0x00038db8      0x6f0 /src/flex/microburst-linux/ti-dsp/syslink_2_21_00_03/packages/ti/syslink/lib/syslink.a_debug(OsalDrv.o)
                0x00038f58                OsalDrv_close
                0x00038db8                OsalDrv_open
                0x0003928c                OsalDrv_unmap
                0x0003936c                OsalDrv_ioctl
                0x0003907c                OsalDrv_map
 .text          0x000394a8      0x52c /src/flex/microburst-linux/ti-dsp/syslink_2_21_00_03/packages/ti/syslink/lib/syslink.a_debug(OsalMutex.o)
                0x0003960c                OsalMutex_delete
                0x000394a8                OsalMutex_create
                0x00039774                OsalMutex_enter
                0x000398a4                OsalMutex_leave
 .text          0x000399d4       0x50 /src/flex/microburst-linux/ti-dsp/syslink_2_21_00_03/packages/ti/syslink/lib/syslink.a_debug(OsalPrint.o)
                0x000399d4                Osal_printf
 .text          0x00039a24     0x4d5c /src/flex/microburst-linux/ti-dsp/syslink_2_21_00_03/packages/ti/syslink/lib/syslink.a_debug(ProcMgr.o)
                0x0003d074                ProcMgr_getSymbolAddress
                0x00039d60                ProcMgr_destroy
                0x0003d81c                ProcMgr_unmap
                0x0003a4f8                ProcMgr_delete
                0x0003baf8                ProcMgr_load
                0x0003bf8c                ProcMgr_getStartParams
                0x0003b89c                ProcMgr_detach
                0x0003e3e4                ProcMgr_getSectionData
                0x00039a24                ProcMgr_getConfig
                0x0003c0f0                ProcMgr_start
                0x0003df14                ProcMgr_getMaxMemoryRegions
                0x0003c26c                ProcMgr_stop
                0x0003a7bc                ProcMgr_open
                0x0003d30c                ProcMgr_map
                0x00039f34                ProcMgr_Params_init
                0x0003be10                ProcMgr_unload
                0x0003b414                ProcMgr_attach
                0x0003c53c                ProcMgr_read
                0x0003cc00                ProcMgr_translateAddr
                0x0003a0b8                ProcMgr_create
                0x0003c3d0                ProcMgr_getState
                0x0003e620                ProcMgr_getLoadedFileId
                0x0003b298                ProcMgr_getAttachParams
                0x0003ae64                ProcMgr_close
                0x0003c7d4                ProcMgr_write
                0x0003ca70                ProcMgr_control
                0x0003dfd4                ProcMgr_getProcInfo
                0x0003e1d0                ProcMgr_getSectionInfo
                0x00039ba8                ProcMgr_setup
 .text          0x0003e780      0x500 /src/flex/microburst-linux/ti-dsp/syslink_2_21_00_03/packages/ti/syslink/lib/syslink.a_debug(ProcMgrDrvUsr.o)
                0x0003e780                ProcMgrDrvUsr_open
                0x0003e918                ProcMgrDrvUsr_close
                0x0003ea34                ProcMgrDrvUsr_ioctl
 .text          0x0003ec80      0xa24 /src/flex/microburst-linux/ti-dsp/syslink_2_21_00_03/packages/ti/syslink/lib/syslink.a_debug(FrameQ_common.o)
                0x0003ed3c                FrameQ_getNumFrameBuffers
                0x0003f0cc                FrameQ_getFrameBufValidSize
                0x0003f510                FrameQ_setFrameBufDataStartOffset
                0x0003f37c                FrameQ_setFrameBufValidSize
                0x0003ee28                FrameQ_getFrameBuffer
                0x0003ef7c                FrameQ_getFrameBufSize
                0x0003ec80                FrameQ_isSupportedInterface
                0x0003f224                FrameQ_getFrameBufDataStartOffset
                0x0003ecc0                FrameQ_getExtendedHeaderPtr
 .text          0x0003f6a4     0x295c /src/flex/microburst-linux/ti-dsp/syslink_2_21_00_03/packages/ti/syslink/lib/syslink.a_debug(ListMP.o)
                0x0003f6a4                ListMP_getConfig
                0x0003fc78                ListMP_create
                0x00041ebc                _ListMP_create
                0x00041cb8                ListMP_prev
                0x00041854                ListMP_remove
                0x00040918                ListMP_close
                0x0003f828                ListMP_setup
                0x0004043c                ListMP_open
                0x000406d8                ListMP_openByAddr
                0x0003ffec                ListMP_delete
                0x00041fdc                ListMP_getGate
                0x00040ef8                ListMP_getTail
                0x0003f9b4                ListMP_destroy
                0x0004157c                ListMP_insert
                0x0003fae8                ListMP_Params_init
                0x00040d34                ListMP_getHead
                0x00041320                ListMP_putTail
                0x00041ab0                ListMP_next
                0x0004025c                ListMP_sharedMemReq
                0x000410c4                ListMP_putHead
                0x00040b78                ListMP_empty
 .text          0x00042000     0x26ec /src/flex/microburst-linux/ti-dsp/syslink_2_21_00_03/packages/ti/syslink/lib/syslink.a_debug(MessageQ.o)
                0x00042cf4                MessageQ_close
                0x00043fa8                MessageQ_setReplyQueue
                0x000435a8                MessageQ_staticMsgInit
                0x0004412c                MessageQ_getQueueId
                0x000445f8                MessageQ_detach
                0x0004422c                MessageQ_setMsgTrace
                0x00043cd4                MessageQ_unregisterHeap
                0x00042000                MessageQ_getConfig
                0x00043100                MessageQ_get
                0x00043888                MessageQ_free
                0x00042184                MessageQ_setup
                0x00042a74                MessageQ_open
                0x00042ea4                MessageQ_put
                0x0004370c                MessageQ_alloc
                0x00042594                MessageQ_create
                0x00042408                MessageQ_Params_init
                0x00043e10                MessageQ_unblock
                0x000433c4                MessageQ_count
                0x00042310                MessageQ_destroy
                0x000427e8                MessageQ_delete
                0x000444cc                MessageQ_attach
                0x00043a68                MessageQ_registerHeap
                0x000443a4                MessageQ_sharedMemReq
 .text          0x000446ec      0x3ec /src/flex/microburst-linux/ti-dsp/syslink_2_21_00_03/packages/ti/syslink/lib/syslink.a_debug(ListMPDrv.o)
                0x00044884                ListMPDrv_close
                0x000449a0                ListMPDrv_ioctl
                0x000446ec                ListMPDrv_open
 .text          0x00044ad8      0x498 /src/flex/microburst-linux/ti-dsp/syslink_2_21_00_03/packages/ti/syslink/lib/syslink.a_debug(MessageQDrv.o)
                0x00044e38                MessageQDrv_ioctl
                0x00044ad8                MessageQDrv_open
                0x00044d1c                MessageQDrv_close
 .text          0x00044f70       0x70 /home/jreese/CodeSourcery/Sourcery_G++_Lite/bin/../arm-none-linux-gnueabi/libc/usr/lib/libc_nonshared.a(elf-init.oS)
                0x00044f70                __libc_csu_fini
                0x00044f74                __libc_csu_init
 .text          0x00044fe0      0x20c /home/jreese/CodeSourcery/Sourcery_G++_Lite/bin/../lib/gcc/arm-none-linux-gnueabi/4.3.3/libgcc.a(_udivsi3.o)
                0x00044fe0                __udivsi3
                0x00044fe0                __aeabi_uidiv
                0x000451cc                __aeabi_uidivmod
 .text          0x000451ec       0x10 /home/jreese/CodeSourcery/Sourcery_G++_Lite/bin/../lib/gcc/arm-none-linux-gnueabi/4.3.3/libgcc.a(_dvmd_lnx.o)
                0x000451ec                __aeabi_idiv0
                0x000451ec                __aeabi_ldiv0
 .text          0x000451fc        0x0 /home/jreese/CodeSourcery/Sourcery_G++_Lite/bin/../lib/gcc/arm-none-linux-gnueabi/4.3.3/crtend.o
 .text          0x000451fc        0x0 /home/jreese/CodeSourcery/Sourcery_G++_Lite/bin/../arm-none-linux-gnueabi/libc/usr/lib/crtn.o
 *(.gnu.warning)
 *(.glue_7t)
 .glue_7t       0x00000000        0x0 linker stubs
 *(.glue_7)
 .glue_7        0x00000000        0x0 linker stubs
 *(.vfp11_veneer)
 .vfp11_veneer  0x00000000        0x0 linker stubs
 *(.v4_bx)
 .v4_bx         0x00000000        0x0 linker stubs

.fini           0x000451fc        0x8
 *(.fini)
 .fini          0x000451fc        0x4 /home/jreese/CodeSourcery/Sourcery_G++_Lite/bin/../arm-none-linux-gnueabi/libc/usr/lib/crti.o
                0x000451fc                _fini
 .fini          0x00045200        0x4 /home/jreese/CodeSourcery/Sourcery_G++_Lite/bin/../arm-none-linux-gnueabi/libc/usr/lib/crtn.o
                0x00045204                PROVIDE (__etext, .)
                0x00045204                PROVIDE (_etext, .)
                0x00045204                PROVIDE (etext, .)

.rodata         0x00045204    0x16330
 *(.rodata .rodata.* .gnu.linkonce.r.*)
 .rodata.cst4   0x00045204        0x4 /home/jreese/CodeSourcery/Sourcery_G++_Lite/bin/../arm-none-linux-gnueabi/libc/usr/lib/crt1.o
                0x00045204                _IO_stdin_used
 .rodata        0x00045208      0x244 bin/debug/obj/main_host.ov5T
 .rodata        0x0004544c      0x400 bin/debug/obj/App.ov5T
 .rodata        0x0004584c     0x1198 /src/flex/microburst-linux/ti-dsp/syslink_2_21_00_03/packages/ti/syslink/lib/syslink.a_debug(SharedRegion.o)
 .rodata        0x000469e4      0xc54 /src/flex/microburst-linux/ti-dsp/syslink_2_21_00_03/packages/ti/syslink/lib/syslink.a_debug(Notify.o)
 .rodata        0x00047638      0x894 /src/flex/microburst-linux/ti-dsp/syslink_2_21_00_03/packages/ti/syslink/lib/syslink.a_debug(Ipc.o)
 .rodata        0x00047ecc     0x11ec /src/flex/microburst-linux/ti-dsp/syslink_2_21_00_03/packages/ti/syslink/lib/syslink.a_debug(RingIO.o)
 .rodata        0x000490b8      0x368 /src/flex/microburst-linux/ti-dsp/syslink_2_21_00_03/packages/ti/syslink/lib/syslink.a_debug(RingIOShm.o)
 .rodata        0x00049420     0x1c98 /src/flex/microburst-linux/ti-dsp/syslink_2_21_00_03/packages/ti/syslink/lib/syslink.a_debug(FrameQ.o)
 .rodata        0x0004b0b8     0x2044 /src/flex/microburst-linux/ti-dsp/syslink_2_21_00_03/packages/ti/syslink/lib/syslink.a_debug(FrameQBufMgr.o)
 .rodata        0x0004d0fc     0x13c4 /src/flex/microburst-linux/ti-dsp/syslink_2_21_00_03/packages/ti/syslink/lib/syslink.a_debug(ClientNotifyMgr.o)
 .rodata        0x0004e4c0      0xd28 /src/flex/microburst-linux/ti-dsp/syslink_2_21_00_03/packages/ti/syslink/lib/syslink.a_debug(HeapMemMP.o)
 .rodata        0x0004f1e8      0xcc8 /src/flex/microburst-linux/ti-dsp/syslink_2_21_00_03/packages/ti/syslink/lib/syslink.a_debug(HeapBufMP.o)
 .rodata        0x0004feb0      0x9fc /src/flex/microburst-linux/ti-dsp/syslink_2_21_00_03/packages/ti/syslink/lib/syslink.a_debug(GateMP.o)
 .rodata        0x000508ac      0x31c /src/flex/microburst-linux/ti-dsp/syslink_2_21_00_03/packages/ti/syslink/lib/syslink.a_debug(SharedRegionDrv.o)
 .rodata        0x00050bc8      0x424 /src/flex/microburst-linux/ti-dsp/syslink_2_21_00_03/packages/ti/syslink/lib/syslink.a_debug(NotifyDrvUsr.o)
 .rodata        0x00050fec      0x2d4 /src/flex/microburst-linux/ti-dsp/syslink_2_21_00_03/packages/ti/syslink/lib/syslink.a_debug(HeapBufMPDrv.o)
 .rodata        0x000512c0      0x280 /src/flex/microburst-linux/ti-dsp/syslink_2_21_00_03/packages/ti/syslink/lib/syslink.a_debug(IpcDrv.o)
 .rodata        0x00051540      0x284 /src/flex/microburst-linux/ti-dsp/syslink_2_21_00_03/packages/ti/syslink/lib/syslink.a_debug(FrameQDrv.o)
 .rodata        0x000517c4      0x2ec /src/flex/microburst-linux/ti-dsp/syslink_2_21_00_03/packages/ti/syslink/lib/syslink.a_debug(FrameQBufMgrDrv.o)
 .rodata        0x00051ab0      0x318 /src/flex/microburst-linux/ti-dsp/syslink_2_21_00_03/packages/ti/syslink/lib/syslink.a_debug(ClientNotifyMgrDrv.o)
 .rodata        0x00051dc8      0x284 /src/flex/microburst-linux/ti-dsp/syslink_2_21_00_03/packages/ti/syslink/lib/syslink.a_debug(RingIODrv.o)
 .rodata        0x0005204c      0x2ac /src/flex/microburst-linux/ti-dsp/syslink_2_21_00_03/packages/ti/syslink/lib/syslink.a_debug(RingIOShmDrv.o)
 .rodata        0x000522f8      0x2b8 /src/flex/microburst-linux/ti-dsp/syslink_2_21_00_03/packages/ti/syslink/lib/syslink.a_debug(HeapMemMPDrv.o)
 .rodata        0x000525b0      0x284 /src/flex/microburst-linux/ti-dsp/syslink_2_21_00_03/packages/ti/syslink/lib/syslink.a_debug(GateMPDrv.o)
 .rodata        0x00052834      0x244 /src/flex/microburst-linux/ti-dsp/syslink_2_21_00_03/packages/ti/syslink/lib/syslink.a_debug(GateMutex.o)
 .rodata        0x00052a78      0x508 /src/flex/microburst-linux/ti-dsp/syslink_2_21_00_03/packages/ti/syslink/lib/syslink.a_debug(Memory.o)
 .rodata        0x00052f80      0x898 /src/flex/microburst-linux/ti-dsp/syslink_2_21_00_03/packages/ti/syslink/lib/syslink.a_debug(List.o)
 .rodata        0x00053818      0x414 /src/flex/microburst-linux/ti-dsp/syslink_2_21_00_03/packages/ti/syslink/lib/syslink.a_debug(String.o)
 .rodata        0x00053c2c       0x50 /src/flex/microburst-linux/ti-dsp/syslink_2_21_00_03/packages/ti/syslink/lib/syslink.a_debug(Trace.o)
 .rodata        0x00053c7c      0xe1c /src/flex/microburst-linux/ti-dsp/syslink_2_21_00_03/packages/ti/syslink/lib/syslink.a_debug(NameServer.o)
 .rodata        0x00054a98      0x628 /src/flex/microburst-linux/ti-dsp/syslink_2_21_00_03/packages/ti/syslink/lib/syslink.a_debug(MultiProc.o)
 .rodata        0x000550c0       0x9c /src/flex/microburst-linux/ti-dsp/syslink_2_21_00_03/packages/ti/syslink/lib/syslink.a_debug(Gate.o)
 .rodata        0x0005515c       0x74 /src/flex/microburst-linux/ti-dsp/syslink_2_21_00_03/packages/ti/syslink/lib/syslink.a_debug(SysLink.o)
 .rodata        0x000551d0      0x264 /src/flex/microburst-linux/ti-dsp/syslink_2_21_00_03/packages/ti/syslink/lib/syslink.a_debug(Cache.o)
 .rodata        0x00055434      0x2e0 /src/flex/microburst-linux/ti-dsp/syslink_2_21_00_03/packages/ti/syslink/lib/syslink.a_debug(NameServerDrv.o)
 .rodata        0x00055714      0x270 /src/flex/microburst-linux/ti-dsp/syslink_2_21_00_03/packages/ti/syslink/lib/syslink.a_debug(MultiProcDrv.o)
 .rodata        0x00055984      0x120 /src/flex/microburst-linux/ti-dsp/syslink_2_21_00_03/packages/ti/syslink/lib/syslink.a_debug(TraceDrv.o)
 .rodata        0x00055aa4       0xf0 /src/flex/microburst-linux/ti-dsp/syslink_2_21_00_03/packages/ti/syslink/lib/syslink.a_debug(CacheDrv.o)
 .rodata        0x00055b94       0xd8 /src/flex/microburst-linux/ti-dsp/syslink_2_21_00_03/packages/ti/syslink/lib/syslink.a_debug(Dev.o)
 .rodata        0x00055c6c      0x90c /src/flex/microburst-linux/ti-dsp/syslink_2_21_00_03/packages/ti/syslink/lib/syslink.a_debug(MemoryOS.o)
 .rodata        0x00056578      0x394 /src/flex/microburst-linux/ti-dsp/syslink_2_21_00_03/packages/ti/syslink/lib/syslink.a_debug(OsalDrv.o)
 .rodata        0x0005690c      0x344 /src/flex/microburst-linux/ti-dsp/syslink_2_21_00_03/packages/ti/syslink/lib/syslink.a_debug(OsalMutex.o)
 .rodata        0x00056c50        0x4 /src/flex/microburst-linux/ti-dsp/syslink_2_21_00_03/packages/ti/syslink/lib/syslink.a_debug(OsalPrint.o)
 .rodata        0x00056c54     0x1e88 /src/flex/microburst-linux/ti-dsp/syslink_2_21_00_03/packages/ti/syslink/lib/syslink.a_debug(ProcMgr.o)
 .rodata        0x00058adc      0x370 /src/flex/microburst-linux/ti-dsp/syslink_2_21_00_03/packages/ti/syslink/lib/syslink.a_debug(ProcMgrDrvUsr.o)
 .rodata        0x00058e4c      0x608 /src/flex/microburst-linux/ti-dsp/syslink_2_21_00_03/packages/ti/syslink/lib/syslink.a_debug(FrameQ_common.o)
 .rodata        0x00059454      0xc04 /src/flex/microburst-linux/ti-dsp/syslink_2_21_00_03/packages/ti/syslink/lib/syslink.a_debug(ListMP.o)
 .rodata        0x0005a058      0xf90 /src/flex/microburst-linux/ti-dsp/syslink_2_21_00_03/packages/ti/syslink/lib/syslink.a_debug(MessageQ.o)
 .rodata        0x0005afe8      0x284 /src/flex/microburst-linux/ti-dsp/syslink_2_21_00_03/packages/ti/syslink/lib/syslink.a_debug(ListMPDrv.o)
 .rodata        0x0005b26c      0x2c8 /src/flex/microburst-linux/ti-dsp/syslink_2_21_00_03/packages/ti/syslink/lib/syslink.a_debug(MessageQDrv.o)

.rodata1
 *(.rodata1)

.ARM.extab      0x0005b534     0x168c
 *(.ARM.extab* .gnu.linkonce.armextab.*)
 .ARM.extab     0x0005b534        0x0 /home/jreese/CodeSourcery/Sourcery_G++_Lite/bin/../arm-none-linux-gnueabi/libc/usr/lib/crt1.o
 .ARM.extab     0x0005b534        0x0 /home/jreese/CodeSourcery/Sourcery_G++_Lite/bin/../arm-none-linux-gnueabi/libc/usr/lib/crti.o
 .ARM.extab     0x0005b534        0x0 /home/jreese/CodeSourcery/Sourcery_G++_Lite/bin/../lib/gcc/arm-none-linux-gnueabi/4.3.3/crtbegin.o
 .ARM.extab     0x0005b534       0x24 bin/debug/obj/main_host.ov5T
 .ARM.extab     0x0005b558       0x3c bin/debug/obj/App.ov5T
 .ARM.extab     0x0005b594      0x144 /src/flex/microburst-linux/ti-dsp/syslink_2_21_00_03/packages/ti/syslink/lib/syslink.a_debug(SharedRegion.o)
 .ARM.extab     0x0005b6d8       0xcc /src/flex/microburst-linux/ti-dsp/syslink_2_21_00_03/packages/ti/syslink/lib/syslink.a_debug(Notify.o)
 .ARM.extab     0x0005b7a4       0x6c /src/flex/microburst-linux/ti-dsp/syslink_2_21_00_03/packages/ti/syslink/lib/syslink.a_debug(Ipc.o)
 .ARM.extab     0x0005b810      0x168 /src/flex/microburst-linux/ti-dsp/syslink_2_21_00_03/packages/ti/syslink/lib/syslink.a_debug(RingIO.o)
 .ARM.extab     0x0005b978       0x30 /src/flex/microburst-linux/ti-dsp/syslink_2_21_00_03/packages/ti/syslink/lib/syslink.a_debug(RingIOShm.o)
 .ARM.extab     0x0005b9a8      0x168 /src/flex/microburst-linux/ti-dsp/syslink_2_21_00_03/packages/ti/syslink/lib/syslink.a_debug(FrameQ.o)
 .ARM.extab     0x0005bb10      0x1a4 /src/flex/microburst-linux/ti-dsp/syslink_2_21_00_03/packages/ti/syslink/lib/syslink.a_debug(FrameQBufMgr.o)
 .ARM.extab     0x0005bcb4       0xe4 /src/flex/microburst-linux/ti-dsp/syslink_2_21_00_03/packages/ti/syslink/lib/syslink.a_debug(ClientNotifyMgr.o)
 .ARM.extab     0x0005bd98       0xd8 /src/flex/microburst-linux/ti-dsp/syslink_2_21_00_03/packages/ti/syslink/lib/syslink.a_debug(HeapMemMP.o)
 .ARM.extab     0x0005be70       0xcc /src/flex/microburst-linux/ti-dsp/syslink_2_21_00_03/packages/ti/syslink/lib/syslink.a_debug(HeapBufMP.o)
 .ARM.extab     0x0005bf3c       0xfc /src/flex/microburst-linux/ti-dsp/syslink_2_21_00_03/packages/ti/syslink/lib/syslink.a_debug(GateMP.o)
 .ARM.extab     0x0005c038       0x24 /src/flex/microburst-linux/ti-dsp/syslink_2_21_00_03/packages/ti/syslink/lib/syslink.a_debug(SharedRegionDrv.o)
 .ARM.extab     0x0005c05c       0x30 /src/flex/microburst-linux/ti-dsp/syslink_2_21_00_03/packages/ti/syslink/lib/syslink.a_debug(NotifyDrvUsr.o)
 .ARM.extab     0x0005c08c       0x24 /src/flex/microburst-linux/ti-dsp/syslink_2_21_00_03/packages/ti/syslink/lib/syslink.a_debug(HeapBufMPDrv.o)
 .ARM.extab     0x0005c0b0       0x24 /src/flex/microburst-linux/ti-dsp/syslink_2_21_00_03/packages/ti/syslink/lib/syslink.a_debug(IpcDrv.o)
 .ARM.extab     0x0005c0d4       0x24 /src/flex/microburst-linux/ti-dsp/syslink_2_21_00_03/packages/ti/syslink/lib/syslink.a_debug(FrameQDrv.o)
 .ARM.extab     0x0005c0f8       0x24 /src/flex/microburst-linux/ti-dsp/syslink_2_21_00_03/packages/ti/syslink/lib/syslink.a_debug(FrameQBufMgrDrv.o)
 .ARM.extab     0x0005c11c       0x24 /src/flex/microburst-linux/ti-dsp/syslink_2_21_00_03/packages/ti/syslink/lib/syslink.a_debug(ClientNotifyMgrDrv.o)
 .ARM.extab     0x0005c140       0x24 /src/flex/microburst-linux/ti-dsp/syslink_2_21_00_03/packages/ti/syslink/lib/syslink.a_debug(RingIODrv.o)
 .ARM.extab     0x0005c164       0x24 /src/flex/microburst-linux/ti-dsp/syslink_2_21_00_03/packages/ti/syslink/lib/syslink.a_debug(RingIOShmDrv.o)
 .ARM.extab     0x0005c188       0x24 /src/flex/microburst-linux/ti-dsp/syslink_2_21_00_03/packages/ti/syslink/lib/syslink.a_debug(HeapMemMPDrv.o)
 .ARM.extab     0x0005c1ac       0x24 /src/flex/microburst-linux/ti-dsp/syslink_2_21_00_03/packages/ti/syslink/lib/syslink.a_debug(GateMPDrv.o)
 .ARM.extab     0x0005c1d0       0x18 /src/flex/microburst-linux/ti-dsp/syslink_2_21_00_03/packages/ti/syslink/lib/syslink.a_debug(OsalProcess.o)
 .ARM.extab     0x0005c1e8       0x48 /src/flex/microburst-linux/ti-dsp/syslink_2_21_00_03/packages/ti/syslink/lib/syslink.a_debug(GateMutex.o)
 .ARM.extab     0x0005c230       0x84 /src/flex/microburst-linux/ti-dsp/syslink_2_21_00_03/packages/ti/syslink/lib/syslink.a_debug(Memory.o)
 .ARM.extab     0x0005c2b4       0xcc /src/flex/microburst-linux/ti-dsp/syslink_2_21_00_03/packages/ti/syslink/lib/syslink.a_debug(List.o)
 .ARM.extab     0x0005c380       0x18 /src/flex/microburst-linux/ti-dsp/syslink_2_21_00_03/packages/ti/syslink/lib/syslink.a_debug(String.o)
 .ARM.extab     0x0005c398       0x6c /src/flex/microburst-linux/ti-dsp/syslink_2_21_00_03/packages/ti/syslink/lib/syslink.a_debug(Trace.o)
 .ARM.extab     0x0005c404       0xe4 /src/flex/microburst-linux/ti-dsp/syslink_2_21_00_03/packages/ti/syslink/lib/syslink.a_debug(NameServer.o)
 .ARM.extab     0x0005c4e8       0x6c /src/flex/microburst-linux/ti-dsp/syslink_2_21_00_03/packages/ti/syslink/lib/syslink.a_debug(MultiProc.o)
 .ARM.extab     0x0005c554       0x30 /src/flex/microburst-linux/ti-dsp/syslink_2_21_00_03/packages/ti/syslink/lib/syslink.a_debug(Gate.o)
 .ARM.extab     0x0005c584       0x18 /src/flex/microburst-linux/ti-dsp/syslink_2_21_00_03/packages/ti/syslink/lib/syslink.a_debug(SysLink.o)
 .ARM.extab     0x0005c59c       0x3c /src/flex/microburst-linux/ti-dsp/syslink_2_21_00_03/packages/ti/syslink/lib/syslink.a_debug(Cache.o)
 .ARM.extab     0x0005c5d8       0x24 /src/flex/microburst-linux/ti-dsp/syslink_2_21_00_03/packages/ti/syslink/lib/syslink.a_debug(NameServerDrv.o)
 .ARM.extab     0x0005c5fc       0x24 /src/flex/microburst-linux/ti-dsp/syslink_2_21_00_03/packages/ti/syslink/lib/syslink.a_debug(MultiProcDrv.o)
 .ARM.extab     0x0005c620        0xc /src/flex/microburst-linux/ti-dsp/syslink_2_21_00_03/packages/ti/syslink/lib/syslink.a_debug(TraceDrv.o)
 .ARM.extab     0x0005c62c        0xc /src/flex/microburst-linux/ti-dsp/syslink_2_21_00_03/packages/ti/syslink/lib/syslink.a_debug(CacheDrv.o)
 .ARM.extab     0x0005c638        0xc /src/flex/microburst-linux/ti-dsp/syslink_2_21_00_03/packages/ti/syslink/lib/syslink.a_debug(Dev.o)
 .ARM.extab     0x0005c644       0xcc /src/flex/microburst-linux/ti-dsp/syslink_2_21_00_03/packages/ti/syslink/lib/syslink.a_debug(MemoryOS.o)
 .ARM.extab     0x0005c710       0x3c /src/flex/microburst-linux/ti-dsp/syslink_2_21_00_03/packages/ti/syslink/lib/syslink.a_debug(OsalDrv.o)
 .ARM.extab     0x0005c74c       0x30 /src/flex/microburst-linux/ti-dsp/syslink_2_21_00_03/packages/ti/syslink/lib/syslink.a_debug(OsalMutex.o)
 .ARM.extab     0x0005c77c        0xc /src/flex/microburst-linux/ti-dsp/syslink_2_21_00_03/packages/ti/syslink/lib/syslink.a_debug(OsalPrint.o)
 .ARM.extab     0x0005c788      0x15c /src/flex/microburst-linux/ti-dsp/syslink_2_21_00_03/packages/ti/syslink/lib/syslink.a_debug(ProcMgr.o)
 .ARM.extab     0x0005c8e4       0x24 /src/flex/microburst-linux/ti-dsp/syslink_2_21_00_03/packages/ti/syslink/lib/syslink.a_debug(ProcMgrDrvUsr.o)
 .ARM.extab     0x0005c908       0x60 /src/flex/microburst-linux/ti-dsp/syslink_2_21_00_03/packages/ti/syslink/lib/syslink.a_debug(FrameQ_common.o)
 .ARM.extab     0x0005c968       0xf0 /src/flex/microburst-linux/ti-dsp/syslink_2_21_00_03/packages/ti/syslink/lib/syslink.a_debug(ListMP.o)
 .ARM.extab     0x0005ca58      0x120 /src/flex/microburst-linux/ti-dsp/syslink_2_21_00_03/packages/ti/syslink/lib/syslink.a_debug(MessageQ.o)
 .ARM.extab     0x0005cb78       0x24 /src/flex/microburst-linux/ti-dsp/syslink_2_21_00_03/packages/ti/syslink/lib/syslink.a_debug(ListMPDrv.o)
 .ARM.extab     0x0005cb9c       0x24 /src/flex/microburst-linux/ti-dsp/syslink_2_21_00_03/packages/ti/syslink/lib/syslink.a_debug(MessageQDrv.o)
 .ARM.extab     0x0005cbc0        0x0 /home/jreese/CodeSourcery/Sourcery_G++_Lite/bin/../arm-none-linux-gnueabi/libc/usr/lib/libc_nonshared.a(elf-init.oS)
 .ARM.extab.init
                0x0005cbc0        0x0 /home/jreese/CodeSourcery/Sourcery_G++_Lite/bin/../arm-none-linux-gnueabi/libc/usr/lib/crtn.o
 .ARM.extab.fini
                0x0005cbc0        0x0 /home/jreese/CodeSourcery/Sourcery_G++_Lite/bin/../arm-none-linux-gnueabi/libc/usr/lib/crtn.o
                0x0005cbc0                __exidx_start = .

.ARM.exidx      0x0005cbc0      0xf88
 *(.ARM.exidx* .gnu.linkonce.armexidx.*)
 .ARM.exidx     0x0005cbd0        0x0 /home/jreese/CodeSourcery/Sourcery_G++_Lite/bin/../arm-none-linux-gnueabi/libc/usr/lib/crt1.o
                                  0x8 (size before relaxing)
 .ARM.exidx     0x0005cbd0        0x8 /home/jreese/CodeSourcery/Sourcery_G++_Lite/bin/../arm-none-linux-gnueabi/libc/usr/lib/crti.o
 .ARM.exidx     0x0005cbd8        0x8 /home/jreese/CodeSourcery/Sourcery_G++_Lite/bin/../lib/gcc/arm-none-linux-gnueabi/4.3.3/crtbegin.o
                                 0x10 (size before relaxing)
 .ARM.exidx     0x0005cbe0       0x18 bin/debug/obj/main_host.ov5T
 .ARM.exidx     0x0005cbf8       0x28 bin/debug/obj/App.ov5T
 .ARM.exidx     0x0005cc20       0xe0 /src/flex/microburst-linux/ti-dsp/syslink_2_21_00_03/packages/ti/syslink/lib/syslink.a_debug(SharedRegion.o)
 .ARM.exidx     0x0005cd00       0x88 /src/flex/microburst-linux/ti-dsp/syslink_2_21_00_03/packages/ti/syslink/lib/syslink.a_debug(Notify.o)
 .ARM.exidx     0x0005cd88       0x48 /src/flex/microburst-linux/ti-dsp/syslink_2_21_00_03/packages/ti/syslink/lib/syslink.a_debug(Ipc.o)
 .ARM.exidx     0x0005cdd0       0xf0 /src/flex/microburst-linux/ti-dsp/syslink_2_21_00_03/packages/ti/syslink/lib/syslink.a_debug(RingIO.o)
 .ARM.exidx     0x0005cec0       0x20 /src/flex/microburst-linux/ti-dsp/syslink_2_21_00_03/packages/ti/syslink/lib/syslink.a_debug(RingIOShm.o)
 .ARM.exidx     0x0005cee0       0xf0 /src/flex/microburst-linux/ti-dsp/syslink_2_21_00_03/packages/ti/syslink/lib/syslink.a_debug(FrameQ.o)
 .ARM.exidx     0x0005cfd0      0x120 /src/flex/microburst-linux/ti-dsp/syslink_2_21_00_03/packages/ti/syslink/lib/syslink.a_debug(FrameQBufMgr.o)
                                0x128 (size before relaxing)
 .ARM.exidx     0x0005d0f0       0x98 /src/flex/microburst-linux/ti-dsp/syslink_2_21_00_03/packages/ti/syslink/lib/syslink.a_debug(ClientNotifyMgr.o)
 .ARM.exidx     0x0005d188       0x90 /src/flex/microburst-linux/ti-dsp/syslink_2_21_00_03/packages/ti/syslink/lib/syslink.a_debug(HeapMemMP.o)
 .ARM.exidx     0x0005d218       0x88 /src/flex/microburst-linux/ti-dsp/syslink_2_21_00_03/packages/ti/syslink/lib/syslink.a_debug(HeapBufMP.o)
 .ARM.exidx     0x0005d2a0       0xa8 /src/flex/microburst-linux/ti-dsp/syslink_2_21_00_03/packages/ti/syslink/lib/syslink.a_debug(GateMP.o)
 .ARM.exidx     0x0005d348       0x18 /src/flex/microburst-linux/ti-dsp/syslink_2_21_00_03/packages/ti/syslink/lib/syslink.a_debug(SharedRegionDrv.o)
 .ARM.exidx     0x0005d360       0x20 /src/flex/microburst-linux/ti-dsp/syslink_2_21_00_03/packages/ti/syslink/lib/syslink.a_debug(NotifyDrvUsr.o)
 .ARM.exidx     0x0005d380       0x18 /src/flex/microburst-linux/ti-dsp/syslink_2_21_00_03/packages/ti/syslink/lib/syslink.a_debug(HeapBufMPDrv.o)
 .ARM.exidx     0x0005d398       0x18 /src/flex/microburst-linux/ti-dsp/syslink_2_21_00_03/packages/ti/syslink/lib/syslink.a_debug(IpcDrv.o)
 .ARM.exidx     0x0005d3b0       0x18 /src/flex/microburst-linux/ti-dsp/syslink_2_21_00_03/packages/ti/syslink/lib/syslink.a_debug(FrameQDrv.o)
 .ARM.exidx     0x0005d3c8       0x18 /src/flex/microburst-linux/ti-dsp/syslink_2_21_00_03/packages/ti/syslink/lib/syslink.a_debug(FrameQBufMgrDrv.o)
 .ARM.exidx     0x0005d3e0       0x18 /src/flex/microburst-linux/ti-dsp/syslink_2_21_00_03/packages/ti/syslink/lib/syslink.a_debug(ClientNotifyMgrDrv.o)
 .ARM.exidx     0x0005d3f8       0x18 /src/flex/microburst-linux/ti-dsp/syslink_2_21_00_03/packages/ti/syslink/lib/syslink.a_debug(RingIODrv.o)
 .ARM.exidx     0x0005d410       0x18 /src/flex/microburst-linux/ti-dsp/syslink_2_21_00_03/packages/ti/syslink/lib/syslink.a_debug(RingIOShmDrv.o)
 .ARM.exidx     0x0005d428       0x18 /src/flex/microburst-linux/ti-dsp/syslink_2_21_00_03/packages/ti/syslink/lib/syslink.a_debug(HeapMemMPDrv.o)
 .ARM.exidx     0x0005d440       0x18 /src/flex/microburst-linux/ti-dsp/syslink_2_21_00_03/packages/ti/syslink/lib/syslink.a_debug(GateMPDrv.o)
 .ARM.exidx     0x0005d458       0x10 /src/flex/microburst-linux/ti-dsp/syslink_2_21_00_03/packages/ti/syslink/lib/syslink.a_debug(OsalProcess.o)
 .ARM.exidx     0x0005d468       0x30 /src/flex/microburst-linux/ti-dsp/syslink_2_21_00_03/packages/ti/syslink/lib/syslink.a_debug(GateMutex.o)
 .ARM.exidx     0x0005d498       0x60 /src/flex/microburst-linux/ti-dsp/syslink_2_21_00_03/packages/ti/syslink/lib/syslink.a_debug(Memory.o)
 .ARM.exidx     0x0005d4f8       0x88 /src/flex/microburst-linux/ti-dsp/syslink_2_21_00_03/packages/ti/syslink/lib/syslink.a_debug(List.o)
 .ARM.exidx     0x0005d580       0x20 /src/flex/microburst-linux/ti-dsp/syslink_2_21_00_03/packages/ti/syslink/lib/syslink.a_debug(String.o)
                                 0x40 (size before relaxing)
 .ARM.exidx     0x0005d5a0       0x48 /src/flex/microburst-linux/ti-dsp/syslink_2_21_00_03/packages/ti/syslink/lib/syslink.a_debug(Trace.o)
 .ARM.exidx     0x0005d5e8       0x98 /src/flex/microburst-linux/ti-dsp/syslink_2_21_00_03/packages/ti/syslink/lib/syslink.a_debug(NameServer.o)
 .ARM.exidx     0x0005d680       0x48 /src/flex/microburst-linux/ti-dsp/syslink_2_21_00_03/packages/ti/syslink/lib/syslink.a_debug(MultiProc.o)
 .ARM.exidx     0x0005d6c8       0x20 /src/flex/microburst-linux/ti-dsp/syslink_2_21_00_03/packages/ti/syslink/lib/syslink.a_debug(Gate.o)
 .ARM.exidx     0x0005d6e8       0x10 /src/flex/microburst-linux/ti-dsp/syslink_2_21_00_03/packages/ti/syslink/lib/syslink.a_debug(SysLink.o)
 .ARM.exidx     0x0005d6f8       0x28 /src/flex/microburst-linux/ti-dsp/syslink_2_21_00_03/packages/ti/syslink/lib/syslink.a_debug(Cache.o)
 .ARM.exidx     0x0005d720       0x18 /src/flex/microburst-linux/ti-dsp/syslink_2_21_00_03/packages/ti/syslink/lib/syslink.a_debug(NameServerDrv.o)
 .ARM.exidx     0x0005d738       0x18 /src/flex/microburst-linux/ti-dsp/syslink_2_21_00_03/packages/ti/syslink/lib/syslink.a_debug(MultiProcDrv.o)
 .ARM.exidx     0x0005d750        0x8 /src/flex/microburst-linux/ti-dsp/syslink_2_21_00_03/packages/ti/syslink/lib/syslink.a_debug(TraceDrv.o)
 .ARM.exidx     0x0005d758        0x8 /src/flex/microburst-linux/ti-dsp/syslink_2_21_00_03/packages/ti/syslink/lib/syslink.a_debug(CacheDrv.o)
 .ARM.exidx     0x0005d760        0x8 /src/flex/microburst-linux/ti-dsp/syslink_2_21_00_03/packages/ti/syslink/lib/syslink.a_debug(Dev.o)
 .ARM.exidx     0x0005d768       0x88 /src/flex/microburst-linux/ti-dsp/syslink_2_21_00_03/packages/ti/syslink/lib/syslink.a_debug(MemoryOS.o)
 .ARM.exidx     0x0005d7f0       0x28 /src/flex/microburst-linux/ti-dsp/syslink_2_21_00_03/packages/ti/syslink/lib/syslink.a_debug(OsalDrv.o)
 .ARM.exidx     0x0005d818       0x20 /src/flex/microburst-linux/ti-dsp/syslink_2_21_00_03/packages/ti/syslink/lib/syslink.a_debug(OsalMutex.o)
 .ARM.exidx     0x0005d838        0x8 /src/flex/microburst-linux/ti-dsp/syslink_2_21_00_03/packages/ti/syslink/lib/syslink.a_debug(OsalPrint.o)
 .ARM.exidx     0x0005d840       0xe8 /src/flex/microburst-linux/ti-dsp/syslink_2_21_00_03/packages/ti/syslink/lib/syslink.a_debug(ProcMgr.o)
 .ARM.exidx     0x0005d928       0x18 /src/flex/microburst-linux/ti-dsp/syslink_2_21_00_03/packages/ti/syslink/lib/syslink.a_debug(ProcMgrDrvUsr.o)
 .ARM.exidx     0x0005d940       0x48 /src/flex/microburst-linux/ti-dsp/syslink_2_21_00_03/packages/ti/syslink/lib/syslink.a_debug(FrameQ_common.o)
 .ARM.exidx     0x0005d988       0xa8 /src/flex/microburst-linux/ti-dsp/syslink_2_21_00_03/packages/ti/syslink/lib/syslink.a_debug(ListMP.o)
 .ARM.exidx     0x0005da30       0xc0 /src/flex/microburst-linux/ti-dsp/syslink_2_21_00_03/packages/ti/syslink/lib/syslink.a_debug(MessageQ.o)
 .ARM.exidx     0x0005daf0       0x18 /src/flex/microburst-linux/ti-dsp/syslink_2_21_00_03/packages/ti/syslink/lib/syslink.a_debug(ListMPDrv.o)
 .ARM.exidx     0x0005db08       0x18 /src/flex/microburst-linux/ti-dsp/syslink_2_21_00_03/packages/ti/syslink/lib/syslink.a_debug(MessageQDrv.o)
 .ARM.exidx     0x0005db20       0x18 /home/jreese/CodeSourcery/Sourcery_G++_Lite/bin/../arm-none-linux-gnueabi/libc/usr/lib/libc_nonshared.a(elf-init.oS)
                                 0x10 (size before relaxing)
 .ARM.exidx.init
                0x0005cbc0       0x10 /home/jreese/CodeSourcery/Sourcery_G++_Lite/bin/../arm-none-linux-gnueabi/libc/usr/lib/crtn.o
                                  0x8 (size before relaxing)
 .ARM.exidx.fini
                0x0005db38       0x10 /home/jreese/CodeSourcery/Sourcery_G++_Lite/bin/../arm-none-linux-gnueabi/libc/usr/lib/crtn.o
                                  0x8 (size before relaxing)
                0x0005db48                __exidx_end = .

.eh_frame_hdr
 *(.eh_frame_hdr)

.eh_frame       0x0005db48        0x4
 *(.eh_frame)
 .eh_frame      0x0005db48        0x4 /home/jreese/CodeSourcery/Sourcery_G++_Lite/bin/../lib/gcc/arm-none-linux-gnueabi/4.3.3/crtend.o

.gcc_except_table
 *(.gcc_except_table .gcc_except_table.*)
                0x0005db4c                . = (ALIGN (0x8000) - ((0x8000 - .) & 0x7fff))
                0x00066000                . = (0x8000 DATA_SEGMENT_ALIGN 0x1000)

.eh_frame
 *(.eh_frame)

.gcc_except_table
 *(.gcc_except_table .gcc_except_table.*)

.tdata
 *(.tdata .tdata.* .gnu.linkonce.td.*)

.tbss
 *(.tbss .tbss.* .gnu.linkonce.tb.*)
 *(.tcommon)

.preinit_array  0x00066000        0x0
                0x00066000                PROVIDE (__preinit_array_start, .)
 *(.preinit_array)
                0x00066000                PROVIDE (__preinit_array_end, .)

.init_array     0x00066000        0x4
                0x00066000                PROVIDE (__init_array_start, .)
 *(SORT(.init_array.*))
 *(.init_array)
 .init_array    0x00066000        0x4 /home/jreese/CodeSourcery/Sourcery_G++_Lite/bin/../lib/gcc/arm-none-linux-gnueabi/4.3.3/crtbegin.o
                0x00066004                PROVIDE (__init_array_end, .)

.fini_array     0x00066004        0x4
                0x00066004                PROVIDE (__fini_array_start, .)
 *(.fini_array)
 .fini_array    0x00066004        0x4 /home/jreese/CodeSourcery/Sourcery_G++_Lite/bin/../lib/gcc/arm-none-linux-gnueabi/4.3.3/crtbegin.o
 *(SORT(.fini_array.*))
                0x00066008                PROVIDE (__fini_array_end, .)

.ctors
 *crtbegin.o(.ctors)
 *crtbegin?.o(.ctors)
 *(EXCLUDE_FILE(*crtend?.o *crtend.o) .ctors)
 *(SORT(.ctors.*))
 *(.ctors)

.dtors
 *crtbegin.o(.dtors)
 *crtbegin?.o(.dtors)
 *(EXCLUDE_FILE(*crtend?.o *crtend.o) .dtors)
 *(SORT(.dtors.*))
 *(.dtors)

.jcr            0x00066008        0x4
 *(.jcr)
 .jcr           0x00066008        0x0 /home/jreese/CodeSourcery/Sourcery_G++_Lite/bin/../lib/gcc/arm-none-linux-gnueabi/4.3.3/crtbegin.o
 .jcr           0x00066008        0x4 /home/jreese/CodeSourcery/Sourcery_G++_Lite/bin/../lib/gcc/arm-none-linux-gnueabi/4.3.3/crtend.o

.data.rel.ro
 *(.data.rel.ro.local* .gnu.linkonce.d.rel.ro.local.*)
 *(.data.rel.ro* .gnu.linkonce.d.rel.ro.*)

.dynamic        0x0006600c      0x100
 *(.dynamic)
 .dynamic       0x0006600c      0x100 /home/jreese/CodeSourcery/Sourcery_G++_Lite/bin/../arm-none-linux-gnueabi/libc/usr/lib/crti.o
                0x0006600c                _DYNAMIC
                0x0006610c                . = (. DATA_SEGMENT_RELRO_END 0x0)

.got            0x0006610c       0xb0
 *(.got.plt)
 .got.plt       0x0006610c       0xac /home/jreese/CodeSourcery/Sourcery_G++_Lite/bin/../arm-none-linux-gnueabi/libc/usr/lib/crti.o
                0x0006610c                _GLOBAL_OFFSET_TABLE_
 *(.got)
 .got           0x000661b8        0x4 /home/jreese/CodeSourcery/Sourcery_G++_Lite/bin/../arm-none-linux-gnueabi/libc/usr/lib/crti.o

.data           0x000661bc       0x48
                0x000661bc                __data_start = .
 *(.data .data.* .gnu.linkonce.d.*)
 .data          0x000661bc        0x4 /home/jreese/CodeSourcery/Sourcery_G++_Lite/bin/../arm-none-linux-gnueabi/libc/usr/lib/crt1.o
                0x000661bc                data_start
 .data          0x000661c0        0x0 /home/jreese/CodeSourcery/Sourcery_G++_Lite/bin/../arm-none-linux-gnueabi/libc/usr/lib/crti.o
 .data          0x000661c0        0x4 /home/jreese/CodeSourcery/Sourcery_G++_Lite/bin/../lib/gcc/arm-none-linux-gnueabi/4.3.3/crtbegin.o
                0x000661c0                __dso_handle
 .data          0x000661c4        0x0 bin/debug/obj/main_host.ov5T
 .data          0x000661c4        0x0 bin/debug/obj/App.ov5T
 .data          0x000661c4        0x4 /src/flex/microburst-linux/ti-dsp/syslink_2_21_00_03/packages/ti/syslink/lib/syslink.a_debug(SharedRegion.o)
                0x000661c4                SharedRegion_module
 .data          0x000661c8        0x0 /src/flex/microburst-linux/ti-dsp/syslink_2_21_00_03/packages/ti/syslink/lib/syslink.a_debug(Notify.o)
 .data          0x000661c8        0x0 /src/flex/microburst-linux/ti-dsp/syslink_2_21_00_03/packages/ti/syslink/lib/syslink.a_debug(Ipc.o)
 .data          0x000661c8        0x0 /src/flex/microburst-linux/ti-dsp/syslink_2_21_00_03/packages/ti/syslink/lib/syslink.a_debug(RingIO.o)
 .data          0x000661c8        0x0 /src/flex/microburst-linux/ti-dsp/syslink_2_21_00_03/packages/ti/syslink/lib/syslink.a_debug(RingIOShm.o)
 .data          0x000661c8        0x4 /src/flex/microburst-linux/ti-dsp/syslink_2_21_00_03/packages/ti/syslink/lib/syslink.a_debug(FrameQ.o)
                0x000661c8                FrameQ_module
 .data          0x000661cc        0x4 /src/flex/microburst-linux/ti-dsp/syslink_2_21_00_03/packages/ti/syslink/lib/syslink.a_debug(FrameQBufMgr.o)
                0x000661cc                FrameQBufMgr_module
 .data          0x000661d0        0x4 /src/flex/microburst-linux/ti-dsp/syslink_2_21_00_03/packages/ti/syslink/lib/syslink.a_debug(ClientNotifyMgr.o)
                0x000661d0                ClientNotifyMgr_module
 .data          0x000661d4        0x0 /src/flex/microburst-linux/ti-dsp/syslink_2_21_00_03/packages/ti/syslink/lib/syslink.a_debug(HeapMemMP.o)
 .data          0x000661d4        0x4 /src/flex/microburst-linux/ti-dsp/syslink_2_21_00_03/packages/ti/syslink/lib/syslink.a_debug(HeapBufMP.o)
                0x000661d4                HeapBufMP_module
 .data          0x000661d8        0x4 /src/flex/microburst-linux/ti-dsp/syslink_2_21_00_03/packages/ti/syslink/lib/syslink.a_debug(GateMP.o)
 .data          0x000661dc        0x0 /src/flex/microburst-linux/ti-dsp/syslink_2_21_00_03/packages/ti/syslink/lib/syslink.a_debug(SharedRegionDrv.o)
 .data          0x000661dc        0x4 /src/flex/microburst-linux/ti-dsp/syslink_2_21_00_03/packages/ti/syslink/lib/syslink.a_debug(NotifyDrvUsr.o)
 .data          0x000661e0        0x0 /src/flex/microburst-linux/ti-dsp/syslink_2_21_00_03/packages/ti/syslink/lib/syslink.a_debug(HeapBufMPDrv.o)
 .data          0x000661e0        0x0 /src/flex/microburst-linux/ti-dsp/syslink_2_21_00_03/packages/ti/syslink/lib/syslink.a_debug(IpcDrv.o)
 .data          0x000661e0        0x0 /src/flex/microburst-linux/ti-dsp/syslink_2_21_00_03/packages/ti/syslink/lib/syslink.a_debug(FrameQDrv.o)
 .data          0x000661e0        0x0 /src/flex/microburst-linux/ti-dsp/syslink_2_21_00_03/packages/ti/syslink/lib/syslink.a_debug(FrameQBufMgrDrv.o)
 .data          0x000661e0        0x0 /src/flex/microburst-linux/ti-dsp/syslink_2_21_00_03/packages/ti/syslink/lib/syslink.a_debug(ClientNotifyMgrDrv.o)
 .data          0x000661e0        0x0 /src/flex/microburst-linux/ti-dsp/syslink_2_21_00_03/packages/ti/syslink/lib/syslink.a_debug(RingIODrv.o)
 .data          0x000661e0        0x0 /src/flex/microburst-linux/ti-dsp/syslink_2_21_00_03/packages/ti/syslink/lib/syslink.a_debug(RingIOShmDrv.o)
 .data          0x000661e0        0x0 /src/flex/microburst-linux/ti-dsp/syslink_2_21_00_03/packages/ti/syslink/lib/syslink.a_debug(HeapMemMPDrv.o)
 .data          0x000661e0        0x0 /src/flex/microburst-linux/ti-dsp/syslink_2_21_00_03/packages/ti/syslink/lib/syslink.a_debug(GateMPDrv.o)
 .data          0x000661e0        0x0 /src/flex/microburst-linux/ti-dsp/syslink_2_21_00_03/packages/ti/syslink/lib/syslink.a_debug(OsalProcess.o)
 .data          0x000661e0        0x0 /src/flex/microburst-linux/ti-dsp/syslink_2_21_00_03/packages/ti/syslink/lib/syslink.a_debug(GateMutex.o)
 .data          0x000661e0        0x0 /src/flex/microburst-linux/ti-dsp/syslink_2_21_00_03/packages/ti/syslink/lib/syslink.a_debug(Memory.o)
 .data          0x000661e0        0x0 /src/flex/microburst-linux/ti-dsp/syslink_2_21_00_03/packages/ti/syslink/lib/syslink.a_debug(List.o)
 .data          0x000661e0        0x0 /src/flex/microburst-linux/ti-dsp/syslink_2_21_00_03/packages/ti/syslink/lib/syslink.a_debug(String.o)
 .data          0x000661e0        0x0 /src/flex/microburst-linux/ti-dsp/syslink_2_21_00_03/packages/ti/syslink/lib/syslink.a_debug(Trace.o)
 .data          0x000661e0        0x4 /src/flex/microburst-linux/ti-dsp/syslink_2_21_00_03/packages/ti/syslink/lib/syslink.a_debug(NameServer.o)
                0x000661e0                NameServer_module
 .data          0x000661e4        0x4 /src/flex/microburst-linux/ti-dsp/syslink_2_21_00_03/packages/ti/syslink/lib/syslink.a_debug(MultiProc.o)
                0x000661e4                MultiProc_module
 .data          0x000661e8        0xc /src/flex/microburst-linux/ti-dsp/syslink_2_21_00_03/packages/ti/syslink/lib/syslink.a_debug(Gate.o)
                0x000661f0                Gate_systemHandle
                0x000661e8                Gate_systemObject
 .data          0x000661f4        0x0 /src/flex/microburst-linux/ti-dsp/syslink_2_21_00_03/packages/ti/syslink/lib/syslink.a_debug(SysLink.o)
 .data          0x000661f4        0x0 /src/flex/microburst-linux/ti-dsp/syslink_2_21_00_03/packages/ti/syslink/lib/syslink.a_debug(Cache.o)
 .data          0x000661f4        0x0 /src/flex/microburst-linux/ti-dsp/syslink_2_21_00_03/packages/ti/syslink/lib/syslink.a_debug(NameServerDrv.o)
 .data          0x000661f4        0x0 /src/flex/microburst-linux/ti-dsp/syslink_2_21_00_03/packages/ti/syslink/lib/syslink.a_debug(MultiProcDrv.o)
 .data          0x000661f4        0x0 /src/flex/microburst-linux/ti-dsp/syslink_2_21_00_03/packages/ti/syslink/lib/syslink.a_debug(TraceDrv.o)
 .data          0x000661f4        0x0 /src/flex/microburst-linux/ti-dsp/syslink_2_21_00_03/packages/ti/syslink/lib/syslink.a_debug(CacheDrv.o)
 .data          0x000661f4        0x0 /src/flex/microburst-linux/ti-dsp/syslink_2_21_00_03/packages/ti/syslink/lib/syslink.a_debug(Dev.o)
 .data          0x000661f4        0x0 /src/flex/microburst-linux/ti-dsp/syslink_2_21_00_03/packages/ti/syslink/lib/syslink.a_debug(MemoryOS.o)
 .data          0x000661f4        0x4 /src/flex/microburst-linux/ti-dsp/syslink_2_21_00_03/packages/ti/syslink/lib/syslink.a_debug(OsalDrv.o)
 .data          0x000661f8        0x0 /src/flex/microburst-linux/ti-dsp/syslink_2_21_00_03/packages/ti/syslink/lib/syslink.a_debug(OsalMutex.o)
 .data          0x000661f8        0x0 /src/flex/microburst-linux/ti-dsp/syslink_2_21_00_03/packages/ti/syslink/lib/syslink.a_debug(OsalPrint.o)
 .data          0x000661f8        0x0 /src/flex/microburst-linux/ti-dsp/syslink_2_21_00_03/packages/ti/syslink/lib/syslink.a_debug(ProcMgr.o)
 .data          0x000661f8        0x4 /src/flex/microburst-linux/ti-dsp/syslink_2_21_00_03/packages/ti/syslink/lib/syslink.a_debug(ProcMgrDrvUsr.o)
 .data          0x000661fc        0x0 /src/flex/microburst-linux/ti-dsp/syslink_2_21_00_03/packages/ti/syslink/lib/syslink.a_debug(FrameQ_common.o)
 .data          0x000661fc        0x4 /src/flex/microburst-linux/ti-dsp/syslink_2_21_00_03/packages/ti/syslink/lib/syslink.a_debug(ListMP.o)
                0x000661fc                ListMP_module
 .data          0x00066200        0x4 /src/flex/microburst-linux/ti-dsp/syslink_2_21_00_03/packages/ti/syslink/lib/syslink.a_debug(MessageQ.o)
                0x00066200                MessageQ_module
 .data          0x00066204        0x0 /src/flex/microburst-linux/ti-dsp/syslink_2_21_00_03/packages/ti/syslink/lib/syslink.a_debug(ListMPDrv.o)
 .data          0x00066204        0x0 /src/flex/microburst-linux/ti-dsp/syslink_2_21_00_03/packages/ti/syslink/lib/syslink.a_debug(MessageQDrv.o)
 .data          0x00066204        0x0 /home/jreese/CodeSourcery/Sourcery_G++_Lite/bin/../arm-none-linux-gnueabi/libc/usr/lib/libc_nonshared.a(elf-init.oS)
 .data          0x00066204        0x0 /home/jreese/CodeSourcery/Sourcery_G++_Lite/bin/../lib/gcc/arm-none-linux-gnueabi/4.3.3/libgcc.a(_udivsi3.o)
 .data          0x00066204        0x0 /home/jreese/CodeSourcery/Sourcery_G++_Lite/bin/../lib/gcc/arm-none-linux-gnueabi/4.3.3/libgcc.a(_dvmd_lnx.o)
 .data          0x00066204        0x0 /home/jreese/CodeSourcery/Sourcery_G++_Lite/bin/../lib/gcc/arm-none-linux-gnueabi/4.3.3/crtend.o
 .data          0x00066204        0x0 /home/jreese/CodeSourcery/Sourcery_G++_Lite/bin/../arm-none-linux-gnueabi/libc/usr/lib/crtn.o

.data1
 *(.data1)
                0x00066204                _edata = .
                0x00066204                PROVIDE (edata, .)
                0x00066204                __bss_start = .
                0x00066204                __bss_start__ = .

.bss            0x00066208    0x2d644
 *(.dynbss)
 .dynbss        0x00066208        0x4 /home/jreese/CodeSourcery/Sourcery_G++_Lite/bin/../arm-none-linux-gnueabi/libc/usr/lib/crti.o
                0x00066208                stderr@@GLIBC_2.4
 *(.bss .bss.* .gnu.linkonce.b.*)
 .bss           0x0006620c        0x0 /home/jreese/CodeSourcery/Sourcery_G++_Lite/bin/../arm-none-linux-gnueabi/libc/usr/lib/crt1.o
 .bss           0x0006620c        0x0 /home/jreese/CodeSourcery/Sourcery_G++_Lite/bin/../arm-none-linux-gnueabi/libc/usr/lib/crti.o
 .bss           0x0006620c        0x1 /home/jreese/CodeSourcery/Sourcery_G++_Lite/bin/../lib/gcc/arm-none-linux-gnueabi/4.3.3/crtbegin.o
 *fill*         0x0006620d        0x3 00
 .bss           0x00066210        0x4 bin/debug/obj/main_host.ov5T
 .bss           0x00066214       0x4c bin/debug/obj/App.ov5T
 .bss           0x00066260      0x138 /src/flex/microburst-linux/ti-dsp/syslink_2_21_00_03/packages/ti/syslink/lib/syslink.a_debug(SharedRegion.o)
                0x00066260                SharedRegion_state
 .bss           0x00066398       0x14 /src/flex/microburst-linux/ti-dsp/syslink_2_21_00_03/packages/ti/syslink/lib/syslink.a_debug(Notify.o)
                0x00066398                Notify_state
 .bss           0x000663ac       0x5c /src/flex/microburst-linux/ti-dsp/syslink_2_21_00_03/packages/ti/syslink/lib/syslink.a_debug(Ipc.o)
                0x000663fc                SysLinkCfg_sysMemMap
                0x000663ac                Ipc_state
                0x00066404                SysLink_params
 .bss           0x00066408        0xc /src/flex/microburst-linux/ti-dsp/syslink_2_21_00_03/packages/ti/syslink/lib/syslink.a_debug(RingIO.o)
                0x00066408                RingIO_state
 .bss           0x00066414        0x8 /src/flex/microburst-linux/ti-dsp/syslink_2_21_00_03/packages/ti/syslink/lib/syslink.a_debug(RingIOShm.o)
                0x00066414                RingIOShm_state
 .bss           0x0006641c       0x20 /src/flex/microburst-linux/ti-dsp/syslink_2_21_00_03/packages/ti/syslink/lib/syslink.a_debug(FrameQ.o)
                0x0006641c                FrameQ_module_obj
 .bss           0x0006643c       0x20 /src/flex/microburst-linux/ti-dsp/syslink_2_21_00_03/packages/ti/syslink/lib/syslink.a_debug(FrameQBufMgr.o)
                0x0006643c                FrameQBufMgr_module_obj
 .bss           0x0006645c    0x2d024 /src/flex/microburst-linux/ti-dsp/syslink_2_21_00_03/packages/ti/syslink/lib/syslink.a_debug(ClientNotifyMgr.o)
                0x0006645c                ClientNotifyMgr_module_obj
 .bss           0x00093480        0x4 /src/flex/microburst-linux/ti-dsp/syslink_2_21_00_03/packages/ti/syslink/lib/syslink.a_debug(HeapMemMP.o)
                0x00093480                HeapMemMP_state
 .bss           0x00093484        0x4 /src/flex/microburst-linux/ti-dsp/syslink_2_21_00_03/packages/ti/syslink/lib/syslink.a_debug(HeapBufMP.o)
                0x00093484                HeapBufMP_state
 .bss           0x00093488       0x1c /src/flex/microburst-linux/ti-dsp/syslink_2_21_00_03/packages/ti/syslink/lib/syslink.a_debug(GateMP.o)
 .bss           0x000934a4        0x8 /src/flex/microburst-linux/ti-dsp/syslink_2_21_00_03/packages/ti/syslink/lib/syslink.a_debug(SharedRegionDrv.o)
 .bss           0x000934ac        0xc /src/flex/microburst-linux/ti-dsp/syslink_2_21_00_03/packages/ti/syslink/lib/syslink.a_debug(NotifyDrvUsr.o)
 .bss           0x000934b8        0x8 /src/flex/microburst-linux/ti-dsp/syslink_2_21_00_03/packages/ti/syslink/lib/syslink.a_debug(HeapBufMPDrv.o)
 .bss           0x000934c0        0x8 /src/flex/microburst-linux/ti-dsp/syslink_2_21_00_03/packages/ti/syslink/lib/syslink.a_debug(IpcDrv.o)
 .bss           0x000934c8        0x8 /src/flex/microburst-linux/ti-dsp/syslink_2_21_00_03/packages/ti/syslink/lib/syslink.a_debug(FrameQDrv.o)
 .bss           0x000934d0        0x8 /src/flex/microburst-linux/ti-dsp/syslink_2_21_00_03/packages/ti/syslink/lib/syslink.a_debug(FrameQBufMgrDrv.o)
 .bss           0x000934d8        0x8 /src/flex/microburst-linux/ti-dsp/syslink_2_21_00_03/packages/ti/syslink/lib/syslink.a_debug(ClientNotifyMgrDrv.o)
 .bss           0x000934e0        0x8 /src/flex/microburst-linux/ti-dsp/syslink_2_21_00_03/packages/ti/syslink/lib/syslink.a_debug(RingIODrv.o)
 .bss           0x000934e8        0x8 /src/flex/microburst-linux/ti-dsp/syslink_2_21_00_03/packages/ti/syslink/lib/syslink.a_debug(RingIOShmDrv.o)
 .bss           0x000934f0        0x8 /src/flex/microburst-linux/ti-dsp/syslink_2_21_00_03/packages/ti/syslink/lib/syslink.a_debug(HeapMemMPDrv.o)
 .bss           0x000934f8        0x8 /src/flex/microburst-linux/ti-dsp/syslink_2_21_00_03/packages/ti/syslink/lib/syslink.a_debug(GateMPDrv.o)
 .bss           0x00093500        0x0 /src/flex/microburst-linux/ti-dsp/syslink_2_21_00_03/packages/ti/syslink/lib/syslink.a_debug(OsalProcess.o)
 .bss           0x00093500        0x4 /src/flex/microburst-linux/ti-dsp/syslink_2_21_00_03/packages/ti/syslink/lib/syslink.a_debug(GateMutex.o)
 .bss           0x00093504        0x0 /src/flex/microburst-linux/ti-dsp/syslink_2_21_00_03/packages/ti/syslink/lib/syslink.a_debug(Memory.o)
 .bss           0x00093504        0x0 /src/flex/microburst-linux/ti-dsp/syslink_2_21_00_03/packages/ti/syslink/lib/syslink.a_debug(List.o)
 .bss           0x00093504        0x0 /src/flex/microburst-linux/ti-dsp/syslink_2_21_00_03/packages/ti/syslink/lib/syslink.a_debug(String.o)
 .bss           0x00093504        0x4 /src/flex/microburst-linux/ti-dsp/syslink_2_21_00_03/packages/ti/syslink/lib/syslink.a_debug(Trace.o)
                0x00093504                curTrace
 .bss           0x00093508        0xc /src/flex/microburst-linux/ti-dsp/syslink_2_21_00_03/packages/ti/syslink/lib/syslink.a_debug(NameServer.o)
                0x00093508                NameServer_state
 .bss           0x00093514      0x298 /src/flex/microburst-linux/ti-dsp/syslink_2_21_00_03/packages/ti/syslink/lib/syslink.a_debug(MultiProc.o)
                0x00093514                MultiProc_state
 .bss           0x000937ac       0x18 /src/flex/microburst-linux/ti-dsp/syslink_2_21_00_03/packages/ti/syslink/lib/syslink.a_debug(Gate.o)
                0x000937ac                staticMutex
 .bss           0x000937c4        0x0 /src/flex/microburst-linux/ti-dsp/syslink_2_21_00_03/packages/ti/syslink/lib/syslink.a_debug(SysLink.o)
 .bss           0x000937c4        0x0 /src/flex/microburst-linux/ti-dsp/syslink_2_21_00_03/packages/ti/syslink/lib/syslink.a_debug(Cache.o)
 .bss           0x000937c4        0x8 /src/flex/microburst-linux/ti-dsp/syslink_2_21_00_03/packages/ti/syslink/lib/syslink.a_debug(NameServerDrv.o)
 .bss           0x000937cc        0x8 /src/flex/microburst-linux/ti-dsp/syslink_2_21_00_03/packages/ti/syslink/lib/syslink.a_debug(MultiProcDrv.o)
 .bss           0x000937d4        0x0 /src/flex/microburst-linux/ti-dsp/syslink_2_21_00_03/packages/ti/syslink/lib/syslink.a_debug(TraceDrv.o)
 .bss           0x000937d4        0x0 /src/flex/microburst-linux/ti-dsp/syslink_2_21_00_03/packages/ti/syslink/lib/syslink.a_debug(CacheDrv.o)
 .bss           0x000937d4        0x0 /src/flex/microburst-linux/ti-dsp/syslink_2_21_00_03/packages/ti/syslink/lib/syslink.a_debug(Dev.o)
 .bss           0x000937d4       0x18 /src/flex/microburst-linux/ti-dsp/syslink_2_21_00_03/packages/ti/syslink/lib/syslink.a_debug(MemoryOS.o)
 .bss           0x000937ec        0x4 /src/flex/microburst-linux/ti-dsp/syslink_2_21_00_03/packages/ti/syslink/lib/syslink.a_debug(OsalDrv.o)
 .bss           0x000937f0        0x0 /src/flex/microburst-linux/ti-dsp/syslink_2_21_00_03/packages/ti/syslink/lib/syslink.a_debug(OsalMutex.o)
 .bss           0x000937f0        0x0 /src/flex/microburst-linux/ti-dsp/syslink_2_21_00_03/packages/ti/syslink/lib/syslink.a_debug(OsalPrint.o)
 .bss           0x000937f0       0x2c /src/flex/microburst-linux/ti-dsp/syslink_2_21_00_03/packages/ti/syslink/lib/syslink.a_debug(ProcMgr.o)
                0x000937f0                ProcMgr_state
 .bss           0x0009381c        0x4 /src/flex/microburst-linux/ti-dsp/syslink_2_21_00_03/packages/ti/syslink/lib/syslink.a_debug(ProcMgrDrvUsr.o)
 .bss           0x00093820        0x0 /src/flex/microburst-linux/ti-dsp/syslink_2_21_00_03/packages/ti/syslink/lib/syslink.a_debug(FrameQ_common.o)
 .bss           0x00093820        0x4 /src/flex/microburst-linux/ti-dsp/syslink_2_21_00_03/packages/ti/syslink/lib/syslink.a_debug(ListMP.o)
                0x00093820                ListMP_state
 .bss           0x00093824        0x4 /src/flex/microburst-linux/ti-dsp/syslink_2_21_00_03/packages/ti/syslink/lib/syslink.a_debug(MessageQ.o)
                0x00093824                MessageQ_state
 .bss           0x00093828        0x8 /src/flex/microburst-linux/ti-dsp/syslink_2_21_00_03/packages/ti/syslink/lib/syslink.a_debug(ListMPDrv.o)
 .bss           0x00093830        0x8 /src/flex/microburst-linux/ti-dsp/syslink_2_21_00_03/packages/ti/syslink/lib/syslink.a_debug(MessageQDrv.o)
 .bss           0x00093838        0x0 /home/jreese/CodeSourcery/Sourcery_G++_Lite/bin/../arm-none-linux-gnueabi/libc/usr/lib/libc_nonshared.a(elf-init.oS)
 .bss           0x00093838        0x0 /home/jreese/CodeSourcery/Sourcery_G++_Lite/bin/../lib/gcc/arm-none-linux-gnueabi/4.3.3/libgcc.a(_udivsi3.o)
 .bss           0x00093838        0x0 /home/jreese/CodeSourcery/Sourcery_G++_Lite/bin/../lib/gcc/arm-none-linux-gnueabi/4.3.3/libgcc.a(_dvmd_lnx.o)
 .bss           0x00093838        0x0 /home/jreese/CodeSourcery/Sourcery_G++_Lite/bin/../lib/gcc/arm-none-linux-gnueabi/4.3.3/crtend.o
 .bss           0x00093838        0x0 /home/jreese/CodeSourcery/Sourcery_G++_Lite/bin/../arm-none-linux-gnueabi/libc/usr/lib/crtn.o
 *(COMMON)
 COMMON         0x00093838        0x4 /src/flex/microburst-linux/ti-dsp/syslink_2_21_00_03/packages/ti/syslink/lib/syslink.a_debug(NameServer.o)
                0x00093838                NameServer_Object
 COMMON         0x0009383c       0x10 /src/flex/microburst-linux/ti-dsp/syslink_2_21_00_03/packages/ti/syslink/lib/syslink.a_debug(MemoryOS.o)
                0x0009383c                MemoryOS_state
                0x0009384c                . = ALIGN ((. != 0x0)?0x4:0x1)
                0x0009384c                _bss_end__ = .
                0x0009384c                __bss_end__ = .
                0x0009384c                . = ALIGN (0x4)
                0x0009384c                . = ALIGN (0x4)
                0x0009384c                __end__ = .
                0x0009384c                _end = .
                0x0009384c                PROVIDE (end, .)
                0x0009384c                . = DATA_SEGMENT_END (.)

.stab
 *(.stab)

.stabstr
 *(.stabstr)

.stab.excl
 *(.stab.excl)

.stab.exclstr
 *(.stab.exclstr)

.stab.index
 *(.stab.index)

.stab.indexstr
 *(.stab.indexstr)

.ARM.attributes
                0x00000000       0x2d
 .ARM.attributes
                0x00000000       0x2d /home/jreese/CodeSourcery/Sourcery_G++_Lite/bin/../arm-none-linux-gnueabi/libc/usr/lib/crt1.o
 .ARM.attributes
                0x0000002d       0x31 /home/jreese/CodeSourcery/Sourcery_G++_Lite/bin/../arm-none-linux-gnueabi/libc/usr/lib/crti.o
 .ARM.attributes
                0x0000005e       0x31 /home/jreese/CodeSourcery/Sourcery_G++_Lite/bin/../lib/gcc/arm-none-linux-gnueabi/4.3.3/crtbegin.o
 .ARM.attributes
                0x0000008f       0x2a bin/debug/obj/main_host.ov5T
 .ARM.attributes
                0x000000b9       0x2a bin/debug/obj/App.ov5T
 .ARM.attributes
                0x000000e3       0x31 /src/flex/microburst-linux/ti-dsp/syslink_2_21_00_03/packages/ti/syslink/lib/syslink.a_debug(SharedRegion.o)
 .ARM.attributes
                0x00000114       0x31 /src/flex/microburst-linux/ti-dsp/syslink_2_21_00_03/packages/ti/syslink/lib/syslink.a_debug(Notify.o)
 .ARM.attributes
                0x00000145       0x31 /src/flex/microburst-linux/ti-dsp/syslink_2_21_00_03/packages/ti/syslink/lib/syslink.a_debug(Ipc.o)
 .ARM.attributes